[INFO] USER_ID: 1000, GROUP_ID: 0
[INFO] Final PATH variable: /headless/.local/bin:/foss/tools/bin:/foss/tools/sak:/usr/local/sbin:/headless/.local/bin:/foss/tools/bin:/foss/tools/sak:/foss/tools/kactus2:/foss/tools/klayout:/foss/tools/osic-multitool:/usr/local/sbin:/usr/local/bin:/usr/sbin:/usr/bin:/sbin:/bin:/foss/tools/kactus2:/foss/tools/klayout:/foss/tools/osic-multitool
[INFO] Final PYTHONPATH variable: /headless/.local/lib/python3.12/site-packages:/foss/tools/yosys/share/yosys/python3:/usr/lib/python312.zip:/usr/lib/python3.12:/usr/lib/python3.12/lib-dynload:/usr/local/lib/python3.12/dist-packages:/opt/vibeic-forks/cocotb/src:/usr/lib/python3/dist-packages:/foss/tools/ngspyce/local/lib/python3.12/dist-packages:/foss/tools/openems/local/lib/python3.12/dist-packages:/foss/tools/pyopus/local/lib/python3.12/dist-packages:/foss/tools/yosys/share/yosys/python3:/foss/tools/klayout/pymod:/foss/tools/vacask/lib/vacask/python
[INFO] SKIPPING UI STARTUP
[INFO] Executing command: 'sta -no_init -exit /home/reyerchu/_jxlayer/records/trials/z01/diag/power_postroute.tcl'
OpenSTA 2.7.0 f21d4a3878 Copyright (c) 2026, Parallax Software, Inc.
License GPLv3: GNU GPL version 3 <http://gnu.org/licenses/gpl.html>

This is free software, and you are free to change and redistribute it
under certain conditions; type `show_copying' for details. 
This program comes with ABSOLUTELY NO WARRANTY; for details type `show_warranty'.
POWER_ANALYSIS_MODE: vectorless_sdc
Warning 198: /home/reyerchu/_jxlayer/run/trials/z01/phase3/stage3/pnr/spm_pnr.v line 616, module sky130_fd_sc_hd__fill_1 not found. Creating black box for FILLER_0_119.
Warning 198: /home/reyerchu/_jxlayer/run/trials/z01/phase3/stage3/pnr/spm_pnr.v line 1097, module sky130_fd_sc_hd__fill_2 not found. Creating black box for FILLER_20_175.
Warning 198: /home/reyerchu/_jxlayer/run/trials/z01/phase3/stage3/pnr/spm_pnr.v line 3057, module sky130_fd_sc_hd__tapvpwrvgnd_1 not found. Creating black box for TAP_TAPCELL_ROW_0_0.
Warning 441: constraint.sdc line 5, set_input_delay relative to a clock defined on the same port/pin not allowed.
Group                  Internal  Switching    Leakage      Total
                          Power      Power      Power      Power (Watts)
----------------------------------------------------------------
Sequential             1.94e-04   5.06e-05   9.45e-10   2.45e-04  35.9%
Combinational          9.03e-05   1.52e-04   1.53e-09   2.42e-04  35.5%
Clock                  9.09e-05   1.05e-04   6.67e-09   1.95e-04  28.6%
Macro                  0.00e+00   0.00e+00   0.00e+00   0.00e+00   0.0%
Pad                    0.00e+00   0.00e+00   0.00e+00   0.00e+00   0.0%
----------------------------------------------------------------
Total                  3.75e-04   3.07e-04   9.14e-09   6.82e-04 100.0%
                          55.0%      45.0%       0.0%
