=== STAGED-MACRO vs BEHAVIOURAL PATH [INFO] ===
verdict      : BEHAVIOURAL_NO_MACRO
synth define : -DSIMULATION (behavioural arm)
staged cells : (none)
macro cells  : (none)
reason       : no vendor macro staged under input/pdk_local/ — keeping -DSIMULATION so the behavioural fallback arm fires (historical flow, unchanged)


 /----------------------------------------------------------------------------\
 |  yosys -- Yosys Open SYnthesis Suite                                       |
 |  Copyright (C) 2012 - 2026  Claire Xenia Wolf <claire@yosyshq.com>         |
 |  Distributed under an ISC-like license, type "license" to see terms        |
 \----------------------------------------------------------------------------/
 Yosys 0.68+ (git sha1 41a01aece, Release, GNU /usr/bin/c++ 13.3.0) [github.com/vibeic/yosys at HEAD]

-- Running command `read_verilog -sv -DSIMULATION /home/reyerchu/spm3_run/gf180mcuD/phase2/stage1/rtl/chip_top.v; hierarchy -check -top chip_top; proc; flatten; tribuf -logic; synth -top chip_top -flatten; dfflibmap -liberty /foss/pdks/gf180mcuD/libs.ref/gf180mcu_fd_sc_mcu7t5v0/lib/gf180mcu_fd_sc_mcu7t5v0__tt_025C_5v00.lib; abc -liberty /foss/pdks/gf180mcuD/libs.ref/gf180mcu_fd_sc_mcu7t5v0/lib/gf180mcu_fd_sc_mcu7t5v0__tt_025C_5v00.lib; setundef -zero; hilomap -hicell gf180mcu_fd_sc_mcu7t5v0__tieh Z -locell gf180mcu_fd_sc_mcu7t5v0__tiel ZN; clean; stat -liberty /foss/pdks/gf180mcuD/libs.ref/gf180mcu_fd_sc_mcu7t5v0/lib/gf180mcu_fd_sc_mcu7t5v0__tt_025C_5v00.lib; write_verilog -noattr /home/reyerchu/spm3_run/gf180mcuD/phase2/stage2/synth/chip_top_synth.v' --

1. Executing Verilog-2005 frontend: /home/reyerchu/spm3_run/gf180mcuD/phase2/stage1/rtl/chip_top.v
Parsing SystemVerilog input from `/home/reyerchu/spm3_run/gf180mcuD/phase2/stage1/rtl/chip_top.v' to AST representation.
Generating RTLIL representation for module `\chip_top'.
Successfully finished Verilog frontend.

2. Executing HIERARCHY pass (managing design hierarchy).

2.1. Analyzing design hierarchy..
Top module:  \chip_top

2.2. Analyzing design hierarchy..
Top module:  \chip_top
Removed 0 unused modules.

3. Executing PROC pass (convert processes to netlists).

3.1. Executing PROC_CLEAN pass (remove empty switches from decision trees).
Cleaned up 0 empty switches.

3.2. Executing PROC_RMDEAD pass (remove dead branches from decision trees).
Marked 1 switch rules as full_case in process $proc$/home/reyerchu/spm3_run/gf180mcuD/phase2/stage1/rtl/chip_top.v:34$9 in module chip_top.
Removed a total of 0 dead cases.

3.3. Executing PROC_PRUNE pass (remove redundant assignments in processes).
Removed 4 redundant assignments.
Promoted 0 assignments to connections.

3.4. Executing PROC_INIT pass (extract init attributes).

3.5. Executing PROC_ARST pass (detect async resets in processes).

3.6. Executing PROC_ROM pass (convert switches to ROMs).
Converted 0 switches.
<suppressed ~1 debug messages>

3.7. Executing PROC_MUX pass (convert decision trees to multiplexers).
Creating decoders for process `\chip_top.$proc$/home/reyerchu/spm3_run/gf180mcuD/phase2/stage1/rtl/chip_top.v:34$9'.
     1/4: $0\pr[0:0]
     2/4: $0\yr[0:0]
     3/4: $0\c[31:0]
     4/4: $0\s[31:0]

3.8. Executing PROC_DLATCH pass (convert process syncs to latches).

3.9. Executing PROC_DFF pass (convert process syncs to FFs).
Creating register for signal `\chip_top.\c' using process `\chip_top.$proc$/home/reyerchu/spm3_run/gf180mcuD/phase2/stage1/rtl/chip_top.v:34$9'.
  created $dff cell `$procdff$22' with positive edge clock.
Creating register for signal `\chip_top.\s' using process `\chip_top.$proc$/home/reyerchu/spm3_run/gf180mcuD/phase2/stage1/rtl/chip_top.v:34$9'.
  created $dff cell `$procdff$23' with positive edge clock.
Creating register for signal `\chip_top.\yr' using process `\chip_top.$proc$/home/reyerchu/spm3_run/gf180mcuD/phase2/stage1/rtl/chip_top.v:34$9'.
  created $dff cell `$procdff$24' with positive edge clock.
Creating register for signal `\chip_top.\pr' using process `\chip_top.$proc$/home/reyerchu/spm3_run/gf180mcuD/phase2/stage1/rtl/chip_top.v:34$9'.
  created $dff cell `$procdff$25' with positive edge clock.

3.10. Executing PROC_MEMWR pass (convert process memory writes to cells).

3.11. Executing PROC_CLEAN pass (remove empty switches from decision trees).
Found and cleaned up 1 empty switch in `\chip_top.$proc$/home/reyerchu/spm3_run/gf180mcuD/phase2/stage1/rtl/chip_top.v:34$9'.
Removing empty process `chip_top.$proc$/home/reyerchu/spm3_run/gf180mcuD/phase2/stage1/rtl/chip_top.v:34$9'.
Cleaned up 1 empty switch.

3.12. Executing OPT_EXPR pass (perform const folding).
Optimizing module chip_top.

4. Executing FLATTEN pass (flatten design).

5. Executing TRIBUF pass.

6. Executing SYNTH pass.

6.1. Executing HIERARCHY pass (managing design hierarchy).

6.1.1. Analyzing design hierarchy..
Top module:  \chip_top

6.1.2. Analyzing design hierarchy..
Top module:  \chip_top
Removed 0 unused modules.

6.2. Executing PROC pass (convert processes to netlists).

6.2.1. Executing PROC_CLEAN pass (remove empty switches from decision trees).
Cleaned up 0 empty switches.

6.2.2. Executing PROC_RMDEAD pass (remove dead branches from decision trees).
Removed a total of 0 dead cases.

6.2.3. Executing PROC_PRUNE pass (remove redundant assignments in processes).
Removed 0 redundant assignments.
Promoted 0 assignments to connections.

6.2.4. Executing PROC_INIT pass (extract init attributes).

6.2.5. Executing PROC_ARST pass (detect async resets in processes).

6.2.6. Executing PROC_ROM pass (convert switches to ROMs).
Converted 0 switches.

6.2.7. Executing PROC_MUX pass (convert decision trees to multiplexers).

6.2.8. Executing PROC_DLATCH pass (convert process syncs to latches).

6.2.9. Executing PROC_DFF pass (convert process syncs to FFs).

6.2.10. Executing PROC_MEMWR pass (convert process memory writes to cells).

6.2.11. Executing PROC_CLEAN pass (remove empty switches from decision trees).
Cleaned up 0 empty switches.

6.2.12. Executing OPT_EXPR pass (perform const folding).
Optimizing module chip_top.

6.3. Executing TRIBUF pass.

6.4. Executing CHECK pass (checking for obvious problems).
Checking module chip_top...
Found and reported 0 problems.

6.5. Executing FLATTEN pass (flatten design).

6.6. Executing OPT_EXPR pass (perform const folding).
Optimizing module chip_top.

6.7. Executing OPT_CLEAN pass (remove unused cells and wires).
Finding unused cells or wires in module \chip_top..
Removed 0 unused cells and 11 unused wires.
<suppressed ~1 debug messages>

6.8. Executing CHECK pass (checking for obvious problems).
Checking module chip_top...
Found and reported 0 problems.

6.9. Executing OPT pass (performing simple optimizations).

6.9.1. Executing OPT_EXPR pass (perform const folding).
Optimizing module chip_top.

6.9.2. Executing OPT_MERGE pass (detect identical cells).
Finding identical cells in module `\chip_top'.
Computing hashes of 16 cells of `\chip_top'.
Finding duplicate cells in `\chip_top'.
Removed a total of 0 cells.

6.9.3. Executing OPT_MUXTREE pass (detect dead branches in mux trees).
Running muxtree optimizer on module \chip_top..
  Creating internal representation of mux trees.
  Evaluating internal representation of mux trees.
  Analyzing evaluation results.
Removed 0 multiplexer ports.
<suppressed ~8 debug messages>

6.9.4. Executing OPT_REDUCE pass (consolidate $*mux and $reduce_* inputs).
  Optimizing cells in module \chip_top.
Performed a total of 0 changes.

6.9.5. Executing OPT_MERGE pass (detect identical cells).
Finding identical cells in module `\chip_top'.
Computing hashes of 16 cells of `\chip_top'.
Finding duplicate cells in `\chip_top'.
Removed a total of 0 cells.

6.9.6. Executing OPT_DFF pass (perform DFF optimizations).

6.9.7. Executing OPT_CLEAN pass (remove unused cells and wires).
Finding unused cells or wires in module \chip_top..

6.9.8. Executing OPT_EXPR pass (perform const folding).
Optimizing module chip_top.

6.9.9. Finished fast OPT passes. (There is nothing left to do.)

6.10. Executing FSM pass (extract and optimize FSM).

6.10.1. Executing FSM_DETECT pass (finding FSMs in design).

6.10.2. Executing FSM_EXTRACT pass (extracting FSM from design).

6.10.3. Executing FSM_OPT pass (simple optimizations of FSMs).

6.10.4. Executing OPT_CLEAN pass (remove unused cells and wires).
Finding unused cells or wires in module \chip_top..

6.10.5. Executing FSM_OPT pass (simple optimizations of FSMs).

6.10.6. Executing FSM_RECODE pass (re-assigning FSM state encoding).

6.10.7. Executing FSM_INFO pass (dumping all available information on FSM cells).

6.10.8. Executing FSM_MAP pass (mapping FSMs to basic logic).

6.11. Executing OPT pass (performing simple optimizations).

6.11.1. Executing OPT_EXPR pass (perform const folding).
Optimizing module chip_top.

6.11.2. Executing OPT_MERGE pass (detect identical cells).
Finding identical cells in module `\chip_top'.
Computing hashes of 16 cells of `\chip_top'.
Finding duplicate cells in `\chip_top'.
Removed a total of 0 cells.

6.11.3. Executing OPT_MUXTREE pass (detect dead branches in mux trees).
Running muxtree optimizer on module \chip_top..
  Creating internal representation of mux trees.
  Evaluating internal representation of mux trees.
  Analyzing evaluation results.
Removed 0 multiplexer ports.
<suppressed ~8 debug messages>

6.11.4. Executing OPT_REDUCE pass (consolidate $*mux and $reduce_* inputs).
  Optimizing cells in module \chip_top.
Performed a total of 0 changes.

6.11.5. Executing OPT_MERGE pass (detect identical cells).
Finding identical cells in module `\chip_top'.
Computing hashes of 16 cells of `\chip_top'.
Finding duplicate cells in `\chip_top'.
Removed a total of 0 cells.

6.11.6. Executing OPT_DFF pass (perform DFF optimizations).
Adding SRST signal on $procdff$22 ($dff) from module chip_top (D = \co, Q = \c, rval = 0).
Adding SRST signal on $procdff$23 ($dff) from module chip_top (D = \so [31:1], Q = \s [30:0], rval = 31'0000000000000000000000000000000).
Adding SRST signal on $procdff$24 ($dff) from module chip_top (D = \y, Q = \yr, rval = 1'0).
Adding SRST signal on $procdff$25 ($dff) from module chip_top (D = \so [0], Q = \pr, rval = 1'0).

6.11.7. Executing OPT_CLEAN pass (remove unused cells and wires).
Finding unused cells or wires in module \chip_top..
Removed 3 unused cells and 3 unused wires.
<suppressed ~4 debug messages>

6.11.8. Executing OPT_EXPR pass (perform const folding).
Optimizing module chip_top.

6.11.9. Rerunning OPT passes. (Maybe there is more to do..)

6.11.10. Executing OPT_MUXTREE pass (detect dead branches in mux trees).
Running muxtree optimizer on module \chip_top..
  Creating internal representation of mux trees.
  Evaluating internal representation of mux trees.
  Analyzing evaluation results.
Removed 0 multiplexer ports.
<suppressed ~2 debug messages>

6.11.11. Executing OPT_REDUCE pass (consolidate $*mux and $reduce_* inputs).
  Optimizing cells in module \chip_top.
Performed a total of 0 changes.

6.11.12. Executing OPT_MERGE pass (detect identical cells).
Finding identical cells in module `\chip_top'.
Computing hashes of 14 cells of `\chip_top'.
Finding duplicate cells in `\chip_top'.
Removed a total of 0 cells.

6.11.13. Executing OPT_DFF pass (perform DFF optimizations).

6.11.14. Executing OPT_CLEAN pass (remove unused cells and wires).
Finding unused cells or wires in module \chip_top..

6.11.15. Executing OPT_EXPR pass (perform const folding).
Optimizing module chip_top.

6.11.16. Finished fast OPT passes. (There is nothing left to do.)

6.12. Executing WREDUCE pass (reducing word size of cells).
Removed cell chip_top.$procmux$20 ($mux).

6.13. Executing PEEPOPT pass (run peephole optimizers).

6.14. Executing OPT_CLEAN pass (remove unused cells and wires).
Finding unused cells or wires in module \chip_top..
Removed 0 unused cells and 1 unused wires.
<suppressed ~1 debug messages>

6.15. Executing ALUMACC pass (create $alu and $macc cells).
Extracting $alu and $macc cells in module chip_top:
  created 0 $alu and 0 $macc cells.

6.16. Executing SHARE pass (SAT-based resource sharing).

6.17. Executing OPT pass (performing simple optimizations).

6.17.1. Executing OPT_EXPR pass (perform const folding).
Optimizing module chip_top.

6.17.2. Executing OPT_MERGE pass (detect identical cells).
Finding identical cells in module `\chip_top'.
Computing hashes of 13 cells of `\chip_top'.
Finding duplicate cells in `\chip_top'.
Removed a total of 0 cells.

6.17.3. Executing OPT_MUXTREE pass (detect dead branches in mux trees).
Running muxtree optimizer on module \chip_top..
  Creating internal representation of mux trees.
  No muxes found in this module.
Removed 0 multiplexer ports.

6.17.4. Executing OPT_REDUCE pass (consolidate $*mux and $reduce_* inputs).
  Optimizing cells in module \chip_top.
Performed a total of 0 changes.

6.17.5. Executing OPT_MERGE pass (detect identical cells).
Finding identical cells in module `\chip_top'.
Computing hashes of 13 cells of `\chip_top'.
Finding duplicate cells in `\chip_top'.
Removed a total of 0 cells.

6.17.6. Executing OPT_DFF pass (perform DFF optimizations).
Setting constant 0-bit at position 0 on $auto$ff.cc:337:slice$28 ($dff) from module chip_top.

6.17.7. Executing OPT_CLEAN pass (remove unused cells and wires).
Finding unused cells or wires in module \chip_top..

6.17.8. Executing OPT_EXPR pass (perform const folding).
Optimizing module chip_top.

6.17.9. Rerunning OPT passes. (Maybe there is more to do..)

6.17.10. Executing OPT_MUXTREE pass (detect dead branches in mux trees).
Running muxtree optimizer on module \chip_top..
  Creating internal representation of mux trees.
  No muxes found in this module.
Removed 0 multiplexer ports.

6.17.11. Executing OPT_REDUCE pass (consolidate $*mux and $reduce_* inputs).
  Optimizing cells in module \chip_top.
Performed a total of 0 changes.

6.17.12. Executing OPT_MERGE pass (detect identical cells).
Finding identical cells in module `\chip_top'.
Computing hashes of 12 cells of `\chip_top'.
Finding duplicate cells in `\chip_top'.
Removed a total of 0 cells.

6.17.13. Executing OPT_DFF pass (perform DFF optimizations).

6.17.14. Executing OPT_CLEAN pass (remove unused cells and wires).
Finding unused cells or wires in module \chip_top..

6.17.15. Executing OPT_EXPR pass (perform const folding).
Optimizing module chip_top.

6.17.16. Finished fast OPT passes. (There is nothing left to do.)

6.18. Executing MEMORY pass.

6.18.1. Executing OPT_MEM pass (optimize memories).
Performed a total of 0 transformations.

6.18.2. Executing OPT_MEM_PRIORITY pass (removing unnecessary memory write priority relations).
Performed a total of 0 transformations.

6.18.3. Executing OPT_MEM_FEEDBACK pass (finding memory read-to-write feedback paths).

6.18.4. Executing MEMORY_BMUX2ROM pass (converting muxes to ROMs).

6.18.5. Executing MEMORY_DFF pass (merging $dff cells to $memrd).

6.18.6. Executing OPT_CLEAN pass (remove unused cells and wires).
Finding unused cells or wires in module \chip_top..

6.18.7. Executing MEMORY_SHARE pass (consolidating $memrd/$memwr cells).

6.18.8. Executing OPT_MEM_WIDEN pass (optimize memories where all ports are wide).
Performed a total of 0 transformations.

6.18.9. Executing OPT_CLEAN pass (remove unused cells and wires).
Finding unused cells or wires in module \chip_top..

6.18.10. Executing MEMORY_COLLECT pass (generating $mem cells).

6.19. Executing OPT_CLEAN pass (remove unused cells and wires).
Finding unused cells or wires in module \chip_top..

6.20. Executing OPT pass (performing simple optimizations).

6.20.1. Executing OPT_EXPR pass (perform const folding).
Optimizing module chip_top.
<suppressed ~31 debug messages>

6.20.2. Executing OPT_MERGE pass (detect identical cells).
Finding identical cells in module `\chip_top'.
Computing hashes of 12 cells of `\chip_top'.
Finding duplicate cells in `\chip_top'.
Removed a total of 0 cells.

6.20.3. Executing OPT_DFF pass (perform DFF optimizations).

6.20.4. Executing OPT_CLEAN pass (remove unused cells and wires).
Finding unused cells or wires in module \chip_top..
Removed 0 unused cells and 10 unused wires.
<suppressed ~1 debug messages>

6.20.5. Finished fast OPT passes.

6.21. Executing MEMORY_MAP pass (converting memories to logic and flip-flops).

6.22. Executing OPT pass (performing simple optimizations).

6.22.1. Executing OPT_EXPR pass (perform const folding).
Optimizing module chip_top.

6.22.2. Executing OPT_MERGE pass (detect identical cells).
Finding identical cells in module `\chip_top'.
Computing hashes of 12 cells of `\chip_top'.
Finding duplicate cells in `\chip_top'.
Removed a total of 0 cells.

6.22.3. Executing OPT_MUXTREE pass (detect dead branches in mux trees).
Running muxtree optimizer on module \chip_top..
  Creating internal representation of mux trees.
  No muxes found in this module.
Removed 0 multiplexer ports.

6.22.4. Executing OPT_REDUCE pass (consolidate $*mux and $reduce_* inputs).
  Optimizing cells in module \chip_top.
Performed a total of 0 changes.

6.22.5. Executing OPT_MERGE pass (detect identical cells).
Finding identical cells in module `\chip_top'.
Computing hashes of 12 cells of `\chip_top'.
Finding duplicate cells in `\chip_top'.
Removed a total of 0 cells.

6.22.6. Executing OPT_SHARE pass.

6.22.7. Executing OPT_DFF pass (perform DFF optimizations).

6.22.8. Executing OPT_CLEAN pass (remove unused cells and wires).
Finding unused cells or wires in module \chip_top..

6.22.9. Executing OPT_EXPR pass (perform const folding).
Optimizing module chip_top.

6.22.10. Finished fast OPT passes. (There is nothing left to do.)

6.23. Executing TECHMAP pass (map to technology primitives).

6.23.1. Executing Verilog-2005 frontend: /foss/tools/yosys/bin/../share/yosys/techmap.v
Parsing Verilog input from `/foss/tools/yosys/bin/../share/yosys/techmap.v' to AST representation.
Generating RTLIL representation for module `\_90_simplemap_bool_ops'.
Generating RTLIL representation for module `\_90_simplemap_reduce_ops'.
Generating RTLIL representation for module `\_90_simplemap_logic_ops'.
Generating RTLIL representation for module `\_90_simplemap_compare_ops'.
Generating RTLIL representation for module `\_90_simplemap_various'.
Generating RTLIL representation for module `\_90_simplemap_registers'.
Generating RTLIL representation for module `\_90_shift_ops_shr_shl_sshl_sshr'.
Generating RTLIL representation for module `\_90_shift_shiftx'.
Generating RTLIL representation for module `\_90_fa'.
Generating RTLIL representation for module `\_90_lcu_brent_kung'.
Generating RTLIL representation for module `\_90_alu'.
Generating RTLIL representation for module `\_90_macc'.
Generating RTLIL representation for module `\_90_alumacc'.
Generating RTLIL representation for module `$__div_mod_u'.
Generating RTLIL representation for module `$__div_mod_trunc'.
Generating RTLIL representation for module `\_90_div'.
Generating RTLIL representation for module `\_90_mod'.
Generating RTLIL representation for module `$__div_mod_floor'.
Generating RTLIL representation for module `\_90_divfloor'.
Generating RTLIL representation for module `\_90_modfloor'.
Generating RTLIL representation for module `\_90_pow'.
Generating RTLIL representation for module `\_90_demux'.
Generating RTLIL representation for module `\_90_lut'.
Generating RTLIL representation for module `$connect'.
Generating RTLIL representation for module `$input_port'.
Successfully finished Verilog frontend.

6.23.2. Continuing TECHMAP pass.
Using extmapper simplemap for cells of type $or.
Using extmapper simplemap for cells of type $and.
Using extmapper simplemap for cells of type $xor.
Using extmapper simplemap for cells of type $sdff.
No more expansions possible.
<suppressed ~89 debug messages>

6.24. Executing OPT pass (performing simple optimizations).

6.24.1. Executing OPT_EXPR pass (perform const folding).
Optimizing module chip_top.

6.24.2. Executing OPT_MERGE pass (detect identical cells).
Finding identical cells in module `\chip_top'.
Computing hashes of 316 cells of `\chip_top'.
Finding duplicate cells in `\chip_top'.
Removed a total of 0 cells.

6.24.3. Executing OPT_DFF pass (perform DFF optimizations).

6.24.4. Executing OPT_CLEAN pass (remove unused cells and wires).
Finding unused cells or wires in module \chip_top..

6.24.5. Finished fast OPT passes.

6.25. Executing ABC pass (technology mapping using ABC).

6.25.1. Extracting gate netlist of module `\chip_top' to `<abc-temp-dir>/input.blif'..

6.25.1.1. Executed ABC.
Extracted 251 gates and 347 wires to a netlist network with 96 inputs and 64 outputs.
Running ABC script: <abc-temp-dir>/abc.script
ABC: UC Berkeley, ABC 1.01 (compiled Aug  6 2026 01:24:18)
ABC: abc 01> empty
ABC: abc 01> source <abc-temp-dir>/abc.script
ABC: + read_blif <abc-temp-dir>/input.blif 
ABC: + read_library <abc-temp-dir>/stdcells.genlib 
ABC: + strash 
ABC: + &get -n 
ABC: + &fraig -x 
ABC: + &put 
ABC: + scorr 
ABC: Warning: The network is combinational (run "fraig" or "fraig_sweep").
ABC: + dc2 
ABC: + dretime 
ABC: + strash 
ABC: + &get -n 
ABC: + &dch -f 
ABC: + &nf 
ABC: + &put 
ABC: + write_blif <abc-temp-dir>/output.blif 
ABC: 
ABC: YOSYS_ABC_DONE 

6.25.1.2. Re-integrating ABC results.
ABC RESULTS:               AND cells:       64
ABC RESULTS:              NAND cells:       93
ABC RESULTS:                OR cells:       31
ABC RESULTS:              XNOR cells:       31
ABC RESULTS:               XOR cells:        1
ABC RESULTS:        internal signals:      187
ABC RESULTS:           input signals:       96
ABC RESULTS:          output signals:       64
Removing temp directory.
Removing global temp directory.

6.26. Executing OPT pass (performing simple optimizations).

6.26.1. Executing OPT_EXPR pass (perform const folding).
Optimizing module chip_top.

6.26.2. Executing OPT_MERGE pass (detect identical cells).
Finding identical cells in module `\chip_top'.
Computing hashes of 285 cells of `\chip_top'.
Finding duplicate cells in `\chip_top'.
Removed a total of 0 cells.

6.26.3. Executing OPT_DFF pass (perform DFF optimizations).

6.26.4. Executing OPT_CLEAN pass (remove unused cells and wires).
Finding unused cells or wires in module \chip_top..
Removed 0 unused cells and 166 unused wires.
<suppressed ~2 debug messages>

6.26.5. Finished fast OPT passes.

6.27. Executing HIERARCHY pass (managing design hierarchy).
Attribute `top' found on module `chip_top'. Setting top module to chip_top.

6.27.1. Analyzing design hierarchy..
Top module:  \chip_top

6.27.2. Analyzing design hierarchy..
Top module:  \chip_top
Removed 0 unused modules.

6.28. Printing statistics.

=== chip_top ===

        +----------Local Count, excluding submodules.
        | 
      167 wires
      322 wire bits
       11 public wires
      166 public wire bits
        5 ports
       36 port bits
      285 cells
       64   $_AND_
       93   $_NAND_
       31   $_OR_
       65   $_SDFF_PP0_
       31   $_XNOR_
        1   $_XOR_

6.29. Executing CHECK pass (checking for obvious problems).
Checking module chip_top...
Found and reported 0 problems.

7. Executing DFFLIBMAP pass (mapping DFF cells to sequential cells from liberty file).
  cell gf180mcu_fd_sc_mcu7t5v0__dffnq_1 (noninv, pins=3, area=65.86) is a direct match for cell type $_DFF_N_.
  cell gf180mcu_fd_sc_mcu7t5v0__dffq_1 (noninv, pins=3, area=63.66) is a direct match for cell type $_DFF_P_.
  cell gf180mcu_fd_sc_mcu7t5v0__dffnrnq_1 (noninv, pins=4, area=74.64) is a direct match for cell type $_DFF_NN0_.
  cell gf180mcu_fd_sc_mcu7t5v0__dffnsnq_1 (noninv, pins=4, area=79.03) is a direct match for cell type $_DFF_NN1_.
  cell gf180mcu_fd_sc_mcu7t5v0__dffrnq_1 (noninv, pins=4, area=74.64) is a direct match for cell type $_DFF_PN0_.
  cell gf180mcu_fd_sc_mcu7t5v0__dffsnq_1 (noninv, pins=4, area=79.03) is a direct match for cell type $_DFF_PN1_.
  cell gf180mcu_fd_sc_mcu7t5v0__dffnrsnq_1 (noninv, pins=5, area=94.39) is a direct match for cell type $_DFFSR_NNN_.
  cell gf180mcu_fd_sc_mcu7t5v0__dffrsnq_1 (noninv, pins=5, area=85.61) is a direct match for cell type $_DFFSR_PNN_.
  cell gf180mcu_fd_sc_mcu7t5v0__latq_1 (noninv, pins=3, area=43.90) is a direct match for cell type $_DLATCH_P_.
  final dff cell mappings:
    \gf180mcu_fd_sc_mcu7t5v0__dffnq_1 _DFF_N_ (.CLKN( C), .D( D), .Q( Q));
    \gf180mcu_fd_sc_mcu7t5v0__dffq_1 _DFF_P_ (.CLK( C), .D( D), .Q( Q));
    \gf180mcu_fd_sc_mcu7t5v0__dffnrnq_1 _DFF_NN0_ (.CLKN( C), .D( D), .Q( Q), .RN( R));
    \gf180mcu_fd_sc_mcu7t5v0__dffnsnq_1 _DFF_NN1_ (.CLKN( C), .D( D), .Q( Q), .SETN( R));
    unmapped dff cell: $_DFF_NP0_
    unmapped dff cell: $_DFF_NP1_
    \gf180mcu_fd_sc_mcu7t5v0__dffrnq_1 _DFF_PN0_ (.CLK( C), .D( D), .Q( Q), .RN( R));
    \gf180mcu_fd_sc_mcu7t5v0__dffsnq_1 _DFF_PN1_ (.CLK( C), .D( D), .Q( Q), .SETN( R));
    unmapped dff cell: $_DFF_PP0_
    unmapped dff cell: $_DFF_PP1_
    unmapped dff cell: $_DFFE_NN_
    unmapped dff cell: $_DFFE_NP_
    unmapped dff cell: $_DFFE_PN_
    unmapped dff cell: $_DFFE_PP_
    \gf180mcu_fd_sc_mcu7t5v0__dffnrsnq_1 _DFFSR_NNN_ (.CLKN( C), .D( D), .Q( Q), .RN( R), .SETN( S));
    unmapped dff cell: $_DFFSR_NNP_
    unmapped dff cell: $_DFFSR_NPN_
    unmapped dff cell: $_DFFSR_NPP_
    \gf180mcu_fd_sc_mcu7t5v0__dffrsnq_1 _DFFSR_PNN_ (.CLK( C), .D( D), .Q( Q), .RN( R), .SETN( S));
    unmapped dff cell: $_DFFSR_PNP_
    unmapped dff cell: $_DFFSR_PPN_
    unmapped dff cell: $_DFFSR_PPP_
    unmapped dff cell: $_DLATCH_N_
    \gf180mcu_fd_sc_mcu7t5v0__latq_1 _DLATCH_P_ (.D( D), .E( E), .Q( Q));

7.1. Executing DFFLEGALIZE pass (convert FFs to types supported by the target).
<suppressed ~12 debug messages>
Mapping DFF cells in module `\chip_top':
  mapped 65 $_DFF_P_ cells to \gf180mcu_fd_sc_mcu7t5v0__dffq_1 cells.

8. Executing ABC pass (technology mapping using ABC).

8.1. Extracting gate netlist of module `\chip_top' to `<abc-temp-dir>/input.blif'..

8.1.1. Executed ABC.
Extracted 285 gates and 384 wires to a netlist network with 98 inputs and 65 outputs.
Running ABC script: <abc-temp-dir>/abc.script
ABC: UC Berkeley, ABC 1.01 (compiled Aug  6 2026 01:24:18)
ABC: abc 01> empty
ABC: abc 01> source <abc-temp-dir>/abc.script
ABC: + read_blif <abc-temp-dir>/input.blif 
ABC: + read_scl /tmp/yosys-liberty-scl-cache/yosys_merged_1eb42b17.scl 
ABC: Warning: Detected 6 multi-output cells (for example, "gf180mcu_fd_sc_mcu7t5v0__addf_1").
ABC: + strash 
ABC: + &get -n 
ABC: + &fraig -x 
ABC: + &put 
ABC: + scorr 
ABC: Warning: The network is combinational (run "fraig" or "fraig_sweep").
ABC: + dc2 
ABC: + dretime 
ABC: + strash 
ABC: + &get -n 
ABC: + &dch -f 
ABC: + &nf 
ABC: + &put 
ABC: + write_blif <abc-temp-dir>/output.blif 
ABC: 
ABC: YOSYS_ABC_DONE 

8.1.2. Re-integrating ABC results.
ABC RESULTS:   gf180mcu_fd_sc_mcu7t5v0__and2_1 cells:        2
ABC RESULTS:   gf180mcu_fd_sc_mcu7t5v0__and3_1 cells:        6
ABC RESULTS:   gf180mcu_fd_sc_mcu7t5v0__aoi211_1 cells:       26
ABC RESULTS:   gf180mcu_fd_sc_mcu7t5v0__aoi21_1 cells:        6
ABC RESULTS:   gf180mcu_fd_sc_mcu7t5v0__aoi22_1 cells:        5
ABC RESULTS:   gf180mcu_fd_sc_mcu7t5v0__clkinv_1 cells:        1
ABC RESULTS:   gf180mcu_fd_sc_mcu7t5v0__nand2_1 cells:       52
ABC RESULTS:   gf180mcu_fd_sc_mcu7t5v0__nor2_1 cells:       57
ABC RESULTS:   gf180mcu_fd_sc_mcu7t5v0__nor3_1 cells:       11
ABC RESULTS:   gf180mcu_fd_sc_mcu7t5v0__xor2_1 cells:        5
ABC RESULTS:   gf180mcu_fd_sc_mcu7t5v0__xor3_1 cells:       26
ABC RESULTS:        internal signals:      221
ABC RESULTS:           input signals:       98
ABC RESULTS:          output signals:       65
Removing temp directory.
Removing global temp directory.

9. Executing SETUNDEF pass (replace undef values with defined constants).

10. Executing HILOMAP pass (mapping to constant drivers).
Removed 1 unused cells and 322 unused wires.

11. Printing statistics.

=== chip_top ===

        +----------Local Count, excluding submodules.
        |        +-Local Area, excluding submodules.
        |        | 
      206        - wires
      299        - wire bits
        9        - public wires
      102        - public wire bits
        5        - ports
       36        - port bits
      262 8.05E+03 cells
        2   35.123   gf180mcu_fd_sc_mcu7t5v0__and2_1
        6  131.712   gf180mcu_fd_sc_mcu7t5v0__and3_1
       26  570.752   gf180mcu_fd_sc_mcu7t5v0__aoi211_1
        6   105.37   gf180mcu_fd_sc_mcu7t5v0__aoi21_1
        5   98.784   gf180mcu_fd_sc_mcu7t5v0__aoi22_1
        1    8.781   gf180mcu_fd_sc_mcu7t5v0__clkinv_1
       65 4.14E+03   gf180mcu_fd_sc_mcu7t5v0__dffq_1
       52  570.752   gf180mcu_fd_sc_mcu7t5v0__nand2_1
       57  750.758   gf180mcu_fd_sc_mcu7t5v0__nor2_1
       11  193.178   gf180mcu_fd_sc_mcu7t5v0__nor3_1
        5  131.712   gf180mcu_fd_sc_mcu7t5v0__xor2_1
       26  1312.73   gf180mcu_fd_sc_mcu7t5v0__xor3_1

   Chip area for module '\chip_top': 8047.603200
     of which used for sequential elements: 4137.952000 (51.42%)

12. Executing Verilog backend.

12.1. Executing BMUXMAP pass.

12.2. Executing DEMUXMAP pass.
Dumping module `\chip_top'.

End of script. Logfile hash: b598fd8ef2, time: 0.52s, user: 0.17s, system: 0.03s, MEM: 69.50 MB peak
Yosys 0.68+ (git sha1 41a01aece, Release, GNU /usr/bin/c++ 13.3.0) [github.com/vibeic/yosys at HEAD]
Time spent: 63% 2x abc (0 sec), 16% 2x stat (0 sec), ...

