[INFO] Final PATH variable: /headless/.local/bin:/foss/tools/bin:/foss/tools/sak:/usr/local/sbin:/headless/.local/bin:/foss/tools/bin:/foss/tools/sak:/foss/tools/kactus2:/foss/tools/klayout:/foss/tools/osic-multitool:/usr/local/sbin:/usr/local/bin:/usr/sbin:/usr/bin:/sbin:/bin:/foss/tools/kactus2:/foss/tools/klayout:/foss/tools/osic-multitool
[INFO] Final PYTHONPATH variable: /headless/.local/lib/python3.12/site-packages:/foss/tools/yosys/share/yosys/python3:/usr/lib/python312.zip:/usr/lib/python3.12:/usr/lib/python3.12/lib-dynload:/usr/local/lib/python3.12/dist-packages:/opt/vibeic-forks/cocotb/src:/usr/lib/python3/dist-packages:/foss/tools/ngspyce/local/lib/python3.12/dist-packages:/foss/tools/openems/local/lib/python3.12/dist-packages:/foss/tools/pyopus/local/lib/python3.12/dist-packages:/foss/tools/yosys/share/yosys/python3:/foss/tools/klayout/pymod:/foss/tools/vacask/lib/vacask/python

 /----------------------------------------------------------------------------\
 |  yosys -- Yosys Open SYnthesis Suite                                       |
 |  Copyright (C) 2012 - 2026  Claire Xenia Wolf <claire@yosyshq.com>         |
 |  Distributed under an ISC-like license, type "license" to see terms        |
 \----------------------------------------------------------------------------/
 Yosys 0.68+ (git sha1 41a01aece, Release, GNU /usr/bin/c++ 13.3.0) [github.com/vibeic/yosys at HEAD]

-- Running command `read_verilog -sv -DSIMULATION /home/reyerchu/spm3_run/gf180mcuD/phase2/stage1/rtl/chip_top.v; synth -top chip_top -flatten; techmap; opt; dffunmap; abc -g cmos2; write_verilog -noexpr -nostr -noattr /home/reyerchu/spm3_run/gf180mcuD/phase2/stage2/synth/netlist_yosys.v; stat' --

1. Executing Verilog-2005 frontend: /home/reyerchu/spm3_run/gf180mcuD/phase2/stage1/rtl/chip_top.v
Parsing SystemVerilog input from `/home/reyerchu/spm3_run/gf180mcuD/phase2/stage1/rtl/chip_top.v' to AST representation.
Generating RTLIL representation for module `\chip_top'.
Successfully finished Verilog frontend.

2. Executing SYNTH pass.

2.1. Executing HIERARCHY pass (managing design hierarchy).

2.1.1. Analyzing design hierarchy..
Top module:  \chip_top

2.1.2. Analyzing design hierarchy..
Top module:  \chip_top
Removed 0 unused modules.

2.2. Executing PROC pass (convert processes to netlists).

2.2.1. Executing PROC_CLEAN pass (remove empty switches from decision trees).
Cleaned up 0 empty switches.

2.2.2. Executing PROC_RMDEAD pass (remove dead branches from decision trees).
Marked 1 switch rules as full_case in process $proc$/home/reyerchu/spm3_run/gf180mcuD/phase2/stage1/rtl/chip_top.v:34$9 in module chip_top.
Removed a total of 0 dead cases.

2.2.3. Executing PROC_PRUNE pass (remove redundant assignments in processes).
Removed 4 redundant assignments.
Promoted 0 assignments to connections.

2.2.4. Executing PROC_INIT pass (extract init attributes).

2.2.5. Executing PROC_ARST pass (detect async resets in processes).

2.2.6. Executing PROC_ROM pass (convert switches to ROMs).
Converted 0 switches.
<suppressed ~1 debug messages>

2.2.7. Executing PROC_MUX pass (convert decision trees to multiplexers).
Creating decoders for process `\chip_top.$proc$/home/reyerchu/spm3_run/gf180mcuD/phase2/stage1/rtl/chip_top.v:34$9'.
     1/4: $0\pr[0:0]
     2/4: $0\yr[0:0]
     3/4: $0\c[31:0]
     4/4: $0\s[31:0]

2.2.8. Executing PROC_DLATCH pass (convert process syncs to latches).

2.2.9. Executing PROC_DFF pass (convert process syncs to FFs).
Creating register for signal `\chip_top.\c' using process `\chip_top.$proc$/home/reyerchu/spm3_run/gf180mcuD/phase2/stage1/rtl/chip_top.v:34$9'.
  created $dff cell `$procdff$22' with positive edge clock.
Creating register for signal `\chip_top.\s' using process `\chip_top.$proc$/home/reyerchu/spm3_run/gf180mcuD/phase2/stage1/rtl/chip_top.v:34$9'.
  created $dff cell `$procdff$23' with positive edge clock.
Creating register for signal `\chip_top.\yr' using process `\chip_top.$proc$/home/reyerchu/spm3_run/gf180mcuD/phase2/stage1/rtl/chip_top.v:34$9'.
  created $dff cell `$procdff$24' with positive edge clock.
Creating register for signal `\chip_top.\pr' using process `\chip_top.$proc$/home/reyerchu/spm3_run/gf180mcuD/phase2/stage1/rtl/chip_top.v:34$9'.
  created $dff cell `$procdff$25' with positive edge clock.

2.2.10. Executing PROC_MEMWR pass (convert process memory writes to cells).

2.2.11. Executing PROC_CLEAN pass (remove empty switches from decision trees).
Found and cleaned up 1 empty switch in `\chip_top.$proc$/home/reyerchu/spm3_run/gf180mcuD/phase2/stage1/rtl/chip_top.v:34$9'.
Removing empty process `chip_top.$proc$/home/reyerchu/spm3_run/gf180mcuD/phase2/stage1/rtl/chip_top.v:34$9'.
Cleaned up 1 empty switch.

2.2.12. Executing OPT_EXPR pass (perform const folding).
Optimizing module chip_top.

2.3. Executing TRIBUF pass.

2.4. Executing CHECK pass (checking for obvious problems).
Checking module chip_top...
Found and reported 0 problems.

2.5. Executing FLATTEN pass (flatten design).

2.6. Executing OPT_EXPR pass (perform const folding).
Optimizing module chip_top.

2.7. Executing OPT_CLEAN pass (remove unused cells and wires).
Finding unused cells or wires in module \chip_top..
Removed 0 unused cells and 11 unused wires.
<suppressed ~1 debug messages>

2.8. Executing CHECK pass (checking for obvious problems).
Checking module chip_top...
Found and reported 0 problems.

2.9. Executing OPT pass (performing simple optimizations).

2.9.1. Executing OPT_EXPR pass (perform const folding).
Optimizing module chip_top.

2.9.2. Executing OPT_MERGE pass (detect identical cells).
Finding identical cells in module `\chip_top'.
Computing hashes of 16 cells of `\chip_top'.
Finding duplicate cells in `\chip_top'.
Removed a total of 0 cells.

2.9.3. Executing OPT_MUXTREE pass (detect dead branches in mux trees).
Running muxtree optimizer on module \chip_top..
  Creating internal representation of mux trees.
  Evaluating internal representation of mux trees.
  Analyzing evaluation results.
Removed 0 multiplexer ports.
<suppressed ~8 debug messages>

2.9.4. Executing OPT_REDUCE pass (consolidate $*mux and $reduce_* inputs).
  Optimizing cells in module \chip_top.
Performed a total of 0 changes.

2.9.5. Executing OPT_MERGE pass (detect identical cells).
Finding identical cells in module `\chip_top'.
Computing hashes of 16 cells of `\chip_top'.
Finding duplicate cells in `\chip_top'.
Removed a total of 0 cells.

2.9.6. Executing OPT_DFF pass (perform DFF optimizations).

2.9.7. Executing OPT_CLEAN pass (remove unused cells and wires).
Finding unused cells or wires in module \chip_top..

2.9.8. Executing OPT_EXPR pass (perform const folding).
Optimizing module chip_top.

2.9.9. Finished fast OPT passes. (There is nothing left to do.)

2.10. Executing FSM pass (extract and optimize FSM).

2.10.1. Executing FSM_DETECT pass (finding FSMs in design).

2.10.2. Executing FSM_EXTRACT pass (extracting FSM from design).

2.10.3. Executing FSM_OPT pass (simple optimizations of FSMs).

2.10.4. Executing OPT_CLEAN pass (remove unused cells and wires).
Finding unused cells or wires in module \chip_top..

2.10.5. Executing FSM_OPT pass (simple optimizations of FSMs).

2.10.6. Executing FSM_RECODE pass (re-assigning FSM state encoding).

2.10.7. Executing FSM_INFO pass (dumping all available information on FSM cells).

2.10.8. Executing FSM_MAP pass (mapping FSMs to basic logic).

2.11. Executing OPT pass (performing simple optimizations).

2.11.1. Executing OPT_EXPR pass (perform const folding).
Optimizing module chip_top.

2.11.2. Executing OPT_MERGE pass (detect identical cells).
Finding identical cells in module `\chip_top'.
Computing hashes of 16 cells of `\chip_top'.
Finding duplicate cells in `\chip_top'.
Removed a total of 0 cells.

2.11.3. Executing OPT_MUXTREE pass (detect dead branches in mux trees).
Running muxtree optimizer on module \chip_top..
  Creating internal representation of mux trees.
  Evaluating internal representation of mux trees.
  Analyzing evaluation results.
Removed 0 multiplexer ports.
<suppressed ~8 debug messages>

2.11.4. Executing OPT_REDUCE pass (consolidate $*mux and $reduce_* inputs).
  Optimizing cells in module \chip_top.
Performed a total of 0 changes.

2.11.5. Executing OPT_MERGE pass (detect identical cells).
Finding identical cells in module `\chip_top'.
Computing hashes of 16 cells of `\chip_top'.
Finding duplicate cells in `\chip_top'.
Removed a total of 0 cells.

2.11.6. Executing OPT_DFF pass (perform DFF optimizations).
Adding SRST signal on $procdff$22 ($dff) from module chip_top (D = \co, Q = \c, rval = 0).
Adding SRST signal on $procdff$23 ($dff) from module chip_top (D = \so [31:1], Q = \s [30:0], rval = 31'0000000000000000000000000000000).
Adding SRST signal on $procdff$24 ($dff) from module chip_top (D = \y, Q = \yr, rval = 1'0).
Adding SRST signal on $procdff$25 ($dff) from module chip_top (D = \so [0], Q = \pr, rval = 1'0).

2.11.7. Executing OPT_CLEAN pass (remove unused cells and wires).
Finding unused cells or wires in module \chip_top..
Removed 3 unused cells and 3 unused wires.
<suppressed ~4 debug messages>

2.11.8. Executing OPT_EXPR pass (perform const folding).
Optimizing module chip_top.

2.11.9. Rerunning OPT passes. (Maybe there is more to do..)

2.11.10. Executing OPT_MUXTREE pass (detect dead branches in mux trees).
Running muxtree optimizer on module \chip_top..
  Creating internal representation of mux trees.
  Evaluating internal representation of mux trees.
  Analyzing evaluation results.
Removed 0 multiplexer ports.
<suppressed ~2 debug messages>

2.11.11. Executing OPT_REDUCE pass (consolidate $*mux and $reduce_* inputs).
  Optimizing cells in module \chip_top.
Performed a total of 0 changes.

2.11.12. Executing OPT_MERGE pass (detect identical cells).
Finding identical cells in module `\chip_top'.
Computing hashes of 14 cells of `\chip_top'.
Finding duplicate cells in `\chip_top'.
Removed a total of 0 cells.

2.11.13. Executing OPT_DFF pass (perform DFF optimizations).

2.11.14. Executing OPT_CLEAN pass (remove unused cells and wires).
Finding unused cells or wires in module \chip_top..

2.11.15. Executing OPT_EXPR pass (perform const folding).
Optimizing module chip_top.

2.11.16. Finished fast OPT passes. (There is nothing left to do.)

2.12. Executing WREDUCE pass (reducing word size of cells).
Removed cell chip_top.$procmux$20 ($mux).

2.13. Executing PEEPOPT pass (run peephole optimizers).

2.14. Executing OPT_CLEAN pass (remove unused cells and wires).
Finding unused cells or wires in module \chip_top..
Removed 0 unused cells and 1 unused wires.
<suppressed ~1 debug messages>

2.15. Executing ALUMACC pass (create $alu and $macc cells).
Extracting $alu and $macc cells in module chip_top:
  created 0 $alu and 0 $macc cells.

2.16. Executing SHARE pass (SAT-based resource sharing).

2.17. Executing OPT pass (performing simple optimizations).

2.17.1. Executing OPT_EXPR pass (perform const folding).
Optimizing module chip_top.

2.17.2. Executing OPT_MERGE pass (detect identical cells).
Finding identical cells in module `\chip_top'.
Computing hashes of 13 cells of `\chip_top'.
Finding duplicate cells in `\chip_top'.
Removed a total of 0 cells.

2.17.3. Executing OPT_MUXTREE pass (detect dead branches in mux trees).
Running muxtree optimizer on module \chip_top..
  Creating internal representation of mux trees.
  No muxes found in this module.
Removed 0 multiplexer ports.

2.17.4. Executing OPT_REDUCE pass (consolidate $*mux and $reduce_* inputs).
  Optimizing cells in module \chip_top.
Performed a total of 0 changes.

2.17.5. Executing OPT_MERGE pass (detect identical cells).
Finding identical cells in module `\chip_top'.
Computing hashes of 13 cells of `\chip_top'.
Finding duplicate cells in `\chip_top'.
Removed a total of 0 cells.

2.17.6. Executing OPT_DFF pass (perform DFF optimizations).
Setting constant 0-bit at position 0 on $auto$ff.cc:337:slice$28 ($dff) from module chip_top.

2.17.7. Executing OPT_CLEAN pass (remove unused cells and wires).
Finding unused cells or wires in module \chip_top..

2.17.8. Executing OPT_EXPR pass (perform const folding).
Optimizing module chip_top.

2.17.9. Rerunning OPT passes. (Maybe there is more to do..)

2.17.10. Executing OPT_MUXTREE pass (detect dead branches in mux trees).
Running muxtree optimizer on module \chip_top..
  Creating internal representation of mux trees.
  No muxes found in this module.
Removed 0 multiplexer ports.

2.17.11. Executing OPT_REDUCE pass (consolidate $*mux and $reduce_* inputs).
  Optimizing cells in module \chip_top.
Performed a total of 0 changes.

2.17.12. Executing OPT_MERGE pass (detect identical cells).
Finding identical cells in module `\chip_top'.
Computing hashes of 12 cells of `\chip_top'.
Finding duplicate cells in `\chip_top'.
Removed a total of 0 cells.

2.17.13. Executing OPT_DFF pass (perform DFF optimizations).

2.17.14. Executing OPT_CLEAN pass (remove unused cells and wires).
Finding unused cells or wires in module \chip_top..

2.17.15. Executing OPT_EXPR pass (perform const folding).
Optimizing module chip_top.

2.17.16. Finished fast OPT passes. (There is nothing left to do.)

2.18. Executing MEMORY pass.

2.18.1. Executing OPT_MEM pass (optimize memories).
Performed a total of 0 transformations.

2.18.2. Executing OPT_MEM_PRIORITY pass (removing unnecessary memory write priority relations).
Performed a total of 0 transformations.

2.18.3. Executing OPT_MEM_FEEDBACK pass (finding memory read-to-write feedback paths).

2.18.4. Executing MEMORY_BMUX2ROM pass (converting muxes to ROMs).

2.18.5. Executing MEMORY_DFF pass (merging $dff cells to $memrd).

2.18.6. Executing OPT_CLEAN pass (remove unused cells and wires).
Finding unused cells or wires in module \chip_top..

2.18.7. Executing MEMORY_SHARE pass (consolidating $memrd/$memwr cells).

2.18.8. Executing OPT_MEM_WIDEN pass (optimize memories where all ports are wide).
Performed a total of 0 transformations.

2.18.9. Executing OPT_CLEAN pass (remove unused cells and wires).
Finding unused cells or wires in module \chip_top..

2.18.10. Executing MEMORY_COLLECT pass (generating $mem cells).

2.19. Executing OPT_CLEAN pass (remove unused cells and wires).
Finding unused cells or wires in module \chip_top..

2.20. Executing OPT pass (performing simple optimizations).

2.20.1. Executing OPT_EXPR pass (perform const folding).
Optimizing module chip_top.
<suppressed ~31 debug messages>

2.20.2. Executing OPT_MERGE pass (detect identical cells).
Finding identical cells in module `\chip_top'.
Computing hashes of 12 cells of `\chip_top'.
Finding duplicate cells in `\chip_top'.
Removed a total of 0 cells.

2.20.3. Executing OPT_DFF pass (perform DFF optimizations).

2.20.4. Executing OPT_CLEAN pass (remove unused cells and wires).
Finding unused cells or wires in module \chip_top..
Removed 0 unused cells and 10 unused wires.
<suppressed ~1 debug messages>

2.20.5. Finished fast OPT passes.

2.21. Executing MEMORY_MAP pass (converting memories to logic and flip-flops).

2.22. Executing OPT pass (performing simple optimizations).

2.22.1. Executing OPT_EXPR pass (perform const folding).
Optimizing module chip_top.

2.22.2. Executing OPT_MERGE pass (detect identical cells).
Finding identical cells in module `\chip_top'.
Computing hashes of 12 cells of `\chip_top'.
Finding duplicate cells in `\chip_top'.
Removed a total of 0 cells.

2.22.3. Executing OPT_MUXTREE pass (detect dead branches in mux trees).
Running muxtree optimizer on module \chip_top..
  Creating internal representation of mux trees.
  No muxes found in this module.
Removed 0 multiplexer ports.

2.22.4. Executing OPT_REDUCE pass (consolidate $*mux and $reduce_* inputs).
  Optimizing cells in module \chip_top.
Performed a total of 0 changes.

2.22.5. Executing OPT_MERGE pass (detect identical cells).
Finding identical cells in module `\chip_top'.
Computing hashes of 12 cells of `\chip_top'.
Finding duplicate cells in `\chip_top'.
Removed a total of 0 cells.

2.22.6. Executing OPT_SHARE pass.

2.22.7. Executing OPT_DFF pass (perform DFF optimizations).

2.22.8. Executing OPT_CLEAN pass (remove unused cells and wires).
Finding unused cells or wires in module \chip_top..

2.22.9. Executing OPT_EXPR pass (perform const folding).
Optimizing module chip_top.

2.22.10. Finished fast OPT passes. (There is nothing left to do.)

2.23. Executing TECHMAP pass (map to technology primitives).

2.23.1. Executing Verilog-2005 frontend: /foss/tools/yosys/bin/../share/yosys/techmap.v
Parsing Verilog input from `/foss/tools/yosys/bin/../share/yosys/techmap.v' to AST representation.
Generating RTLIL representation for module `\_90_simplemap_bool_ops'.
Generating RTLIL representation for module `\_90_simplemap_reduce_ops'.
Generating RTLIL representation for module `\_90_simplemap_logic_ops'.
Generating RTLIL representation for module `\_90_simplemap_compare_ops'.
Generating RTLIL representation for module `\_90_simplemap_various'.
Generating RTLIL representation for module `\_90_simplemap_registers'.
Generating RTLIL representation for module `\_90_shift_ops_shr_shl_sshl_sshr'.
Generating RTLIL representation for module `\_90_shift_shiftx'.
Generating RTLIL representation for module `\_90_fa'.
Generating RTLIL representation for module `\_90_lcu_brent_kung'.
Generating RTLIL representation for module `\_90_alu'.
Generating RTLIL representation for module `\_90_macc'.
Generating RTLIL representation for module `\_90_alumacc'.
Generating RTLIL representation for module `$__div_mod_u'.
Generating RTLIL representation for module `$__div_mod_trunc'.
Generating RTLIL representation for module `\_90_div'.
Generating RTLIL representation for module `\_90_mod'.
Generating RTLIL representation for module `$__div_mod_floor'.
Generating RTLIL representation for module `\_90_divfloor'.
Generating RTLIL representation for module `\_90_modfloor'.
Generating RTLIL representation for module `\_90_pow'.
Generating RTLIL representation for module `\_90_demux'.
Generating RTLIL representation for module `\_90_lut'.
Generating RTLIL representation for module `$connect'.
Generating RTLIL representation for module `$input_port'.
Successfully finished Verilog frontend.

2.23.2. Continuing TECHMAP pass.
Using extmapper simplemap for cells of type $or.
Using extmapper simplemap for cells of type $and.
Using extmapper simplemap for cells of type $xor.
Using extmapper simplemap for cells of type $sdff.
No more expansions possible.
<suppressed ~89 debug messages>

2.24. Executing OPT pass (performing simple optimizations).

2.24.1. Executing OPT_EXPR pass (perform const folding).
Optimizing module chip_top.

2.24.2. Executing OPT_MERGE pass (detect identical cells).
Finding identical cells in module `\chip_top'.
Computing hashes of 316 cells of `\chip_top'.
Finding duplicate cells in `\chip_top'.
Removed a total of 0 cells.

2.24.3. Executing OPT_DFF pass (perform DFF optimizations).

2.24.4. Executing OPT_CLEAN pass (remove unused cells and wires).
Finding unused cells or wires in module \chip_top..

2.24.5. Finished fast OPT passes.

2.25. Executing ABC pass (technology mapping using ABC).

2.25.1. Extracting gate netlist of module `\chip_top' to `<abc-temp-dir>/input.blif'..

2.25.1.1. Executed ABC.
Extracted 251 gates and 347 wires to a netlist network with 96 inputs and 64 outputs.
Running ABC script: <abc-temp-dir>/abc.script
ABC: UC Berkeley, ABC 1.01 (compiled Aug  6 2026 01:24:18)
ABC: abc 01> empty
ABC: abc 01> source <abc-temp-dir>/abc.script
ABC: + read_blif <abc-temp-dir>/input.blif 
ABC: + read_library <abc-temp-dir>/stdcells.genlib 
ABC: + strash 
ABC: + &get -n 
ABC: + &fraig -x 
ABC: + &put 
ABC: + scorr 
ABC: Warning: The network is combinational (run "fraig" or "fraig_sweep").
ABC: + dc2 
ABC: + dretime 
ABC: + strash 
ABC: + &get -n 
ABC: + &dch -f 
ABC: + &nf 
ABC: + &put 
ABC: + write_blif <abc-temp-dir>/output.blif 
ABC: 
ABC: YOSYS_ABC_DONE 

2.25.1.2. Re-integrating ABC results.
ABC RESULTS:               AND cells:       64
ABC RESULTS:              NAND cells:       93
ABC RESULTS:                OR cells:       31
ABC RESULTS:              XNOR cells:       31
ABC RESULTS:               XOR cells:        1
ABC RESULTS:        internal signals:      187
ABC RESULTS:           input signals:       96
ABC RESULTS:          output signals:       64
Removing temp directory.
Removing global temp directory.

2.26. Executing OPT pass (performing simple optimizations).

2.26.1. Executing OPT_EXPR pass (perform const folding).
Optimizing module chip_top.

2.26.2. Executing OPT_MERGE pass (detect identical cells).
Finding identical cells in module `\chip_top'.
Computing hashes of 285 cells of `\chip_top'.
Finding duplicate cells in `\chip_top'.
Removed a total of 0 cells.

2.26.3. Executing OPT_DFF pass (perform DFF optimizations).

2.26.4. Executing OPT_CLEAN pass (remove unused cells and wires).
Finding unused cells or wires in module \chip_top..
Removed 0 unused cells and 166 unused wires.
<suppressed ~2 debug messages>

2.26.5. Finished fast OPT passes.

2.27. Executing HIERARCHY pass (managing design hierarchy).
Attribute `top' found on module `chip_top'. Setting top module to chip_top.

2.27.1. Analyzing design hierarchy..
Top module:  \chip_top

2.27.2. Analyzing design hierarchy..
Top module:  \chip_top
Removed 0 unused modules.

2.28. Printing statistics.

=== chip_top ===

        +----------Local Count, excluding submodules.
        | 
      167 wires
      322 wire bits
       11 public wires
      166 public wire bits
        5 ports
       36 port bits
      285 cells
       64   $_AND_
       93   $_NAND_
       31   $_OR_
       65   $_SDFF_PP0_
       31   $_XNOR_
        1   $_XOR_

2.29. Executing CHECK pass (checking for obvious problems).
Checking module chip_top...
Found and reported 0 problems.

3. Executing TECHMAP pass (map to technology primitives).

3.1. Executing Verilog-2005 frontend: /foss/tools/yosys/bin/../share/yosys/techmap.v
Parsing Verilog input from `/foss/tools/yosys/bin/../share/yosys/techmap.v' to AST representation.
Generating RTLIL representation for module `\_90_simplemap_bool_ops'.
Generating RTLIL representation for module `\_90_simplemap_reduce_ops'.
Generating RTLIL representation for module `\_90_simplemap_logic_ops'.
Generating RTLIL representation for module `\_90_simplemap_compare_ops'.
Generating RTLIL representation for module `\_90_simplemap_various'.
Generating RTLIL representation for module `\_90_simplemap_registers'.
Generating RTLIL representation for module `\_90_shift_ops_shr_shl_sshl_sshr'.
Generating RTLIL representation for module `\_90_shift_shiftx'.
Generating RTLIL representation for module `\_90_fa'.
Generating RTLIL representation for module `\_90_lcu_brent_kung'.
Generating RTLIL representation for module `\_90_alu'.
Generating RTLIL representation for module `\_90_macc'.
Generating RTLIL representation for module `\_90_alumacc'.
Generating RTLIL representation for module `$__div_mod_u'.
Generating RTLIL representation for module `$__div_mod_trunc'.
Generating RTLIL representation for module `\_90_div'.
Generating RTLIL representation for module `\_90_mod'.
Generating RTLIL representation for module `$__div_mod_floor'.
Generating RTLIL representation for module `\_90_divfloor'.
Generating RTLIL representation for module `\_90_modfloor'.
Generating RTLIL representation for module `\_90_pow'.
Generating RTLIL representation for module `\_90_demux'.
Generating RTLIL representation for module `\_90_lut'.
Generating RTLIL representation for module `$connect'.
Generating RTLIL representation for module `$input_port'.
Successfully finished Verilog frontend.

3.2. Continuing TECHMAP pass.
No more expansions possible.
<suppressed ~77 debug messages>

4. Executing OPT pass (performing simple optimizations).

4.1. Executing OPT_EXPR pass (perform const folding).
Optimizing module chip_top.

4.2. Executing OPT_MERGE pass (detect identical cells).
Finding identical cells in module `\chip_top'.
Computing hashes of 285 cells of `\chip_top'.
Finding duplicate cells in `\chip_top'.
Removed a total of 0 cells.

4.3. Executing OPT_MUXTREE pass (detect dead branches in mux trees).
Running muxtree optimizer on module \chip_top..
  Creating internal representation of mux trees.
  No muxes found in this module.
Removed 0 multiplexer ports.

4.4. Executing OPT_REDUCE pass (consolidate $*mux and $reduce_* inputs).
  Optimizing cells in module \chip_top.
Performed a total of 0 changes.

4.5. Executing OPT_MERGE pass (detect identical cells).
Finding identical cells in module `\chip_top'.
Computing hashes of 285 cells of `\chip_top'.
Finding duplicate cells in `\chip_top'.
Removed a total of 0 cells.

4.6. Executing OPT_DFF pass (perform DFF optimizations).

4.7. Executing OPT_CLEAN pass (remove unused cells and wires).
Finding unused cells or wires in module \chip_top..

4.8. Executing OPT_EXPR pass (perform const folding).
Optimizing module chip_top.

4.9. Finished fast OPT passes. (There is nothing left to do.)

5. Executing DFFUNMAP pass (unmap clock enable and synchronous reset from FFs).

6. Executing ABC pass (technology mapping using ABC).

6.1. Extracting gate netlist of module `\chip_top' to `<abc-temp-dir>/input.blif'..

6.1.1. Executed ABC.
Extracted 285 gates and 384 wires to a netlist network with 98 inputs and 65 outputs.
Running ABC script: <abc-temp-dir>/abc.script
ABC: UC Berkeley, ABC 1.01 (compiled Aug  6 2026 01:24:18)
ABC: abc 01> empty
ABC: abc 01> source <abc-temp-dir>/abc.script
ABC: + read_blif <abc-temp-dir>/input.blif 
ABC: + read_library <abc-temp-dir>/stdcells.genlib 
ABC: + strash 
ABC: + &get -n 
ABC: + &fraig -x 
ABC: + &put 
ABC: + scorr 
ABC: Warning: The network is combinational (run "fraig" or "fraig_sweep").
ABC: + dc2 
ABC: + dretime 
ABC: + strash 
ABC: + &get -n 
ABC: + &dch -f 
ABC: + &nf 
ABC: + &put 
ABC: + write_blif <abc-temp-dir>/output.blif 
ABC: 
ABC: YOSYS_ABC_DONE 

6.1.2. Re-integrating ABC results.
ABC RESULTS:              NAND cells:      221
ABC RESULTS:               NOR cells:      128
ABC RESULTS:               NOT cells:       35
ABC RESULTS:        internal signals:      221
ABC RESULTS:           input signals:       98
ABC RESULTS:          output signals:       65
Removing temp directory.
Removing global temp directory.

7. Executing Verilog backend.
Dumping module `\chip_top'.

8. Printing statistics.

=== chip_top ===

        +----------Local Count, excluding submodules.
        | 
      714 wires
      869 wire bits
       11 public wires
      166 public wire bits
        5 ports
       36 port bits
      449 cells
       65   $_DFF_P_
      221   $_NAND_
      128   $_NOR_
       35   $_NOT_

End of script. Logfile hash: f3a54d1c2c, time: 0.10s, user: 0.03s, system: 0.01s, MEM: 25.25 MB peak
Yosys 0.68+ (git sha1 41a01aece, Release, GNU /usr/bin/c++ 13.3.0) [github.com/vibeic/yosys at HEAD]
Time spent: 66% 2x abc (0 sec), 11% 4x read_verilog (0 sec), ...

