Startpoint: rst_n (input port clocked by clk)
Endpoint: _2603245_ (recovery check against rising-edge clock clk)
Path Group: asynchronous
Path Type: max

  Delay    Time   Description
---------------------------------------------------------
   0.00    0.00   clock clk (rise edge)
   0.00    0.00   clock network delay (propagated)
   2.00    2.00 ^ input external delay
   0.00    2.00 ^ rst_n (in)
   0.02    2.02 ^ hold10549/Z (CLKBUF_X1)
   0.03    2.05 ^ hold10541/Z (CLKBUF_X1)
   0.03    2.07 ^ hold10550/Z (CLKBUF_X1)
   0.03    2.10 ^ hold10537/Z (CLKBUF_X1)
   0.03    2.13 ^ hold10551/Z (CLKBUF_X1)
   0.03    2.15 ^ hold10542/Z (CLKBUF_X1)
   0.03    2.18 ^ hold10552/Z (CLKBUF_X1)
   0.03    2.20 ^ hold9057/Z (CLKBUF_X1)
   0.03    2.23 ^ hold10553/Z (CLKBUF_X1)
   0.03    2.26 ^ hold10543/Z (CLKBUF_X1)
   0.03    2.28 ^ hold10554/Z (CLKBUF_X1)
   0.03    2.31 ^ hold10538/Z (CLKBUF_X1)
   0.03    2.34 ^ hold10555/Z (CLKBUF_X1)
   0.03    2.36 ^ hold10544/Z (CLKBUF_X1)
   0.03    2.39 ^ hold10556/Z (CLKBUF_X1)
   0.03    2.42 ^ input79/Z (CLKBUF_X3)
   0.03    2.45 ^ hold10557/Z (CLKBUF_X1)
   0.03    2.48 ^ hold10545/Z (CLKBUF_X1)
   0.03    2.51 ^ hold10558/Z (CLKBUF_X1)
   0.03    2.54 ^ hold10539/Z (CLKBUF_X1)
   0.03    2.57 ^ hold10559/Z (CLKBUF_X1)
   0.04    2.61 ^ hold10546/Z (CLKBUF_X1)
   0.05    2.66 ^ hold10560/Z (CLKBUF_X1)
   0.09    2.75 ^ max_cap7701/Z (BUF_X4)
   0.12    2.87 ^ max_cap7699/Z (BUF_X4)
   0.13    3.00 ^ max_cap7270/Z (BUF_X4)
   0.14    3.14 ^ wire7268/Z (BUF_X4)
   0.14    3.28 ^ max_cap7267/Z (BUF_X4)
   0.10    3.38 ^ max_cap7266/Z (BUF_X4)
   0.09    3.47 ^ max_cap7265/Z (BUF_X4)
   0.12    3.59 ^ max_cap7264/Z (BUF_X4)
   0.15    3.74 ^ max_cap7030/Z (BUF_X4)
   0.17    3.91 ^ wire7029/Z (BUF_X4)
   0.13    4.04 ^ max_cap7027/Z (BUF_X4)
   0.15    4.19 ^ max_cap7026/Z (BUF_X4)
   0.13    4.32 ^ wire6966/Z (BUF_X4)
   0.14    4.46 ^ max_cap6965/Z (BUF_X4)
   0.14    4.60 ^ load_slew6962/Z (BUF_X4)
   0.16    4.76 ^ load_slew6961/Z (BUF_X4)
   0.15    4.91 ^ max_cap6960/Z (BUF_X4)
   0.13    5.04 ^ max_cap6959/Z (BUF_X4)
   0.14    5.18 ^ max_cap6957/Z (BUF_X4)
   0.17    5.34 ^ max_cap6956/Z (BUF_X4)
   0.15    5.50 ^ max_cap6953/Z (BUF_X4)
   0.15    5.65 ^ max_cap6952/Z (BUF_X4)
   0.12    5.77 ^ load_slew6949/Z (BUF_X4)
   0.11    5.88 ^ wire6948/Z (BUF_X4)
   0.16    6.04 ^ max_cap6944/Z (BUF_X4)
   0.14    6.18 ^ max_cap6943/Z (BUF_X4)
   0.14    6.33 ^ max_cap6940/Z (BUF_X4)
   0.17    6.50 ^ max_cap6939/Z (BUF_X4)
   0.13    6.62 ^ max_cap6938/Z (BUF_X4)
   0.15    6.77 ^ max_cap6937/Z (BUF_X4)
   0.15    6.93 ^ max_cap6935/Z (BUF_X4)
   0.12    7.04 ^ max_cap6934/Z (BUF_X4)
   0.13    7.17 ^ max_cap6933/Z (BUF_X4)
   0.12    7.29 ^ max_cap6927/Z (BUF_X4)
   0.12    7.41 ^ max_cap6926/Z (BUF_X4)
   0.11    7.53 ^ max_cap6925/Z (BUF_X4)
   0.14    7.66 ^ wire6924/Z (BUF_X4)
   0.10    7.76 ^ max_cap6923/Z (BUF_X4)
   0.11    7.87 ^ max_cap6922/Z (BUF_X4)
   0.11    7.98 ^ max_cap6916/Z (BUF_X4)
   0.16    8.13 ^ max_cap6915/Z (BUF_X4)
   0.07    8.20 ^ _2603245_/RN (DFFR_X1)
           8.20   data arrival time

  10.00   10.00   clock clk (rise edge)
   2.43   12.43   clock network delay (propagated)
   0.00   12.43   clock reconvergence pessimism
          12.43 ^ _2603245_/CK (DFFR_X1)
   0.04   12.47   library recovery time
          12.47   data required time
---------------------------------------------------------
          12.47   data required time
          -8.20   data arrival time
---------------------------------------------------------
           4.27   slack (MET)


Startpoint: _2552640_ (rising edge-triggered flip-flop clocked by clk)
Endpoint: host_rdata[34] (output port clocked by clk)
Path Group: clk
Path Type: max

  Delay    Time   Description
---------------------------------------------------------
   0.00    0.00   clock clk (rise edge)
   2.43    2.43   clock network delay (propagated)
   0.00    2.43 ^ _2552640_/CK (DFF_X1)
   0.12    2.55 ^ _2552640_/Q (DFF_X1)
   0.01    2.56 ^ host_rdata[34] (out)
           2.56   data arrival time

  10.00   10.00   clock clk (rise edge)
   0.00   10.00   clock network delay (propagated)
   0.00   10.00   clock reconvergence pessimism
  -2.00    8.00   output external delay
           8.00   data required time
---------------------------------------------------------
           8.00   data required time
          -2.56   data arrival time
---------------------------------------------------------
           5.44   slack (MET)


