
 /----------------------------------------------------------------------------\
 |  yosys -- Yosys Open SYnthesis Suite                                       |
 |  Copyright (C) 2012 - 2026  Claire Xenia Wolf <claire@yosyshq.com>         |
 |  Distributed under an ISC-like license, type "license" to see terms        |
 \----------------------------------------------------------------------------/
 Yosys 0.68+ (git sha1 41a01aece, Release, GNU /usr/bin/c++ 13.3.0) [github.com/vibeic/yosys at HEAD]

-- Executing script file `/home/reyerchu/spm3_run/gf180mcuD/reports/lec_equiv.ys' --

1. Executing SLANG frontend.
Top level design units:
    chip_top


Build succeeded: 0 errors, 0 warnings

1.1. Executing PROC_CLEAN pass (remove empty switches from decision trees).
Found and cleaned up 1 empty switch in `\chip_top.$11'.
Cleaned up 1 empty switch.
<suppressed ~12 debug messages>

1.2. Executing TRIBUF pass.

1.3. Executing PROC_RMDEAD pass (remove dead branches from decision trees).
Marked 1 switch rules as full_case in process $11 in module chip_top.
Removed a total of 0 dead cases.

1.4. Executing PROC_PRUNE pass (remove redundant assignments in processes).
Removed 4 redundant assignments.
Promoted 0 assignments to connections.

1.5. Executing PROC_INIT pass (extract init attributes).

1.6. Executing PROC_ROM pass (convert switches to ROMs).
Converted 0 switches.
<suppressed ~1 debug messages>

1.7. Executing PROC_MUX pass (convert decision trees to multiplexers).
Creating decoders for process `\chip_top.$11'.
     1/4: $pr$15
     2/4: $yr$14
     3/4: $c$13
     4/4: $s$12

1.8. Executing PROC_CLEAN pass (remove empty switches from decision trees).
Found and cleaned up 1 empty switch in `\chip_top.$11'.
Removing empty process `chip_top.$11'.
Cleaned up 1 empty switch.

1.9. Executing OPT_EXPR pass (perform const folding).
Optimizing module chip_top.
Renaming module \chip_top to \chip_top__rtl.

2. Executing Verilog-2005 frontend: /home/reyerchu/spm3_run/gf180mcuD/reports/lec_scan_gold_wrapper.v
Parsing SystemVerilog input from `/home/reyerchu/spm3_run/gf180mcuD/reports/lec_scan_gold_wrapper.v' to AST representation.
Generating RTLIL representation for module `\chip_top'.
Successfully finished Verilog frontend.

3. Executing PREP pass.

3.1. Executing HIERARCHY pass (managing design hierarchy).

3.1.1. Analyzing design hierarchy..
Top module:  \chip_top
Used module:     \chip_top__rtl

3.1.2. Analyzing design hierarchy..
Top module:  \chip_top
Used module:     \chip_top__rtl
Removed 0 unused modules.

3.2. Executing PROC pass (convert processes to netlists).

3.2.1. Executing PROC_CLEAN pass (remove empty switches from decision trees).
Cleaned up 0 empty switches.

3.2.2. Executing PROC_RMDEAD pass (remove dead branches from decision trees).
Removed a total of 0 dead cases.

3.2.3. Executing PROC_PRUNE pass (remove redundant assignments in processes).
Removed 0 redundant assignments.
Promoted 0 assignments to connections.

3.2.4. Executing PROC_INIT pass (extract init attributes).

3.2.5. Executing PROC_ARST pass (detect async resets in processes).

3.2.6. Executing PROC_ROM pass (convert switches to ROMs).
Converted 0 switches.

3.2.7. Executing PROC_MUX pass (convert decision trees to multiplexers).

3.2.8. Executing PROC_DLATCH pass (convert process syncs to latches).

3.2.9. Executing PROC_DFF pass (convert process syncs to FFs).

3.2.10. Executing PROC_MEMWR pass (convert process memory writes to cells).

3.2.11. Executing PROC_CLEAN pass (remove empty switches from decision trees).
Cleaned up 0 empty switches.

3.2.12. Executing OPT_EXPR pass (perform const folding).
Optimizing module chip_top.
Optimizing module chip_top__rtl.

3.3. Executing FUTURE pass.

3.4. Executing OPT_EXPR pass (perform const folding).
Optimizing module chip_top.
Optimizing module chip_top__rtl.

3.5. Executing OPT_CLEAN pass (remove unused cells and wires).
Finding unused cells or wires in module \chip_top..
Finding unused cells or wires in module \chip_top__rtl..
Removed 0 unused cells and 11 unused wires.
<suppressed ~5 debug messages>

3.6. Executing CHECK pass (checking for obvious problems).
Checking module chip_top...
Checking module chip_top__rtl...
Found and reported 0 problems.

3.7. Executing OPT pass (performing simple optimizations).

3.7.1. Executing OPT_EXPR pass (perform const folding).
Optimizing module chip_top.
Optimizing module chip_top__rtl.

3.7.2. Executing OPT_MERGE pass (detect identical cells).
Finding identical cells in module `\chip_top'.
Computing hashes of 1 cells of `\chip_top'.
Finding duplicate cells in `\chip_top'.
Finding identical cells in module `\chip_top__rtl'.
Computing hashes of 16 cells of `\chip_top__rtl'.
Finding duplicate cells in `\chip_top__rtl'.
Removed a total of 0 cells.

3.7.3. Executing OPT_MUXTREE pass (detect dead branches in mux trees).
Running muxtree optimizer on module \chip_top..
  Creating internal representation of mux trees.
  No muxes found in this module.
Running muxtree optimizer on module \chip_top__rtl..
  Creating internal representation of mux trees.
  Evaluating internal representation of mux trees.
  Analyzing evaluation results.
Removed 0 multiplexer ports.
<suppressed ~8 debug messages>

3.7.4. Executing OPT_REDUCE pass (consolidate $*mux and $reduce_* inputs).
  Optimizing cells in module \chip_top.
  Optimizing cells in module \chip_top__rtl.
Performed a total of 0 changes.

3.7.5. Executing OPT_MERGE pass (detect identical cells).
Finding identical cells in module `\chip_top'.
Computing hashes of 1 cells of `\chip_top'.
Finding duplicate cells in `\chip_top'.
Finding identical cells in module `\chip_top__rtl'.
Computing hashes of 16 cells of `\chip_top__rtl'.
Finding duplicate cells in `\chip_top__rtl'.
Removed a total of 0 cells.

3.7.6. Executing OPT_CLEAN pass (remove unused cells and wires).
Finding unused cells or wires in module \chip_top..
Finding unused cells or wires in module \chip_top__rtl..

3.7.7. Executing OPT_EXPR pass (perform const folding).
Optimizing module chip_top.
Optimizing module chip_top__rtl.

3.7.8. Finished fast OPT passes. (There is nothing left to do.)

3.8. Executing WREDUCE pass (reducing word size of cells).
Removed top 1 bits (of 32) from mux cell chip_top__rtl.$procmux$11 ($mux).
Removed top 1 bits (of 32) from wire chip_top__rtl.$procmux$11_Y.

3.9. Executing OPT_CLEAN pass (remove unused cells and wires).
Finding unused cells or wires in module \chip_top..
Finding unused cells or wires in module \chip_top__rtl..
Removed 0 unused cells and 1 unused wires.
<suppressed ~1 debug messages>

3.10. Executing MEMORY_COLLECT pass (generating $mem cells).

3.11. Executing OPT pass (performing simple optimizations).

3.11.1. Executing OPT_EXPR pass (perform const folding).
Optimizing module chip_top.
Optimizing module chip_top__rtl.

3.11.2. Executing OPT_MERGE pass (detect identical cells).
Finding identical cells in module `\chip_top'.
Computing hashes of 1 cells of `\chip_top'.
Finding duplicate cells in `\chip_top'.
Finding identical cells in module `\chip_top__rtl'.
Computing hashes of 16 cells of `\chip_top__rtl'.
Finding duplicate cells in `\chip_top__rtl'.
Removed a total of 0 cells.

3.11.3. Executing OPT_CLEAN pass (remove unused cells and wires).
Finding unused cells or wires in module \chip_top..
Finding unused cells or wires in module \chip_top__rtl..

3.11.4. Finished fast OPT passes.

3.12. Executing SORT pass.

3.13. Printing statistics.

=== chip_top ===

        +----------Local Count, excluding submodules.
        | 
        5 wires
       36 wire bits
        5 public wires
       36 public wire bits
        5 ports
       36 port bits
        0 cells
        1 submodules
        1   chip_top__rtl

=== chip_top__rtl ===

        +----------Local Count, excluding submodules.
        | 
       21 wires
      424 wire bits
       12 public wires
      198 public wire bits
        5 ports
       36 port bits
       16 cells
        4   $and
        4   $dff
        4   $mux
        2   $or
        2   $xor

=== design hierarchy ===

        +----------Count including submodules.
        | 
       16 chip_top
       16 chip_top__rtl

        +----------Count including submodules.
        | 
       26 wires
      460 wire bits
       17 public wires
      234 public wire bits
       10 ports
       72 port bits
        - memories
        - memory bits
        - processes
       16 cells
        4   $and
        4   $dff
        4   $mux
        2   $or
        2   $xor
        1 submodules
        1   chip_top__rtl

3.14. Executing CHECK pass (checking for obvious problems).
Checking module chip_top...
Checking module chip_top__rtl...
Found and reported 0 problems.

4. Executing MEMORY_MAP pass (converting memories to logic and flip-flops).

5. Executing FLATTEN pass (flatten design).
Deleting now unused module chip_top__rtl.
<suppressed ~1 debug messages>

6. Executing ASYNC2SYNC pass.

7. Executing OPT_CLEAN pass (remove unused cells and wires).
Finding unused cells or wires in module \chip_top..

8. Executing SPLITNETS pass (splitting up multi-bit signals).

9. Executing Liberty frontend: /foss/pdks/sky130A/libs.ref/sky130_fd_sc_hd/lib/sky130_fd_sc_hd__tt_025C_1v80.lib
Imported 428 cell types from liberty file.
<suppressed ~12 debug messages>

10. Executing Verilog-2005 frontend: /home/reyerchu/spm3_run/gf180mcuD/phase2/stage2/synth/post_dft_netlist.v
Parsing Verilog input from `/home/reyerchu/spm3_run/gf180mcuD/phase2/stage2/synth/post_dft_netlist.v' to AST representation.
Generating RTLIL representation for module `\chip_top'.
Successfully finished Verilog frontend.
Renaming module \chip_top to \chip_top__scan.

11. Executing Verilog-2005 frontend: /home/reyerchu/spm3_run/gf180mcuD/reports/lec_scan_gate_wrapper.v
Parsing SystemVerilog input from `/home/reyerchu/spm3_run/gf180mcuD/reports/lec_scan_gate_wrapper.v' to AST representation.
Generating RTLIL representation for module `\chip_top'.
Successfully finished Verilog frontend.

12. Executing HIERARCHY pass (managing design hierarchy).

12.1. Analyzing design hierarchy..
Top module:  \chip_top
Used module:     \chip_top__scan
ERROR: Module `\gf180mcu_fd_sc_mcu7t5v0__dffq_1' referenced in module `\chip_top__scan' in cell `\__uuf__._458_' is not part of the design.