Startpoint: _395_ (rising edge-triggered flip-flop clocked by clk)
Endpoint: _402_ (rising edge-triggered flip-flop clocked by clk)
Path Group: clk
Path Type: max
Corner: ss

  Delay    Time   Description
---------------------------------------------------------
   0.00    0.00   clock clk (rise edge)
   1.09    1.09   clock network delay (propagated)
   0.00    1.09 ^ _395_/CLK (gf180mcu_fd_sc_mcu7t5v0__dffq_1)
   1.55    2.64 ^ _395_/Q (gf180mcu_fd_sc_mcu7t5v0__dffq_1)
   3.18    5.82 ^ place2/Z (gf180mcu_fd_sc_mcu7t5v0__buf_2)
   1.84    7.65 v _288_/ZN (gf180mcu_fd_sc_mcu7t5v0__nand2_1)
   1.52    9.17 v _291_/Z (gf180mcu_fd_sc_mcu7t5v0__xor3_1)
   0.46    9.63 ^ _292_/ZN (gf180mcu_fd_sc_mcu7t5v0__nor2_1)
   0.00    9.63 ^ _402_/D (gf180mcu_fd_sc_mcu7t5v0__dffq_1)
           9.63   data arrival time

  24.00   24.00   clock clk (rise edge)
   1.15   25.15   clock network delay (propagated)
   0.00   25.15   clock reconvergence pessimism
          25.15 ^ _402_/CLK (gf180mcu_fd_sc_mcu7t5v0__dffq_1)
  -0.48   24.68   library setup time
          24.68   data required time
---------------------------------------------------------
          24.68   data required time
          -9.63   data arrival time
---------------------------------------------------------
          15.04   slack (MET)


