OpenROAD 26Q1-990-g15af3a5c0 
Features included (+) or not (-): +GPU +GUI +Python
This program is licensed under the BSD-3 license. See the LICENSE file for details.
Components of this program may be licensed under more restrictive licenses which must be honored.
[INFO ODB-0227] LEF file: /foss/pdks/sky130A/libs.ref/sky130_fd_sc_hd/techlef/sky130_fd_sc_hd__nom.tlef, created 14 layers, 25 vias
[WARNING ODB-0220] WARNING (LEFPARS-2008): NOWIREEXTENSIONATPIN statement is obsolete in version 5.6 or later.
The NOWIREEXTENSIONATPIN statement will be ignored. See file /foss/pdks/sky130A/libs.ref/sky130_fd_sc_hd/lef/sky130_fd_sc_hd.lef at line 2.

[INFO ODB-0227] LEF file: /foss/pdks/sky130A/libs.ref/sky130_fd_sc_hd/lef/sky130_fd_sc_hd.lef, created 437 library cells
[INFO ODB-0127] Reading DEF file: /foss/designs/_bench7_caravel_v1034_cleanroom/caravel_r11/phase3/stage3/pnr/user_project_wrapper.def
[INFO ODB-0128] Design: user_project_wrapper
[INFO ODB-0130]     Created 637 pins.
[INFO ODB-0131]     Created 648 components and 3971 component-terminals.
[INFO ODB-0132]     Created 2 special nets and 1316 connections.
[INFO ODB-0133]     Created 749 nets and 1222 connections.
[INFO ODB-0134] Finished DEF file: /foss/designs/_bench7_caravel_v1034_cleanroom/caravel_r11/phase3/stage3/pnr/user_project_wrapper.def
=== DESIGN AREA (pre-fill) ===
Design area 3470 um^2 0% utilization.
SPARSE_DIE_FILL_SKIPPED: core_util=0.03443213182204461% < 5.0% — full-die decap/fill tiling bounded to avoid filling an empty fixed wrapper (would explode GDS/extraction). Density-fill for the occupied region is covered by the downstream metal-fill gate; empty silicon carries no signals needing decoupling.
=== DESIGN AREA (post-fill) ===
Design area 3470 um^2 0% utilization.
ROW_UTILIZATION_PCT 0.03443213182204461
