OpenROAD 26Q1-990-g15af3a5c0 
Features included (+) or not (-): +GPU +GUI +Python
This program is licensed under the BSD-3 license. See the LICENSE file for details.
Components of this program may be licensed under more restrictive licenses which must be honored.
[INFO ODB-0227] LEF file: /foss/pdks/sky130A/libs.ref/sky130_fd_sc_hd/techlef/sky130_fd_sc_hd__nom.tlef, created 14 layers, 25 vias
[WARNING ODB-0220] WARNING (LEFPARS-2008): NOWIREEXTENSIONATPIN statement is obsolete in version 5.6 or later.
The NOWIREEXTENSIONATPIN statement will be ignored. See file /foss/pdks/sky130A/libs.ref/sky130_fd_sc_hd/lef/sky130_fd_sc_hd.lef at line 2.

[INFO ODB-0227] LEF file: /foss/pdks/sky130A/libs.ref/sky130_fd_sc_hd/lef/sky130_fd_sc_hd.lef, created 437 library cells
[WARNING STA-0441] set_input_delay relative to a clock defined on the same port/pin not allowed.
Don't Use Cells:
  sky130_fd_sc_hd__a21boi_0
  sky130_fd_sc_hd__a2111oi_0
  sky130_fd_sc_hd__and2_0
  sky130_fd_sc_hd__buf_16
  sky130_fd_sc_hd__clkdlybuf4s15_1
  sky130_fd_sc_hd__clkdlybuf4s18_1
  sky130_fd_sc_hd__fa_4
  sky130_fd_sc_hd__lpflow_bleeder_1
  sky130_fd_sc_hd__lpflow_clkbufkapwr_1
  sky130_fd_sc_hd__lpflow_clkbufkapwr_2
  sky130_fd_sc_hd__lpflow_clkbufkapwr_4
  sky130_fd_sc_hd__lpflow_clkbufkapwr_8
  sky130_fd_sc_hd__lpflow_clkbufkapwr_16
  sky130_fd_sc_hd__lpflow_clkinvkapwr_1
  sky130_fd_sc_hd__lpflow_clkinvkapwr_2
  sky130_fd_sc_hd__lpflow_clkinvkapwr_4
  sky130_fd_sc_hd__lpflow_clkinvkapwr_8
  sky130_fd_sc_hd__lpflow_clkinvkapwr_16
  sky130_fd_sc_hd__lpflow_decapkapwr_3
  sky130_fd_sc_hd__lpflow_decapkapwr_4
  sky130_fd_sc_hd__lpflow_decapkapwr_6
  sky130_fd_sc_hd__lpflow_decapkapwr_8
  sky130_fd_sc_hd__lpflow_decapkapwr_12
  sky130_fd_sc_hd__lpflow_inputiso0n_1
  sky130_fd_sc_hd__lpflow_inputiso0p_1
  sky130_fd_sc_hd__lpflow_inputiso1n_1
  sky130_fd_sc_hd__lpflow_inputiso1p_1
  sky130_fd_sc_hd__lpflow_inputisolatch_1
  sky130_fd_sc_hd__lpflow_isobufsrc_1
  sky130_fd_sc_hd__lpflow_isobufsrc_2
  sky130_fd_sc_hd__lpflow_isobufsrc_4
  sky130_fd_sc_hd__lpflow_isobufsrc_8
  sky130_fd_sc_hd__lpflow_isobufsrc_16
  sky130_fd_sc_hd__lpflow_isobufsrckapwr_16
  sky130_fd_sc_hd__lpflow_lsbuf_lh_hl_isowell_tap_1
  sky130_fd_sc_hd__lpflow_lsbuf_lh_hl_isowell_tap_2
  sky130_fd_sc_hd__lpflow_lsbuf_lh_hl_isowell_tap_4
  sky130_fd_sc_hd__lpflow_lsbuf_lh_isowell_4
  sky130_fd_sc_hd__lpflow_lsbuf_lh_isowell_tap_1
  sky130_fd_sc_hd__lpflow_lsbuf_lh_isowell_tap_2
  sky130_fd_sc_hd__lpflow_lsbuf_lh_isowell_tap_4
  sky130_fd_sc_hd__mux4_4
  sky130_fd_sc_hd__o21ai_0
  sky130_fd_sc_hd__o311ai_0
  sky130_fd_sc_hd__or2_0
  sky130_fd_sc_hd__probe_p_8
  sky130_fd_sc_hd__probec_p_8
  sky130_fd_sc_hd__xnor3_1
  sky130_fd_sc_hd__xnor3_2
  sky130_fd_sc_hd__xnor3_4
  sky130_fd_sc_hd__xor3_1
  sky130_fd_sc_hd__xor3_2
  sky130_fd_sc_hd__xor3_4
DONT_USE_APPLIED: 53 cells from /foss/pdks/sky130A/libs.tech/openlane/sky130_fd_sc_hd/drc_exclude.cells
[WARNING IFP-0028] Core area lower left (10.000, 10.000) snapped to (10.120, 10.880).
[INFO IFP-0001] Added 1282 rows of 6282 site unithd.
[INFO IFP-0100] Die BBox:  (  0.000  0.000 ) ( 2920.000 3520.000 ) um
[INFO IFP-0101] Core BBox: ( 10.120 10.880 ) ( 2899.840 3497.920 ) um
[INFO IFP-0102] Core area:                     10076569.229 um^2
[INFO IFP-0103] Total instances area:              2218.378 um^2
[INFO IFP-0104] Effective utilization:                0.000
[INFO IFP-0105] Number of instances:                    329
Found 0 macro blocks.
Using 2 tracks default min distance between IO pins.
[INFO PPL-0001] Number of available slots 11512
[INFO PPL-0002] Number of I/O             637
[INFO PPL-0003] Number of I/O w/sink      255
[INFO PPL-0004] Number of I/O w/o sink    382
[INFO PPL-0005] Slots per section         200
[INFO PPL-0008] Successfully assigned pins to sections.
[INFO PPL-0012] I/O nets HPWL: 386987.97 um.
SPARSE_DIE_TAPCELL_SKIPPED: core_util=0.022015207255854704% < 5.0% — full-die tapcell tiling bounded on an empty fixed wrapper (latch-up ties only required where active wells exist).
[INFO PDN-0001] Inserting grid: grid
PDN_INSERTED: met1 follow-pins + met4/met5 stripes
[INFO GPL-0001] ---- Initialize GPL Main Data Structures
[INFO GPL-0002] DBU: 1000
[INFO GPL-0003] SiteSize: (  0.460  2.720 ) um
[INFO GPL-0004] CoreBBox: ( 10.120 10.880 ) ( 2899.840 3497.920 ) um
[INFO GPL-0036] Movable instances area:       2218.378 um^2
[INFO GPL-0037] Total instances area:         2218.378 um^2
[INFO GPL-0035] Pin density area adjust:       253.960 um^2
[INFO GPL-0032] ---- Initialize Region: Top-level
[INFO GPL-0006] Number of instances:               329
[INFO GPL-0007] Movable instances:                 329
[INFO GPL-0008] Fixed instances:                     0
[INFO GPL-0009] Dummy instances:                     0
[INFO GPL-0010] Number of nets:                    728
[INFO GPL-0011] Number of pins:                   1484
[INFO GPL-0012] Die BBox:  (  0.000  0.000 ) ( 2920.000 3520.000 ) um
[INFO GPL-0013] Core BBox: ( 10.120 10.880 ) ( 2899.840 3497.920 ) um
[INFO GPL-0016] Core area:                  10076569.229 um^2
[INFO GPL-0014] Region name: top-level.
[INFO GPL-0015] Region area:                10076569.229 um^2
[INFO GPL-0017] Fixed instances area:            0.000 um^2
[INFO GPL-0018] Movable instances area:       2472.338 um^2
[INFO GPL-0019] Utilization:                     0.025 %
[INFO GPL-0020] Standard cells area:          2472.338 um^2
[INFO GPL-0021] Large instances area:            0.000 um^2
[INFO GPL-0005] ---- Execute Conjugate Gradient Initial Placement.
[INFO GPL-0051] Source of initial instance position counters:
	Odb location = 0	Core center = 329	Region center = 0
[InitialPlace]  Iter: 1 conjugate gradient residual: 0.00009398 HPWL: 890833230
[InitialPlace]  Iter: 2 conjugate gradient residual: 0.00000005 HPWL: 139852622
[InitialPlace]  Iter: 3 conjugate gradient residual: 0.00000012 HPWL: 133477376
[InitialPlace]  Iter: 4 conjugate gradient residual: 0.00000008 HPWL: 128225914
[InitialPlace]  Iter: 5 conjugate gradient residual: 0.00000010 HPWL: 124242203
[INFO GPL-0033] ---- Initialize Nesterov Region: Top-level
[INFO GPL-0023] Placement target density:       0.4000
[INFO GPL-0024] Movable insts average area:      7.515 um^2
[INFO GPL-0025] Ideal bin area:                 18.787 um^2
[INFO GPL-0026] Ideal bin count:                536365
[INFO GPL-0027] Total bin area:             10076569.229 um^2
[INFO GPL-0028] Bin count (X, Y):         512 ,    512
[INFO GPL-0029] Bin size (W * H):       5.644 *  6.811 um
[INFO GPL-0030] Number of bins:                 262144
[INFO GPL-0007] ---- Execute Nesterov Global Placement.
[INFO GPL-0031] HPWL: Half-Perimeter Wirelength
Iteration | Overflow |     HPWL (um) |  HPWL(%) |   Penalty | Group
---------------------------------------------------------------
        0 |   0.5433 |  1.208719e+05 |   +0.00% |  5.25e-15 |      
       10 |   0.4411 |  1.197900e+05 |   -0.90% |  8.55e-15 |      
       20 |   0.4399 |  1.188713e+05 |   -0.77% |  1.39e-14 |      
       30 |   0.4451 |  1.179785e+05 |   -0.75% |  2.27e-14 |      
       40 |   0.4752 |  1.172776e+05 |   -0.59% |  3.69e-14 |      
       50 |   0.4788 |  1.171563e+05 |   -0.10% |  6.02e-14 |      
       60 |   0.4743 |  1.170078e+05 |   -0.13% |  9.80e-14 |      
       70 |   0.4729 |  1.168176e+05 |   -0.16% |  1.60e-13 |      
       80 |   0.4733 |  1.166466e+05 |   -0.15% |  2.60e-13 |      
       90 |   0.5083 |  1.163650e+05 |   -0.24% |  4.24e-13 |      
      100 |   0.5119 |  1.164753e+05 |   +0.09% |  6.90e-13 |      
      110 |   0.4936 |  1.161490e+05 |   -0.28% |  1.12e-12 |      
      120 |   0.4929 |  1.160315e+05 |   -0.10% |  1.83e-12 |      
      130 |   0.5355 |  1.159707e+05 |   -0.05% |  2.98e-12 |      
      140 |   0.5108 |  1.160780e+05 |   +0.09% |  4.86e-12 |      
      150 |   0.5039 |  1.161302e+05 |   +0.04% |  7.91e-12 |      
      160 |   0.5158 |  1.160269e+05 |   -0.09% |  1.29e-11 |      
      170 |   0.5124 |  1.160279e+05 |   +0.00% |  2.10e-11 |      
      180 |   0.5015 |  1.161561e+05 |   +0.11% |  3.42e-11 |      
      190 |   0.5079 |  1.162586e+05 |   +0.09% |  5.57e-11 |      
      200 |   0.5064 |  1.164044e+05 |   +0.13% |  9.07e-11 |      
      210 |   0.5070 |  1.166001e+05 |   +0.17% |  1.48e-10 |      
      220 |   0.5031 |  1.165003e+05 |   -0.09% |  2.41e-10 |      
      230 |   0.5036 |  1.161921e+05 |   -0.26% |  3.92e-10 |      
      240 |   0.4950 |  1.165104e+05 |   +0.27% |  6.39e-10 |      
      250 |   0.4911 |  1.163851e+05 |   -0.11% |  1.04e-09 |      
      260 |   0.4765 |  1.163753e+05 |   -0.01% |  1.69e-09 |      
      270 |   0.4632 |  1.161789e+05 |   -0.17% |  2.76e-09 |      
      280 |   0.4385 |  1.161719e+05 |   -0.01% |  4.50e-09 |      
      290 |   0.4022 |  1.161078e+05 |   -0.06% |  7.32e-09 |      
      300 |   0.3597 |  1.160308e+05 |   -0.07% |  1.19e-08 |      
      310 |   0.3165 |  1.161120e+05 |   +0.07% |  1.87e-08 |      
      320 |   0.2996 |  1.163298e+05 |   +0.19% |  2.75e-08 |      
      330 |   0.2651 |  1.166839e+05 |   +0.30% |  4.05e-08 |      
      340 |   0.2327 |  1.170055e+05 |   +0.28% |  5.97e-08 |      
      350 |   0.1868 |  1.175035e+05 |   +0.43% |  8.79e-08 |      
      360 |   0.1649 |  1.174052e+05 |   -0.08% |  1.29e-07 |      
      370 |   0.1398 |  1.170789e+05 |   -0.28% |  1.91e-07 |      
      380 |   0.1223 |  1.168324e+05 |   -0.21% |  2.81e-07 |      
      389 |   0.0996 |  1.166077e+05 |          |  4.14e-07 |      
---------------------------------------------------------------
[INFO GPL-1001] Global placement finished at iteration 389
[INFO GPL-1002] Placed Cell Area             2472.3375
[INFO GPL-1003] Available Free Area         10076569.2288
[INFO GPL-1004] Minimum Feasible Density        0.0100 (cell_area / free_area)
[INFO GPL-1006]   Suggested Target Densities:
[INFO GPL-1007]     - For 90% usage of free space: 0.0003
[INFO GPL-1008]     - For 80% usage of free space: 0.0003
[INFO GPL-1009]     - For 50% usage of free space: 0.0005
[INFO GPL-1014] Final placement area: 2472.34 (+0.00%)
Placement Analysis
---------------------------------
total displacement        428.2 u
average displacement        1.3 u
max displacement            4.6 u
original HPWL          116606.3 u
legalized HPWL         116733.4 u
delta HPWL                    0 %

Placement Analysis
---------------------------------
total displacement          1.4 u
average displacement        0.0 u
max displacement            0.3 u
original HPWL          116733.4 u
legalized HPWL         116733.4 u
delta HPWL                    0 %

[ERROR ODB-0369] Attempt to connect iterm of dont_touch instance spare_inverter_0
SPARE_TIEOFF_NONFATAL: ODB-0369
SPARE_FIRM_LOCKED: 7 instances
[WARNING DPL-0006] Site aligned check failed (1).
[ERROR DPL-0033] detailed placement checks failed.
SPARE_CHECK_PLACEMENT_WARN: DPL-0033
Iteration |   Area    | Resized | Buffers | Nets repaired | Remaining
---------------------------------------------------------------------
        0 |     +0.0% |       0 |       0 |             0 |       866
    final |    +11.6% |       1 |      14 |            13 |         0
---------------------------------------------------------------------
[INFO RSZ-0034] Found 13 slew violations.
[INFO RSZ-0036] Found 12 capacitance violations.
[INFO RSZ-0039] Resized 1 instances.
[INFO RSZ-0038] Inserted 14 buffers in 13 nets.
[INFO RSZ-0100] Repair move sequence: UnbufferMove SizeUpMove SwapPinsMove BufferMove CloneMove SplitLoadMove 
[INFO RSZ-0098] No setup violations found
Placement Analysis
---------------------------------
total displacement         20.9 u
average displacement        0.1 u
max displacement            4.1 u
original HPWL          116794.2 u
legalized HPWL         116815.7 u
delta HPWL                    0 %

[INFO CTS-0050] Root buffer is sky130_fd_sc_hd__clkbuf_16.
[INFO CTS-0051] Sink buffer is sky130_fd_sc_hd__clkbuf_4.
[INFO CTS-0052] The following clock buffers will be used for CTS:
                    sky130_fd_sc_hd__clkbuf_4
[INFO CTS-0049] Characterization buffer is sky130_fd_sc_hd__clkbuf_4.
[INFO CTS-0007] Net "wb_clk_i" found for clock "clk".
[WARNING CTS-0041] Net "wb_clk_i" has 1 sinks. Skipping...
[INFO CTS-0010]  Clock net "mprj.counter.clk" has 33 sinks.
[INFO CTS-0008] TritonCTS found 1 clock nets.
[INFO CTS-0097] Characterization used 1 buffer(s) types.
[INFO CTS-0201] 0 blockages from hard placement blockages and placed macros will be used.
[INFO CTS-0027] Generating H-Tree topology for net mprj.counter.clk.
[INFO CTS-0028]  Total number of sinks: 33.
[INFO CTS-0030]  Number of static layers: 0.
[INFO CTS-0020]  Wire segment unit: 13600  dbu (13 um).
[INFO CTS-0023]  Original sink region: [(2829270, 1736660), (2889070, 1867220)].
[INFO CTS-0024]  Normalized sink region: [(208.035, 127.696), (212.432, 137.296)].
[INFO CTS-0025]     Width:  4.3971.
[INFO CTS-0026]     Height: 9.6000.
 Level 1
    Direction: Vertical
    Sinks per sub-region: 17
    Sub-region size: 4.3971 X 4.8000
[INFO CTS-0034]     Segment length (rounded): 2.
 Level 2
    Direction: Horizontal
    Sinks per sub-region: 9
    Sub-region size: 2.1985 X 4.8000
[INFO CTS-0034]     Segment length (rounded): 1.
[INFO CTS-0032]  Stop criterion found. Max number of sinks is 15.
[INFO CTS-0035]  Number of sinks covered: 33.
[INFO CTS-0018]     Created 5 clock buffers.
[INFO CTS-0012]     Minimum number of buffers in the clock path: 2.
[INFO CTS-0013]     Maximum number of buffers in the clock path: 2.
[INFO CTS-0015]     Created 5 clock nets.
[INFO CTS-0016]     Fanout distribution for the current clock = 5:1, 8:2, 12:1..
[INFO CTS-0017]     Max level of the clock tree: 2.
[INFO CTS-0098] Clock net "mprj.counter.clk"
[INFO CTS-0099]  Sinks 36
[INFO CTS-0100]  Leaf buffers 0
[INFO CTS-0101]  Average sink wire length 67.21 um
[INFO CTS-0102]  Path depth 2 - 2
[INFO CTS-0207]  Dummy loads inserted 3
[INFO RSZ-0033] No hold violations found.
Placement Analysis
---------------------------------
total displacement         44.0 u
average displacement        0.1 u
max displacement            4.1 u
original HPWL          117130.1 u
legalized HPWL         117149.9 u
delta HPWL                    0 %

PG_CLEANUP_SIG: zero_ (GROUND)
PG_CLEANUP_DONE: deleted=0 reclassified=1
Iteration |   Area    | Resized | Buffers | Nets repaired | Remaining
---------------------------------------------------------------------
        0 |     +0.0% |       0 |       0 |             0 |       880
[ERROR RSZ-0074] failed to build tree from gloubal routes: found route to 1 pins, expected 0
REPAIR_DESIGN_GR_NONFATAL: RSZ-0074
[INFO RSZ-0100] Repair move sequence: UnbufferMove SizeUpMove SwapPinsMove BufferMove CloneMove SplitLoadMove 
[INFO RSZ-0098] No setup violations found
[INFO RSZ-0033] No hold violations found.
Placement Analysis
---------------------------------
total displacement          0.0 u
average displacement        0.0 u
max displacement            0.0 u
original HPWL          117189.5 u
legalized HPWL         117189.5 u
delta HPWL                    0 %

[INFO DRT-0149] Reading tech and libs.
[WARNING DRT-0349] LEF58_ENCLOSURE with no CUTCLASS is not supported. Skipping for layer mcon
[WARNING DRT-0349] LEF58_ENCLOSURE with no CUTCLASS is not supported. Skipping for layer mcon
[WARNING DRT-0349] LEF58_ENCLOSURE with no CUTCLASS is not supported. Skipping for layer via
[WARNING DRT-0349] LEF58_ENCLOSURE with no CUTCLASS is not supported. Skipping for layer via
[WARNING DRT-0349] LEF58_ENCLOSURE with no CUTCLASS is not supported. Skipping for layer via2
[WARNING DRT-0349] LEF58_ENCLOSURE with no CUTCLASS is not supported. Skipping for layer via2
[WARNING DRT-0349] LEF58_ENCLOSURE with no CUTCLASS is not supported. Skipping for layer via3
[WARNING DRT-0349] LEF58_ENCLOSURE with no CUTCLASS is not supported. Skipping for layer via3
[WARNING DRT-0349] LEF58_ENCLOSURE with no CUTCLASS is not supported. Skipping for layer via4
[WARNING DRT-0349] LEF58_ENCLOSURE with no CUTCLASS is not supported. Skipping for layer via4

Units:                1000
Number of layers:     13
Number of macros:     437
Number of vias:       29
Number of viarulegen: 25

[INFO DRT-0150] Reading design.

Design:                   user_project_wrapper
Die area:                 ( 0 0 ) ( 2920000 3520000 )
Number of track patterns: 12
Number of DEF vias:       0
Number of components:     359
Number of terminals:      637
Number of snets:          2
Number of nets:           749

[INFO DRT-0167] List of default vias:
  Layer via
    default via: M1M2_PR
  Layer via2
    default via: M2M3_PR
  Layer via3
    default via: M3M4_PR
  Layer via4
    default via: M4M5_PR
[INFO DRT-0162] Library cell analysis.
[INFO DRT-0163] Instance analysis.
[INFO DRT-0164] Number of unique instances = 61.
[INFO DRT-0168] Init region query.
[INFO DRT-0024]   Complete FR_MASTERSLICE.
[INFO DRT-0024]   Complete licon.
[INFO DRT-0024]   Complete li1.
[INFO DRT-0024]   Complete mcon.
[INFO DRT-0024]   Complete met1.
[INFO DRT-0024]   Complete via.
[INFO DRT-0024]   Complete met2.
[INFO DRT-0024]   Complete via2.
[INFO DRT-0024]   Complete met3.
[INFO DRT-0024]   Complete via3.
[INFO DRT-0024]   Complete met4.
[INFO DRT-0024]   Complete via4.
[INFO DRT-0024]   Complete met5.
[INFO DRT-0033] FR_MASTERSLICE shape region query size = 0.
[INFO DRT-0033] licon shape region query size = 0.
[INFO DRT-0033] li1 shape region query size = 7330.
[INFO DRT-0033] mcon shape region query size = 0.
[INFO DRT-0033] met1 shape region query size = 95393.
[INFO DRT-0033] via shape region query size = 465090.
[INFO DRT-0033] met2 shape region query size = 279436.
[INFO DRT-0033] via2 shape region query size = 372072.
[INFO DRT-0033] met3 shape region query size = 279309.
[INFO DRT-0033] via3 shape region query size = 372072.
[INFO DRT-0033] met4 shape region query size = 105778.
[INFO DRT-0033] via4 shape region query size = 12615.
[INFO DRT-0033] met5 shape region query size = 12789.
[INFO DRT-0165] Start pin access.
[INFO DRT-0078]   Complete 479 pins.
[INFO DRT-0081]   Complete 61 unique inst patterns.
[INFO DRT-0084]   Complete 241 groups.
#scanned instances     = 359
#unique  instances     = 61
#stdCellGenAp          = 1673
#stdCellValidPlanarAp  = 0
#stdCellValidViaAp     = 1275
#stdCellPinNoAp        = 0
#stdCellPinCnt         = 933
#instTermValidViaApCnt = 0
#macroGenAp            = 0
#macroValidPlanarAp    = 0
#macroValidViaAp       = 0
#macroNoAp             = 0
[INFO DRT-0166] Complete pin access.
[INFO DRT-0267] cpu time = 00:00:07, elapsed time = 00:00:07, memory = 928.70 (MB), peak = 928.05 (MB)

[INFO DRT-0157] Number of guides:     2730

[INFO DRT-0169] Post process guides.
[INFO DRT-0176] GCELLGRID X 0 DO 423 STEP 6900 ;
[INFO DRT-0177] GCELLGRID Y 0 DO 510 STEP 6900 ;
[INFO DRT-0028]   Complete FR_MASTERSLICE.
[INFO DRT-0028]   Complete licon.
[INFO DRT-0028]   Complete li1.
[INFO DRT-0028]   Complete mcon.
[INFO DRT-0028]   Complete met1.
[INFO DRT-0028]   Complete via.
[INFO DRT-0028]   Complete met2.
[INFO DRT-0028]   Complete via2.
[INFO DRT-0028]   Complete met3.
[INFO DRT-0028]   Complete via3.
[INFO DRT-0028]   Complete met4.
[INFO DRT-0028]   Complete via4.
[INFO DRT-0028]   Complete met5.
[INFO DRT-0178] Init guide query.
[INFO DRT-0035]   Complete FR_MASTERSLICE (guide).
[INFO DRT-0035]   Complete licon (guide).
[INFO DRT-0035]   Complete li1 (guide).
[INFO DRT-0035]   Complete mcon (guide).
[INFO DRT-0035]   Complete met1 (guide).
[INFO DRT-0035]   Complete via (guide).
[INFO DRT-0035]   Complete met2 (guide).
[INFO DRT-0035]   Complete via2 (guide).
[INFO DRT-0035]   Complete met3 (guide).
[INFO DRT-0035]   Complete via3 (guide).
[INFO DRT-0035]   Complete met4 (guide).
[INFO DRT-0035]   Complete via4 (guide).
[INFO DRT-0035]   Complete met5 (guide).
[INFO DRT-0036] FR_MASTERSLICE guide region query size = 0.
[INFO DRT-0036] licon guide region query size = 0.
[INFO DRT-0036] li1 guide region query size = 796.
[INFO DRT-0036] mcon guide region query size = 0.
[INFO DRT-0036] met1 guide region query size = 717.
[INFO DRT-0036] via guide region query size = 0.
[INFO DRT-0036] met2 guide region query size = 474.
[INFO DRT-0036] via2 guide region query size = 0.
[INFO DRT-0036] met3 guide region query size = 239.
[INFO DRT-0036] via3 guide region query size = 0.
[INFO DRT-0036] met4 guide region query size = 1.
[INFO DRT-0036] via4 guide region query size = 0.
[INFO DRT-0036] met5 guide region query size = 0.
[INFO DRT-0179] Init gr pin query.
[INFO DRT-0267] cpu time = 00:00:00, elapsed time = 00:00:00, memory = 928.70 (MB), peak = 928.05 (MB)
[INFO DRT-0245] skipped writing guide updates to database.
[INFO DRT-0185] Post process initialize RPin region query.
[INFO DRT-0181] Start track assignment.
[INFO DRT-0184] Done with 1271 vertical wires in 9 frboxes and 956 horizontal wires in 11 frboxes.
[INFO DRT-0186] Done with 114 vertical wires in 9 frboxes and 247 horizontal wires in 11 frboxes.
[INFO DRT-0182] Complete track assignment.
[INFO DRT-0267] cpu time = 00:00:04, elapsed time = 00:00:04, memory = 1161.54 (MB), peak = 1245.17 (MB)
[INFO DRT-0187] Start routing data preparation.
[INFO DRT-0267] cpu time = 00:00:00, elapsed time = 00:00:00, memory = 1161.66 (MB), peak = 1245.17 (MB)
[INFO DRT-0194] Start detail routing.
[INFO DRT-0195] Start 0th optimization iteration.
    Completing 10% with 0 violations.
    elapsed time = 00:00:00, memory = 1161.79 (MB).
    Completing 20% with 0 violations.
    elapsed time = 00:00:00, memory = 1161.79 (MB).
    Completing 30% with 21 violations.
    elapsed time = 00:00:01, memory = 1161.79 (MB).
    Completing 40% with 21 violations.
    elapsed time = 00:00:01, memory = 1161.79 (MB).
    Completing 50% with 21 violations.
    elapsed time = 00:00:01, memory = 1161.79 (MB).
    Completing 60% with 23 violations.
    elapsed time = 00:00:02, memory = 1161.79 (MB).
    Completing 70% with 23 violations.
    elapsed time = 00:00:02, memory = 1161.79 (MB).
    Completing 80% with 46 violations.
    elapsed time = 00:00:05, memory = 1161.79 (MB).
    Completing 90% with 46 violations.
    elapsed time = 00:00:06, memory = 1161.79 (MB).
    Completing 100% with 89 violations.
    elapsed time = 00:00:08, memory = 1161.79 (MB).
[INFO DRT-0199]   Number of violations = 111.
Viol/Layer        met1   met2
Metal Spacing       16      3
Recheck             14      8
Short               63      7
[INFO DRT-0267] cpu time = 00:00:08, elapsed time = 00:00:08, memory = 1271.95 (MB), peak = 1270.92 (MB)
Total wire length = 118561 um.
Total wire length on LAYER li1 = 0 um.
Total wire length on LAYER met1 = 44749 um.
Total wire length on LAYER met2 = 7976 um.
Total wire length on LAYER met3 = 65832 um.
Total wire length on LAYER met4 = 3 um.
Total wire length on LAYER met5 = 0 um.
Total number of vias = 2238.
Up-via summary (total 2238):

-----------------------
 FR_MASTERSLICE       0
            li1     941
           met1    1040
           met2     255
           met3       2
           met4       0
-----------------------
               2238


[INFO DRT-0195] Start 1st optimization iteration.
    Completing 10% with 111 violations.
    elapsed time = 00:00:00, memory = 1271.95 (MB).
    Completing 20% with 111 violations.
    elapsed time = 00:00:00, memory = 1271.95 (MB).
    Completing 30% with 96 violations.
    elapsed time = 00:00:00, memory = 1271.95 (MB).
    Completing 40% with 96 violations.
    elapsed time = 00:00:01, memory = 1271.95 (MB).
    Completing 50% with 96 violations.
    elapsed time = 00:00:01, memory = 1271.95 (MB).
    Completing 60% with 96 violations.
    elapsed time = 00:00:02, memory = 1271.95 (MB).
    Completing 70% with 96 violations.
    elapsed time = 00:00:02, memory = 1271.95 (MB).
    Completing 80% with 83 violations.
    elapsed time = 00:00:03, memory = 1271.95 (MB).
    Completing 90% with 83 violations.
    elapsed time = 00:00:04, memory = 1271.95 (MB).
    Completing 100% with 50 violations.
    elapsed time = 00:00:06, memory = 1271.95 (MB).
[INFO DRT-0199]   Number of violations = 50.
Viol/Layer        mcon   met1   met2
Cut Spacing          1      0      0
Metal Spacing        0      5      0
Short                0     41      3
[INFO DRT-0267] cpu time = 00:00:06, elapsed time = 00:00:06, memory = 1272.04 (MB), peak = 1270.92 (MB)
Total wire length = 118414 um.
Total wire length on LAYER li1 = 0 um.
Total wire length on LAYER met1 = 44399 um.
Total wire length on LAYER met2 = 7917 um.
Total wire length on LAYER met3 = 66097 um.
Total wire length on LAYER met4 = 0 um.
Total wire length on LAYER met5 = 0 um.
Total number of vias = 2234.
Up-via summary (total 2234):

-----------------------
 FR_MASTERSLICE       0
            li1     944
           met1    1038
           met2     252
           met3       0
           met4       0
-----------------------
               2234


[INFO DRT-0195] Start 2nd optimization iteration.
    Completing 10% with 50 violations.
    elapsed time = 00:00:00, memory = 1272.04 (MB).
    Completing 20% with 50 violations.
    elapsed time = 00:00:00, memory = 1272.04 (MB).
    Completing 30% with 42 violations.
    elapsed time = 00:00:00, memory = 1272.04 (MB).
    Completing 40% with 42 violations.
    elapsed time = 00:00:00, memory = 1272.04 (MB).
    Completing 50% with 42 violations.
    elapsed time = 00:00:01, memory = 1272.04 (MB).
    Completing 60% with 44 violations.
    elapsed time = 00:00:01, memory = 1272.04 (MB).
    Completing 70% with 44 violations.
    elapsed time = 00:00:01, memory = 1272.04 (MB).
    Completing 80% with 39 violations.
    elapsed time = 00:00:02, memory = 1272.04 (MB).
    Completing 90% with 39 violations.
    elapsed time = 00:00:02, memory = 1272.04 (MB).
    Completing 100% with 43 violations.
    elapsed time = 00:00:03, memory = 1272.04 (MB).
[INFO DRT-0199]   Number of violations = 43.
Viol/Layer        met1   met2
Metal Spacing       12      5
Short               17      9
[INFO DRT-0267] cpu time = 00:00:03, elapsed time = 00:00:03, memory = 1272.04 (MB), peak = 1270.92 (MB)
Total wire length = 118474 um.
Total wire length on LAYER li1 = 0 um.
Total wire length on LAYER met1 = 44415 um.
Total wire length on LAYER met2 = 7926 um.
Total wire length on LAYER met3 = 66132 um.
Total wire length on LAYER met4 = 0 um.
Total wire length on LAYER met5 = 0 um.
Total number of vias = 2226.
Up-via summary (total 2226):

-----------------------
 FR_MASTERSLICE       0
            li1     941
           met1    1035
           met2     250
           met3       0
           met4       0
-----------------------
               2226


[INFO DRT-0195] Start 3rd guides tiles iteration.
    Completing 20% with 43 violations.
    elapsed time = 00:00:00, memory = 1272.04 (MB).
    Completing 40% with 43 violations.
    elapsed time = 00:00:00, memory = 1272.04 (MB).
    Completing 60% with 43 violations.
    elapsed time = 00:00:01, memory = 1272.04 (MB).
    Completing 80% with 0 violations.
    elapsed time = 00:00:01, memory = 1272.04 (MB).
    Completing 100% with 0 violations.
    elapsed time = 00:00:01, memory = 1272.04 (MB).
[INFO DRT-0199]   Number of violations = 0.
[INFO DRT-0267] cpu time = 00:00:01, elapsed time = 00:00:01, memory = 1272.04 (MB), peak = 1270.92 (MB)
Total wire length = 118472 um.
Total wire length on LAYER li1 = 0 um.
Total wire length on LAYER met1 = 44298 um.
Total wire length on LAYER met2 = 7921 um.
Total wire length on LAYER met3 = 66253 um.
Total wire length on LAYER met4 = 0 um.
Total wire length on LAYER met5 = 0 um.
Total number of vias = 2248.
Up-via summary (total 2248):

-----------------------
 FR_MASTERSLICE       0
            li1     940
           met1    1037
           met2     271
           met3       0
           met4       0
-----------------------
               2248


[WARNING DRT-0290] Warning: no DRC report specified, skipped writing DRC report
[INFO DRT-0198] Complete detail routing.
Total wire length = 118472 um.
Total wire length on LAYER li1 = 0 um.
Total wire length on LAYER met1 = 44298 um.
Total wire length on LAYER met2 = 7921 um.
Total wire length on LAYER met3 = 66253 um.
Total wire length on LAYER met4 = 0 um.
Total wire length on LAYER met5 = 0 um.
Total number of vias = 2248.
Up-via summary (total 2248):

-----------------------
 FR_MASTERSLICE       0
            li1     940
           met1    1037
           met2     271
           met3       0
           met4       0
-----------------------
               2248


[INFO DRT-0267] cpu time = 00:00:19, elapsed time = 00:00:19, memory = 1272.04 (MB), peak = 1270.92 (MB)

[INFO DRT-0180] Post processing.
SPEF_REPAIR_CAPTABLE: /foss/pdks/sky130A/libs.tech/openlane/rules.openrcx.sky130A.nom.magic
[INFO RCX-0431] Defined process_corner X with ext_model_index 0
[INFO RCX-0029] Defined extraction corner X
[INFO RCX-0435] Reading extraction model file /foss/pdks/sky130A/libs.tech/openlane/rules.openrcx.sky130A.nom.magic ...
[INFO RCX-0436] RC segment generation user_project_wrapper (max_merge_res 50.0) ...
[INFO RCX-0040] Final 1434 rc segments
[INFO RCX-0439] Coupling Cap extraction user_project_wrapper ...
[INFO RCX-0440] Coupling threshhold is 0.1000 fF, coupling capacitance less than 0.1000 fF will be grounded.
[INFO RCX-0442] 12% of 190199 wires extracted
[INFO RCX-0442] 25% of 190199 wires extracted
[INFO RCX-0442] 38% of 190199 wires extracted
[INFO RCX-0442] 52% of 190199 wires extracted
[INFO RCX-0442] 65% of 190199 wires extracted
[INFO RCX-0442] 78% of 190199 wires extracted
[INFO RCX-0442] 99% of 190199 wires extracted
[INFO RCX-0442] 100% of 190199 wires extracted
[INFO RCX-0045] Extract 749 nets, 1842 rsegs, 1842 caps, 2642 ccs
[INFO RCX-0443] 749 nets finished
SPEF_MEASURE_COMPLETE
[INFO ANT-0002] Found 34 net violations.
[INFO ANT-0001] Found 47 pin violations.
[WARNING GRT-0121] repair_antennas should perform only one iteration when the routing source is detailed routing.
[INFO GRT-0012] Found 34 antenna violations.
[INFO GRT-0015] Inserted 289 diodes.
[INFO GRT-0012] Found 0 antenna violations.
REPAIR_ANTENNA_DONE: diode=sky130_fd_sc_hd__diode_2
[INFO DRT-0178] Init guide query.
[INFO DRT-0036] FR_MASTERSLICE guide region query size = 0.
[INFO DRT-0036] licon guide region query size = 0.
[INFO DRT-0036] li1 guide region query size = 858.
[INFO DRT-0036] mcon guide region query size = 0.
[INFO DRT-0036] met1 guide region query size = 756.
[INFO DRT-0036] via guide region query size = 0.
[INFO DRT-0036] met2 guide region query size = 482.
[INFO DRT-0036] via2 guide region query size = 0.
[INFO DRT-0036] met3 guide region query size = 239.
[INFO DRT-0036] via3 guide region query size = 0.
[INFO DRT-0036] met4 guide region query size = 1.
[INFO DRT-0036] via4 guide region query size = 0.
[INFO DRT-0036] met5 guide region query size = 0.
[INFO DRT-0179] Init gr pin query.
[INFO ANT-0002] Found 0 net violations.
[INFO ANT-0001] Found 0 pin violations.
ANTENNA_POSTROUTE_DONE
SPARSE_DIE_FILL_SKIPPED: core_util=0.03443213182204461% < 5.0% — full-die decap/fill tiling bounded to avoid filling an empty fixed wrapper (would explode GDS/extraction). Density-fill for the occupied region is covered by the downstream metal-fill gate; empty silicon carries no signals needing decoupling.
Design area 3470 um^2 0% utilization.
