Startpoint: _356_ (rising edge-triggered flip-flop clocked by clk)
Endpoint: _340_ (rising edge-triggered flip-flop clocked by clk)
Path Group: clk
Path Type: min

  Delay    Time   Description
---------------------------------------------------------
   0.00    0.00   clock clk (rise edge)
   0.00    0.00   clock source latency
   0.00    0.00 ^ wb_clk_i (in)
   0.47    0.47 ^ _168_/X (sky130_fd_sc_hd__mux2_1)
   0.16    0.63 ^ clkbuf_0_mprj.counter.clk/X (sky130_fd_sc_hd__clkbuf_16)
   0.14    0.77 ^ clkbuf_2_3__f_mprj.counter.clk/X (sky130_fd_sc_hd__clkbuf_16)
   0.00    0.77 ^ _356_/CLK (sky130_fd_sc_hd__dfxtp_1)
   0.37    1.13 v _356_/Q (sky130_fd_sc_hd__dfxtp_1)
   0.00    1.13 v _340_/D (sky130_fd_sc_hd__edfxtp_1)
           1.13   data arrival time

   0.00    0.00   clock clk (rise edge)
   0.00    0.00   clock source latency
   0.00    0.00 ^ wb_clk_i (in)
   0.47    0.47 ^ _168_/X (sky130_fd_sc_hd__mux2_1)
   0.16    0.63 ^ clkbuf_0_mprj.counter.clk/X (sky130_fd_sc_hd__clkbuf_16)
   0.14    0.77 ^ clkbuf_2_3__f_mprj.counter.clk/X (sky130_fd_sc_hd__clkbuf_16)
   0.00    0.77 ^ _340_/CLK (sky130_fd_sc_hd__edfxtp_1)
   0.00    0.77   clock reconvergence pessimism
  -0.20    0.57   library hold time
           0.57   data required time
---------------------------------------------------------
           0.57   data required time
          -1.13   data arrival time
---------------------------------------------------------
           0.56   slack (MET)


# Hold (min-path) sign-off summary (report_worst_slack -min):
worst hold slack 0.5631392178634002
hold WNS 0.5631392178634002
