[INFO] Final PATH variable: /headless/.local/bin:/foss/tools/bin:/foss/tools/sak:/usr/local/sbin:/headless/.local/bin:/foss/tools/bin:/foss/tools/sak:/foss/tools/kactus2:/foss/tools/klayout:/foss/tools/osic-multitool:/usr/local/sbin:/usr/local/bin:/usr/sbin:/usr/bin:/sbin:/bin:/foss/tools/kactus2:/foss/tools/klayout:/foss/tools/osic-multitool
[INFO] Final PYTHONPATH variable: /headless/.local/lib/python3.12/site-packages:/foss/tools/yosys/share/yosys/python3:/usr/lib/python312.zip:/usr/lib/python3.12:/usr/lib/python3.12/lib-dynload:/usr/local/lib/python3.12/dist-packages:/opt/vibeic-forks/cocotb/src:/usr/lib/python3/dist-packages:/foss/tools/ngspyce/local/lib/python3.12/dist-packages:/foss/tools/openems/local/lib/python3.12/dist-packages:/foss/tools/pyopus/local/lib/python3.12/dist-packages:/foss/tools/yosys/share/yosys/python3:/foss/tools/klayout/pymod:/foss/tools/vacask/lib/vacask/python
SBY 21:14:36 [formal_chip_top_formal_safety] Removing directory '/home/reyerchu/spm3_run/sky130A/phase2/stage1/formal/formal_chip_top_formal_safety'.
SBY 21:14:36 [formal_chip_top_formal_safety] Copy '/home/reyerchu/spm3_run/sky130A/phase2/stage1/formal/chip_top.v' to '/home/reyerchu/spm3_run/sky130A/phase2/stage1/formal/formal_chip_top_formal_safety/src/chip_top.v'.
SBY 21:14:36 [formal_chip_top_formal_safety] Copy '/home/reyerchu/spm3_run/sky130A/phase2/stage1/formal/formal_chip_top.sv' to '/home/reyerchu/spm3_run/sky130A/phase2/stage1/formal/formal_chip_top_formal_safety/src/formal_chip_top.sv'.
SBY 21:14:36 [formal_chip_top_formal_safety] engine_0: abc pdr
SBY 21:14:36 [formal_chip_top_formal_bmc] Removing directory '/home/reyerchu/spm3_run/sky130A/phase2/stage1/formal/formal_chip_top_formal_bmc'.
SBY 21:14:36 [formal_chip_top_formal_bmc] Copy '/home/reyerchu/spm3_run/sky130A/phase2/stage1/formal/chip_top.v' to '/home/reyerchu/spm3_run/sky130A/phase2/stage1/formal/formal_chip_top_formal_bmc/src/chip_top.v'.
SBY 21:14:36 [formal_chip_top_formal_bmc] Copy '/home/reyerchu/spm3_run/sky130A/phase2/stage1/formal/formal_chip_top.sv' to '/home/reyerchu/spm3_run/sky130A/phase2/stage1/formal/formal_chip_top_formal_bmc/src/formal_chip_top.sv'.
SBY 21:14:36 [formal_chip_top_formal_bmc] engine_0: abc bmc3
SBY 21:14:36 [formal_chip_top_formal_safety] base: starting process "cd formal_chip_top_formal_safety/src; yosys -ql ../model/design.log ../model/design.ys"
SBY 21:14:36 [formal_chip_top_formal_bmc] base: starting process "cd formal_chip_top_formal_bmc/src; yosys -ql ../model/design.log ../model/design.ys"
SBY 21:14:36 [formal_chip_top_formal_safety] base: finished (returncode=0)
SBY 21:14:36 [formal_chip_top_formal_bmc] base: finished (returncode=0)
SBY 21:14:36 [formal_chip_top_formal_safety] prep: starting process "cd formal_chip_top_formal_safety/model; yosys -ql design_prep.log design_prep.ys"
SBY 21:14:36 [formal_chip_top_formal_bmc] prep: starting process "cd formal_chip_top_formal_bmc/model; yosys -ql design_prep.log design_prep.ys"
SBY 21:14:36 [formal_chip_top_formal_safety] prep: finished (returncode=0)
SBY 21:14:36 [formal_chip_top_formal_safety] aig: starting process "cd formal_chip_top_formal_safety/model; yosys -ql design_aiger.log design_aiger.ys"
SBY 21:14:36 [formal_chip_top_formal_bmc] prep: finished (returncode=0)
SBY 21:14:36 [formal_chip_top_formal_bmc] aig: starting process "cd formal_chip_top_formal_bmc/model; yosys -ql design_aiger.log design_aiger.ys"
SBY 21:14:36 [formal_chip_top_formal_safety] aig: Warning: Treating undriven bit formal_chip_top.\clk like $anyseq.
SBY 21:14:36 [formal_chip_top_formal_safety] aig: Warning: Treating a total of 1 undriven bits in formal_chip_top like $anyseq.
SBY 21:14:36 [formal_chip_top_formal_safety] aig: finished (returncode=0)
SBY 21:14:36 [formal_chip_top_formal_safety] engine_0: starting process "cd formal_chip_top_formal_safety; yosys-abc -c 'read_aiger model/design_aiger.aig; fold; strash; pdr -v -l; write_cex -a engine_0/trace.aiw'"
SBY 21:14:36 [formal_chip_top_formal_bmc] aig: Warning: Treating undriven bit formal_chip_top.\clk like $anyseq.
SBY 21:14:36 [formal_chip_top_formal_bmc] aig: Warning: Treating a total of 1 undriven bits in formal_chip_top like $anyseq.
SBY 21:14:36 [formal_chip_top_formal_bmc] aig: finished (returncode=0)
SBY 21:14:36 [formal_chip_top_formal_bmc] engine_0: starting process "cd formal_chip_top_formal_bmc; yosys-abc -c 'read_aiger model/design_aiger.aig; fold; strash; bmc3 -F 12 -v; write_cex -a engine_0/trace.aiw'"
SBY 21:14:36 [formal_chip_top_formal_safety] engine_0: ======== ABC command line "read_aiger model/design_aiger.aig; fold; strash; pdr -v -l; write_cex -a engine_0/trace.aiw"
SBY 21:14:36 [formal_chip_top_formal_safety] engine_0: Warning: The last output is interpreted as a constraint.
SBY 21:14:36 [formal_chip_top_formal_safety] engine_0: VarMax = 300. FrameMax = 10000. QueMax = 0. TimeMax = 119. MonoCNF = no. SkipGen = no. SolveAll = no.
SBY 21:14:36 [formal_chip_top_formal_safety] engine_0: Frame Clauses                                                     Max Queue Flops Time
SBY 21:14:36 [formal_chip_top_formal_safety] engine_0: 1 : 0 1                                                                 1     1      0.00 sec  T/O =  0  PRV =  0
SBY 21:14:36 [formal_chip_top_formal_safety] engine_0: 2 : 0 1 3                                                               2     4      0.00 sec  T/O =  0  PRV =  0
SBY 21:14:36 [formal_chip_top_formal_safety] engine_0: Proved output 0 in frame 2.
SBY 21:14:36 [formal_chip_top_formal_safety] engine_0: 3 : 0 0 0 0 ~3                                                           0     4      0.01 sec  T/O =  0  PRV =  1
SBY 21:14:36 [formal_chip_top_formal_safety] engine_0: Block =    2  Oblig =     6  Clause =     4  Call =    20 (sat=40.0%)  Cex =   0  Start =   0
SBY 21:14:36 [formal_chip_top_formal_safety] engine_0: SAT solving =     0.00 sec (  1.60 %)
SBY 21:14:36 [formal_chip_top_formal_safety] engine_0: unsat     =     0.00 sec (  0.02 %)
SBY 21:14:36 [formal_chip_top_formal_safety] engine_0: sat       =     0.00 sec (  1.58 %)
SBY 21:14:36 [formal_chip_top_formal_safety] engine_0: Generalize  =     0.00 sec (  1.12 %)
SBY 21:14:36 [formal_chip_top_formal_safety] engine_0: Push clause =     0.00 sec (  0.22 %)
SBY 21:14:36 [formal_chip_top_formal_safety] engine_0: Ternary sim =     0.00 sec (  0.07 %)
SBY 21:14:36 [formal_chip_top_formal_safety] engine_0: Containment =     0.00 sec (  0.00 %)
SBY 21:14:36 [formal_chip_top_formal_safety] engine_0: CNF compute =     0.00 sec (  0.17 %)
SBY 21:14:36 [formal_chip_top_formal_safety] engine_0: Refinement  =     0.00 sec (  0.00 %)
SBY 21:14:36 [formal_chip_top_formal_safety] engine_0: TOTAL       =     0.01 sec (100.00 %)
SBY 21:14:36 [formal_chip_top_formal_safety] engine_0: Property proved.  Time =     0.01 sec
SBY 21:14:36 [formal_chip_top_formal_safety] engine_0: Counter-example is not available.
SBY 21:14:36 [formal_chip_top_formal_safety] engine_0: finished (returncode=0)
SBY 21:14:36 [formal_chip_top_formal_safety] engine_0: Status returned by engine: PASS
SBY 21:14:36 [formal_chip_top_formal_safety] summary: Elapsed clock time [H:MM:SS (secs)]: 0:00:00 (0)
SBY 21:14:36 [formal_chip_top_formal_safety] summary: Elapsed process time [H:MM:SS (secs)]: 0:00:00 (0)
SBY 21:14:36 [formal_chip_top_formal_safety] summary: engine_0 (abc pdr) returned PASS
SBY 21:14:36 [formal_chip_top_formal_safety] summary: engine_0 did not produce any traces
SBY 21:14:36 [formal_chip_top_formal_safety] DONE (PASS, rc=0)
SBY 21:14:36 [formal_chip_top_formal_bmc] engine_0: ======== ABC command line "read_aiger model/design_aiger.aig; fold; strash; bmc3 -F 12 -v; write_cex -a engine_0/trace.aiw"
SBY 21:14:36 [formal_chip_top_formal_bmc] engine_0: Warning: The last output is interpreted as a constraint.
SBY 21:14:36 [formal_chip_top_formal_bmc] engine_0: Running "bmc3". PI/PO/Reg = 101/1/71. And =    620. Lev =     8. ObjNums =   443.
SBY 21:14:36 [formal_chip_top_formal_bmc] engine_0: Params: FramesMax = 12. Start = 0. ConfLimit = 0. TimeOut = 0. SolveAll = 0.
SBY 21:14:36 [formal_chip_top_formal_bmc] engine_0: 0 + : Var =       1. Cla =        0. Conf =      0. Learn =      0.    0 MB   4 MB     0.01 sec
SBY 21:14:36 [formal_chip_top_formal_bmc] engine_0: 1 + : Var =       1. Cla =        0. Conf =      0. Learn =      0.    0 MB   4 MB     0.01 sec
SBY 21:14:36 [formal_chip_top_formal_bmc] engine_0: 2 + : Var =      16. Cla =       22. Conf =      0. Learn =      0.    0 MB   4 MB     0.01 sec
SBY 21:14:36 [formal_chip_top_formal_bmc] engine_0: 3 + : Var =      38. Cla =       66. Conf =      0. Learn =      0.    0 MB   4 MB     0.01 sec
SBY 21:14:36 [formal_chip_top_formal_bmc] engine_0: 4 + : Var =      67. Cla =      129. Conf =      0. Learn =      0.    0 MB   4 MB     0.01 sec
SBY 21:14:36 [formal_chip_top_formal_bmc] engine_0: 5 + : Var =     103. Cla =      211. Conf =      0. Learn =      0.    0 MB   4 MB     0.01 sec
SBY 21:14:36 [formal_chip_top_formal_bmc] engine_0: 6 + : Var =     146. Cla =      312. Conf =      0. Learn =      0.    0 MB   4 MB     0.01 sec
SBY 21:14:36 [formal_chip_top_formal_bmc] engine_0: 7 + : Var =     196. Cla =      432. Conf =      0. Learn =      0.    0 MB   4 MB     0.01 sec
SBY 21:14:36 [formal_chip_top_formal_bmc] engine_0: 8 + : Var =     253. Cla =      571. Conf =      0. Learn =      0.    0 MB   4 MB     0.01 sec
SBY 21:14:36 [formal_chip_top_formal_bmc] engine_0: 9 + : Var =     317. Cla =      729. Conf =      0. Learn =      0.    0 MB   4 MB     0.01 sec
SBY 21:14:36 [formal_chip_top_formal_bmc] engine_0: 10 + : Var =     388. Cla =      906. Conf =      0. Learn =      0.    0 MB   4 MB     0.01 sec
SBY 21:14:36 [formal_chip_top_formal_bmc] engine_0: 11 + : Var =     466. Cla =     1102. Conf =      0. Learn =      0.    0 MB   4 MB     0.01 sec
SBY 21:14:36 [formal_chip_top_formal_bmc] engine_0: Runtime:  CNF = 0.0 sec (1.6 %)  UNSAT = 0.0 sec (0.1 %)  SAT = 0.0 sec (0.0 %)  UNDEC = 0.0 sec (0.0 %)
SBY 21:14:36 [formal_chip_top_formal_bmc] engine_0: LStart(P) = 10000  LDelta(Q) = 2000  LRatio(R) = 80  ReduceDB = 0  Vars = 1000  Used = 62 (6.20 %)
SBY 21:14:36 [formal_chip_top_formal_bmc] engine_0: Buffs = 131. Dups = 0.   Hash hits = 0.  Hash misses = 249.  UniProps = 0.
SBY 21:14:36 [formal_chip_top_formal_bmc] engine_0: No output asserted in 12 frames. Resource limit reached (conf limit 0). Time =     0.01 sec
SBY 21:14:36 [formal_chip_top_formal_bmc] engine_0: Counter-example is not available.
SBY 21:14:36 [formal_chip_top_formal_bmc] engine_0: finished (returncode=0)
SBY 21:14:36 [formal_chip_top_formal_bmc] engine_0: Status returned by engine: PASS
SBY 21:14:36 [formal_chip_top_formal_bmc] summary: Elapsed clock time [H:MM:SS (secs)]: 0:00:00 (0)
SBY 21:14:36 [formal_chip_top_formal_bmc] summary: Elapsed process time [H:MM:SS (secs)]: 0:00:00 (0)
SBY 21:14:36 [formal_chip_top_formal_bmc] summary: engine_0 (abc bmc3) returned PASS
SBY 21:14:36 [formal_chip_top_formal_bmc] summary: engine_0 did not produce any traces
SBY 21:14:36 [formal_chip_top_formal_bmc] DONE (PASS, rc=0)
