Startpoint: test (input port clocked by clk)
Endpoint: __uuf__._470_ (rising edge-triggered flip-flop clocked by clk)
Path Group: clk
Path Type: max
Corner: ss

  Delay    Time   Description
---------------------------------------------------------
   0.00    0.00   clock clk (rise edge)
   0.00    0.00   clock network delay (propagated)
   2.00    2.00 ^ input external delay
   0.00    2.00 ^ test (in)
   0.43    2.43 ^ input5/X (sky130_fd_sc_hd__buf_6)
   0.62    3.05 ^ load_slew39/X (sky130_fd_sc_hd__buf_12)
   1.01    4.06 v _207_/X (sky130_fd_sc_hd__mux2_1)
   0.49    4.55 ^ __uuf__._231_/Y (sky130_fd_sc_hd__nand2_2)
   0.42    4.97 ^ __uuf__._235_/Y (sky130_fd_sc_hd__xnor2_1)
   0.26    5.23 v __uuf__._236_/Y (sky130_fd_sc_hd__nor2_1)
   0.74    5.97 v _160_/X (sky130_fd_sc_hd__mux2_1)
   0.00    5.97 v __uuf__._470_/D (sky130_fd_sc_hd__dfxtp_1)
           5.97   data arrival time

  10.00   10.00   clock clk (rise edge)
   1.06   11.06   clock network delay (propagated)
   0.00   11.06   clock reconvergence pessimism
          11.06 ^ __uuf__._470_/CLK (sky130_fd_sc_hd__dfxtp_1)
  -0.28   10.78   library setup time
          10.78   data required time
---------------------------------------------------------
          10.78   data required time
          -5.97   data arrival time
---------------------------------------------------------
           4.81   slack (MET)


