== T0 host scratchpad: all 20 banks, back-to-back pipelined 2-cycle reads ==
TEST T0_hostram : PASS (80/80 words, 20 banks, 2-cycle pipelined)
  run: done latency = 1099 cycles (<=4096 OK)
TEST T1_probe_A_onehot_w965n0 : PASS (64/64 bit-true, layout ok, protocol ok)
TEST T1_hand_prediction : PASS (window diag r-(r/8), ALL 64 rows active)
  run: done latency = 1099 cycles (<=4096 OK)
TEST T2_probe_W_w509n0 : PASS (64/64 bit-true, layout ok, protocol ok)
TEST T2_hand_prediction : PASS (word509 nib0 -> row0,col0)
  run: done latency = 1099 cycles (<=4096 OK)
TEST T3_probe_W_w508n3 : PASS (64/64 bit-true, layout ok, protocol ok)
TEST T3_hand_prediction : PASS (word508 nib3 -> row0,col11)
  run: done latency = 1099 cycles (<=4096 OK)
TEST T3b_probe_row32 : PASS (64/64 bit-true, layout ok, protocol ok)
TEST T3b_hand_prediction : PASS (row32 LIVE: word253 x word993 -> res[0]=1)
  run: done latency = 1099 cycles (<=4096 OK)
TEST T4_even_beat_now_live_word500 : PASS (64/64 bit-true, layout ok, protocol ok)
TEST T4_hand_prediction : PASS (even beats now live: word500 -> row1 cols8-15)
  run: done latency = 1099 cycles (<=4096 OK)
TEST T5_row63_beat0_words0to5 : PASS (64/64 bit-true, layout ok, protocol ok)
TEST T5_hand_prediction : PASS (row63 = beat0: words0-5 + word0-aliased lanes; 510/511 still dropped)
  run: done latency = 1099 cycles (<=4096 OK)
TEST T5b_residue_alias_word0 : PASS (64/64 bit-true, layout ok, protocol ok)
TEST T5b_hand_prediction : PASS (word0 aliased to row63 cols 40,48,56 — lanes 5,6,7)
  run: done latency = 1099 cycles (<=4096 OK)
TEST T6_joint_row62_col5 : PASS (64/64 bit-true, layout ok, protocol ok)
TEST T6_hand_prediction : PASS (row62 W/A pairing exact)
  run: done latency = 1099 cycles (<=4096 OK)
TEST T6b_joint_offbyone : PASS (64/64 bit-true, layout ok, protocol ok)
TEST T6b_hand_prediction : PASS (window off-by-one vanishes)
  run: done latency = 1099 cycles (<=4096 OK)
TEST T7_deq_plus_boundary_32767 : PASS (64/64 bit-true, layout ok, protocol ok)
  run: done latency = 1099 cycles (<=4096 OK)
TEST T8_deq_plus_sat_32768 : PASS (64/64 bit-true, layout ok, protocol ok)
  run: done latency = 1099 cycles (<=4096 OK)
TEST T9_deq_minus_boundary_-32768 : PASS (64/64 bit-true, layout ok, protocol ok)
  run: done latency = 1099 cycles (<=4096 OK)
TEST T10_deq_minus_sat_-32769 : PASS (64/64 bit-true, layout ok, protocol ok)
  run: done latency = 1099 cycles (<=4096 OK)
TEST T11_deq_arith_floor_-1>>>4 : PASS (64/64 bit-true, layout ok, protocol ok)
  run: done latency = 1099 cycles (<=4096 OK)
TEST T12a_deq_full_possat : PASS (64/64 bit-true, layout ok, protocol ok)
  run: done latency = 1099 cycles (<=4096 OK)
TEST T12b_deq_full_negsat : PASS (64/64 bit-true, layout ok, protocol ok)
== T13 start-during-busy ==
TEST T13_start_ignored_while_busy : PASS (64/64 bit-true, layout ok, protocol ok)
TEST T13b_no_restart : PASS
  run: done latency = 1099 cycles (<=4096 OK)
TEST T14_reset_midrun_rerun : PASS (64/64 bit-true, layout ok, protocol ok)
== T15 random run: scale=0 shift=0 ==
  run: done latency = 1099 cycles (<=4096 OK)
TEST T_rand_00 : PASS (64/64 bit-true, layout ok, protocol ok)
== T16 random run: scale=65535 shift=31 ==
  run: done latency = 1099 cycles (<=4096 OK)
TEST T_rand_01 : PASS (64/64 bit-true, layout ok, protocol ok)
== T17 random run: scale=32579 shift=16 ==
  run: done latency = 1099 cycles (<=4096 OK)
TEST T_rand_02 : PASS (64/64 bit-true, layout ok, protocol ok)
== T18 random run: scale=49738 shift=24 ==
  run: done latency = 1099 cycles (<=4096 OK)
TEST T_rand_03 : PASS (64/64 bit-true, layout ok, protocol ok)
== T19 random run: scale=19296 shift=18 ==
  run: done latency = 1099 cycles (<=4096 OK)
TEST T_rand_04 : PASS (64/64 bit-true, layout ok, protocol ok)
== T20 random run: scale=31877 shift=24 ==
  run: done latency = 1099 cycles (<=4096 OK)
TEST T_rand_05 : PASS (64/64 bit-true, layout ok, protocol ok)
== T21 random run: scale=63686 shift=12 ==
  run: done latency = 1099 cycles (<=4096 OK)
TEST T_rand_06 : PASS (64/64 bit-true, layout ok, protocol ok)
== T22 random run: scale=64099 shift=2 ==
  run: done latency = 1099 cycles (<=4096 OK)
TEST T_rand_07 : PASS (64/64 bit-true, layout ok, protocol ok)
== T23 random run: scale=49341 shift=26 ==
  run: done latency = 1099 cycles (<=4096 OK)
TEST T_rand_08 : PASS (64/64 bit-true, layout ok, protocol ok)
== T24 random run: scale=56663 shift=24 ==
  run: done latency = 1099 cycles (<=4096 OK)
TEST T_rand_09 : PASS (64/64 bit-true, layout ok, protocol ok)
== T25 random run: scale=41457 shift=2 ==
  run: done latency = 1099 cycles (<=4096 OK)
TEST T_rand_10 : PASS (64/64 bit-true, layout ok, protocol ok)
== T26 random run: scale=31646 shift=28 ==
  run: done latency = 1099 cycles (<=4096 OK)
TEST T_rand_11 : PASS (64/64 bit-true, layout ok, protocol ok)
== T27 random run: scale=21993 shift=5 ==
  run: done latency = 1099 cycles (<=4096 OK)
TEST T_rand_12 : PASS (64/64 bit-true, layout ok, protocol ok)
== T28 random run: scale=61975 shift=26 ==
  run: done latency = 1099 cycles (<=4096 OK)
TEST T_rand_13 : PASS (64/64 bit-true, layout ok, protocol ok)
== T29 random run: scale=22488 shift=3 ==
  run: done latency = 1099 cycles (<=4096 OK)
TEST T_rand_14 : PASS (64/64 bit-true, layout ok, protocol ok)
== T30 random run: scale=8273 shift=21 ==
  run: done latency = 1099 cycles (<=4096 OK)
TEST T_rand_15 : PASS (64/64 bit-true, layout ok, protocol ok)
== T31 random run: scale=59209 shift=29 ==
  run: done latency = 1099 cycles (<=4096 OK)
TEST T_rand_16 : PASS (64/64 bit-true, layout ok, protocol ok)
== T32 random run: scale=41456 shift=25 ==
  run: done latency = 1099 cycles (<=4096 OK)
TEST T_rand_17 : PASS (64/64 bit-true, layout ok, protocol ok)
== T33 random run: scale=64665 shift=15 ==
  run: done latency = 1099 cycles (<=4096 OK)
TEST T_rand_18 : PASS (64/64 bit-true, layout ok, protocol ok)
== T34 random run: scale=52280 shift=16 ==
  run: done latency = 1099 cycles (<=4096 OK)
TEST T_rand_19 : PASS (64/64 bit-true, layout ok, protocol ok)
== T35 back-to-back suite: 6 random runs, no reset between runs 1..5 ==
  run: done latency = 1099 cycles (<=4096 OK)
  B2B run 0: history-blind mismatches = 0/64 (outside cols56-63: 0)
TEST T35_b2b_run0 : PASS (64/64 bit-true, layout ok, protocol ok)
  run: done latency = 1099 cycles (<=4096 OK)
  B2B run 1: history-blind mismatches = 0/64 (outside cols56-63: 0)
TEST T35_b2b_run1 : PASS (64/64 bit-true, layout ok, protocol ok)
  run: done latency = 1099 cycles (<=4096 OK)
  B2B run 2: history-blind mismatches = 7/64 (outside cols56-63: 0)
TEST T35_b2b_run2 : PASS (64/64 bit-true, layout ok, protocol ok)
  run: done latency = 1099 cycles (<=4096 OK)
  B2B run 3: history-blind mismatches = 5/64 (outside cols56-63: 0)
TEST T35_b2b_run3 : PASS (64/64 bit-true, layout ok, protocol ok)
  run: done latency = 1099 cycles (<=4096 OK)
  B2B run 4: history-blind mismatches = 0/64 (outside cols56-63: 0)
TEST T35_b2b_run4 : PASS (64/64 bit-true, layout ok, protocol ok)
  run: done latency = 1099 cycles (<=4096 OK)
  B2B run 5: history-blind mismatches = 4/64 (outside cols56-63: 0)
TEST T35_b2b_run5 : PASS (64/64 bit-true, layout ok, protocol ok)

V2 RESULT: ALL TESTS PASS
tb_soak.v:475: $finish called at 989160000 (1ps)
