# OpenROAD detailed_route DRC summary -- emitted by
# phase3_one_shot_runner v1.6.36 (canonicalize_artefacts step).
# Tool: openroad detailed_route (drt)
# Source log: phase3/stage3/pnr/openroad.log
#
# This report is the runner-side projection of OpenROAD
# detailed_route output. Tool signature is `openroad` /
# `detailed_route`; `violation report` line + per-violation
# detail (when present) populate the substance check.
#
# Substance: post-route DRC count derived from openroad
# detailed_route's per-net congestion/violation log lines.
# This is the runner's open-source DRC pass; sign-off DRC
# (Calibre) is invoked separately at Step 31 (waivable when
# Calibre is unavailable in the sandbox).
#
# To upgrade to sign-off-grade DRC, run
# `magic -dnull -noconsole -T <tech.tcl>` against the GDS,
# or the Calibre DRC deck supplied at input/pdk/calibre/.
#
openroad / drt-pass: detailed_route invoked
violation report: 72
violation count summary: 72 violation(s) found
DRC clean: NO
tool: openroad

# === detailed_route + global_route summary lines from openroad.log ===
Number of vias:       29
Number of viarulegen: 25
[INFO DRT-0150] Reading design.
[WARNING DRT-0120] Large net i_rst has 282 pins which may impact routing performance. Consider optimization.
[WARNING DRT-0120] Large net net116 has 723 pins which may impact routing performance. Consider optimization.
[WARNING DRT-0120] Large net net117 has 584 pins which may impact routing performance. Consider optimization.
Number of track patterns: 12
Number of DEF vias:       0
Number of components:     35467
Number of terminals:      48
Number of snets:          2
Number of nets:           6631
[INFO DRT-0167] List of default vias:
[INFO DRT-0162] Library cell analysis.
[INFO DRT-0163] Instance analysis.
[INFO DRT-0164] Number of unique instances = 179.
[INFO DRT-0168] Init region query.
[INFO DRT-0024]   Complete FR_MASTERSLICE.
[INFO DRT-0024]   Complete licon.
[INFO DRT-0024]   Complete li1.
[INFO DRT-0024]   Complete mcon.
[INFO DRT-0024]   Complete met1.
[INFO DRT-0024]   Complete via.
[INFO DRT-0024]   Complete met2.
[INFO DRT-0024]   Complete via2.
[INFO DRT-0024]   Complete met3.
[INFO DRT-0024]   Complete via3.
[INFO DRT-0024]   Complete met4.
[INFO DRT-0024]   Complete via4.
[INFO DRT-0024]   Complete met5.
[INFO DRT-0033] FR_MASTERSLICE shape region query size = 0.
[INFO DRT-0033] licon shape region query size = 0.
[INFO DRT-0033] li1 shape region query size = 331672.
[INFO DRT-0033] mcon shape region query size = 0.
[INFO DRT-0033] met1 shape region query size = 116570.
[INFO DRT-0033] via shape region query size = 100085.
[INFO DRT-0033] met2 shape region query size = 60052.
[INFO DRT-0033] via2 shape region query size = 80068.
[INFO DRT-0033] met3 shape region query size = 60098.
[INFO DRT-0033] via3 shape region query size = 80068.
[INFO DRT-0033] met4 shape region query size = 22829.
[INFO DRT-0033] via4 shape region query size = 2738.
[INFO DRT-0033] met5 shape region query size = 2812.
[INFO DRT-0165] Start pin access.
[INFO DRT-0076]   Complete 1000 pins.
[INFO DRT-0078]   Complete 1462 pins.
[INFO DRT-0079]   Complete 100 unique inst patterns.
[INFO DRT-0081]   Complete 179 unique inst patterns.
[INFO DRT-0084]   Complete 5018 groups.
[INFO DRT-0166] Complete pin access.
[INFO DRT-0267] cpu time = 00:01:02, elapsed time = 00:01:02, memory = 607.91 (MB), peak = 607.22 (MB)
[INFO DRT-0157] Number of guides:     55845
[INFO DRT-0169] Post process guides.
[INFO DRT-0176] GCELLGRID X 0 DO 217 STEP 6900 ;
[INFO DRT-0177] GCELLGRID Y 0 DO 217 STEP 6900 ;
[INFO DRT-0028]   Complete FR_MASTERSLICE.
[INFO DRT-0028]   Complete licon.
[INFO DRT-0028]   Complete li1.
[INFO DRT-0028]   Complete mcon.
[INFO DRT-0028]   Complete met1.
[INFO DRT-0028]   Complete via.
[INFO DRT-0028]   Complete met2.
[INFO DRT-0028]   Complete via2.
[INFO DRT-0028]   Complete met3.
[INFO DRT-0028]   Complete via3.
[INFO DRT-0028]   Complete met4.
[INFO DRT-0028]   Complete via4.
[INFO DRT-0028]   Complete met5.
[INFO DRT-0178] Init guide query.
[INFO DRT-0035]   Complete FR_MASTERSLICE (guide).
[INFO DRT-0035]   Complete licon (guide).
[INFO DRT-0035]   Complete li1 (guide).
[INFO DRT-0035]   Complete mcon (guide).
[INFO DRT-0035]   Complete met1 (guide).
[INFO DRT-0035]   Complete via (guide).
[INFO DRT-0035]   Complete met2 (guide).
[INFO DRT-0035]   Complete via2 (guide).
[INFO DRT-0035]   Complete met3 (guide).
[INFO DRT-0035]   Complete via3 (guide).
[INFO DRT-0035]   Complete met4 (guide).
[INFO DRT-0035]   Complete via4 (guide).
[INFO DRT-0035]   Complete met5 (guide).
[INFO DRT-0036] FR_MASTERSLICE guide region query size = 0.
[INFO DRT-0036] licon guide region query size = 0.
[INFO DRT-0036] li1 guide region query size = 19338.
[INFO DRT-0036] mcon guide region query size = 0.
[INFO DRT-0036] met1 guide region query size = 17504.
[INFO DRT-0036] via guide region query size = 0.
[INFO DRT-0036] met2 guide region query size = 9130.
[INFO DRT-0036] via2 guide region query size = 0.
[INFO DRT-0036] met3 guide region query size = 487.
[INFO DRT-0036] via3 guide region query size = 0.
[INFO DRT-0036] met4 guide region query size = 49.
[INFO DRT-0036] via4 guide region query size = 0.
[INFO DRT-0036] met5 guide region query size = 0.
[INFO DRT-0179] Init gr pin query.
[INFO DRT-0267] cpu time = 00:00:00, elapsed time = 00:00:00, memory = 621.29 (MB), peak = 620.47 (MB)
[INFO DRT-0245] skipped writing guide updates to database.
[INFO DRT-0185] Post process initialize RPin region query.
[INFO DRT-0181] Start track assignment.
[INFO DRT-0184] Done with 28517 vertical wires in 5 frboxes and 17991 horizontal wires in 5 frboxes.
[INFO DRT-0186] Done with 3434 vertical wires in 5 frboxes and 5863 horizontal wires in 5 frboxes.
[INFO DRT-0182] Complete track assignment.
[INFO DRT-0267] cpu time = 00:00:03, elapsed time = 00:00:03, memory = 771.02 (MB), peak = 770.22 (MB)
[INFO DRT-0187] Start routing data preparation.
[INFO DRT-0267] cpu time = 00:00:00, elapsed time = 00:00:00, memory = 771.14 (MB), peak = 770.22 (MB)
[INFO DRT-0194] Start detail routing.
[INFO DRT-0195] Start 0th optimization iteration.
[INFO DRT-0199]   Number of violations = 4254.
[INFO DRT-0267] cpu time = 00:02:05, elapsed time = 00:02:05, memory = 1041.30 (MB), peak = 1040.07 (MB)
Total wire length = 315129 um.
Total wire length on LAYER li1 = 0 um.
Total wire length on LAYER met1 = 133478 um.
Total wire length on LAYER met2 = 154939 um.
Total wire length on LAYER met3 = 22881 um.
Total wire length on LAYER met4 = 3830 um.
Total wire length on LAYER met5 = 0 um.
[INFO DRT-0195] Start 1st optimization iteration.
[INFO DRT-0199]   Number of violations = 2681.
[INFO DRT-0267] cpu time = 00:02:02, elapsed time = 00:02:02, memory = 1042.04 (MB), peak = 1040.82 (MB)
Total wire length = 313143 um.
Total wire length on LAYER li1 = 0 um.
Total wire length on LAYER met1 = 132401 um.
Total wire length on LAYER met2 = 154044 um.
Total wire length on LAYER met3 = 22912 um.
Total wire length on LAYER met4 = 3786 um.
Total wire length on LAYER met5 = 0 um.
[INFO DRT-0195] Start 2nd optimization iteration.
[INFO DRT-0199]   Number of violations = 2243.
[INFO DRT-0267] cpu time = 00:01:56, elapsed time = 00:01:56, memory = 1043.19 (MB), peak = 1056.82 (MB)
Total wire length = 312470 um.
Total wire length on LAYER li1 = 0 um.
Total wire length on LAYER met1 = 132187 um.
Total wire length on LAYER met2 = 153779 um.
Total wire length on LAYER met3 = 22745 um.
Total wire length on LAYER met4 = 3758 um.
Total wire length on LAYER met5 = 0 um.
[INFO DRT-0195] Start 3rd optimization iteration.
[INFO DRT-0199]   Number of violations = 464.
[INFO DRT-0267] cpu time = 00:01:42, elapsed time = 00:01:42, memory = 1071.52 (MB), peak = 1112.93 (MB)
Total wire length = 312120 um.
Total wire length on LAYER li1 = 0 um.
Total wire length on LAYER met1 = 126125 um.
Total wire length on LAYER met2 = 153504 um.
Total wire length on LAYER met3 = 28413 um.
Total wire length on LAYER met4 = 4076 um.
Total wire length on LAYER met5 = 0 um.
[INFO DRT-0195] Start 4th optimization iteration.
[INFO DRT-0199]   Number of violations = 12.
[INFO DRT-0267] cpu time = 00:00:17, elapsed time = 00:00:17, memory = 1074.14 (MB), peak = 1115.55 (MB)
Total wire length = 312134 um.
Total wire length on LAYER li1 = 0 um.
Total wire length on LAYER met1 = 125768 um.
Total wire length on LAYER met2 = 153522 um.
Total wire length on LAYER met3 = 28738 um.
Total wire length on LAYER met4 = 4105 um.
Total wire length on LAYER met5 = 0 um.
[INFO DRT-0195] Start 5th guides tiles iteration.
[INFO DRT-0199]   Number of violations = 0.
[INFO DRT-0267] cpu time = 00:00:00, elapsed time = 00:00:00, memory = 1074.14 (MB), peak = 1115.55 (MB)
Total wire length = 312125 um.
Total wire length on LAYER li1 = 0 um.
Total wire length on LAYER met1 = 125690 um.
Total wire length on LAYER met2 = 153531 um.
Total wire length on LAYER met3 = 28802 um.
Total wire length on LAYER met4 = 4101 um.
Total wire length on LAYER met5 = 0 um.
[WARNING DRT-0290] Warning: no DRC report specified, skipped writing DRC report
[INFO DRT-0198] Complete detail routing.
Total wire length = 312125 um.
Total wire length on LAYER li1 = 0 um.
Total wire length on LAYER met1 = 125690 um.
Total wire length on LAYER met2 = 153531 um.
Total wire length on LAYER met3 = 28802 um.
Total wire length on LAYER met4 = 4101 um.
Total wire length on LAYER met5 = 0 um.
[INFO DRT-0267] cpu time = 00:08:04, elapsed time = 00:08:04, memory = 1074.14 (MB), peak = 1115.55 (MB)
[INFO DRT-0180] Post processing.
[WARNING GRT-0121] repair_antennas should perform only one iteration when the routing source is detailed routing.
[INFO GRT-0012] Found 3 antenna violations.
[INFO GRT-0015] Inserted 6 diodes.
[INFO GRT-0012] Found 0 antenna violations.
[WARNING DRT-0120] Large net i_rst has 282 pins which may impact routing performance. Consider optimization.
[WARNING DRT-0120] Large net net116 has 723 pins which may impact routing performance. Consider optimization.
[WARNING DRT-0120] Large net net117 has 584 pins which may impact routing performance. Consider optimization.
[INFO DRT-0178] Init guide query.
[INFO DRT-0036] FR_MASTERSLICE guide region query size = 0.
[INFO DRT-0036] licon guide region query size = 0.
[INFO DRT-0036] li1 guide region query size = 20580.
[INFO DRT-0036] mcon guide region query size = 0.
[INFO DRT-0036] met1 guide region query size = 18820.
[INFO DRT-0036] via guide region query size = 0.
[INFO DRT-0036] met2 guide region query size = 9836.
[INFO DRT-0036] via2 guide region query size = 0.
[INFO DRT-0036] met3 guide region query size = 505.
[INFO DRT-0036] via3 guide region query size = 0.
[INFO DRT-0036] met4 guide region query size = 48.
[INFO DRT-0036] via4 guide region query size = 0.
[INFO DRT-0036] met5 guide region query size = 0.
[INFO DRT-0179] Init gr pin query.

# === violation lines (last 100, if any) ===
[INFO DRT-0267] cpu time = 00:00:00, elapsed time = 00:00:00, memory = 771.14 (MB), peak = 770.22 (MB)
[INFO DRT-0194] Start detail routing.
[INFO DRT-0195] Start 0th optimization iteration.
    Completing 10% with 0 violations.
    Completing 20% with 0 violations.
    Completing 30% with 915 violations.
    Completing 40% with 915 violations.
    Completing 50% with 915 violations.
    Completing 60% with 1902 violations.
    Completing 70% with 1902 violations.
    Completing 80% with 2743 violations.
    Completing 90% with 2743 violations.
    Completing 100% with 3806 violations.
[INFO DRT-0199]   Number of violations = 4254.
[INFO DRT-0267] cpu time = 00:02:05, elapsed time = 00:02:05, memory = 1041.30 (MB), peak = 1040.07 (MB)
[INFO DRT-0195] Start 1st optimization iteration.
    Completing 10% with 4254 violations.
    Completing 20% with 4254 violations.
    Completing 30% with 3993 violations.
    Completing 40% with 3993 violations.
    Completing 50% with 3993 violations.
    Completing 60% with 3512 violations.
    Completing 70% with 3512 violations.
    Completing 80% with 3077 violations.
    Completing 90% with 3077 violations.
    Completing 100% with 2681 violations.
[INFO DRT-0199]   Number of violations = 2681.
[INFO DRT-0267] cpu time = 00:02:02, elapsed time = 00:02:02, memory = 1042.04 (MB), peak = 1040.82 (MB)
[INFO DRT-0195] Start 2nd optimization iteration.
    Completing 10% with 2681 violations.
    Completing 20% with 2681 violations.
    Completing 30% with 2548 violations.
    Completing 40% with 2548 violations.
    Completing 50% with 2548 violations.
    Completing 60% with 2389 violations.
    Completing 70% with 2389 violations.
    Completing 80% with 2308 violations.
    Completing 90% with 2308 violations.
    Completing 100% with 2243 violations.
[INFO DRT-0199]   Number of violations = 2243.
[INFO DRT-0267] cpu time = 00:01:56, elapsed time = 00:01:56, memory = 1043.19 (MB), peak = 1056.82 (MB)
[INFO DRT-0195] Start 3rd optimization iteration.
    Completing 10% with 2243 violations.
    Completing 20% with 2243 violations.
    Completing 30% with 1743 violations.
    Completing 40% with 1743 violations.
    Completing 50% with 1743 violations.
    Completing 60% with 1332 violations.
    Completing 70% with 1332 violations.
    Completing 80% with 886 violations.
    Completing 90% with 886 violations.
    Completing 100% with 464 violations.
[INFO DRT-0199]   Number of violations = 464.
[INFO DRT-0267] cpu time = 00:01:42, elapsed time = 00:01:42, memory = 1071.52 (MB), peak = 1112.93 (MB)
[INFO DRT-0195] Start 4th optimization iteration.
    Completing 10% with 464 violations.
    Completing 20% with 464 violations.
    Completing 30% with 326 violations.
    Completing 40% with 326 violations.
    Completing 50% with 326 violations.
    Completing 60% with 188 violations.
    Completing 70% with 188 violations.
    Completing 80% with 134 violations.
    Completing 90% with 134 violations.
    Completing 100% with 12 violations.
[INFO DRT-0199]   Number of violations = 12.
[INFO DRT-0267] cpu time = 00:00:17, elapsed time = 00:00:17, memory = 1074.14 (MB), peak = 1115.55 (MB)
[INFO DRT-0195] Start 5th guides tiles iteration.
    Completing 50% with 12 violations.
    Completing 100% with 0 violations.
[INFO DRT-0199]   Number of violations = 0.
[INFO DRT-0267] cpu time = 00:00:00, elapsed time = 00:00:00, memory = 1074.14 (MB), peak = 1115.55 (MB)
[WARNING DRT-0290] Warning: no DRC report specified, skipped writing DRC report
[INFO DRT-0198] Complete detail routing.
[INFO DRT-0267] cpu time = 00:08:04, elapsed time = 00:08:04, memory = 1074.14 (MB), peak = 1115.55 (MB)
[INFO DRT-0180] Post processing.
[INFO ANT-0002] Found 3 net violations.
[INFO ANT-0001] Found 6 pin violations.
[INFO GRT-0012] Found 3 antenna violations.
[INFO GRT-0012] Found 0 antenna violations.
[WARNING DRT-0120] Large net i_rst has 282 pins which may impact routing performance. Consider optimization.
[WARNING DRT-0120] Large net net116 has 723 pins which may impact routing performance. Consider optimization.
[WARNING DRT-0120] Large net net117 has 584 pins which may impact routing performance. Consider optimization.
[INFO DRT-0178] Init guide query.
[INFO DRT-0036] FR_MASTERSLICE guide region query size = 0.
[INFO DRT-0036] licon guide region query size = 0.
[INFO DRT-0036] li1 guide region query size = 20580.
[INFO DRT-0036] mcon guide region query size = 0.
[INFO DRT-0036] met1 guide region query size = 18820.
[INFO DRT-0036] via guide region query size = 0.
[INFO DRT-0036] met2 guide region query size = 9836.
[INFO DRT-0036] via2 guide region query size = 0.
[INFO DRT-0036] met3 guide region query size = 505.
[INFO DRT-0036] via3 guide region query size = 0.
[INFO DRT-0036] met4 guide region query size = 48.
[INFO DRT-0036] via4 guide region query size = 0.
[INFO DRT-0036] met5 guide region query size = 0.
[INFO DRT-0179] Init gr pin query.
[INFO ANT-0002] Found 1 net violations.
[INFO ANT-0001] Found 1 pin violations.
# === full openroad.log (last 3 KB, for reviewer context) ===
5.
Up-via summary (total 53705):

------------------------
 FR_MASTERSLICE        0
            li1    23868
           met1    27705
           met2     1998
           met3      134
           met4        0
------------------------
               53705


[INFO DRT-0267] cpu time = 00:08:04, elapsed time = 00:08:04, memory = 1074.14 (MB), peak = 1115.55 (MB)

[INFO DRT-0180] Post processing.
SPEF_REPAIR_CAPTABLE: /foss/pdks/sky130A/libs.tech/openlane/rules.openrcx.sky130A.nom.magic
[INFO RCX-0431] Defined process_corner X with ext_model_index 0
[INFO RCX-0029] Defined extraction corner X
[INFO RCX-0435] Reading extraction model file /foss/pdks/sky130A/libs.tech/openlane/rules.openrcx.sky130A.nom.magic ...
[INFO RCX-0436] RC segment generation chip_top (max_merge_res 50.0) ...
[INFO RCX-0040] Final 30391 rc segments
[INFO RCX-0439] Coupling Cap extraction chip_top ...
[INFO RCX-0440] Coupling threshhold is 0.1000 fF, coupling capacitance less than 0.1000 fF will be grounded.
[INFO RCX-0442] 14% of 97785 wires extracted
[INFO RCX-0442] 53% of 97785 wires extracted
[INFO RCX-0442] 71% of 97785 wires extracted
[INFO RCX-0442] 99% of 97785 wires extracted
[INFO RCX-0442] 100% of 97785 wires extracted
[INFO RCX-0045] Extract 6631 nets, 37016 rsegs, 37016 caps, 65490 ccs
[INFO RCX-0443] 6631 nets finished
SPEF_MEASURE_COMPLETE
[INFO ANT-0002] Found 3 net violations.
[INFO ANT-0001] Found 6 pin violations.
[WARNING GRT-0121] repair_antennas should perform only one iteration when the routing source is detailed routing.
[INFO GRT-0012] Found 3 antenna violations.
[INFO GRT-0015] Inserted 6 diodes.
[INFO GRT-0012] Found 0 antenna violations.
REPAIR_ANTENNA_DONE: diode=sky130_fd_sc_hd__diode_2
[WARNING DRT-0120] Large net i_rst has 282 pins which may impact routing performance. Consider optimization.
[WARNING DRT-0120] Large net net116 has 723 pins which may impact routing performance. Consider optimization.
[WARNING DRT-0120] Large net net117 has 584 pins which may impact routing performance. Consider optimization.
[INFO DRT-0178] Init guide query.
[INFO DRT-0036] FR_MASTERSLICE guide region query size = 0.
[INFO DRT-0036] licon guide region query size = 0.
[INFO DRT-0036] li1 guide region query size = 20580.
[INFO DRT-0036] mcon guide region query size = 0.
[INFO DRT-0036] met1 guide region query size = 18820.
[INFO DRT-0036] via guide region query size = 0.
[INFO DRT-0036] met2 guide region query size = 9836.
[INFO DRT-0036] via2 guide region query size = 0.
[INFO DRT-0036] met3 guide region query size = 505.
[INFO DRT-0036] via3 guide region query size = 0.
[INFO DRT-0036] met4 guide region query size = 48.
[INFO DRT-0036] via4 guide region query size = 0.
[INFO DRT-0036] met5 guide region query size = 0.
[INFO DRT-0179] Init gr pin query.
[INFO ANT-0002] Found 1 net violations.
[INFO ANT-0001] Found 1 pin violations.
ANTENNA_POSTROUTE_DONE
[INFO DPL-0001] Placed 170662 filler instances.
FILLER_INSERTED: 9 masters
Design area 76208 um^2 4% utilization.

# end of routed.drc.rpt
