# Signal-integrity / crosstalk — TIMING-WINDOW-AWARE ADVISORY screen (OPEN-SOURCE)
# si_signoff_timing_aware.py. Source: OpenSTA arrival windows + SPEF coupling caps.
# SPEF:   /home/reyerchu/AI_IC_design/_bench6_v100_r1/subservient/phase3/stage3/extracted/chip_top.spef
# TIMING: /home/reyerchu/AI_IC_design/_bench6_v100_r1/subservient/phase3/stage3/extracted/chip_top_si_timing.json
#
# SCOPE: this is a timing-window-aware ADVISORY SCREEN that upgrades the floating-
#        victim coupling-ratio advisory bound by adding switching-window decoupling.
#        It is a LUMPED capacitive-divider model gated by OpenSTA windows + driver
#        damping. It is NOT a full RLC(K) transmission-line commercial SI sign-off
#        and does NOT claim commercial equivalence.
#        CONCLUSIVE ONLY in the decoupled-safe direction (non-overlapping windows =>
#        a coupling event is timing-impossible => conclusively safe). The flagged /
#        over-margin direction is NOT a proven failure -- the floating divider bound
#        over-claims on a driven victim (high coupling ratio in dense routing is
#        normal). It is an ADVISORY watch-list that needs foundry CCS-Noise / RLC(K)
#        models for a true pass/fail (a PHYSICAL need for foundry-calibrated models,
#        not commercial-tool lock-in). NO build-failing verdict is ever emitted.
#
vdd_v: 1.8
noise_margin_mv: 100.0
driven_damping_derate: 0.5
nets_analyzed: 6627
coupling_pairs: 41046
pairs_evaluated: 82092
pairs_decoupled_by_window (CONCLUSIVELY SAFE): 7986
max_base_noise_mv (floating bound): 1784.38
max_gated_noise_mv (driven+window): 892.19
watchlist_high_count (overlap+over-margin; flagged, NOT proven-fail): 27404
watchlist_low_count (floating-bound over margin, gating cleared): 7682
crosstalk: SI_TIMING_AWARE_SCREEN
#
# --- HIGH watch-list (overlap AND gated bound > margin; ADVISORY, flagged for commercial SI review -- NOT a proven failure) ---
#   victim=_02193_ aggressor=net102 gated=892.19mV base=1784.38mV driven=True
#   victim=_04780_ aggressor=_04211_ gated=892.19mV base=1784.38mV driven=True
#   victim=_04780_ aggressor=net84 gated=892.19mV base=1784.38mV driven=True
#   victim=_04926_ aggressor=_04081_ gated=890.33mV base=1780.66mV driven=True
#   victim=_04926_ aggressor=net79 gated=890.33mV base=1780.66mV driven=True
#   victim=_05078_ aggressor=_05077_ gated=889.62mV base=1779.23mV driven=True
#   victim=_00006_ aggressor=net117 gated=888.88mV base=1777.76mV driven=True
#   victim=_03891_ aggressor=_02971_ gated=888.19mV base=1776.39mV driven=True
#   victim=_03891_ aggressor=net71 gated=888.19mV base=1776.39mV driven=True
#   victim=_01689_ aggressor=_03175_ gated=887.74mV base=1775.49mV driven=True
#   victim=_02730_ aggressor=u_dut\.u_core\.instr[24] gated=886.65mV base=1773.29mV driven=True
#   victim=_03889_ aggressor=net67 gated=886.29mV base=1772.58mV driven=True
#   victim=_04219_ aggressor=_01372_ gated=885.01mV base=1770.03mV driven=True
#   victim=_04800_ aggressor=_04799_ gated=884.83mV base=1769.66mV driven=True
#   victim=_04784_ aggressor=u_dut\.u_core\.pc[0] gated=884.43mV base=1768.87mV driven=True
#   victim=_04984_ aggressor=i_rst gated=884.4mV base=1768.8mV driven=True
#   victim=_03465_ aggressor=_02842_ gated=883.8mV base=1767.59mV driven=True
#   victim=_04205_ aggressor=_04204_ gated=883.52mV base=1767.04mV driven=True
#   victim=_05114_ aggressor=u_dut\.u_core\.o_mem_wdata[21] gated=882.08mV base=1764.16mV driven=True
#   victim=_03494_ aggressor=_03632_ gated=882.05mV base=1764.09mV driven=True
#   victim=_04921_ aggressor=_01373_ gated=881.53mV base=1763.06mV driven=True
#   victim=_04984_ aggressor=u_dut\.u_servile\.o_sram_addr[1] gated=881.52mV base=1763.03mV driven=True
#   victim=_04722_ aggressor=_03974_ gated=881.02mV base=1762.04mV driven=True
#   victim=_04722_ aggressor=_04723_ gated=881.02mV base=1762.04mV driven=True
#   victim=_03189_ aggressor=_03430_ gated=880.99mV base=1761.98mV driven=True
#   victim=_03255_ aggressor=u_dut\.u_core\.instr[29] gated=880.84mV base=1761.67mV driven=True
#   victim=_04296_ aggressor=_04233_ gated=880.75mV base=1761.49mV driven=True
#   victim=_04788_ aggressor=_01718_ gated=880.71mV base=1761.42mV driven=True
#   victim=_03122_ aggressor=_03386_ gated=880.62mV base=1761.23mV driven=True
#   victim=_03769_ aggressor=_03433_ gated=880.52mV base=1761.03mV driven=True
#   victim=_03769_ aggressor=_03768_ gated=880.52mV base=1761.03mV driven=True
#   victim=_04816_ aggressor=_01353_ gated=879.61mV base=1759.23mV driven=True
#   victim=_04816_ aggressor=_01672_ gated=879.61mV base=1759.23mV driven=True
#   victim=_04899_ aggressor=_03270_ gated=879.5mV base=1758.99mV driven=True
#   victim=_05172_ aggressor=_01319_ gated=879.43mV base=1758.86mV driven=True
#   victim=_04939_ aggressor=_04804_ gated=879.29mV base=1758.57mV driven=True
#   victim=_01200_ aggressor=_01345_ gated=878.99mV base=1757.99mV driven=True
#   victim=_02534_ aggressor=_01445_ gated=878.71mV base=1757.43mV driven=True
#   victim=_02534_ aggressor=_02533_ gated=878.71mV base=1757.43mV driven=True
#   victim=_05170_ aggressor=net117 gated=878.69mV base=1757.39mV driven=True
#   victim=_03526_ aggressor=_02991_ gated=878.65mV base=1757.3mV driven=True
#   victim=_01689_ aggressor=_01441_ gated=878.57mV base=1757.14mV driven=True
#   victim=_03256_ aggressor=_02705_ gated=878.43mV base=1756.85mV driven=True
#   victim=_03256_ aggressor=_02997_ gated=878.43mV base=1756.85mV driven=True
#   victim=_03261_ aggressor=_03431_ gated=878.3mV base=1756.61mV driven=True
#   victim=_03746_ aggressor=u_dut\.u_core\.instr[23] gated=877.71mV base=1755.42mV driven=True
#   victim=_04296_ aggressor=_04209_ gated=877.29mV base=1754.58mV driven=True
#   victim=_04623_ aggressor=net79 gated=877.16mV base=1754.32mV driven=True
#   victim=_03990_ aggressor=_03898_ gated=876.99mV base=1753.98mV driven=True
#   victim=_05124_ aggressor=_04834_ gated=876.82mV base=1753.63mV driven=True
# end of si_crosstalk_timing_aware.rpt
