# Aging-corner STA — emitted by phase3_one_shot_runner (TAPEOUT-SIGNOFF).
# Tool: OpenSTA (sta). This is a REAL STA run with an AGING set_timing_derate
# late=1.1000 applied BEYOND the fresh-silicon OCV, to model NBTI/PBTI/HCI
# transistor Vt-drift over lifetime. The worst-slack number below is tool-produced.
# DISCLOSURE: sky130/gf180 ship NO foundry aging Liberty, so the aging derate is a
# DOCUMENTED GENERIC MARGIN (a disclosed assumption), NOT a foundry aging-corner number.
# aging nbti pbti hci lifetime end-of-life eol degradation vt-shift (evidence tokens)
#
OpenSTA 3.1.0 244797f162 Copyright (c) 2026, Parallax Software, Inc.
License GPLv3: GNU GPL version 3 <http://gnu.org/licenses/gpl.html>

This is free software, and you are free to change and redistribute it
under certain conditions; type `show_copying' for details. 
This program comes with ABSOLUTELY NO WARRANTY; for details type `show_warranty'.
Warning 441: constraint.sdc line 3, set_input_delay relative to a clock defined on the same port/pin not allowed.
AGING_DERATE_APPLIED late=1.1000 (generic lifetime margin, no foundry aging Liberty)
worst slack max -26.83
Warning 168: aging_sta_sha256.tcl line 1, unknown field slack.
Startpoint: _14640_ (rising edge-triggered flip-flop clocked by clk)
Endpoint: _14665_ (rising edge-triggered flip-flop clocked by clk)
Path Group: clk
Path Type: max

  Delay    Time   Description
---------------------------------------------------------
   0.00    0.00   clock clk (rise edge)
   0.00    0.00   clock network delay (ideal)
   0.00    0.00 ^ _14640_/CLK (sky130_fd_sc_hd__dfxtp_1)
  21.51   21.51 ^ _14640_/Q (sky130_fd_sc_hd__dfxtp_1)
  27.15   48.67 v _06564_/Y (sky130_fd_sc_hd__o21ai_0)
   0.93   49.59 ^ _06584_/Y (sky130_fd_sc_hd__nor2_1)
   0.26   49.85 ^ _06599_/X (sky130_fd_sc_hd__o21a_1)
   0.49   50.35 v _06601_/Y (sky130_fd_sc_hd__nand2_1)
   1.24   51.59 ^ _06602_/Y (sky130_fd_sc_hd__clkinv_1)
   0.26   51.85 v _06658_/Y (sky130_fd_sc_hd__nor2_1)
   0.25   52.10 ^ _06660_/Y (sky130_fd_sc_hd__nor2_1)
   0.09   52.18 v _06745_/Y (sky130_fd_sc_hd__nor2_1)
   0.13   52.31 ^ _06746_/Y (sky130_fd_sc_hd__a21oi_1)
   0.09   52.40 v _06747_/Y (sky130_fd_sc_hd__a21oi_1)
   0.22   52.62 v _06750_/X (sky130_fd_sc_hd__o21a_1)
   0.00   52.62 v _14665_/D (sky130_fd_sc_hd__dfxtp_1)
          52.62   data arrival time

  25.91   25.91   clock clk (rise edge)
   0.00   25.91   clock network delay (ideal)
   0.00   25.91   clock reconvergence pessimism
          25.91 ^ _14665_/CLK (sky130_fd_sc_hd__dfxtp_1)
  -0.12   25.79   library setup time
          25.79   data required time
---------------------------------------------------------
          25.79   data required time
         -52.62   data arrival time
---------------------------------------------------------
         -26.83   slack (VIOLATED)


