# OpenROAD detailed_route DRC summary -- emitted by
# phase3_one_shot_runner v1.6.36 (canonicalize_artefacts step).
# Tool: openroad detailed_route (drt)
# Source log: phase3/stage3/pnr/openroad.log
#
# This report is the runner-side projection of OpenROAD
# detailed_route output. Tool signature is `openroad` /
# `detailed_route`; `violation report` line + per-violation
# detail (when present) populate the substance check.
#
# Substance: post-route DRC count derived from openroad
# detailed_route's per-net congestion/violation log lines. This is
# the router's own in-loop DRC pass.
# Sign-off DRC runs SEPARATELY at Step 31: when the PDK ships a
# Calibre/Assura `.rule` deck (input/pdk/calibre/), the runner
# executes that foundry deck NATIVELY via the vibeic KLayout SVRF
# engine (_try_svrf_native_drc) — NO Calibre license/binary
# required; that IS the sign-off-grade verdict. A KLayout `.lydrc`
# or `magic` deck is only the fallback when no SVRF deck exists.
#
openroad / drt-pass: detailed_route invoked
violation report: 0
violation count summary: 0 violation(s) found
drc source: final [INFO DRT-0199] count
DRC clean: YES
tool: openroad

# === detailed_route + global_route summary lines from openroad.log ===
[WARNING DRT-0120] Large net net136 has 113 pins which may impact routing performance. Consider optimization.
[WARNING DRT-0120] Large net net138 has 108 pins which may impact routing performance. Consider optimization.
Number of track patterns: 12
Number of DEF vias:       0
Number of components:     11553
Number of terminals:      78
Number of snets:          2
Number of nets:           8487
[INFO DRT-0167] List of default vias:
[INFO DRT-0162] Library cell analysis.
[INFO DRT-0163] Instance analysis.
[INFO DRT-0164] Number of unique instances = 182.
[INFO DRT-0168] Init region query.
[INFO DRT-0024]   Complete FR_MASTERSLICE.
[INFO DRT-0024]   Complete licon.
[INFO DRT-0024]   Complete li1.
[INFO DRT-0024]   Complete mcon.
[INFO DRT-0024]   Complete met1.
[INFO DRT-0024]   Complete via.
[INFO DRT-0024]   Complete met2.
[INFO DRT-0024]   Complete via2.
[INFO DRT-0024]   Complete met3.
[INFO DRT-0024]   Complete via3.
[INFO DRT-0024]   Complete met4.
[INFO DRT-0024]   Complete via4.
[INFO DRT-0024]   Complete met5.
[INFO DRT-0033] FR_MASTERSLICE shape region query size = 0.
[INFO DRT-0033] licon shape region query size = 0.
[INFO DRT-0033] li1 shape region query size = 274758.
[INFO DRT-0033] mcon shape region query size = 0.
[INFO DRT-0033] met1 shape region query size = 44450.
[INFO DRT-0033] via shape region query size = 9835.
[INFO DRT-0033] met2 shape region query size = 5979.
[INFO DRT-0033] via2 shape region query size = 7868.
[INFO DRT-0033] met3 shape region query size = 5901.
[INFO DRT-0033] via3 shape region query size = 7868.
[INFO DRT-0033] met4 shape region query size = 2255.
[INFO DRT-0033] via4 shape region query size = 265.
[INFO DRT-0033] met5 shape region query size = 288.
[INFO DRT-0165] Start pin access.
[INFO DRT-0076]   Complete 1000 pins.
[INFO DRT-0078]   Complete 1414 pins.
[INFO DRT-0079]   Complete 100 unique inst patterns.
[INFO DRT-0081]   Complete 182 unique inst patterns.
[INFO DRT-0084]   Complete 5761 groups.
[INFO DRT-0166] Complete pin access.
[INFO DRT-0267] cpu time = 00:01:29, elapsed time = 00:01:29, memory = 393.90 (MB), peak = 393.64 (MB)
[INFO DRT-0157] Number of guides:     67454
[INFO DRT-0169] Post process guides.
[INFO DRT-0176] GCELLGRID X 0 DO 71 STEP 6900 ;
[INFO DRT-0177] GCELLGRID Y 0 DO 71 STEP 6900 ;
[INFO DRT-0028]   Complete FR_MASTERSLICE.
[INFO DRT-0028]   Complete licon.
[INFO DRT-0028]   Complete li1.
[INFO DRT-0028]   Complete mcon.
[INFO DRT-0028]   Complete met1.
[INFO DRT-0028]   Complete via.
[INFO DRT-0028]   Complete met2.
[INFO DRT-0028]   Complete via2.
[INFO DRT-0028]   Complete met3.
[INFO DRT-0028]   Complete via3.
[INFO DRT-0028]   Complete met4.
[INFO DRT-0028]   Complete via4.
[INFO DRT-0028]   Complete met5.
[INFO DRT-0178] Init guide query.
[INFO DRT-0035]   Complete FR_MASTERSLICE (guide).
[INFO DRT-0035]   Complete licon (guide).
[INFO DRT-0035]   Complete li1 (guide).
[INFO DRT-0035]   Complete mcon (guide).
[INFO DRT-0035]   Complete met1 (guide).
[INFO DRT-0035]   Complete via (guide).
[INFO DRT-0035]   Complete met2 (guide).
[INFO DRT-0035]   Complete via2 (guide).
[INFO DRT-0035]   Complete met3 (guide).
[INFO DRT-0035]   Complete via3 (guide).
[INFO DRT-0035]   Complete met4 (guide).
[INFO DRT-0035]   Complete via4 (guide).
[INFO DRT-0035]   Complete met5 (guide).
[INFO DRT-0036] FR_MASTERSLICE guide region query size = 0.
[INFO DRT-0036] licon guide region query size = 0.
[INFO DRT-0036] li1 guide region query size = 24457.
[INFO DRT-0036] mcon guide region query size = 0.
[INFO DRT-0036] met1 guide region query size = 20644.
[INFO DRT-0036] via guide region query size = 0.
[INFO DRT-0036] met2 guide region query size = 10434.
[INFO DRT-0036] via2 guide region query size = 0.
[INFO DRT-0036] met3 guide region query size = 185.
[INFO DRT-0036] via3 guide region query size = 0.
[INFO DRT-0036] met4 guide region query size = 32.
[INFO DRT-0036] via4 guide region query size = 0.
[INFO DRT-0036] met5 guide region query size = 0.
[INFO DRT-0179] Init gr pin query.
[INFO DRT-0267] cpu time = 00:00:00, elapsed time = 00:00:00, memory = 411.52 (MB), peak = 411.14 (MB)
[INFO DRT-0245] skipped writing guide updates to database.
[INFO DRT-0181] Start track assignment.
[INFO DRT-0184] Done with 34923 vertical wires in 2 frboxes and 20829 horizontal wires in 2 frboxes.
[INFO DRT-0186] Done with 4214 vertical wires in 2 frboxes and 6734 horizontal wires in 2 frboxes.
[INFO DRT-0182] Complete track assignment.
[INFO DRT-0267] cpu time = 00:00:02, elapsed time = 00:00:02, memory = 488.55 (MB), peak = 488.14 (MB)
[INFO DRT-0187] Start routing data preparation.
[INFO DRT-0267] cpu time = 00:00:00, elapsed time = 00:00:00, memory = 488.55 (MB), peak = 488.14 (MB)
[INFO DRT-0194] Start detail routing.
[INFO DRT-0195] Start 0th optimization iteration.
[INFO DRT-0199]   Number of violations = 6704.
[INFO DRT-0267] cpu time = 00:03:02, elapsed time = 00:03:02, memory = 842.07 (MB), peak = 840.62 (MB)
Total wire length = 335103 um.
Total wire length on LAYER li1 = 0 um.
Total wire length on LAYER met1 = 147201 um.
Total wire length on LAYER met2 = 176281 um.
Total wire length on LAYER met3 = 7911 um.
Total wire length on LAYER met4 = 3709 um.
Total wire length on LAYER met5 = 0 um.
[INFO DRT-0195] Start 1st optimization iteration.
[INFO DRT-0199]   Number of violations = 3563.
[INFO DRT-0267] cpu time = 00:02:55, elapsed time = 00:02:55, memory = 842.07 (MB), peak = 840.62 (MB)
Total wire length = 332873 um.
Total wire length on LAYER li1 = 0 um.
Total wire length on LAYER met1 = 145666 um.
Total wire length on LAYER met2 = 175310 um.
Total wire length on LAYER met3 = 8091 um.
Total wire length on LAYER met4 = 3806 um.
Total wire length on LAYER met5 = 0 um.
[INFO DRT-0195] Start 2nd optimization iteration.
[INFO DRT-0199]   Number of violations = 3047.
[INFO DRT-0267] cpu time = 00:02:45, elapsed time = 00:02:45, memory = 873.75 (MB), peak = 907.67 (MB)
Total wire length = 331967 um.
Total wire length on LAYER li1 = 0 um.
Total wire length on LAYER met1 = 145151 um.
Total wire length on LAYER met2 = 174996 um.
Total wire length on LAYER met3 = 8057 um.
Total wire length on LAYER met4 = 3761 um.
Total wire length on LAYER met5 = 0 um.
[INFO DRT-0195] Start 3rd optimization iteration.
[INFO DRT-0199]   Number of violations = 449.
[INFO DRT-0267] cpu time = 00:02:28, elapsed time = 00:02:28, memory = 889.51 (MB), peak = 907.67 (MB)
Total wire length = 331819 um.
Total wire length on LAYER li1 = 0 um.
Total wire length on LAYER met1 = 137120 um.
Total wire length on LAYER met2 = 174841 um.
Total wire length on LAYER met3 = 15551 um.
Total wire length on LAYER met4 = 4306 um.
Total wire length on LAYER met5 = 0 um.
[INFO DRT-0195] Start 4th optimization iteration.
[INFO DRT-0199]   Number of violations = 38.
[INFO DRT-0267] cpu time = 00:00:28, elapsed time = 00:00:28, memory = 889.52 (MB), peak = 907.67 (MB)
Total wire length = 331810 um.
Total wire length on LAYER li1 = 0 um.
Total wire length on LAYER met1 = 136775 um.
Total wire length on LAYER met2 = 174885 um.
Total wire length on LAYER met3 = 15828 um.
Total wire length on LAYER met4 = 4320 um.
Total wire length on LAYER met5 = 0 um.
[INFO DRT-0195] Start 5th guides tiles iteration.
[INFO DRT-0199]   Number of violations = 0.
[INFO DRT-0267] cpu time = 00:00:02, elapsed time = 00:00:02, memory = 842.46 (MB), peak = 907.67 (MB)
Total wire length = 331822 um.
Total wire length on LAYER li1 = 0 um.
Total wire length on LAYER met1 = 136783 um.
Total wire length on LAYER met2 = 174823 um.
Total wire length on LAYER met3 = 15838 um.
Total wire length on LAYER met4 = 4376 um.
Total wire length on LAYER met5 = 0 um.
[WARNING DRT-0290] Warning: no DRC report specified, skipped writing DRC report
[INFO DRT-0198] Complete detail routing.
Total wire length = 331822 um.
Total wire length on LAYER li1 = 0 um.
Total wire length on LAYER met1 = 136783 um.
Total wire length on LAYER met2 = 174823 um.
Total wire length on LAYER met3 = 15838 um.
Total wire length on LAYER met4 = 4376 um.
Total wire length on LAYER met5 = 0 um.
[INFO DRT-0267] cpu time = 00:11:42, elapsed time = 00:11:42, memory = 842.46 (MB), peak = 907.67 (MB)
[INFO DRT-0180] Post processing.
[INFO DRT-0501] Runtime: 794.94s
[INFO GRT-0012] Found 19 antenna violations.
[INFO GRT-0015] Inserted 22 diodes.
[WARNING DRT-0120] Large net _00020_ has 136 pins which may impact routing performance. Consider optimization.
[WARNING DRT-0120] Large net _01599_ has 129 pins which may impact routing performance. Consider optimization.
[WARNING DRT-0120] Large net net45 has 118 pins which may impact routing performance. Consider optimization.
[WARNING DRT-0120] Large net net46 has 104 pins which may impact routing performance. Consider optimization.
[WARNING DRT-0120] Large net net62 has 113 pins which may impact routing performance. Consider optimization.
[WARNING DRT-0120] Large net net126 has 149 pins which may impact routing performance. Consider optimization.
[WARNING DRT-0120] Large net net136 has 113 pins which may impact routing performance. Consider optimization.
[WARNING DRT-0120] Large net net138 has 108 pins which may impact routing performance. Consider optimization.
[INFO DRT-0178] Init guide query.
[INFO DRT-0036] FR_MASTERSLICE guide region query size = 0.
[INFO DRT-0036] licon guide region query size = 0.
[INFO DRT-0036] li1 guide region query size = 24461.
[INFO DRT-0036] mcon guide region query size = 0.
[INFO DRT-0036] met1 guide region query size = 20632.
[INFO DRT-0036] via guide region query size = 0.
[INFO DRT-0036] met2 guide region query size = 10420.
[INFO DRT-0036] via2 guide region query size = 0.
[INFO DRT-0036] met3 guide region query size = 184.
[INFO DRT-0036] via3 guide region query size = 0.
[INFO DRT-0036] met4 guide region query size = 33.
[INFO DRT-0036] via4 guide region query size = 0.
[INFO DRT-0036] met5 guide region query size = 0.
[INFO DRT-0179] Init gr pin query.
[INFO DRT-0501] Runtime: 175.33s

# === violation lines (last 100, if any) ===
    Completing 70% with 5163 violations.
    Completing 80% with 4401 violations.
    Completing 90% with 4401 violations.
    Completing 100% with 3560 violations.
[INFO DRT-0199]   Number of violations = 3563.
[INFO DRT-0267] cpu time = 00:02:55, elapsed time = 00:02:55, memory = 842.07 (MB), peak = 840.62 (MB)
[INFO DRT-0195] Start 2nd optimization iteration.
    Completing 10% with 3563 violations.
    Completing 20% with 3563 violations.
    Completing 30% with 3603 violations.
    Completing 40% with 3603 violations.
    Completing 50% with 3603 violations.
    Completing 60% with 3425 violations.
    Completing 70% with 3425 violations.
    Completing 80% with 3285 violations.
    Completing 90% with 3285 violations.
    Completing 100% with 3047 violations.
[INFO DRT-0199]   Number of violations = 3047.
[INFO DRT-0267] cpu time = 00:02:45, elapsed time = 00:02:45, memory = 873.75 (MB), peak = 907.67 (MB)
[INFO DRT-0195] Start 3rd optimization iteration.
    Completing 10% with 3047 violations.
    Completing 20% with 3047 violations.
    Completing 30% with 2514 violations.
    Completing 40% with 2514 violations.
    Completing 50% with 2514 violations.
    Completing 60% with 1806 violations.
    Completing 70% with 1806 violations.
    Completing 80% with 1213 violations.
    Completing 90% with 1213 violations.
    Completing 100% with 449 violations.
[INFO DRT-0199]   Number of violations = 449.
[INFO DRT-0267] cpu time = 00:02:28, elapsed time = 00:02:28, memory = 889.51 (MB), peak = 907.67 (MB)
[INFO DRT-0195] Start 4th optimization iteration.
    Completing 10% with 449 violations.
    Completing 20% with 449 violations.
    Completing 30% with 343 violations.
    Completing 40% with 343 violations.
    Completing 50% with 343 violations.
    Completing 60% with 262 violations.
    Completing 70% with 262 violations.
    Completing 80% with 146 violations.
    Completing 90% with 146 violations.
    Completing 100% with 38 violations.
[INFO DRT-0199]   Number of violations = 38.
[INFO DRT-0267] cpu time = 00:00:28, elapsed time = 00:00:28, memory = 889.52 (MB), peak = 907.67 (MB)
[INFO DRT-0195] Start 5th guides tiles iteration.
    Completing 10% with 38 violations.
    Completing 20% with 38 violations.
    Completing 30% with 38 violations.
    Completing 40% with 38 violations.
    Completing 50% with 23 violations.
    Completing 60% with 23 violations.
    Completing 70% with 23 violations.
    Completing 80% with 7 violations.
    Completing 90% with 0 violations.
    Completing 100% with 0 violations.
[INFO DRT-0199]   Number of violations = 0.
[INFO DRT-0267] cpu time = 00:00:02, elapsed time = 00:00:02, memory = 842.46 (MB), peak = 907.67 (MB)
[WARNING DRT-0290] Warning: no DRC report specified, skipped writing DRC report
[INFO DRT-0198] Complete detail routing.
[INFO DRT-0267] cpu time = 00:11:42, elapsed time = 00:11:42, memory = 842.46 (MB), peak = 907.67 (MB)
[INFO DRT-0180] Post processing.
[INFO DRT-0501] Runtime: 794.94s
[INFO ANT-0002] Found 19 net violations.
[INFO ANT-0001] Found 22 pin violations.
[INFO ANT-0002] Found 19 net violations.
[INFO ANT-0001] Found 22 pin violations.
[INFO ANT-0002] Found 19 net violations.
[INFO ANT-0001] Found 22 pin violations.
[INFO GRT-0012] Found 19 antenna violations.
[WARNING DRT-0120] Large net _00020_ has 136 pins which may impact routing performance. Consider optimization.
[WARNING DRT-0120] Large net _01599_ has 129 pins which may impact routing performance. Consider optimization.
[WARNING DRT-0120] Large net net45 has 118 pins which may impact routing performance. Consider optimization.
[WARNING DRT-0120] Large net net46 has 104 pins which may impact routing performance. Consider optimization.
[WARNING DRT-0120] Large net net62 has 113 pins which may impact routing performance. Consider optimization.
[WARNING DRT-0120] Large net net126 has 149 pins which may impact routing performance. Consider optimization.
[WARNING DRT-0120] Large net net136 has 113 pins which may impact routing performance. Consider optimization.
[WARNING DRT-0120] Large net net138 has 108 pins which may impact routing performance. Consider optimization.
[INFO DRT-0178] Init guide query.
[INFO DRT-0036] FR_MASTERSLICE guide region query size = 0.
[INFO DRT-0036] licon guide region query size = 0.
[INFO DRT-0036] li1 guide region query size = 24461.
[INFO DRT-0036] mcon guide region query size = 0.
[INFO DRT-0036] met1 guide region query size = 20632.
[INFO DRT-0036] via guide region query size = 0.
[INFO DRT-0036] met2 guide region query size = 10420.
[INFO DRT-0036] via2 guide region query size = 0.
[INFO DRT-0036] met3 guide region query size = 184.
[INFO DRT-0036] via3 guide region query size = 0.
[INFO DRT-0036] met4 guide region query size = 33.
[INFO DRT-0036] via4 guide region query size = 0.
[INFO DRT-0036] met5 guide region query size = 0.
[INFO DRT-0179] Init gr pin query.
[INFO DRT-0501] Runtime: 175.33s
[INFO ANT-0002] Found 0 net violations.
[INFO ANT-0001] Found 0 pin violations.
[INFO ANT-0002] Found 0 net violations.
[INFO ANT-0001] Found 0 pin violations.
[INFO ANT-0002] Found 0 net violations.
[INFO ANT-0001] Found 0 pin violations.
# === full openroad.log (last 3 KB, for reviewer context) ===
INFO ANT-0001] Found 22 pin violations.
[INFO ANT-0002] Found 19 net violations.
[INFO ANT-0001] Found 22 pin violations.
[INFO GRT-0012] Found 19 antenna violations.
[INFO DPL-0006] Core area: 214831.04 um^2, Instances area: 97506.02 um^2, Utilization: 45.4%
[INFO DPL-0005] Diamond search max displacement: +/- 500 sites horizontally, +/- 100 rows vertically.
[INFO DPL-1101] Legalizing using diamond search.
Movements Summary
---------------------------------------
Total cells:                       0
Diamond Move Success:              0 (  0.00%)
Diamond Move Failure:              0
Rip-up and replace Success:        0 (  0.00% of diamond failures)
Rip-up and replace Failure:        0
Total Placement Failures:          0
---------------------------------------
[INFO DPL-0500] Runtime: 0.05s
[INFO GRT-0015] Inserted 22 diodes.
[WARNING DRT-0120] Large net _00020_ has 136 pins which may impact routing performance. Consider optimization.
[WARNING DRT-0120] Large net _01599_ has 129 pins which may impact routing performance. Consider optimization.
[WARNING DRT-0120] Large net net45 has 118 pins which may impact routing performance. Consider optimization.
[WARNING DRT-0120] Large net net46 has 104 pins which may impact routing performance. Consider optimization.
[WARNING DRT-0120] Large net net62 has 113 pins which may impact routing performance. Consider optimization.
[WARNING DRT-0120] Large net net126 has 149 pins which may impact routing performance. Consider optimization.
[WARNING DRT-0120] Large net net136 has 113 pins which may impact routing performance. Consider optimization.
[WARNING DRT-0120] Large net net138 has 108 pins which may impact routing performance. Consider optimization.
[INFO DRT-0178] Init guide query.
[INFO DRT-0036] FR_MASTERSLICE guide region query size = 0.
[INFO DRT-0036] licon guide region query size = 0.
[INFO DRT-0036] li1 guide region query size = 24461.
[INFO DRT-0036] mcon guide region query size = 0.
[INFO DRT-0036] met1 guide region query size = 20632.
[INFO DRT-0036] via guide region query size = 0.
[INFO DRT-0036] met2 guide region query size = 10420.
[INFO DRT-0036] via2 guide region query size = 0.
[INFO DRT-0036] met3 guide region query size = 184.
[INFO DRT-0036] via3 guide region query size = 0.
[INFO DRT-0036] met4 guide region query size = 33.
[INFO DRT-0036] via4 guide region query size = 0.
[INFO DRT-0036] met5 guide region query size = 0.
[INFO DRT-0179] Init gr pin query.
[INFO DRT-0501] Runtime: 175.33s
[INFO ANT-0002] Found 0 net violations.
[INFO ANT-0001] Found 0 pin violations.
REPAIR_ANTENNA_DONE: diode=sky130_fd_sc_hd__diode_2 iter=0 margin=0
[INFO ANT-0002] Found 0 net violations.
[INFO ANT-0001] Found 0 pin violations.
ANTENNA_LOOP_CONVERGED: iter=1
[INFO ANT-0002] Found 0 net violations.
[INFO ANT-0001] Found 0 pin violations.
ANTENNA_POSTROUTE_DONE
[INFO DPL-0001] Placed 14380 filler instances.
FILLER_INSERTED: 9 masters (core_util=45.38730343622598%)
Design area 97506 um^2 45% utilization.

# end of routed.drc.rpt
