# OpenROAD PSM Electromigration (EM) report — emitted by
# phase3_one_shot_runner (ORGANIC-20260531 sign-off-chain step).
# Tool: openroad / PSM analyze_power_grid -enable_em.
# Power nets analysed: VPWR
#
# Substance: per-segment current (Amperes) on the power grid,
# from which current density (A/cm^2) is derived for EM lifetime
# screening. Values below in A; 'current density' anchors the gate.
#
openroad / PSM: EM analysis (electromigration)
EM lifetime screen: power-grid segment current density
########## EM analysis ###############
Maximum current    : 2.45e-04 A
Average current    : 4.89e-06 A

segments_analysed: 12516
max segment current: 2.453e-04 A
current density (Jpeak, derived): 2.453e-04 A per segment width — screen vs PDK Jmax (mA/um) limit

# === Full PSM/EM stdout (provenance) ===
[INFO] Final PATH variable: /headless/.local/bin:/foss/tools/bin:/foss/tools/sak:/usr/local/sbin:/headless/.local/bin:/foss/tools/bin:/foss/tools/sak:/foss/tools/kactus2:/foss/tools/klayout:/foss/tools/osic-multitool:/usr/local/sbin:/usr/local/bin:/usr/sbin:/usr/bin:/sbin:/bin:/foss/tools/kactus2:/foss/tools/klayout:/foss/tools/osic-multitool
[INFO] Final PYTHONPATH variable: /headless/.local/lib/python3.12/site-packages:/usr/lib/python312.zip:/usr/lib/python3.12:/usr/lib/python3.12/lib-dynload:/usr/local/lib/python3.12/dist-packages:/opt/vibeic-forks/cocotb/src:/usr/lib/python3/dist-packages:/foss/tools/ngspyce/local/lib/python3.12/dist-packages:/foss/tools/openems/local/lib/python3.12/dist-packages:/foss/tools/pyopus/local/lib/python3.12/dist-packages:/foss/tools/yosys/share/yosys/python3:/foss/tools/klayout/pymod:/foss/tools/vacask/lib/vacask/python
OpenROAD 26Q3-111-g3efb695851 
Features included (+) or not (-): +GPU +GUI +Python
This program is licensed under the BSD-3 license. See the LICENSE file for details.
Components of this program may be licensed under more restrictive licenses which must be honored.
[INFO ODB-0227] LEF file: /foss/pdks/sky130A/libs.ref/sky130_fd_sc_hd/techlef/sky130_fd_sc_hd__nom.tlef, created 14 layers, 25 vias
[WARNING ODB-0220] WARNING (LEFPARS-2008): NOWIREEXTENSIONATPIN statement is obsolete in version 5.6 or later.
The NOWIREEXTENSIONATPIN statement will be ignored. See file /foss/pdks/sky130A/libs.ref/sky130_fd_sc_hd/lef/sky130_fd_sc_hd.lef at line 2.

[INFO ODB-0227] LEF file: /foss/pdks/sky130A/libs.ref/sky130_fd_sc_hd/lef/sky130_fd_sc_hd.lef, created 437 library cells
[INFO ODB-0127] Reading DEF file: /home/reyerchu/vibe-ic/benchmark-data/ic/sha256/clean_run_v1427_20260715/phase3/stage3/pnr/sha256.def
[INFO ODB-0128] Design: sha256
[INFO ODB-0130]     Created 78 pins.
[INFO ODB-0131]     Created 25955 components and 129010 component-terminals.
[INFO ODB-0132]     Created 2 special nets and 38248 connections.
[INFO ODB-0133]     Created 8487 nets and 30243 connections.
[INFO ODB-0134] Finished DEF file: /home/reyerchu/vibe-ic/benchmark-data/ic/sha256/clean_run_v1427_20260715/phase3/stage3/pnr/sha256.def
=== PSM_NET VPWR ===
[INFO PSM-0040] All shapes on net VPWR are connected.
[INFO PSM-0073] Using bump pattern with x-pitch 140.0000um, y-pitch 140.0000um, and size 70.0000um with an reduction factor of 3x.
########## IR report #################
Net              : VPWR
Corner           : default
Total power      : 5.34e-03 W
Supply voltage   : 1.80e+00 V
Worstcase voltage: 1.80e+00 V
Average voltage  : 1.80e+00 V
Average IR drop  : 1.28e-04 V
Worstcase IR drop: 2.95e-04 V
Percentage drop  : 0.02 %
######################################
########## EM analysis ###############
Net                : VPWR
Corner             : default
Maximum current    : 2.45e-04 A
Average current    : 4.89e-06 A
Number of resistors: 12516
######################################


# end of em.rpt
