=== SETUP corner: process=SS liberty, SPEF=sha256.max.spef ===
OCV_DERATE_APPLIED early=0.95 late=1.05 flat-OCV
worst slack max -67.61
tns max -45526.53
Group                                  Slack
--------------------------------------------
No paths found.

max slew

Pin                                    Limit    Slew   Slack
------------------------------------------------------------
_07014_/A2                              1.50   27.34  -25.84 (VIOLATED)

max capacitance

Pin                                    Limit     Cap   Slack
------------------------------------------------------------
_06961_/Y                               0.46    0.70   -0.24 (VIOLATED)

                                     Required  Actual
Pin                                    Width   Width   Slack
------------------------------------------------------------
_13830_/CLK (high)                      1.28   11.75   10.47 (MET)

SIGNOFF_CHECK_TYPES_REPORTED recovery removal max_slew min_pulse_width max_capacitance
=== HOLD corner: process=FF liberty, SPEF=sha256.min.spef ===
OCV_DERATE_APPLIED early=0.95 late=1.05 flat-OCV
worst slack min 0.31
tns max 0.00
Group                                  Slack
--------------------------------------------
No paths found.

max slew

Pin                                    Limit    Slew   Slack
------------------------------------------------------------
_07013_/Y                               1.49    7.11   -5.62 (VIOLATED)

max capacitance

Pin                                    Limit     Cap   Slack
------------------------------------------------------------
_06966_/X                               0.41    1.03   -0.62 (VIOLATED)

                                     Required  Actual
Pin                                    Width   Width   Slack
------------------------------------------------------------
_13830_/CLK (high)                      0.08   12.69   12.61 (MET)

SIGNOFF_CHECK_TYPES_REPORTED recovery removal max_slew min_pulse_width max_capacitance
