# post_route_timing.rpt — SPEF-BASED post-route STA (canonical, #527).
# Basis: extracted parasitics (read_spef phase3/stage3/extracted/user_project_wrapper.spef).
# The estimate-based report_checks is retained at phase3/stage3/pnr/sta.rpt for comparison.
Startpoint: _343_ (rising edge-triggered flip-flop clocked by clk)
Endpoint: wbs_dat_o[15] (output port clocked by clk)
Path Group: clk
Path Type: max

  Delay    Time   Description
---------------------------------------------------------
   0.00    0.00   clock clk (rise edge)
   0.00    0.00   clock network delay (ideal)
   0.00    0.00 ^ _343_/CLK (sky130_fd_sc_hd__edfxtp_1)
   4.80    4.80 ^ _343_/Q (sky130_fd_sc_hd__edfxtp_1)
   0.73    5.53 ^ wire3/X (sky130_fd_sc_hd__buf_12)
   0.28    5.81 ^ wbs_dat_o[15] (out)
           5.81   data arrival time

  25.00   25.00   clock clk (rise edge)
   0.00   25.00   clock network delay (ideal)
   0.00   25.00   clock reconvergence pessimism
  -2.00   23.00   output external delay
          23.00   data required time
---------------------------------------------------------
          23.00   data required time
          -5.81   data arrival time
---------------------------------------------------------
          17.19   slack (MET)


tns max 0.00
wns max 0.00
worst slack max 17.19
