SBY 21:07:58 [spm_reset_safety_task] Removing directory '/w/spm_reset_safety_task'.
SBY 21:07:58 [spm_reset_safety_task] Copy '/w/formal_top.sv' to '/w/spm_reset_safety_task/src/formal_top.sv'.
SBY 21:07:58 [spm_reset_safety_task] Copy '/w/spm.v' to '/w/spm_reset_safety_task/src/spm.v'.
SBY 21:07:58 [spm_reset_safety_task] engine_0: abc pdr
SBY 21:07:58 [spm_reset_safety_task] base: starting process "cd spm_reset_safety_task/src; yosys -ql ../model/design.log ../model/design.ys"
SBY 21:07:58 [spm_reset_safety_task] base: finished (returncode=0)
SBY 21:07:58 [spm_reset_safety_task] prep: starting process "cd spm_reset_safety_task/model; yosys -ql design_prep.log design_prep.ys"
SBY 21:07:58 [spm_reset_safety_task] prep: finished (returncode=0)
SBY 21:07:58 [spm_reset_safety_task] aig: starting process "cd spm_reset_safety_task/model; yosys -ql design_aiger.log design_aiger.ys"
SBY 21:07:58 [spm_reset_safety_task] aig: Warning: Treating undriven bit formal_top.\clk like $anyseq.
SBY 21:07:58 [spm_reset_safety_task] aig: Warning: Treating undriven bit formal_top.\y like $anyseq.
SBY 21:07:58 [spm_reset_safety_task] aig: Warning: Treating undriven bit formal_top.\x [0] like $anyseq.
SBY 21:07:58 [spm_reset_safety_task] aig: Warning: Treating undriven bit formal_top.\x [1] like $anyseq.
SBY 21:07:58 [spm_reset_safety_task] aig: Warning: Treating undriven bit formal_top.\x [2] like $anyseq.
SBY 21:07:58 [spm_reset_safety_task] aig: Warning: Treating undriven bit formal_top.\x [3] like $anyseq.
SBY 21:07:58 [spm_reset_safety_task] aig: Warning: Treating undriven bit formal_top.\x [4] like $anyseq.
SBY 21:07:58 [spm_reset_safety_task] aig: Warning: Treating undriven bit formal_top.\x [5] like $anyseq.
SBY 21:07:58 [spm_reset_safety_task] aig: Warning: Treating undriven bit formal_top.\x [6] like $anyseq.
SBY 21:07:58 [spm_reset_safety_task] aig: Warning: Treating undriven bit formal_top.\x [7] like $anyseq.
SBY 21:07:58 [spm_reset_safety_task] aig: Warning: Treating undriven bit formal_top.\x [8] like $anyseq.
SBY 21:07:58 [spm_reset_safety_task] aig: Warning: Treating undriven bit formal_top.\x [9] like $anyseq.
SBY 21:07:58 [spm_reset_safety_task] aig: Warning: Treating undriven bit formal_top.\x [10] like $anyseq.
SBY 21:07:58 [spm_reset_safety_task] aig: Warning: Treating undriven bit formal_top.\x [11] like $anyseq.
SBY 21:07:58 [spm_reset_safety_task] aig: Warning: Treating undriven bit formal_top.\x [12] like $anyseq.
SBY 21:07:58 [spm_reset_safety_task] aig: Warning: Treating undriven bit formal_top.\x [13] like $anyseq.
SBY 21:07:58 [spm_reset_safety_task] aig: Warning: Treating undriven bit formal_top.\x [14] like $anyseq.
SBY 21:07:58 [spm_reset_safety_task] aig: Warning: Treating undriven bit formal_top.\x [15] like $anyseq.
SBY 21:07:58 [spm_reset_safety_task] aig: Warning: Treating undriven bit formal_top.\x [16] like $anyseq.
SBY 21:07:58 [spm_reset_safety_task] aig: Warning: Treating undriven bit formal_top.\x [17] like $anyseq.
SBY 21:07:58 [spm_reset_safety_task] aig: Warning: Treating undriven bit formal_top.\x [18] like $anyseq.
SBY 21:07:58 [spm_reset_safety_task] aig: Warning: Treating undriven bit formal_top.\x [19] like $anyseq.
SBY 21:07:58 [spm_reset_safety_task] aig: Warning: Treating undriven bit formal_top.\x [20] like $anyseq.
SBY 21:07:58 [spm_reset_safety_task] aig: Warning: Treating undriven bit formal_top.\x [21] like $anyseq.
SBY 21:07:58 [spm_reset_safety_task] aig: Warning: Treating undriven bit formal_top.\x [22] like $anyseq.
SBY 21:07:58 [spm_reset_safety_task] aig: Warning: Treating undriven bit formal_top.\x [23] like $anyseq.
SBY 21:07:58 [spm_reset_safety_task] aig: Warning: Treating undriven bit formal_top.\x [24] like $anyseq.
SBY 21:07:58 [spm_reset_safety_task] aig: Warning: Treating undriven bit formal_top.\x [25] like $anyseq.
SBY 21:07:58 [spm_reset_safety_task] aig: Warning: Treating undriven bit formal_top.\x [26] like $anyseq.
SBY 21:07:58 [spm_reset_safety_task] aig: Warning: Treating undriven bit formal_top.\x [27] like $anyseq.
SBY 21:07:58 [spm_reset_safety_task] aig: Warning: Treating undriven bit formal_top.\x [28] like $anyseq.
SBY 21:07:58 [spm_reset_safety_task] aig: Warning: Treating undriven bit formal_top.\x [29] like $anyseq.
SBY 21:07:58 [spm_reset_safety_task] aig: Warning: Treating undriven bit formal_top.\x [30] like $anyseq.
SBY 21:07:58 [spm_reset_safety_task] aig: Warning: Treating undriven bit formal_top.\x [31] like $anyseq.
SBY 21:07:58 [spm_reset_safety_task] aig: Warning: Treating undriven bit formal_top.\rst like $anyseq.
SBY 21:07:58 [spm_reset_safety_task] aig: Warning: Treating a total of 35 undriven bits in formal_top like $anyseq.
SBY 21:07:59 [spm_reset_safety_task] aig: finished (returncode=0)
SBY 21:07:59 [spm_reset_safety_task] engine_0: starting process "cd spm_reset_safety_task; yosys-abc -c 'read_aiger model/design_aiger.aig; fold; strash; pdr -v -l; write_cex -a engine_0/trace.aiw'"
SBY 21:07:59 [spm_reset_safety_task] engine_0: ======== ABC command line "read_aiger model/design_aiger.aig; fold; strash; pdr -v -l; write_cex -a engine_0/trace.aiw"
SBY 21:07:59 [spm_reset_safety_task] engine_0: Warning: The last output is interpreted as a constraint.
SBY 21:07:59 [spm_reset_safety_task] engine_0: VarMax = 300. FrameMax = 10000. QueMax = 0. TimeMax = 119. MonoCNF = no. SkipGen = no. SolveAll = no.
SBY 21:07:59 [spm_reset_safety_task] engine_0: Frame Clauses                                                     Max Queue Flops Time
SBY 21:07:59 [spm_reset_safety_task] engine_0: 1 : 0 1                                                                 1     1      0.00 sec  T/O =  0  PRV =  0
SBY 21:07:59 [spm_reset_safety_task] engine_0: 2 : 0 1 3                                                               2     5      0.01 sec  T/O =  0  PRV =  0
SBY 21:07:59 [spm_reset_safety_task] engine_0: Proved output 0 in frame 2.
SBY 21:07:59 [spm_reset_safety_task] engine_0: 3 : 0 1 0 0 ~3                                                           0     5      0.01 sec  T/O =  0  PRV =  1
SBY 21:07:59 [spm_reset_safety_task] engine_0: Block =    2  Oblig =     6  Clause =     4  Call =    21 (sat=52.4%)  Cex =   0  Start =   0
SBY 21:07:59 [spm_reset_safety_task] engine_0: SAT solving =     0.00 sec (  2.05 %)
SBY 21:07:59 [spm_reset_safety_task] engine_0: unsat     =     0.00 sec (  0.04 %)
SBY 21:07:59 [spm_reset_safety_task] engine_0: sat       =     0.00 sec (  2.02 %)
SBY 21:07:59 [spm_reset_safety_task] engine_0: Generalize  =     0.00 sec (  1.31 %)
SBY 21:07:59 [spm_reset_safety_task] engine_0: Push clause =     0.00 sec (  0.33 %)
SBY 21:07:59 [spm_reset_safety_task] engine_0: Ternary sim =     0.00 sec (  0.07 %)
SBY 21:07:59 [spm_reset_safety_task] engine_0: Containment =     0.00 sec (  0.00 %)
SBY 21:07:59 [spm_reset_safety_task] engine_0: CNF compute =     0.00 sec (  0.15 %)
SBY 21:07:59 [spm_reset_safety_task] engine_0: Refinement  =     0.00 sec (  0.00 %)
SBY 21:07:59 [spm_reset_safety_task] engine_0: TOTAL       =     0.01 sec (100.00 %)
SBY 21:07:59 [spm_reset_safety_task] engine_0: Property proved.  Time =     0.01 sec
SBY 21:07:59 [spm_reset_safety_task] engine_0: Counter-example is not available.
SBY 21:07:59 [spm_reset_safety_task] engine_0: finished (returncode=0)
SBY 21:07:59 [spm_reset_safety_task] engine_0: Status returned by engine: PASS
SBY 21:07:59 [spm_reset_safety_task] summary: Elapsed clock time [H:MM:SS (secs)]: 0:00:00 (0)
SBY 21:07:59 [spm_reset_safety_task] summary: Elapsed process time [H:MM:SS (secs)]: 0:00:00 (0)
SBY 21:07:59 [spm_reset_safety_task] summary: engine_0 (abc pdr) returned PASS
SBY 21:07:59 [spm_reset_safety_task] summary: engine_0 did not produce any traces
SBY 21:07:59 [spm_reset_safety_task] DONE (PASS, rc=0)
