Startpoint: _407_ (rising edge-triggered flip-flop clocked by clk)
Endpoint: _406_ (rising edge-triggered flip-flop clocked by clk)
Path Group: clk
Path Type: min

  Delay    Time   Description
---------------------------------------------------------
   0.00    0.00   clock clk (rise edge)
   0.00    0.00   clock source latency
   0.00    0.00 ^ clk (in)
   0.12    0.12 ^ clkbuf_0_clk/X (sky130_fd_sc_hd__clkbuf_16)
   0.14    0.26 ^ clkbuf_2_1__f_clk/X (sky130_fd_sc_hd__clkbuf_16)
   0.00    0.26 ^ _407_/CLK (sky130_fd_sc_hd__dfxtp_1)
   0.29    0.55 v _407_/Q (sky130_fd_sc_hd__dfxtp_1)
   0.11    0.66 v _204_/X (sky130_fd_sc_hd__lpflow_isobufsrc_1)
   0.00    0.66 v _406_/D (sky130_fd_sc_hd__dfxtp_1)
           0.66   data arrival time

   0.00    0.00   clock clk (rise edge)
   0.00    0.00   clock source latency
   0.00    0.00 ^ clk (in)
   0.12    0.12 ^ clkbuf_0_clk/X (sky130_fd_sc_hd__clkbuf_16)
   0.14    0.26 ^ clkbuf_2_1__f_clk/X (sky130_fd_sc_hd__clkbuf_16)
   0.00    0.26 ^ _406_/CLK (sky130_fd_sc_hd__dfxtp_1)
   0.00    0.26   clock reconvergence pessimism
  -0.04    0.22   library hold time
           0.22   data required time
---------------------------------------------------------
           0.22   data required time
          -0.66   data arrival time
---------------------------------------------------------
           0.45   slack (MET)


# Hold (min-path) sign-off summary (report_worst_slack -min):
worst hold slack 0.4461111051282424
hold WNS 0.4461111051282424
