# OpenROAD detailed_route DRC summary -- emitted by
# phase3_one_shot_runner v1.6.36 (canonicalize_artefacts step).
# Tool: openroad detailed_route (drt)
# Source log: phase3/stage3/pnr/openroad.log
#
# This report is the runner-side projection of OpenROAD
# detailed_route output. Tool signature is `openroad` /
# `detailed_route`; `violation report` line + per-violation
# detail (when present) populate the substance check.
#
# Substance: post-route DRC count derived from openroad
# detailed_route's per-net congestion/violation log lines.
# This is the runner's open-source DRC pass; sign-off DRC
# (Calibre) is invoked separately at Step 31 (waivable when
# Calibre is unavailable in the sandbox).
#
# To upgrade to sign-off-grade DRC, run
# `magic -dnull -noconsole -T <tech.tcl>` against the GDS,
# or the Calibre DRC deck supplied at input/pdk/calibre/.
#
openroad / drt-pass: detailed_route invoked
violation report: 50
violation count summary: 50 violation(s) found
DRC clean: NO
tool: openroad

# === detailed_route + global_route summary lines from openroad.log ===
[INFO ODB-0227] LEF file: /foss/pdks/sky130A/libs.ref/sky130_fd_sc_hd/techlef/sky130_fd_sc_hd__nom.tlef, created 14 layers, 25 vias
[WARNING ODB-0220] WARNING (LEFPARS-2008): NOWIREEXTENSIONATPIN statement is obsolete in version 5.6 or later.
[INFO ODB-0227] LEF file: /foss/pdks/sky130A/libs.ref/sky130_fd_sc_hd/lef/sky130_fd_sc_hd.lef, created 437 library cells
[INFO IFP-0105] Number of instances:                    236
[INFO PPL-0001] Number of available slots 5456
[INFO PPL-0002] Number of I/O             36
[INFO PPL-0003] Number of I/O w/sink      36
[INFO PPL-0004] Number of I/O w/o sink    0
[INFO GPL-0006] Number of instances:             28962
[INFO GPL-0010] Number of nets:                    271
[INFO GPL-0011] Number of pins:                    911
[INFO GPL-0030] Number of bins:                  65536
[ERROR ODB-0369] Attempt to connect iterm of dont_touch instance spare_inverter_0
SPARE_TIEOFF_NONFATAL: ODB-0369
[INFO CTS-0030]  Number of static layers: 0.
[INFO CTS-0035]  Number of sinks covered: 33.
[INFO DRT-0149] Reading tech and libs.
[WARNING DRT-0349] LEF58_ENCLOSURE with no CUTCLASS is not supported. Skipping for layer mcon
[WARNING DRT-0349] LEF58_ENCLOSURE with no CUTCLASS is not supported. Skipping for layer mcon
[WARNING DRT-0349] LEF58_ENCLOSURE with no CUTCLASS is not supported. Skipping for layer via
[WARNING DRT-0349] LEF58_ENCLOSURE with no CUTCLASS is not supported. Skipping for layer via
[WARNING DRT-0349] LEF58_ENCLOSURE with no CUTCLASS is not supported. Skipping for layer via2
[WARNING DRT-0349] LEF58_ENCLOSURE with no CUTCLASS is not supported. Skipping for layer via2
[WARNING DRT-0349] LEF58_ENCLOSURE with no CUTCLASS is not supported. Skipping for layer via3
[WARNING DRT-0349] LEF58_ENCLOSURE with no CUTCLASS is not supported. Skipping for layer via3
[WARNING DRT-0349] LEF58_ENCLOSURE with no CUTCLASS is not supported. Skipping for layer via4
[WARNING DRT-0349] LEF58_ENCLOSURE with no CUTCLASS is not supported. Skipping for layer via4
Number of layers:     13
Number of macros:     437
Number of vias:       29
Number of viarulegen: 25
[INFO DRT-0150] Reading design.
Number of track patterns: 12
Number of DEF vias:       0
Number of components:     28976
Number of terminals:      36
Number of snets:          2
Number of nets:           277
[INFO DRT-0167] List of default vias:
[INFO DRT-0162] Library cell analysis.
[INFO DRT-0163] Instance analysis.
[INFO DRT-0164] Number of unique instances = 57.
[INFO DRT-0168] Init region query.
[INFO DRT-0024]   Complete FR_MASTERSLICE.
[INFO DRT-0024]   Complete licon.
[INFO DRT-0024]   Complete li1.
[INFO DRT-0024]   Complete mcon.
[INFO DRT-0024]   Complete met1.
[INFO DRT-0024]   Complete via.
[INFO DRT-0024]   Complete met2.
[INFO DRT-0024]   Complete via2.
[INFO DRT-0024]   Complete met3.
[INFO DRT-0024]   Complete via3.
[INFO DRT-0024]   Complete met4.
[INFO DRT-0024]   Complete via4.
[INFO DRT-0024]   Complete met5.
[INFO DRT-0033] FR_MASTERSLICE shape region query size = 0.
[INFO DRT-0033] licon shape region query size = 0.
[INFO DRT-0033] li1 shape region query size = 123228.
[INFO DRT-0033] mcon shape region query size = 0.
[INFO DRT-0033] met1 shape region query size = 78774.
[INFO DRT-0033] via shape region query size = 100085.
[INFO DRT-0033] met2 shape region query size = 60051.
[INFO DRT-0033] via2 shape region query size = 80068.
[INFO DRT-0033] met3 shape region query size = 60087.
[INFO DRT-0033] via3 shape region query size = 80068.
[INFO DRT-0033] met4 shape region query size = 22829.
[INFO DRT-0033] via4 shape region query size = 2738.
[INFO DRT-0033] met5 shape region query size = 2812.
[INFO DRT-0165] Start pin access.
[INFO DRT-0078]   Complete 429 pins.
[INFO DRT-0081]   Complete 57 unique inst patterns.
[INFO DRT-0084]   Complete 156 groups.
[INFO DRT-0166] Complete pin access.
[INFO DRT-0267] cpu time = 00:00:08, elapsed time = 00:00:08, memory = 410.96 (MB), peak = 409.98 (MB)
[INFO DRT-0157] Number of guides:     1691
[INFO DRT-0169] Post process guides.
[INFO DRT-0176] GCELLGRID X 0 DO 217 STEP 6900 ;
[INFO DRT-0177] GCELLGRID Y 0 DO 217 STEP 6900 ;
[INFO DRT-0028]   Complete FR_MASTERSLICE.
[INFO DRT-0028]   Complete licon.
[INFO DRT-0028]   Complete li1.
[INFO DRT-0028]   Complete mcon.
[INFO DRT-0028]   Complete met1.
[INFO DRT-0028]   Complete via.
[INFO DRT-0028]   Complete met2.
[INFO DRT-0028]   Complete via2.
[INFO DRT-0028]   Complete met3.
[INFO DRT-0028]   Complete via3.
[INFO DRT-0028]   Complete met4.
[INFO DRT-0028]   Complete via4.
[INFO DRT-0028]   Complete met5.
[INFO DRT-0178] Init guide query.
[INFO DRT-0035]   Complete FR_MASTERSLICE (guide).
[INFO DRT-0035]   Complete licon (guide).
[INFO DRT-0035]   Complete li1 (guide).
[INFO DRT-0035]   Complete mcon (guide).
[INFO DRT-0035]   Complete met1 (guide).
[INFO DRT-0035]   Complete via (guide).
[INFO DRT-0035]   Complete met2 (guide).
[INFO DRT-0035]   Complete via2 (guide).
[INFO DRT-0035]   Complete met3 (guide).
[INFO DRT-0035]   Complete via3 (guide).
[INFO DRT-0035]   Complete met4 (guide).
[INFO DRT-0035]   Complete via4 (guide).
[INFO DRT-0035]   Complete met5 (guide).
[INFO DRT-0036] FR_MASTERSLICE guide region query size = 0.
[INFO DRT-0036] licon guide region query size = 0.
[INFO DRT-0036] li1 guide region query size = 639.
[INFO DRT-0036] mcon guide region query size = 0.
[INFO DRT-0036] met1 guide region query size = 491.
[INFO DRT-0036] via guide region query size = 0.
[INFO DRT-0036] met2 guide region query size = 241.
[INFO DRT-0036] via2 guide region query size = 0.
[INFO DRT-0036] met3 guide region query size = 36.
[INFO DRT-0036] via3 guide region query size = 0.
[INFO DRT-0036] met4 guide region query size = 0.
[INFO DRT-0036] via4 guide region query size = 0.
[INFO DRT-0036] met5 guide region query size = 0.
[INFO DRT-0179] Init gr pin query.
[INFO DRT-0267] cpu time = 00:00:00, elapsed time = 00:00:00, memory = 411.13 (MB), peak = 409.98 (MB)
[INFO DRT-0245] skipped writing guide updates to database.
[INFO DRT-0185] Post process initialize RPin region query.
[INFO DRT-0181] Start track assignment.
[INFO DRT-0184] Done with 880 vertical wires in 5 frboxes and 527 horizontal wires in 5 frboxes.
[INFO DRT-0186] Done with 88 vertical wires in 5 frboxes and 118 horizontal wires in 5 frboxes.
[INFO DRT-0182] Complete track assignment.
[INFO DRT-0267] cpu time = 00:00:01, elapsed time = 00:00:01, memory = 504.75 (MB), peak = 503.48 (MB)
[INFO DRT-0187] Start routing data preparation.
[INFO DRT-0267] cpu time = 00:00:00, elapsed time = 00:00:00, memory = 504.75 (MB), peak = 503.48 (MB)
[INFO DRT-0194] Start detail routing.
[INFO DRT-0195] Start 0th optimization iteration.
[INFO DRT-0199]   Number of violations = 85.
[INFO DRT-0267] cpu time = 00:00:02, elapsed time = 00:00:02, memory = 774.54 (MB), peak = 773.48 (MB)
Total wire length = 5507 um.
Total wire length on LAYER li1 = 0 um.
Total wire length on LAYER met1 = 2147 um.
Total wire length on LAYER met2 = 2281 um.
Total wire length on LAYER met3 = 1078 um.
Total wire length on LAYER met4 = 0 um.
Total wire length on LAYER met5 = 0 um.
[INFO DRT-0195] Start 1st optimization iteration.
[INFO DRT-0199]   Number of violations = 40.
[INFO DRT-0267] cpu time = 00:00:02, elapsed time = 00:00:02, memory = 774.55 (MB), peak = 773.48 (MB)
Total wire length = 5510 um.
Total wire length on LAYER li1 = 0 um.
Total wire length on LAYER met1 = 2189 um.
Total wire length on LAYER met2 = 2265 um.
Total wire length on LAYER met3 = 1054 um.
Total wire length on LAYER met4 = 0 um.
Total wire length on LAYER met5 = 0 um.
[INFO DRT-0195] Start 2nd optimization iteration.
[INFO DRT-0199]   Number of violations = 20.
[INFO DRT-0267] cpu time = 00:00:02, elapsed time = 00:00:02, memory = 774.55 (MB), peak = 773.48 (MB)
Total wire length = 5488 um.
Total wire length on LAYER li1 = 0 um.
Total wire length on LAYER met1 = 2173 um.
Total wire length on LAYER met2 = 2249 um.
Total wire length on LAYER met3 = 1065 um.
Total wire length on LAYER met4 = 0 um.
Total wire length on LAYER met5 = 0 um.
[INFO DRT-0195] Start 3rd guides tiles iteration.
[INFO DRT-0199]   Number of violations = 0.
[INFO DRT-0267] cpu time = 00:00:00, elapsed time = 00:00:00, memory = 774.55 (MB), peak = 773.48 (MB)
Total wire length = 5505 um.
Total wire length on LAYER li1 = 0 um.
Total wire length on LAYER met1 = 2144 um.
Total wire length on LAYER met2 = 2258 um.
Total wire length on LAYER met3 = 1102 um.
Total wire length on LAYER met4 = 0 um.
Total wire length on LAYER met5 = 0 um.
[WARNING DRT-0290] Warning: no DRC report specified, skipped writing DRC report
[INFO DRT-0198] Complete detail routing.
Total wire length = 5505 um.
Total wire length on LAYER li1 = 0 um.
Total wire length on LAYER met1 = 2144 um.
Total wire length on LAYER met2 = 2258 um.
Total wire length on LAYER met3 = 1102 um.
Total wire length on LAYER met4 = 0 um.
Total wire length on LAYER met5 = 0 um.
[INFO DRT-0267] cpu time = 00:00:07, elapsed time = 00:00:07, memory = 774.55 (MB), peak = 773.48 (MB)
[INFO DRT-0180] Post processing.

# === violation lines (last 100, if any) ===
[INFO DRT-0028]   Complete met4.
[INFO DRT-0028]   Complete via4.
[INFO DRT-0028]   Complete met5.
[INFO DRT-0178] Init guide query.
[INFO DRT-0035]   Complete FR_MASTERSLICE (guide).
[INFO DRT-0035]   Complete licon (guide).
[INFO DRT-0035]   Complete li1 (guide).
[INFO DRT-0035]   Complete mcon (guide).
[INFO DRT-0035]   Complete met1 (guide).
[INFO DRT-0035]   Complete via (guide).
[INFO DRT-0035]   Complete met2 (guide).
[INFO DRT-0035]   Complete via2 (guide).
[INFO DRT-0035]   Complete met3 (guide).
[INFO DRT-0035]   Complete via3 (guide).
[INFO DRT-0035]   Complete met4 (guide).
[INFO DRT-0035]   Complete via4 (guide).
[INFO DRT-0035]   Complete met5 (guide).
[INFO DRT-0036] FR_MASTERSLICE guide region query size = 0.
[INFO DRT-0036] licon guide region query size = 0.
[INFO DRT-0036] li1 guide region query size = 639.
[INFO DRT-0036] mcon guide region query size = 0.
[INFO DRT-0036] met1 guide region query size = 491.
[INFO DRT-0036] via guide region query size = 0.
[INFO DRT-0036] met2 guide region query size = 241.
[INFO DRT-0036] via2 guide region query size = 0.
[INFO DRT-0036] met3 guide region query size = 36.
[INFO DRT-0036] via3 guide region query size = 0.
[INFO DRT-0036] met4 guide region query size = 0.
[INFO DRT-0036] via4 guide region query size = 0.
[INFO DRT-0036] met5 guide region query size = 0.
[INFO DRT-0179] Init gr pin query.
[INFO DRT-0267] cpu time = 00:00:00, elapsed time = 00:00:00, memory = 411.13 (MB), peak = 409.98 (MB)
[INFO DRT-0245] skipped writing guide updates to database.
[INFO DRT-0185] Post process initialize RPin region query.
[INFO DRT-0181] Start track assignment.
[INFO DRT-0184] Done with 880 vertical wires in 5 frboxes and 527 horizontal wires in 5 frboxes.
[INFO DRT-0186] Done with 88 vertical wires in 5 frboxes and 118 horizontal wires in 5 frboxes.
[INFO DRT-0182] Complete track assignment.
[INFO DRT-0267] cpu time = 00:00:01, elapsed time = 00:00:01, memory = 504.75 (MB), peak = 503.48 (MB)
[INFO DRT-0187] Start routing data preparation.
[INFO DRT-0267] cpu time = 00:00:00, elapsed time = 00:00:00, memory = 504.75 (MB), peak = 503.48 (MB)
[INFO DRT-0194] Start detail routing.
[INFO DRT-0195] Start 0th optimization iteration.
    Completing 10% with 0 violations.
    Completing 20% with 0 violations.
    Completing 30% with 12 violations.
    Completing 40% with 12 violations.
    Completing 50% with 12 violations.
    Completing 60% with 27 violations.
    Completing 70% with 27 violations.
    Completing 80% with 34 violations.
    Completing 90% with 34 violations.
    Completing 100% with 44 violations.
[INFO DRT-0199]   Number of violations = 85.
[INFO DRT-0267] cpu time = 00:00:02, elapsed time = 00:00:02, memory = 774.54 (MB), peak = 773.48 (MB)
[INFO DRT-0195] Start 1st optimization iteration.
    Completing 10% with 85 violations.
    Completing 20% with 85 violations.
    Completing 30% with 79 violations.
    Completing 40% with 79 violations.
    Completing 50% with 79 violations.
    Completing 60% with 76 violations.
    Completing 70% with 76 violations.
    Completing 80% with 78 violations.
    Completing 90% with 78 violations.
    Completing 100% with 40 violations.
[INFO DRT-0199]   Number of violations = 40.
[INFO DRT-0267] cpu time = 00:00:02, elapsed time = 00:00:02, memory = 774.55 (MB), peak = 773.48 (MB)
[INFO DRT-0195] Start 2nd optimization iteration.
    Completing 10% with 40 violations.
    Completing 20% with 40 violations.
    Completing 30% with 40 violations.
    Completing 40% with 40 violations.
    Completing 50% with 40 violations.
    Completing 60% with 40 violations.
    Completing 70% with 40 violations.
    Completing 80% with 14 violations.
    Completing 90% with 14 violations.
    Completing 100% with 20 violations.
[INFO DRT-0199]   Number of violations = 20.
[INFO DRT-0267] cpu time = 00:00:02, elapsed time = 00:00:02, memory = 774.55 (MB), peak = 773.48 (MB)
[INFO DRT-0195] Start 3rd guides tiles iteration.
    Completing 10% with 20 violations.
    Completing 20% with 20 violations.
    Completing 30% with 20 violations.
    Completing 40% with 20 violations.
    Completing 50% with 20 violations.
    Completing 60% with 0 violations.
    Completing 70% with 0 violations.
    Completing 80% with 0 violations.
    Completing 100% with 0 violations.
[INFO DRT-0199]   Number of violations = 0.
[INFO DRT-0267] cpu time = 00:00:00, elapsed time = 00:00:00, memory = 774.55 (MB), peak = 773.48 (MB)
[WARNING DRT-0290] Warning: no DRC report specified, skipped writing DRC report
[INFO DRT-0198] Complete detail routing.
[INFO DRT-0267] cpu time = 00:00:07, elapsed time = 00:00:07, memory = 774.55 (MB), peak = 773.48 (MB)
[INFO DRT-0180] Post processing.
[INFO ANT-0002] Found 0 net violations.
[INFO ANT-0001] Found 0 pin violations.
ANTENNA_ALREADY_CLEAN: 0 net violations, skipping repair+reroute
# === full openroad.log (last 3 KB, for reviewer context) ===
   elapsed time = 00:00:00, memory = 774.55 (MB).
    Completing 70% with 0 violations.
    elapsed time = 00:00:00, memory = 774.55 (MB).
    Completing 80% with 0 violations.
    elapsed time = 00:00:00, memory = 774.55 (MB).
    Completing 100% with 0 violations.
    elapsed time = 00:00:00, memory = 774.55 (MB).
[INFO DRT-0199]   Number of violations = 0.
[INFO DRT-0267] cpu time = 00:00:00, elapsed time = 00:00:00, memory = 774.55 (MB), peak = 773.48 (MB)
Total wire length = 5505 um.
Total wire length on LAYER li1 = 0 um.
Total wire length on LAYER met1 = 2144 um.
Total wire length on LAYER met2 = 2258 um.
Total wire length on LAYER met3 = 1102 um.
Total wire length on LAYER met4 = 0 um.
Total wire length on LAYER met5 = 0 um.
Total number of vias = 1705.
Up-via summary (total 1705):

-----------------------
 FR_MASTERSLICE       0
            li1     906
           met1     754
           met2      45
           met3       0
           met4       0
-----------------------
               1705


[WARNING DRT-0290] Warning: no DRC report specified, skipped writing DRC report
[INFO DRT-0198] Complete detail routing.
Total wire length = 5505 um.
Total wire length on LAYER li1 = 0 um.
Total wire length on LAYER met1 = 2144 um.
Total wire length on LAYER met2 = 2258 um.
Total wire length on LAYER met3 = 1102 um.
Total wire length on LAYER met4 = 0 um.
Total wire length on LAYER met5 = 0 um.
Total number of vias = 1705.
Up-via summary (total 1705):

-----------------------
 FR_MASTERSLICE       0
            li1     906
           met1     754
           met2      45
           met3       0
           met4       0
-----------------------
               1705


[INFO DRT-0267] cpu time = 00:00:07, elapsed time = 00:00:07, memory = 774.55 (MB), peak = 773.48 (MB)

[INFO DRT-0180] Post processing.
SPEF_REPAIR_CAPTABLE: /foss/pdks/sky130A/libs.tech/openlane/rules.openrcx.sky130A.nom.magic
[INFO RCX-0431] Defined process_corner X with ext_model_index 0
[INFO RCX-0029] Defined extraction corner X
[INFO RCX-0435] Reading extraction model file /foss/pdks/sky130A/libs.tech/openlane/rules.openrcx.sky130A.nom.magic ...
[INFO RCX-0436] RC segment generation chip_top (max_merge_res 50.0) ...
[INFO RCX-0040] Final 1013 rc segments
[INFO RCX-0439] Coupling Cap extraction chip_top ...
[INFO RCX-0440] Coupling threshhold is 0.1000 fF, coupling capacitance less than 0.1000 fF will be grounded.
[INFO RCX-0442] 29% of 42384 wires extracted
[INFO RCX-0442] 61% of 42384 wires extracted
[INFO RCX-0442] 97% of 42384 wires extracted
[INFO RCX-0442] 100% of 42384 wires extracted
[INFO RCX-0045] Extract 277 nets, 1289 rsegs, 1289 caps, 1600 ccs
[INFO RCX-0443] 277 nets finished
SPEF_MEASURE_COMPLETE
[INFO ANT-0002] Found 0 net violations.
[INFO ANT-0001] Found 0 pin violations.
ANTENNA_ALREADY_CLEAN: 0 net violations, skipping repair+reroute
ANTENNA_POSTROUTE_DONE
[INFO DPL-0001] Placed 172465 filler instances.
FILLER_INSERTED: 9 masters
Design area 2022 um^2 0% utilization.

# end of routed.drc.rpt
