Startpoint: y (input port clocked by clk)
Endpoint: _438_ (rising edge-triggered flip-flop clocked by clk)
Path Group: clk
Path Type: max

  Delay    Time   Description
---------------------------------------------------------
   0.00    0.00   clock clk (rise edge)
   0.00    0.00   clock network delay (propagated)
   2.00    2.00 ^ input external delay
   0.00    2.00 ^ y (in)
   0.19    2.19 ^ _209_/X (sky130_fd_sc_hd__and3_1)
   0.18    2.37 v _214_/X (sky130_fd_sc_hd__o21ba_1)
   0.22    2.59 v _220_/X (sky130_fd_sc_hd__o21a_1)
   0.22    2.82 v _226_/X (sky130_fd_sc_hd__o21a_1)
   0.22    3.03 v _232_/X (sky130_fd_sc_hd__o21a_1)
   0.22    3.25 v _238_/X (sky130_fd_sc_hd__o21a_1)
   0.22    3.48 v _244_/X (sky130_fd_sc_hd__o21a_1)
   0.23    3.70 v _250_/X (sky130_fd_sc_hd__o21a_1)
   0.29    3.99 ^ _265_/Y (sky130_fd_sc_hd__o211ai_1)
   0.21    4.20 v _277_/Y (sky130_fd_sc_hd__a311oi_1)
   0.33    4.53 v _290_/X (sky130_fd_sc_hd__o311a_1)
   0.52    5.05 ^ _305_/Y (sky130_fd_sc_hd__o311ai_0)
   0.23    5.28 v _318_/Y (sky130_fd_sc_hd__a311oi_1)
   0.59    5.87 ^ _332_/Y (sky130_fd_sc_hd__o311ai_0)
   0.18    6.05 v _348_/Y (sky130_fd_sc_hd__a31oi_1)
   0.52    6.57 ^ _363_/Y (sky130_fd_sc_hd__o311ai_0)
   0.22    6.79 v _367_/Y (sky130_fd_sc_hd__a31oi_1)
   0.25    7.04 v _373_/X (sky130_fd_sc_hd__o21a_1)
   0.37    7.41 v _378_/X (sky130_fd_sc_hd__maj3_1)
   0.23    7.65 v _384_/X (sky130_fd_sc_hd__o21a_1)
   0.22    7.86 v _390_/X (sky130_fd_sc_hd__o21a_1)
   0.21    8.08 v _396_/X (sky130_fd_sc_hd__o21a_1)
   0.22    8.30 ^ _402_/Y (sky130_fd_sc_hd__o21ai_0)
   0.18    8.48 ^ _404_/X (sky130_fd_sc_hd__and3_1)
   0.04    8.52 v _405_/Y (sky130_fd_sc_hd__nor3_1)
   0.00    8.52 v _438_/D (sky130_fd_sc_hd__dfxtp_1)
           8.52   data arrival time

  20.00   20.00   clock clk (rise edge)
   0.27   20.27   clock network delay (propagated)
   0.00   20.27   clock reconvergence pessimism
          20.27 ^ _438_/CLK (sky130_fd_sc_hd__dfxtp_1)
  -0.11   20.16   library setup time
          20.16   data required time
---------------------------------------------------------
          20.16   data required time
          -8.52   data arrival time
---------------------------------------------------------
          11.64   slack (MET)


