Startpoint: core/_13313_ (rising edge-triggered flip-flop clocked by core_clock)
Endpoint: core/_13343_ (rising edge-triggered flip-flop clocked by core_clock)
Path Group: core_clock
Path Type: max
Corner: ss

  Delay    Time   Description
---------------------------------------------------------
   0.00    0.00   clock core_clock (rise edge)
   2.20    2.20   clock network delay (propagated)
   0.00    2.20 ^ core/_13313_/CLK (sky130_fd_sc_hd__dfxtp_2)
   0.70    2.89 v core/_13313_/Q (sky130_fd_sc_hd__dfxtp_2)
   0.38    3.27 v core/_10044_/X (sky130_fd_sc_hd__xor2_1)
   0.28    3.56 v core/_10046_/Y (sky130_fd_sc_hd__nor2b_4)
   0.35    3.90 ^ core/_10052_/Y (sky130_fd_sc_hd__a21oi_2)
   0.28    4.18 v core/_10061_/Y (sky130_fd_sc_hd__o21ai_1)
   1.00    5.17 v core/_10069_/X (sky130_fd_sc_hd__maj3_1)
   1.00    6.17 v core/_10075_/X (sky130_fd_sc_hd__maj3_1)
   0.99    7.16 v core/_10082_/X (sky130_fd_sc_hd__maj3_1)
   0.97    8.12 v core/_10089_/X (sky130_fd_sc_hd__maj3_1)
   0.99    9.11 v core/_10097_/X (sky130_fd_sc_hd__maj3_1)
   1.00   10.11 v core/_10103_/X (sky130_fd_sc_hd__maj3_1)
   0.98   11.08 v core/_10111_/X (sky130_fd_sc_hd__maj3_1)
   0.98   12.06 v core/_10118_/X (sky130_fd_sc_hd__maj3_1)
   1.02   13.08 v core/_10125_/X (sky130_fd_sc_hd__maj3_1)
   0.98   14.06 v core/_10131_/X (sky130_fd_sc_hd__maj3_1)
   0.99   15.05 v core/_10139_/X (sky130_fd_sc_hd__maj3_1)
   0.98   16.03 v core/_10145_/X (sky130_fd_sc_hd__maj3_1)
   1.01   17.04 v core/_10153_/X (sky130_fd_sc_hd__maj3_1)
   1.02   18.06 v core/_10159_/X (sky130_fd_sc_hd__maj3_1)
   1.08   19.14 v core/_10168_/X (sky130_fd_sc_hd__maj3_1)
   1.05   20.19 v core/_10174_/X (sky130_fd_sc_hd__maj3_1)
   1.05   21.24 v core/_10182_/X (sky130_fd_sc_hd__maj3_1)
   1.04   22.28 v core/_10187_/X (sky130_fd_sc_hd__maj3_1)
   1.04   23.32 v core/_10195_/X (sky130_fd_sc_hd__maj3_1)
   1.01   24.33 v core/_10201_/X (sky130_fd_sc_hd__maj3_1)
   1.01   25.35 v core/_10209_/X (sky130_fd_sc_hd__maj3_1)
   1.09   26.44 v core/_10215_/X (sky130_fd_sc_hd__maj3_1)
   0.41   26.85 ^ core/_10225_/Y (sky130_fd_sc_hd__a21oi_2)
   0.17   27.02 v core/_10227_/Y (sky130_fd_sc_hd__nor3_2)
   0.42   27.45 ^ core/_10233_/Y (sky130_fd_sc_hd__a21oi_2)
   0.24   27.69 v core/_10242_/Y (sky130_fd_sc_hd__a21oi_2)
   0.95   28.64 v core/_10248_/X (sky130_fd_sc_hd__maj3_1)
   0.98   29.62 v core/_10256_/X (sky130_fd_sc_hd__maj3_1)
   0.94   30.56 v core/_10262_/X (sky130_fd_sc_hd__maj3_1)
   0.35   30.92 ^ core/_10264_/Y (sky130_fd_sc_hd__xnor2_1)
   0.19   31.10 v core/_10266_/Y (sky130_fd_sc_hd__a21oi_1)
   0.32   31.43 ^ core/_10267_/Y (sky130_fd_sc_hd__a21oi_1)
   0.15   31.57 v core/_10268_/X (sky130_fd_sc_hd__lpflow_isobufsrc_1)
   0.00   31.57 v core/_13343_/D (sky130_fd_sc_hd__dfxtp_1)
          31.57   data arrival time

  25.90   25.90   clock core_clock (rise edge)
   2.21   28.11   clock network delay (propagated)
   0.00   28.11   clock reconvergence pessimism
          28.11 ^ core/_13343_/CLK (sky130_fd_sc_hd__dfxtp_1)
  -0.35   27.76   library setup time
          27.76   data required time
---------------------------------------------------------
          27.76   data required time
         -31.57   data arrival time
---------------------------------------------------------
          -3.81   slack (VIOLATED)


Startpoint: core/_13848_ (rising edge-triggered flip-flop clocked by core_clock)
Endpoint: core/_13816_ (rising edge-triggered flip-flop clocked by core_clock)
Path Group: core_clock
Path Type: min
Corner: ff

  Delay    Time   Description
---------------------------------------------------------
   0.00    0.00   clock core_clock (rise edge)
   0.69    0.69   clock network delay (propagated)
   0.00    0.69 ^ core/_13848_/CLK (sky130_fd_sc_hd__dfxtp_1)
   0.21    0.90 ^ core/_13848_/Q (sky130_fd_sc_hd__dfxtp_1)
   0.05    0.94 v core/_12512_/Y (sky130_fd_sc_hd__mux2i_1)
   0.08    1.02 ^ core/_12514_/Y (sky130_fd_sc_hd__a21oi_1)
   0.00    1.02 ^ core/_13816_/D (sky130_fd_sc_hd__dfxtp_1)
           1.02   data arrival time

   0.00    0.00   clock core_clock (rise edge)
   0.73    0.73   clock network delay (propagated)
   0.00    0.73   clock reconvergence pessimism
           0.73 ^ core/_13816_/CLK (sky130_fd_sc_hd__dfxtp_1)
  -0.02    0.71   library hold time
           0.71   data required time
---------------------------------------------------------
           0.71   data required time
          -1.02   data arrival time
---------------------------------------------------------
           0.31   slack (MET)


