# Aging-corner STA — emitted by phase3_one_shot_runner (TAPEOUT-SIGNOFF).
# Tool: OpenSTA (sta). This is a REAL STA run with an AGING set_timing_derate
# late=1.1000 applied BEYOND the fresh-silicon OCV, to model NBTI/PBTI/HCI
# transistor Vt-drift over lifetime. The worst-slack number below is tool-produced.
# DISCLOSURE: sky130/gf180 ship NO foundry aging Liberty, so the aging derate is a
# DOCUMENTED GENERIC MARGIN (a disclosed assumption), NOT a foundry aging-corner number.
# aging nbti pbti hci lifetime end-of-life eol degradation vt-shift (evidence tokens)
#
OpenSTA 3.1.0 244797f162 Copyright (c) 2026, Parallax Software, Inc.
License GPLv3: GNU GPL version 3 <http://gnu.org/licenses/gpl.html>

This is free software, and you are free to change and redistribute it
under certain conditions; type `show_copying' for details. 
This program comes with ABSOLUTELY NO WARRANTY; for details type `show_warranty'.
Warning 441: constraint.sdc line 3, set_input_delay relative to a clock defined on the same port/pin not allowed.
AGING_DERATE_APPLIED late=1.1000 (generic lifetime margin, no foundry aging Liberty)
worst slack max -11.26
Warning 168: aging_sta_sha256.tcl line 1, unknown field slack.
Startpoint: _13263_ (rising edge-triggered flip-flop clocked by clk)
Endpoint: _13270_ (rising edge-triggered flip-flop clocked by clk)
Path Group: clk
Path Type: max

  Delay    Time   Description
---------------------------------------------------------
   0.00    0.00   clock clk (rise edge)
   0.00    0.00   clock network delay (ideal)
   0.00    0.00 ^ _13263_/CLK (sky130_fd_sc_hd__dfxtp_1)
  19.72   19.72 ^ _13263_/Q (sky130_fd_sc_hd__dfxtp_1)
  11.09   30.81 v _05829_/Y (sky130_fd_sc_hd__clkinv_1)
   1.85   32.66 v _06475_/X (sky130_fd_sc_hd__or3_1)
   0.23   32.89 v _06476_/X (sky130_fd_sc_hd__o311a_1)
   0.24   33.13 ^ _06495_/Y (sky130_fd_sc_hd__a21oi_1)
   0.34   33.47 v _06500_/Y (sky130_fd_sc_hd__a32oi_1)
   2.78   36.26 ^ _06519_/Y (sky130_fd_sc_hd__nor2_1)
   0.21   36.47 v _06640_/Y (sky130_fd_sc_hd__nor3_1)
   0.23   36.69 ^ _06819_/Y (sky130_fd_sc_hd__a31oi_1)
   0.12   36.81 v _06821_/Y (sky130_fd_sc_hd__o32ai_1)
   0.10   36.91 ^ _06822_/Y (sky130_fd_sc_hd__nand2_1)
   0.10   37.02 v _06823_/Y (sky130_fd_sc_hd__o21ai_0)
   0.00   37.02 v _13270_/D (sky130_fd_sc_hd__dfxtp_1)
          37.02   data arrival time

  25.91   25.91   clock clk (rise edge)
   0.00   25.91   clock network delay (ideal)
   0.00   25.91   clock reconvergence pessimism
          25.91 ^ _13270_/CLK (sky130_fd_sc_hd__dfxtp_1)
  -0.15   25.76   library setup time
          25.76   data required time
---------------------------------------------------------
          25.76   data required time
         -37.02   data arrival time
---------------------------------------------------------
         -11.26   slack (VIOLATED)


