# OpenROAD detailed_route DRC summary -- emitted by
# phase3_one_shot_runner v1.6.36 (canonicalize_artefacts step).
# Tool: openroad detailed_route (drt)
# Source log: phase3/stage3/pnr/openroad.log
#
# This report is the runner-side projection of OpenROAD
# detailed_route output. Tool signature is `openroad` /
# `detailed_route`; `violation report` line + per-violation
# detail (when present) populate the substance check.
#
# Substance: post-route DRC count derived from openroad
# detailed_route's per-net congestion/violation log lines. This is
# the router's own in-loop DRC pass.
# Sign-off DRC runs SEPARATELY at Step 31: when the PDK ships a
# Calibre/Assura `.rule` deck (input/pdk/calibre/), the runner
# executes that foundry deck NATIVELY via the vibeic KLayout SVRF
# engine (_try_svrf_native_drc) — NO Calibre license/binary
# required; that IS the sign-off-grade verdict. A KLayout `.lydrc`
# or `magic` deck is only the fallback when no SVRF deck exists.
#
openroad / drt-pass: detailed_route invoked
violation report: 0
violation count summary: 0 violation(s) found
drc source: final [INFO DRT-0199] count
DRC clean: YES
tool: openroad

# === detailed_route + global_route summary lines from openroad.log ===
[INFO DRT-0163] Instance analysis.
[INFO DRT-0164] Number of unique instances = 175.
[INFO DRT-0168] Init region query.
[INFO DRT-0024]   Complete FR_MASTERSLICE.
[INFO DRT-0024]   Complete licon.
[INFO DRT-0024]   Complete li1.
[INFO DRT-0024]   Complete mcon.
[INFO DRT-0024]   Complete met1.
[INFO DRT-0024]   Complete via.
[INFO DRT-0024]   Complete met2.
[INFO DRT-0024]   Complete via2.
[INFO DRT-0024]   Complete met3.
[INFO DRT-0024]   Complete via3.
[INFO DRT-0024]   Complete met4.
[INFO DRT-0024]   Complete via4.
[INFO DRT-0024]   Complete met5.
[INFO DRT-0033] FR_MASTERSLICE shape region query size = 0.
[INFO DRT-0033] licon shape region query size = 0.
[INFO DRT-0033] li1 shape region query size = 268649.
[INFO DRT-0033] mcon shape region query size = 0.
[INFO DRT-0033] met1 shape region query size = 44310.
[INFO DRT-0033] via shape region query size = 8965.
[INFO DRT-0033] met2 shape region query size = 5457.
[INFO DRT-0033] via2 shape region query size = 7172.
[INFO DRT-0033] met3 shape region query size = 5379.
[INFO DRT-0033] via3 shape region query size = 7172.
[INFO DRT-0033] met4 shape region query size = 2057.
[INFO DRT-0033] via4 shape region query size = 242.
[INFO DRT-0033] met5 shape region query size = 264.
[INFO DRT-0165] Start pin access.
[INFO DRT-0076]   Complete 1000 pins.
[INFO DRT-0078]   Complete 1366 pins.
[INFO DRT-0079]   Complete 100 unique inst patterns.
[INFO DRT-0081]   Complete 175 unique inst patterns.
[INFO DRT-0084]   Complete 5474 groups.
[INFO DRT-0166] Complete pin access.
[INFO DRT-0267] cpu time = 00:01:21, elapsed time = 00:01:21, memory = 383.20 (MB), peak = 382.06 (MB)
[INFO DRT-0157] Number of guides:     63837
[INFO DRT-0169] Post process guides.
[INFO DRT-0176] GCELLGRID X 0 DO 68 STEP 6900 ;
[INFO DRT-0177] GCELLGRID Y 0 DO 68 STEP 6900 ;
[INFO DRT-0028]   Complete FR_MASTERSLICE.
[INFO DRT-0028]   Complete licon.
[INFO DRT-0028]   Complete li1.
[INFO DRT-0028]   Complete mcon.
[INFO DRT-0028]   Complete met1.
[INFO DRT-0028]   Complete via.
[INFO DRT-0028]   Complete met2.
[INFO DRT-0028]   Complete via2.
[INFO DRT-0028]   Complete met3.
[INFO DRT-0028]   Complete via3.
[INFO DRT-0028]   Complete met4.
[INFO DRT-0028]   Complete via4.
[INFO DRT-0028]   Complete met5.
[INFO DRT-0178] Init guide query.
[INFO DRT-0035]   Complete FR_MASTERSLICE (guide).
[INFO DRT-0035]   Complete licon (guide).
[INFO DRT-0035]   Complete li1 (guide).
[INFO DRT-0035]   Complete mcon (guide).
[INFO DRT-0035]   Complete met1 (guide).
[INFO DRT-0035]   Complete via (guide).
[INFO DRT-0035]   Complete met2 (guide).
[INFO DRT-0035]   Complete via2 (guide).
[INFO DRT-0035]   Complete met3 (guide).
[INFO DRT-0035]   Complete via3 (guide).
[INFO DRT-0035]   Complete met4 (guide).
[INFO DRT-0035]   Complete via4 (guide).
[INFO DRT-0035]   Complete met5 (guide).
[INFO DRT-0036] FR_MASTERSLICE guide region query size = 0.
[INFO DRT-0036] licon guide region query size = 0.
[INFO DRT-0036] li1 guide region query size = 22898.
[INFO DRT-0036] mcon guide region query size = 0.
[INFO DRT-0036] met1 guide region query size = 19657.
[INFO DRT-0036] via guide region query size = 0.
[INFO DRT-0036] met2 guide region query size = 10010.
[INFO DRT-0036] via2 guide region query size = 0.
[INFO DRT-0036] met3 guide region query size = 472.
[INFO DRT-0036] via3 guide region query size = 0.
[INFO DRT-0036] met4 guide region query size = 21.
[INFO DRT-0036] via4 guide region query size = 0.
[INFO DRT-0036] met5 guide region query size = 0.
[INFO DRT-0179] Init gr pin query.
[INFO DRT-0267] cpu time = 00:00:00, elapsed time = 00:00:00, memory = 399.25 (MB), peak = 398.06 (MB)
[INFO DRT-0245] skipped writing guide updates to database.
[INFO DRT-0181] Start track assignment.
[INFO DRT-0184] Done with 32929 vertical wires in 2 frboxes and 20129 horizontal wires in 2 frboxes.
[INFO DRT-0186] Done with 3669 vertical wires in 2 frboxes and 6723 horizontal wires in 2 frboxes.
[INFO DRT-0182] Complete track assignment.
[INFO DRT-0267] cpu time = 00:00:02, elapsed time = 00:00:02, memory = 473.93 (MB), peak = 472.56 (MB)
[INFO DRT-0187] Start routing data preparation.
[INFO DRT-0267] cpu time = 00:00:00, elapsed time = 00:00:00, memory = 473.93 (MB), peak = 472.56 (MB)
[INFO DRT-0194] Start detail routing.
[INFO DRT-0195] Start 0th optimization iteration.
[INFO DRT-0199]   Number of violations = 6658.
[INFO DRT-0267] cpu time = 00:03:11, elapsed time = 00:03:11, memory = 826.92 (MB), peak = 825.15 (MB)
Total wire length = 335042 um.
Total wire length on LAYER li1 = 0 um.
Total wire length on LAYER met1 = 153444 um.
Total wire length on LAYER met2 = 153621 um.
Total wire length on LAYER met3 = 25934 um.
Total wire length on LAYER met4 = 2043 um.
Total wire length on LAYER met5 = 0 um.
[INFO DRT-0195] Start 1st optimization iteration.
[INFO DRT-0199]   Number of violations = 3821.
[INFO DRT-0267] cpu time = 00:02:46, elapsed time = 00:02:46, memory = 827.79 (MB), peak = 825.90 (MB)
Total wire length = 332647 um.
Total wire length on LAYER li1 = 0 um.
Total wire length on LAYER met1 = 152239 um.
Total wire length on LAYER met2 = 152256 um.
Total wire length on LAYER met3 = 26059 um.
Total wire length on LAYER met4 = 2091 um.
Total wire length on LAYER met5 = 0 um.
[INFO DRT-0195] Start 2nd optimization iteration.
[INFO DRT-0199]   Number of violations = 3456.
[INFO DRT-0267] cpu time = 00:02:45, elapsed time = 00:02:45, memory = 828.83 (MB), peak = 826.90 (MB)
Total wire length = 331771 um.
Total wire length on LAYER li1 = 0 um.
Total wire length on LAYER met1 = 151816 um.
Total wire length on LAYER met2 = 151944 um.
Total wire length on LAYER met3 = 26006 um.
Total wire length on LAYER met4 = 2003 um.
Total wire length on LAYER met5 = 0 um.
[INFO DRT-0195] Start 3rd optimization iteration.
[INFO DRT-0199]   Number of violations = 561.
[INFO DRT-0267] cpu time = 00:02:22, elapsed time = 00:02:22, memory = 859.49 (MB), peak = 891.81 (MB)
Total wire length = 331606 um.
Total wire length on LAYER li1 = 0 um.
Total wire length on LAYER met1 = 142317 um.
Total wire length on LAYER met2 = 152059 um.
Total wire length on LAYER met3 = 34842 um.
Total wire length on LAYER met4 = 2386 um.
Total wire length on LAYER met5 = 0 um.
[INFO DRT-0195] Start 4th optimization iteration.
[INFO DRT-0199]   Number of violations = 18.
[INFO DRT-0267] cpu time = 00:00:24, elapsed time = 00:00:24, memory = 860.30 (MB), peak = 892.71 (MB)
Total wire length = 331521 um.
Total wire length on LAYER li1 = 0 um.
Total wire length on LAYER met1 = 141651 um.
Total wire length on LAYER met2 = 151951 um.
Total wire length on LAYER met3 = 35427 um.
Total wire length on LAYER met4 = 2490 um.
Total wire length on LAYER met5 = 0 um.
[INFO DRT-0195] Start 5th guides tiles iteration.
[INFO DRT-0199]   Number of violations = 0.
[INFO DRT-0267] cpu time = 00:00:01, elapsed time = 00:00:01, memory = 860.30 (MB), peak = 892.71 (MB)
Total wire length = 331501 um.
Total wire length on LAYER li1 = 0 um.
Total wire length on LAYER met1 = 141519 um.
Total wire length on LAYER met2 = 151875 um.
Total wire length on LAYER met3 = 35555 um.
Total wire length on LAYER met4 = 2552 um.
Total wire length on LAYER met5 = 0 um.
[WARNING DRT-0290] Warning: no DRC report specified, skipped writing DRC report
[INFO DRT-0198] Complete detail routing.
Total wire length = 331501 um.
Total wire length on LAYER li1 = 0 um.
Total wire length on LAYER met1 = 141519 um.
Total wire length on LAYER met2 = 151875 um.
Total wire length on LAYER met3 = 35555 um.
Total wire length on LAYER met4 = 2552 um.
Total wire length on LAYER met5 = 0 um.
[INFO DRT-0267] cpu time = 00:11:32, elapsed time = 00:11:33, memory = 860.30 (MB), peak = 892.71 (MB)
[INFO DRT-0180] Post processing.
[INFO DRT-0501] Runtime: 777.08s
[INFO GRT-0012] Found 13 antenna violations.
[INFO GRT-0015] Inserted 13 diodes.
[INFO DRT-0178] Init guide query.
[INFO DRT-0036] FR_MASTERSLICE guide region query size = 0.
[INFO DRT-0036] licon guide region query size = 0.
[INFO DRT-0036] li1 guide region query size = 22900.
[INFO DRT-0036] mcon guide region query size = 0.
[INFO DRT-0036] met1 guide region query size = 19665.
[INFO DRT-0036] via guide region query size = 0.
[INFO DRT-0036] met2 guide region query size = 10011.
[INFO DRT-0036] via2 guide region query size = 0.
[INFO DRT-0036] met3 guide region query size = 471.
[INFO DRT-0036] via3 guide region query size = 0.
[INFO DRT-0036] met4 guide region query size = 23.
[INFO DRT-0036] via4 guide region query size = 0.
[INFO DRT-0036] met5 guide region query size = 0.
[INFO DRT-0179] Init gr pin query.
[INFO DRT-0501] Runtime: 177.90s
[INFO GRT-0012] Found 10 antenna violations.
[INFO GRT-0015] Inserted 10 diodes.
[INFO DRT-0178] Init guide query.
[INFO DRT-0036] FR_MASTERSLICE guide region query size = 0.
[INFO DRT-0036] licon guide region query size = 0.
[INFO DRT-0036] li1 guide region query size = 22903.
[INFO DRT-0036] mcon guide region query size = 0.
[INFO DRT-0036] met1 guide region query size = 19667.
[INFO DRT-0036] via guide region query size = 0.
[INFO DRT-0036] met2 guide region query size = 10000.
[INFO DRT-0036] via2 guide region query size = 0.
[INFO DRT-0036] met3 guide region query size = 471.
[INFO DRT-0036] via3 guide region query size = 0.
[INFO DRT-0036] met4 guide region query size = 23.
[INFO DRT-0036] via4 guide region query size = 0.
[INFO DRT-0036] met5 guide region query size = 0.
[INFO DRT-0179] Init gr pin query.
[INFO DRT-0501] Runtime: 151.44s

# === violation lines (last 100, if any) ===
    Completing 70% with 3648 violations.
    Completing 80% with 3567 violations.
    Completing 90% with 3567 violations.
    Completing 100% with 3456 violations.
[INFO DRT-0199]   Number of violations = 3456.
[INFO DRT-0267] cpu time = 00:02:45, elapsed time = 00:02:45, memory = 828.83 (MB), peak = 826.90 (MB)
[INFO DRT-0195] Start 3rd optimization iteration.
    Completing 10% with 3456 violations.
    Completing 20% with 3456 violations.
    Completing 30% with 2638 violations.
    Completing 40% with 2638 violations.
    Completing 50% with 2638 violations.
    Completing 60% with 1900 violations.
    Completing 70% with 1900 violations.
    Completing 80% with 1156 violations.
    Completing 90% with 1156 violations.
    Completing 100% with 561 violations.
[INFO DRT-0199]   Number of violations = 561.
[INFO DRT-0267] cpu time = 00:02:22, elapsed time = 00:02:22, memory = 859.49 (MB), peak = 891.81 (MB)
[INFO DRT-0195] Start 4th optimization iteration.
    Completing 10% with 561 violations.
    Completing 20% with 561 violations.
    Completing 30% with 371 violations.
    Completing 40% with 371 violations.
    Completing 50% with 371 violations.
    Completing 60% with 264 violations.
    Completing 70% with 264 violations.
    Completing 80% with 169 violations.
    Completing 90% with 169 violations.
    Completing 100% with 18 violations.
[INFO DRT-0199]   Number of violations = 18.
[INFO DRT-0267] cpu time = 00:00:24, elapsed time = 00:00:24, memory = 860.30 (MB), peak = 892.71 (MB)
[INFO DRT-0195] Start 5th guides tiles iteration.
    Completing 10% with 18 violations.
    Completing 20% with 18 violations.
    Completing 30% with 18 violations.
    Completing 50% with 4 violations.
    Completing 60% with 4 violations.
    Completing 70% with 4 violations.
    Completing 80% with 4 violations.
    Completing 100% with 0 violations.
[INFO DRT-0199]   Number of violations = 0.
[INFO DRT-0267] cpu time = 00:00:01, elapsed time = 00:00:01, memory = 860.30 (MB), peak = 892.71 (MB)
[WARNING DRT-0290] Warning: no DRC report specified, skipped writing DRC report
[INFO DRT-0198] Complete detail routing.
[INFO DRT-0267] cpu time = 00:11:32, elapsed time = 00:11:33, memory = 860.30 (MB), peak = 892.71 (MB)
[INFO DRT-0180] Post processing.
[INFO DRT-0501] Runtime: 777.08s
[INFO ANT-0002] Found 13 net violations.
[INFO ANT-0001] Found 13 pin violations.
[INFO ANT-0002] Found 13 net violations.
[INFO ANT-0001] Found 13 pin violations.
[INFO ANT-0002] Found 13 net violations.
[INFO ANT-0001] Found 13 pin violations.
[INFO GRT-0012] Found 13 antenna violations.
[INFO DRT-0178] Init guide query.
[INFO DRT-0036] FR_MASTERSLICE guide region query size = 0.
[INFO DRT-0036] licon guide region query size = 0.
[INFO DRT-0036] li1 guide region query size = 22900.
[INFO DRT-0036] mcon guide region query size = 0.
[INFO DRT-0036] met1 guide region query size = 19665.
[INFO DRT-0036] via guide region query size = 0.
[INFO DRT-0036] met2 guide region query size = 10011.
[INFO DRT-0036] via2 guide region query size = 0.
[INFO DRT-0036] met3 guide region query size = 471.
[INFO DRT-0036] via3 guide region query size = 0.
[INFO DRT-0036] met4 guide region query size = 23.
[INFO DRT-0036] via4 guide region query size = 0.
[INFO DRT-0036] met5 guide region query size = 0.
[INFO DRT-0179] Init gr pin query.
[INFO DRT-0501] Runtime: 177.90s
[INFO ANT-0002] Found 1 net violations.
[INFO ANT-0001] Found 1 pin violations.
[INFO ANT-0002] Found 1 net violations.
[INFO ANT-0001] Found 1 pin violations.
[INFO ANT-0002] Found 1 net violations.
[INFO ANT-0001] Found 1 pin violations.
[INFO GRT-0012] Found 10 antenna violations.
[INFO DRT-0178] Init guide query.
[INFO DRT-0036] FR_MASTERSLICE guide region query size = 0.
[INFO DRT-0036] licon guide region query size = 0.
[INFO DRT-0036] li1 guide region query size = 22903.
[INFO DRT-0036] mcon guide region query size = 0.
[INFO DRT-0036] met1 guide region query size = 19667.
[INFO DRT-0036] via guide region query size = 0.
[INFO DRT-0036] met2 guide region query size = 10000.
[INFO DRT-0036] via2 guide region query size = 0.
[INFO DRT-0036] met3 guide region query size = 471.
[INFO DRT-0036] via3 guide region query size = 0.
[INFO DRT-0036] met4 guide region query size = 23.
[INFO DRT-0036] via4 guide region query size = 0.
[INFO DRT-0036] met5 guide region query size = 0.
[INFO DRT-0179] Init gr pin query.
[INFO DRT-0501] Runtime: 151.44s
[INFO ANT-0002] Found 0 net violations.
[INFO ANT-0001] Found 0 pin violations.
[INFO ANT-0002] Found 0 net violations.
[INFO ANT-0001] Found 0 pin violations.
[INFO ANT-0002] Found 0 net violations.
[INFO ANT-0001] Found 0 pin violations.
# === full openroad.log (last 3 KB, for reviewer context) ===
size = 0.
[INFO DRT-0036] licon guide region query size = 0.
[INFO DRT-0036] li1 guide region query size = 22900.
[INFO DRT-0036] mcon guide region query size = 0.
[INFO DRT-0036] met1 guide region query size = 19665.
[INFO DRT-0036] via guide region query size = 0.
[INFO DRT-0036] met2 guide region query size = 10011.
[INFO DRT-0036] via2 guide region query size = 0.
[INFO DRT-0036] met3 guide region query size = 471.
[INFO DRT-0036] via3 guide region query size = 0.
[INFO DRT-0036] met4 guide region query size = 23.
[INFO DRT-0036] via4 guide region query size = 0.
[INFO DRT-0036] met5 guide region query size = 0.
[INFO DRT-0179] Init gr pin query.
[INFO DRT-0501] Runtime: 177.90s
[INFO ANT-0002] Found 1 net violations.
[INFO ANT-0001] Found 1 pin violations.
REPAIR_ANTENNA_DONE: diode=sky130_fd_sc_hd__diode_2 iter=0 margin=0
[INFO ANT-0002] Found 1 net violations.
[INFO ANT-0001] Found 1 pin violations.
[INFO ANT-0002] Found 1 net violations.
[INFO ANT-0001] Found 1 pin violations.
[INFO GRT-0012] Found 10 antenna violations.
[INFO DPL-0006] Core area: 195397.40 um^2, Instances area: 98197.93 um^2, Utilization: 50.3%
[INFO DPL-0005] Diamond search max displacement: +/- 500 sites horizontally, +/- 100 rows vertically.
[INFO DPL-1101] Legalizing using diamond search.
Movements Summary
---------------------------------------
Total cells:                       1
Diamond Move Success:              1 (100.00%)
Diamond Move Failure:              0
Rip-up and replace Success:        0 (  0.00% of diamond failures)
Rip-up and replace Failure:        0
Total Placement Failures:          0
---------------------------------------
[INFO DPL-0500] Runtime: 0.04s
[INFO GRT-0015] Inserted 10 diodes.
[INFO DRT-0178] Init guide query.
[INFO DRT-0036] FR_MASTERSLICE guide region query size = 0.
[INFO DRT-0036] licon guide region query size = 0.
[INFO DRT-0036] li1 guide region query size = 22903.
[INFO DRT-0036] mcon guide region query size = 0.
[INFO DRT-0036] met1 guide region query size = 19667.
[INFO DRT-0036] via guide region query size = 0.
[INFO DRT-0036] met2 guide region query size = 10000.
[INFO DRT-0036] via2 guide region query size = 0.
[INFO DRT-0036] met3 guide region query size = 471.
[INFO DRT-0036] via3 guide region query size = 0.
[INFO DRT-0036] met4 guide region query size = 23.
[INFO DRT-0036] via4 guide region query size = 0.
[INFO DRT-0036] met5 guide region query size = 0.
[INFO DRT-0179] Init gr pin query.
[INFO DRT-0501] Runtime: 151.44s
[INFO ANT-0002] Found 0 net violations.
[INFO ANT-0001] Found 0 pin violations.
REPAIR_ANTENNA_DONE: diode=sky130_fd_sc_hd__diode_2 iter=1 margin=10
[INFO ANT-0002] Found 0 net violations.
[INFO ANT-0001] Found 0 pin violations.
ANTENNA_LOOP_CONVERGED: iter=2
[INFO ANT-0002] Found 0 net violations.
[INFO ANT-0001] Found 0 pin violations.
ANTENNA_POSTROUTE_DONE
[INFO DPL-0001] Placed 12508 filler instances.
FILLER_INSERTED: 9 masters (core_util=50.25549408329491%)
Design area 98198 um^2 50% utilization.

# end of routed.drc.rpt
