# Electrical Rule Check (ERC) — OpenROAD open-source path
# (ORGANIC-20260531 Step 31 sub-item). Tool: openroad.
# sky130 ships only a Calibre PERC deck; this is the open-source
# electrical-rule screen (floating nets + ERC metrics) on the
# routed DEF. Full PERC (latch-up / ESD topology) needs Calibre.
#
ERC floating nets: 0
ERC clean: YES

# === report_floating_nets / report_erc_metrics stdout ===
[INFO ODB-0127] Reading DEF file: /home/reyerchu/vibe-ic/benchmark-data/ic/sha256/clean_run_v1422_20260715/phase3/stage3/pnr/sha256.def
[INFO ODB-0134] Finished DEF file: /home/reyerchu/vibe-ic/benchmark-data/ic/sha256/clean_run_v1422_20260715/phase3/stage3/pnr/sha256.def
=== ERC: floating nets ===
[WARNING RSZ-0095] found 321 floating pins.
 spare_aoi_0/A1
 spare_aoi_0/A2
 spare_aoi_0/B1
 spare_aoi_1/A1
 spare_aoi_1/A2
 spare_aoi_1/B1
 spare_aoi_10/A1
 spare_aoi_10/A2
 spare_aoi_10/B1
 spare_aoi_11/A1
 spare_aoi_11/A2
 spare_aoi_11/B1
 spare_aoi_12/A1
 spare_aoi_12/A2
 spare_aoi_12/B1
 spare_aoi_13/A1
 spare_aoi_13/A2
 spare_aoi_13/B1
 spare_aoi_14/A1
 spare_aoi_14/A2
 spare_aoi_14/B1
 spare_aoi_2/A1
 spare_aoi_2/A2
 spare_aoi_2/B1
 spare_aoi_3/A1
 spare_aoi_3/A2
 spare_aoi_3/B1
 spare_aoi_4/A1
 spare_aoi_4/A2
 spare_aoi_4/B1
 spare_aoi_5/A1
 spare_aoi_5/A2
 spare_aoi_5/B1
 spare_aoi_6/A1
 spare_aoi_6/A2
 spare_aoi_6/B1
 spare_aoi_7/A1
 spare_aoi_7/A2
 spare_aoi_7/B1
 spare_aoi_8/A1
 spare_aoi_8/A2
 spare_aoi_8/B1
 spare_aoi_9/A1
 spare_aoi_9/A2
 spare_aoi_9/B1
 spare_dff_0/CLK
 spare_dff_0/D
 spare_dff_0/RESET_B
 spare_dff_1/CLK
 spare_dff_1/D
 spare_dff_1/RESET_B
 spare_dff_10/CLK
 spare_dff_10/D
 spare_dff_10/RESET_B
 spare_dff_11/CLK
 spare_dff_11/D
 spare_dff_11/RESET_B
 spare_dff_12/CLK
 spare_dff_12/D
 spare_dff_12/RESET_B
 spare_dff_13/CLK
 spare_dff_13/D
 spare_dff_13/RESET_B
 spare_dff_14/CLK
 spare_dff_14/D
 spare_dff_14/RESET_B
 spare_dff_2/CLK
 spare_dff_2/D
 spare_dff_2/RESET_B
 spare_dff_3/CLK
 spare_dff_3/D
 spare_dff_3/RESET_B
 spare_dff_4/CLK
 spare_dff_4/D
 spare_dff_4/RESET_B
 spare_dff_5/CLK
 spare_dff_5/D
 spare_dff_5/RESET_B
 spare_dff_6/CLK
 spare_dff_6/D
 spare_dff_6/RESET_B
 spare_dff_7/CLK
 spare_dff_7/D
 spare_dff_7/RESET_B
 spare_dff_8/CLK
 spare_dff_8/D
 spare_dff_8/RESET_B
 spare_dff_9/CLK
 spare_dff_9/D
 spare_dff_9/RESET_B
 spare_inverter_0/A
 spare_inverter_1/A
 spare_inverter_10/A
 spare_inverter_11/A
 spare_inverter_12/A
 spare_inverter_13/A
 spare_inverter_14/A
 spare_inverter_15/A
 spare_inverter_16/A
 spare_inverter_17/A
 spare_inverter_18/A
 spare_inverter_19/A
 spare_inverter_2/A
 spare_inverter_20/A
 spare_inverter_21/A
 spare_inverter_22/A
 spare_inverter_23/A
 spare_inverter_24/A
 spare_inverter_25/A
 spare_inverter_26/A
 spare_inverter_27/A
 spare_inverter_28/A
 spare_inverter_29/A
 spare_inverter_3/A
 spare_inverter_30/A
 spare_inverter_31/A
 spare_inverter_32/A
 spare_inverter_33/A
 spare_inverter_34/A
 spare_inverter_35/A
 spare_inverter_36/A
 spare_inverter_37/A
 spare_inverter_4/A
 spare_inverter_5/A
 spare_inverter_6/A
 spare_inverter_7/A
 spare_inverter_8/A
 spare_inverter_9/A
 spare_mux2_0/A0
 spare_mux2_0/A1
 spare_mux2_0/S
 spare_mux2_1/A0
 spare_mux2_1/A1
 spare_mux2_1/S
 spare_mux2_10/A0
 spare_mux2_10/A1
 spare_mux2_10/S
 spare_mux2_11/A0
 spare_mux2_11/A1
 spare_mux2_11/S
 spare_mux2_12/A0
 spare_mux2_12/A1
 spare_mux2_12/S
 spare_mux2_13/A0
 spare_mux2_13/A1
 spare_mux2_13/S
 spare_mux2_14/A0
 spare_mux2_14/A1
 spare_mux2_14/S
 spare_mux2_15/A0
 spare_mux2_15/A1
 spare_mux2_15/S
 spare_mux2_16/A0
 spare_mux2_16/A1
 spare_mux2_16/S
 spare_mux2_17/A0
 spare_mux2_17/A1
 spare_mux2_17/S
 spare_mux2_18/A0
 spare_mux2_18/A1
 spare_mux2_18/S
 spare_mux2_19/A0
 spare_mux2_19/A1
 spare_mux2_19/S
 spare_mux2_2/A0
 spare_mux2_2/A1
 spare_mux2_2/S
 spare_mux2_20/A0
 spare_mux2_20/A1
 spare_mux2_20/S
 spare_mux2_21/A0
 spare_mux2_21/A1
 spare_mux2_21/S
 spare_mux2_3/A0
 spare_mux2_3/A1
 spare_mux2_3/S
 spare_mux2_4/A0
 spare_mux2_4/A1
 spare_mux2_4/S
 spare_mux2_5/A0
 spare_mux2_5/A1
 spare_mux2_5/S
 spare_mux2_6/A0
 spare_mux2_6/A1
 spare_mux2_6/S
 spare_mux2_7/A0
 spare_mux2_7/A1
 spare_mux2_7/S
 spare_mux2_8/A0
 spare_mux2_8/A1
 spare_mux2_8/S
 spare_mux2_9/A0
 spare_mux2_9/A1
 spare_mux2_9/S
 spare_nand2_0/A
 spare_nand2_0/B
 spare_nand2_1/A
 spare_nand2_1/B
 spare_nand2_10/A
 spare_nand2_10/B
 spare_nand2_11/A
 spare_nand2_11/B
 spare_nand2_12/A
 spare_nand2_12/B
 spare_nand2_13/A
 spare_nand2_13/B
 spare_nand2_14/A
 spare_nand2_14/B
 spare_nand2_15/A
 spare_nand2_15/B
 spare_nand2_16/A
 spare_nand2_16/B
 spare_nand2_17/A
 spare_nand2_17/B
 spare_nand2_18/A
 spare_nand2_18/B
 spare_nand2_19/A
 spare_nand2_19/B
 spare_nand2_2/A
 spare_nand2_2/B
 spare_nand2_20/A
 spare_nand2_20/B
 spare_nand2_21/A
 spare_nand2_21/B
 spare_nand2_22/A
 spare_nand2_22/B
 spare_nand2_23/A
 spare_nand2_23/B
 spare_nand2_24/A
 spare_nand2_24/B
 spare_nand2_25/A
 spare_nand2_25/B
 spare_nand2_26/A
 spare_nand2_26/B
 spare_nand2_27/A
 spare_nand2_27/B
 spare_nand2_28/A
 spare_nand2_28/B
 spare_nand2_29/A
 spare_nand2_29/B
 spare_nand2_3/A
 spare_nand2_3/B
 spare_nand2_4/A
 spare_nand2_4/B
 spare_nand2_5/A
 spare_nand2_5/B
 spare_nand2_6/A
 spare_nand2_6/B
 spare_nand2_7/A
 spare_nand2_7/B
 spare_nand2_8/A
 spare_nand2_8/B
 spare_nand2_9/A
 spare_nand2_9/B
 spare_nor2_0/A
 spare_nor2_0/B
 spare_nor2_1/A
 spare_nor2_1/B
 spare_nor2_10/A
 spare_nor2_10/B
 spare_nor2_11/A
 spare_nor2_11/B
 spare_nor2_12/A
 spare_nor2_12/B
 spare_nor2_13/A
 spare_nor2_13/B
 spare_nor2_14/A
 spare_nor2_14/B
 spare_nor2_15/A
 spare_nor2_15/B
 spare_nor2_16/A
 spare_nor2_16/B
 spare_nor2_17/A
 spare_nor2_17/B
 spare_nor2_18/A
 spare_nor2_18/B
 spare_nor2_19/A
 spare_nor2_19/B
 spare_nor2_2/A
 spare_nor2_2/B
 spare_nor2_20/A
 spare_nor2_20/B
 spare_nor2_21/A
 spare_nor2_21/B
 spare_nor2_22/A
 spare_nor2_22/B
 spare_nor2_3/A
 spare_nor2_3/B
 spare_nor2_4/A
 spare_nor2_4/B
 spare_nor2_5/A
 spare_nor2_5/B
 spare_nor2_6/A
 spare_nor2_6/B
 spare_nor2_7/A
 spare_nor2_7/B
 spare_nor2_8/A
 spare_nor2_8/B
 spare_nor2_9/A
 spare_nor2_9/B
 spare_oai_0/A1
 spare_oai_0/A2
 spare_oai_0/B1
 spare_oai_1/A1
 spare_oai_1/A2
 spare_oai_1/B1
 spare_oai_2/A1
 spare_oai_2/A2
 spare_oai_2/B1
 spare_oai_3/A1
 spare_oai_3/A2
 spare_oai_3/B1
 spare_oai_4/A1
 spare_oai_4/A2
 spare_oai_4/B1
 spare_oai_5/A1
 spare_oai_5/A2
 spare_oai_5/B1
 spare_oai_6/A1
 spare_oai_6/A2
 spare_oai_6/B1
=== ERC metrics ===

# === full ERC log (last 2 KB) ===
are_nand2_13/A
 spare_nand2_13/B
 spare_nand2_14/A
 spare_nand2_14/B
 spare_nand2_15/A
 spare_nand2_15/B
 spare_nand2_16/A
 spare_nand2_16/B
 spare_nand2_17/A
 spare_nand2_17/B
 spare_nand2_18/A
 spare_nand2_18/B
 spare_nand2_19/A
 spare_nand2_19/B
 spare_nand2_2/A
 spare_nand2_2/B
 spare_nand2_20/A
 spare_nand2_20/B
 spare_nand2_21/A
 spare_nand2_21/B
 spare_nand2_22/A
 spare_nand2_22/B
 spare_nand2_23/A
 spare_nand2_23/B
 spare_nand2_24/A
 spare_nand2_24/B
 spare_nand2_25/A
 spare_nand2_25/B
 spare_nand2_26/A
 spare_nand2_26/B
 spare_nand2_27/A
 spare_nand2_27/B
 spare_nand2_28/A
 spare_nand2_28/B
 spare_nand2_29/A
 spare_nand2_29/B
 spare_nand2_3/A
 spare_nand2_3/B
 spare_nand2_4/A
 spare_nand2_4/B
 spare_nand2_5/A
 spare_nand2_5/B
 spare_nand2_6/A
 spare_nand2_6/B
 spare_nand2_7/A
 spare_nand2_7/B
 spare_nand2_8/A
 spare_nand2_8/B
 spare_nand2_9/A
 spare_nand2_9/B
 spare_nor2_0/A
 spare_nor2_0/B
 spare_nor2_1/A
 spare_nor2_1/B
 spare_nor2_10/A
 spare_nor2_10/B
 spare_nor2_11/A
 spare_nor2_11/B
 spare_nor2_12/A
 spare_nor2_12/B
 spare_nor2_13/A
 spare_nor2_13/B
 spare_nor2_14/A
 spare_nor2_14/B
 spare_nor2_15/A
 spare_nor2_15/B
 spare_nor2_16/A
 spare_nor2_16/B
 spare_nor2_17/A
 spare_nor2_17/B
 spare_nor2_18/A
 spare_nor2_18/B
 spare_nor2_19/A
 spare_nor2_19/B
 spare_nor2_2/A
 spare_nor2_2/B
 spare_nor2_20/A
 spare_nor2_20/B
 spare_nor2_21/A
 spare_nor2_21/B
 spare_nor2_22/A
 spare_nor2_22/B
 spare_nor2_3/A
 spare_nor2_3/B
 spare_nor2_4/A
 spare_nor2_4/B
 spare_nor2_5/A
 spare_nor2_5/B
 spare_nor2_6/A
 spare_nor2_6/B
 spare_nor2_7/A
 spare_nor2_7/B
 spare_nor2_8/A
 spare_nor2_8/B
 spare_nor2_9/A
 spare_nor2_9/B
 spare_oai_0/A1
 spare_oai_0/A2
 spare_oai_0/B1
 spare_oai_1/A1
 spare_oai_1/A2
 spare_oai_1/B1
 spare_oai_2/A1
 spare_oai_2/A2
 spare_oai_2/B1
 spare_oai_3/A1
 spare_oai_3/A2
 spare_oai_3/B1
 spare_oai_4/A1
 spare_oai_4/A2
 spare_oai_4/B1
 spare_oai_5/A1
 spare_oai_5/A2
 spare_oai_5/B1
 spare_oai_6/A1
 spare_oai_6/A2
 spare_oai_6/B1
=== ERC metrics ===


# end of erc.rpt
