[INFO] Final PATH variable: /foss/tools/bin:/foss/tools/sak:/usr/local/sbin:/usr/local/sbin:/usr/local/bin:/usr/sbin:/usr/bin:/sbin:/bin:/foss/tools/kactus2:/foss/tools/klayout:/foss/tools/osic-multitool
[INFO] Final PYTHONPATH variable: /usr/lib/python312.zip:/usr/lib/python3.12:/usr/lib/python3.12/lib-dynload:/usr/local/lib/python3.12/dist-packages:/usr/lib/python3/dist-packages:/foss/tools/ngspyce/local/lib/python3.12/dist-packages:/foss/tools/openems/local/lib/python3.12/dist-packages:/foss/tools/pyopus/local/lib/python3.12/dist-packages:/foss/tools/yosys/share/yosys/python3:/foss/tools/klayout/pymod

 /----------------------------------------------------------------------------\
 |  yosys -- Yosys Open SYnthesis Suite                                       |
 |  Copyright (C) 2012 - 2026  Claire Xenia Wolf <claire@yosyshq.com>         |
 |  Distributed under an ISC-like license, type "license" to see terms        |
 \----------------------------------------------------------------------------/
 Yosys 0.62 (git sha1 7326bb7d6, g++ 13.3.0-6ubuntu2~24.04 -fPIC -O3)

-- Running command `read_verilog -sv -DSIMULATION /foss/designs/_bench7_caravel_v1034_cleanroom/caravel_r11/phase2/stage1/rtl/defines.v; read_verilog -sv -DSIMULATION /foss/designs/_bench7_caravel_v1034_cleanroom/caravel_r11/phase2/stage1/rtl/user_defines.v; read_verilog -sv -DSIMULATION /foss/designs/_bench7_caravel_v1034_cleanroom/caravel_r11/phase2/stage1/rtl/user_proj_example.v; read_verilog -sv -DSIMULATION /foss/designs/_bench7_caravel_v1034_cleanroom/caravel_r11/phase2/stage1/rtl/user_project_wrapper.v; hierarchy -check -top user_project_wrapper; proc; flatten; tribuf -logic; synth -top user_project_wrapper -flatten; dfflibmap -liberty /foss/pdks/sky130A/libs.ref/sky130_fd_sc_hd/lib/sky130_fd_sc_hd__tt_025C_1v80.lib; techmap -map /foss/designs/_bench7_caravel_v1034_cleanroom/caravel_r11/phase2/stage2/synth/_dlatch_map.v; abc -liberty /foss/pdks/sky130A/libs.ref/sky130_fd_sc_hd/lib/sky130_fd_sc_hd__tt_025C_1v80.lib; hilomap -hicell sky130_fd_sc_hd__conb_1 HI -locell sky130_fd_sc_hd__conb_1 LO; clean; stat -liberty /foss/pdks/sky130A/libs.ref/sky130_fd_sc_hd/lib/sky130_fd_sc_hd__tt_025C_1v80.lib; write_verilog -noattr /foss/designs/_bench7_caravel_v1034_cleanroom/caravel_r11/phase2/stage2/synth/user_project_wrapper_synth.v' --

1. Executing Verilog-2005 frontend: /foss/designs/_bench7_caravel_v1034_cleanroom/caravel_r11/phase2/stage1/rtl/defines.v
Parsing SystemVerilog input from `/foss/designs/_bench7_caravel_v1034_cleanroom/caravel_r11/phase2/stage1/rtl/defines.v' to AST representation.
Successfully finished Verilog frontend.

2. Executing Verilog-2005 frontend: /foss/designs/_bench7_caravel_v1034_cleanroom/caravel_r11/phase2/stage1/rtl/user_defines.v
Parsing SystemVerilog input from `/foss/designs/_bench7_caravel_v1034_cleanroom/caravel_r11/phase2/stage1/rtl/user_defines.v' to AST representation.
Successfully finished Verilog frontend.

3. Executing Verilog-2005 frontend: /foss/designs/_bench7_caravel_v1034_cleanroom/caravel_r11/phase2/stage1/rtl/user_proj_example.v
Parsing SystemVerilog input from `/foss/designs/_bench7_caravel_v1034_cleanroom/caravel_r11/phase2/stage1/rtl/user_proj_example.v' to AST representation.
Generating RTLIL representation for module `\user_proj_example'.
Generating RTLIL representation for module `\counter'.
Successfully finished Verilog frontend.

4. Executing Verilog-2005 frontend: /foss/designs/_bench7_caravel_v1034_cleanroom/caravel_r11/phase2/stage1/rtl/user_project_wrapper.v
Parsing SystemVerilog input from `/foss/designs/_bench7_caravel_v1034_cleanroom/caravel_r11/phase2/stage1/rtl/user_project_wrapper.v' to AST representation.
Generating RTLIL representation for module `\user_project_wrapper'.
Successfully finished Verilog frontend.

5. Executing HIERARCHY pass (managing design hierarchy).

5.1. Analyzing design hierarchy..
Top module:  \user_project_wrapper
Used module:     \user_proj_example
Used module:         \counter
Parameter \BITS = 16

5.2. Executing AST frontend in derive mode using pre-parsed AST for module `\counter'.
Parameter \BITS = 16
Generating RTLIL representation for module `$paramod\counter\BITS=s32'00000000000000000000000000010000'.

5.3. Analyzing design hierarchy..
Top module:  \user_project_wrapper
Used module:     \user_proj_example
Used module:         $paramod\counter\BITS=s32'00000000000000000000000000010000

5.4. Analyzing design hierarchy..
Top module:  \user_project_wrapper
Used module:     \user_proj_example
Used module:         $paramod\counter\BITS=s32'00000000000000000000000000010000
Removing unused module `\counter'.
Removed 1 unused modules.

6. Executing PROC pass (convert processes to netlists).

6.1. Executing PROC_CLEAN pass (remove empty switches from decision trees).
Cleaned up 0 empty switches.

6.2. Executing PROC_RMDEAD pass (remove dead branches from decision trees).
Marked 2 switch rules as full_case in process $proc$/foss/designs/_bench7_caravel_v1034_cleanroom/caravel_r11/phase2/stage1/rtl/user_proj_example.v:135$18 in module $paramod\counter\BITS=s32'00000000000000000000000000010000.
Removed a total of 0 dead cases.

6.3. Executing PROC_PRUNE pass (remove redundant assignments in processes).
Removed 1 redundant assignment.
Promoted 0 assignments to connections.

6.4. Executing PROC_INIT pass (extract init attributes).

6.5. Executing PROC_ARST pass (detect async resets in processes).

6.6. Executing PROC_ROM pass (convert switches to ROMs).
Converted 0 switches.
<suppressed ~6 debug messages>

6.7. Executing PROC_MUX pass (convert decision trees to multiplexers).
Creating decoders for process `$paramod\counter\BITS=s32'00000000000000000000000000010000.$proc$/foss/designs/_bench7_caravel_v1034_cleanroom/caravel_r11/phase2/stage1/rtl/user_proj_example.v:135$18'.
     1/4: $0\count[15:0] [15:8]
     2/4: $0\count[15:0] [7:0]
     3/4: $0\ready[0:0]
     4/4: $0\rdata[15:0]

6.8. Executing PROC_DLATCH pass (convert process syncs to latches).

6.9. Executing PROC_DFF pass (convert process syncs to FFs).
Creating register for signal `$paramod\counter\BITS=s32'00000000000000000000000000010000.\rdata' using process `$paramod\counter\BITS=s32'00000000000000000000000000010000.$proc$/foss/designs/_bench7_caravel_v1034_cleanroom/caravel_r11/phase2/stage1/rtl/user_proj_example.v:135$18'.
  created $dff cell `$procdff$62' with positive edge clock.
Creating register for signal `$paramod\counter\BITS=s32'00000000000000000000000000010000.\count' using process `$paramod\counter\BITS=s32'00000000000000000000000000010000.$proc$/foss/designs/_bench7_caravel_v1034_cleanroom/caravel_r11/phase2/stage1/rtl/user_proj_example.v:135$18'.
  created $dff cell `$procdff$63' with positive edge clock.
Creating register for signal `$paramod\counter\BITS=s32'00000000000000000000000000010000.\ready' using process `$paramod\counter\BITS=s32'00000000000000000000000000010000.$proc$/foss/designs/_bench7_caravel_v1034_cleanroom/caravel_r11/phase2/stage1/rtl/user_proj_example.v:135$18'.
  created $dff cell `$procdff$64' with positive edge clock.

6.10. Executing PROC_MEMWR pass (convert process memory writes to cells).

6.11. Executing PROC_CLEAN pass (remove empty switches from decision trees).
Found and cleaned up 6 empty switches in `$paramod\counter\BITS=s32'00000000000000000000000000010000.$proc$/foss/designs/_bench7_caravel_v1034_cleanroom/caravel_r11/phase2/stage1/rtl/user_proj_example.v:135$18'.
Removing empty process `$paramod\counter\BITS=s32'00000000000000000000000000010000.$proc$/foss/designs/_bench7_caravel_v1034_cleanroom/caravel_r11/phase2/stage1/rtl/user_proj_example.v:135$18'.
Cleaned up 6 empty switches.

6.12. Executing OPT_EXPR pass (perform const folding).
Optimizing module user_project_wrapper.
Optimizing module $paramod\counter\BITS=s32'00000000000000000000000000010000.
<suppressed ~2 debug messages>
Optimizing module user_proj_example.
<suppressed ~2 debug messages>

7. Executing FLATTEN pass (flatten design).
Deleting now unused module $paramod\counter\BITS=s32'00000000000000000000000000010000.
Deleting now unused module user_proj_example.
<suppressed ~2 debug messages>

8. Executing TRIBUF pass.

9. Executing SYNTH pass.

9.1. Executing HIERARCHY pass (managing design hierarchy).

9.1.1. Analyzing design hierarchy..
Top module:  \user_project_wrapper

9.1.2. Analyzing design hierarchy..
Top module:  \user_project_wrapper
Removed 0 unused modules.

9.2. Executing PROC pass (convert processes to netlists).

9.2.1. Executing PROC_CLEAN pass (remove empty switches from decision trees).
Cleaned up 0 empty switches.

9.2.2. Executing PROC_RMDEAD pass (remove dead branches from decision trees).
Removed a total of 0 dead cases.

9.2.3. Executing PROC_PRUNE pass (remove redundant assignments in processes).
Removed 0 redundant assignments.
Promoted 0 assignments to connections.

9.2.4. Executing PROC_INIT pass (extract init attributes).

9.2.5. Executing PROC_ARST pass (detect async resets in processes).

9.2.6. Executing PROC_ROM pass (convert switches to ROMs).
Converted 0 switches.

9.2.7. Executing PROC_MUX pass (convert decision trees to multiplexers).

9.2.8. Executing PROC_DLATCH pass (convert process syncs to latches).

9.2.9. Executing PROC_DFF pass (convert process syncs to FFs).

9.2.10. Executing PROC_MEMWR pass (convert process memory writes to cells).

9.2.11. Executing PROC_CLEAN pass (remove empty switches from decision trees).
Cleaned up 0 empty switches.

9.2.12. Executing OPT_EXPR pass (perform const folding).
Optimizing module user_project_wrapper.

9.3. Executing FLATTEN pass (flatten design).

9.4. Executing OPT_EXPR pass (perform const folding).
Optimizing module user_project_wrapper.

9.5. Executing OPT_CLEAN pass (remove unused cells and wires).
Finding unused cells or wires in module \user_project_wrapper..
Removed 3 unused cells and 26 unused wires.
<suppressed ~4 debug messages>

9.6. Executing CHECK pass (checking for obvious problems).
Checking module user_project_wrapper...
Warning: Wire user_project_wrapper.\io_out [29] is used but has no driver.
Warning: Wire user_project_wrapper.\io_out [28] is used but has no driver.
Warning: Wire user_project_wrapper.\io_out [27] is used but has no driver.
Warning: Wire user_project_wrapper.\io_out [26] is used but has no driver.
Warning: Wire user_project_wrapper.\io_out [25] is used but has no driver.
Warning: Wire user_project_wrapper.\io_out [24] is used but has no driver.
Warning: Wire user_project_wrapper.\io_out [23] is used but has no driver.
Warning: Wire user_project_wrapper.\io_out [22] is used but has no driver.
Warning: Wire user_project_wrapper.\io_out [21] is used but has no driver.
Warning: Wire user_project_wrapper.\io_out [20] is used but has no driver.
Warning: Wire user_project_wrapper.\io_out [19] is used but has no driver.
Warning: Wire user_project_wrapper.\io_out [18] is used but has no driver.
Warning: Wire user_project_wrapper.\io_out [17] is used but has no driver.
Warning: Wire user_project_wrapper.\io_out [16] is used but has no driver.
Warning: Wire user_project_wrapper.\io_out [15] is used but has no driver.
Warning: Wire user_project_wrapper.\io_out [14] is used but has no driver.
Warning: Wire user_project_wrapper.\io_out [13] is used but has no driver.
Warning: Wire user_project_wrapper.\io_out [12] is used but has no driver.
Warning: Wire user_project_wrapper.\io_out [11] is used but has no driver.
Warning: Wire user_project_wrapper.\io_out [10] is used but has no driver.
Warning: Wire user_project_wrapper.\io_out [9] is used but has no driver.
Warning: Wire user_project_wrapper.\io_out [8] is used but has no driver.
Warning: Wire user_project_wrapper.\io_oeb [29] is used but has no driver.
Warning: Wire user_project_wrapper.\io_oeb [28] is used but has no driver.
Warning: Wire user_project_wrapper.\io_oeb [27] is used but has no driver.
Warning: Wire user_project_wrapper.\io_oeb [26] is used but has no driver.
Warning: Wire user_project_wrapper.\io_oeb [25] is used but has no driver.
Warning: Wire user_project_wrapper.\io_oeb [24] is used but has no driver.
Warning: Wire user_project_wrapper.\io_oeb [23] is used but has no driver.
Warning: Wire user_project_wrapper.\io_oeb [22] is used but has no driver.
Warning: Wire user_project_wrapper.\io_oeb [21] is used but has no driver.
Warning: Wire user_project_wrapper.\io_oeb [20] is used but has no driver.
Warning: Wire user_project_wrapper.\io_oeb [19] is used but has no driver.
Warning: Wire user_project_wrapper.\io_oeb [18] is used but has no driver.
Warning: Wire user_project_wrapper.\io_oeb [17] is used but has no driver.
Warning: Wire user_project_wrapper.\io_oeb [16] is used but has no driver.
Warning: Wire user_project_wrapper.\io_oeb [15] is used but has no driver.
Warning: Wire user_project_wrapper.\io_oeb [14] is used but has no driver.
Warning: Wire user_project_wrapper.\io_oeb [13] is used but has no driver.
Warning: Wire user_project_wrapper.\io_oeb [12] is used but has no driver.
Warning: Wire user_project_wrapper.\io_oeb [11] is used but has no driver.
Warning: Wire user_project_wrapper.\io_oeb [10] is used but has no driver.
Warning: Wire user_project_wrapper.\io_oeb [9] is used but has no driver.
Warning: Wire user_project_wrapper.\io_oeb [8] is used but has no driver.
Found and reported 44 problems.

9.7. Executing OPT pass (performing simple optimizations).

9.7.1. Executing OPT_EXPR pass (perform const folding).
Optimizing module user_project_wrapper.

9.7.2. Executing OPT_MERGE pass (detect identical cells).
Finding identical cells in module `\user_project_wrapper'.
Computing hashes of 32 cells of `\user_project_wrapper'.
Finding duplicate cells in `\user_project_wrapper'.
Computing hashes of 31 cells of `\user_project_wrapper'.
Finding duplicate cells in `\user_project_wrapper'.
<suppressed ~3 debug messages>
Removed a total of 1 cells.

9.7.3. Executing OPT_MUXTREE pass (detect dead branches in mux trees).
Running muxtree optimizer on module \user_project_wrapper..
  Creating internal representation of mux trees.
  Evaluating internal representation of mux trees.
  Analyzing evaluation results.
Removed 0 multiplexer ports.
<suppressed ~28 debug messages>

9.7.4. Executing OPT_REDUCE pass (consolidate $*mux and $reduce_* inputs).
  Optimizing cells in module \user_project_wrapper.
Performed a total of 0 changes.

9.7.5. Executing OPT_MERGE pass (detect identical cells).
Finding identical cells in module `\user_project_wrapper'.
Computing hashes of 31 cells of `\user_project_wrapper'.
Finding duplicate cells in `\user_project_wrapper'.
Removed a total of 0 cells.

9.7.6. Executing OPT_DFF pass (perform DFF optimizations).

9.7.7. Executing OPT_CLEAN pass (remove unused cells and wires).
Finding unused cells or wires in module \user_project_wrapper..
Removed 0 unused cells and 1 unused wires.
<suppressed ~1 debug messages>

9.7.8. Executing OPT_EXPR pass (perform const folding).
Optimizing module user_project_wrapper.

9.7.9. Rerunning OPT passes. (Maybe there is more to do..)

9.7.10. Executing OPT_MUXTREE pass (detect dead branches in mux trees).
Running muxtree optimizer on module \user_project_wrapper..
  Creating internal representation of mux trees.
  Evaluating internal representation of mux trees.
  Analyzing evaluation results.
Removed 0 multiplexer ports.
<suppressed ~28 debug messages>

9.7.11. Executing OPT_REDUCE pass (consolidate $*mux and $reduce_* inputs).
  Optimizing cells in module \user_project_wrapper.
Performed a total of 0 changes.

9.7.12. Executing OPT_MERGE pass (detect identical cells).
Finding identical cells in module `\user_project_wrapper'.
Computing hashes of 31 cells of `\user_project_wrapper'.
Finding duplicate cells in `\user_project_wrapper'.
Removed a total of 0 cells.

9.7.13. Executing OPT_DFF pass (perform DFF optimizations).

9.7.14. Executing OPT_CLEAN pass (remove unused cells and wires).
Finding unused cells or wires in module \user_project_wrapper..

9.7.15. Executing OPT_EXPR pass (perform const folding).
Optimizing module user_project_wrapper.

9.7.16. Finished fast OPT passes. (There is nothing left to do.)

9.8. Executing FSM pass (extract and optimize FSM).

9.8.1. Executing FSM_DETECT pass (finding FSMs in design).

9.8.2. Executing FSM_EXTRACT pass (extracting FSM from design).

9.8.3. Executing FSM_OPT pass (simple optimizations of FSMs).

9.8.4. Executing OPT_CLEAN pass (remove unused cells and wires).
Finding unused cells or wires in module \user_project_wrapper..

9.8.5. Executing FSM_OPT pass (simple optimizations of FSMs).

9.8.6. Executing FSM_RECODE pass (re-assigning FSM state encoding).

9.8.7. Executing FSM_INFO pass (dumping all available information on FSM cells).

9.8.8. Executing FSM_MAP pass (mapping FSMs to basic logic).

9.9. Executing OPT pass (performing simple optimizations).

9.9.1. Executing OPT_EXPR pass (perform const folding).
Optimizing module user_project_wrapper.

9.9.2. Executing OPT_MERGE pass (detect identical cells).
Finding identical cells in module `\user_project_wrapper'.
Computing hashes of 31 cells of `\user_project_wrapper'.
Finding duplicate cells in `\user_project_wrapper'.
Removed a total of 0 cells.

9.9.3. Executing OPT_MUXTREE pass (detect dead branches in mux trees).
Running muxtree optimizer on module \user_project_wrapper..
  Creating internal representation of mux trees.
  Evaluating internal representation of mux trees.
  Analyzing evaluation results.
Removed 0 multiplexer ports.
<suppressed ~28 debug messages>

9.9.4. Executing OPT_REDUCE pass (consolidate $*mux and $reduce_* inputs).
  Optimizing cells in module \user_project_wrapper.
Performed a total of 0 changes.

9.9.5. Executing OPT_MERGE pass (detect identical cells).
Finding identical cells in module `\user_project_wrapper'.
Computing hashes of 31 cells of `\user_project_wrapper'.
Finding duplicate cells in `\user_project_wrapper'.
Removed a total of 0 cells.

9.9.6. Executing OPT_DFF pass (perform DFF optimizations).
Adding SRST signal on $flatten\mprj.\counter.$procdff$64 ($dff) from module user_project_wrapper (D = $flatten\mprj.\counter.$procmux$51_Y, Q = \mprj.counter.ready, rval = 1'0).
Adding SRST signal on $flatten\mprj.\counter.$procdff$63 ($dff) from module user_project_wrapper (D = { $flatten\mprj.\counter.$procmux$33_Y $flatten\mprj.\counter.$procmux$45_Y }, Q = \mprj.counter.count, rval = 16'0000000000000000).
Adding EN signal on $flatten\mprj.\counter.$procdff$62 ($dff) from module user_project_wrapper (D = \mprj.counter.count, Q = \mprj.counter.rdata).

9.9.7. Executing OPT_CLEAN pass (remove unused cells and wires).
Finding unused cells or wires in module \user_project_wrapper..
Removed 5 unused cells and 4 unused wires.
<suppressed ~6 debug messages>

9.9.8. Executing OPT_EXPR pass (perform const folding).
Optimizing module user_project_wrapper.

9.9.9. Rerunning OPT passes. (Maybe there is more to do..)

9.9.10. Executing OPT_MUXTREE pass (detect dead branches in mux trees).
Running muxtree optimizer on module \user_project_wrapper..
  Creating internal representation of mux trees.
  Evaluating internal representation of mux trees.
  Analyzing evaluation results.
Removed 0 multiplexer ports.
<suppressed ~22 debug messages>

9.9.11. Executing OPT_REDUCE pass (consolidate $*mux and $reduce_* inputs).
  Optimizing cells in module \user_project_wrapper.
Performed a total of 0 changes.

9.9.12. Executing OPT_MERGE pass (detect identical cells).
Finding identical cells in module `\user_project_wrapper'.
Computing hashes of 28 cells of `\user_project_wrapper'.
Finding duplicate cells in `\user_project_wrapper'.
Removed a total of 0 cells.

9.9.13. Executing OPT_DFF pass (perform DFF optimizations).

9.9.14. Executing OPT_CLEAN pass (remove unused cells and wires).
Finding unused cells or wires in module \user_project_wrapper..

9.9.15. Executing OPT_EXPR pass (perform const folding).
Optimizing module user_project_wrapper.

9.9.16. Finished fast OPT passes. (There is nothing left to do.)

9.10. Executing WREDUCE pass (reducing word size of cells).
Removed top 2 bits (of 4) from port Y of cell user_project_wrapper.$flatten\mprj.$and$/foss/designs/_bench7_caravel_v1034_cleanroom/caravel_r11/phase2/stage1/rtl/user_proj_example.v:84$2 ($and).
Removed top 2 bits (of 4) from port A of cell user_project_wrapper.$flatten\mprj.$and$/foss/designs/_bench7_caravel_v1034_cleanroom/caravel_r11/phase2/stage1/rtl/user_proj_example.v:84$2 ($and).
Removed top 2 bits (of 4) from port B of cell user_project_wrapper.$flatten\mprj.$and$/foss/designs/_bench7_caravel_v1034_cleanroom/caravel_r11/phase2/stage1/rtl/user_proj_example.v:84$2 ($and).

9.11. Executing PEEPOPT pass (run peephole optimizers).

9.12. Executing OPT_CLEAN pass (remove unused cells and wires).
Finding unused cells or wires in module \user_project_wrapper..

9.13. Executing ALUMACC pass (create $alu and $macc cells).
Extracting $alu and $macc cells in module user_project_wrapper:
  creating $macc model for $flatten\mprj.\counter.$add$/foss/designs/_bench7_caravel_v1034_cleanroom/caravel_r11/phase2/stage1/rtl/user_proj_example.v:142$21 ($add).
  creating $alu model for $macc $flatten\mprj.\counter.$add$/foss/designs/_bench7_caravel_v1034_cleanroom/caravel_r11/phase2/stage1/rtl/user_proj_example.v:142$21.
  creating $alu cell for $flatten\mprj.\counter.$add$/foss/designs/_bench7_caravel_v1034_cleanroom/caravel_r11/phase2/stage1/rtl/user_proj_example.v:142$21: $auto$alumacc.cc:512:replace_alu$74
  created 1 $alu and 0 $macc cells.

9.14. Executing SHARE pass (SAT-based resource sharing).

9.15. Executing OPT pass (performing simple optimizations).

9.15.1. Executing OPT_EXPR pass (perform const folding).
Optimizing module user_project_wrapper.

9.15.2. Executing OPT_MERGE pass (detect identical cells).
Finding identical cells in module `\user_project_wrapper'.
Computing hashes of 28 cells of `\user_project_wrapper'.
Finding duplicate cells in `\user_project_wrapper'.
Removed a total of 0 cells.

9.15.3. Executing OPT_MUXTREE pass (detect dead branches in mux trees).
Running muxtree optimizer on module \user_project_wrapper..
  Creating internal representation of mux trees.
  Evaluating internal representation of mux trees.
  Analyzing evaluation results.
Removed 0 multiplexer ports.
<suppressed ~22 debug messages>

9.15.4. Executing OPT_REDUCE pass (consolidate $*mux and $reduce_* inputs).
  Optimizing cells in module \user_project_wrapper.
Performed a total of 0 changes.

9.15.5. Executing OPT_MERGE pass (detect identical cells).
Finding identical cells in module `\user_project_wrapper'.
Computing hashes of 28 cells of `\user_project_wrapper'.
Finding duplicate cells in `\user_project_wrapper'.
Removed a total of 0 cells.

9.15.6. Executing OPT_DFF pass (perform DFF optimizations).

9.15.7. Executing OPT_CLEAN pass (remove unused cells and wires).
Finding unused cells or wires in module \user_project_wrapper..

9.15.8. Executing OPT_EXPR pass (perform const folding).
Optimizing module user_project_wrapper.

9.15.9. Finished fast OPT passes. (There is nothing left to do.)

9.16. Executing MEMORY pass.

9.16.1. Executing OPT_MEM pass (optimize memories).
Performed a total of 0 transformations.

9.16.2. Executing OPT_MEM_PRIORITY pass (removing unnecessary memory write priority relations).
Performed a total of 0 transformations.

9.16.3. Executing OPT_MEM_FEEDBACK pass (finding memory read-to-write feedback paths).

9.16.4. Executing MEMORY_BMUX2ROM pass (converting muxes to ROMs).

9.16.5. Executing MEMORY_DFF pass (merging $dff cells to $memrd).

9.16.6. Executing OPT_CLEAN pass (remove unused cells and wires).
Finding unused cells or wires in module \user_project_wrapper..

9.16.7. Executing MEMORY_SHARE pass (consolidating $memrd/$memwr cells).

9.16.8. Executing OPT_MEM_WIDEN pass (optimize memories where all ports are wide).
Performed a total of 0 transformations.

9.16.9. Executing OPT_CLEAN pass (remove unused cells and wires).
Finding unused cells or wires in module \user_project_wrapper..

9.16.10. Executing MEMORY_COLLECT pass (generating $mem cells).

9.17. Executing OPT_CLEAN pass (remove unused cells and wires).
Finding unused cells or wires in module \user_project_wrapper..

9.18. Executing OPT pass (performing simple optimizations).

9.18.1. Executing OPT_EXPR pass (perform const folding).
Optimizing module user_project_wrapper.
<suppressed ~21 debug messages>

9.18.2. Executing OPT_MERGE pass (detect identical cells).
Finding identical cells in module `\user_project_wrapper'.
Computing hashes of 27 cells of `\user_project_wrapper'.
Finding duplicate cells in `\user_project_wrapper'.
Removed a total of 0 cells.

9.18.3. Executing OPT_DFF pass (perform DFF optimizations).

9.18.4. Executing OPT_CLEAN pass (remove unused cells and wires).
Finding unused cells or wires in module \user_project_wrapper..
Removed 0 unused cells and 2 unused wires.
<suppressed ~1 debug messages>

9.18.5. Finished fast OPT passes.

9.19. Executing MEMORY_MAP pass (converting memories to logic and flip-flops).

9.20. Executing OPT pass (performing simple optimizations).

9.20.1. Executing OPT_EXPR pass (perform const folding).
Optimizing module user_project_wrapper.

9.20.2. Executing OPT_MERGE pass (detect identical cells).
Finding identical cells in module `\user_project_wrapper'.
Computing hashes of 27 cells of `\user_project_wrapper'.
Finding duplicate cells in `\user_project_wrapper'.
Removed a total of 0 cells.

9.20.3. Executing OPT_MUXTREE pass (detect dead branches in mux trees).
Running muxtree optimizer on module \user_project_wrapper..
  Creating internal representation of mux trees.
  Evaluating internal representation of mux trees.
  Analyzing evaluation results.
Removed 0 multiplexer ports.
<suppressed ~20 debug messages>

9.20.4. Executing OPT_REDUCE pass (consolidate $*mux and $reduce_* inputs).
  Optimizing cells in module \user_project_wrapper.
Performed a total of 0 changes.

9.20.5. Executing OPT_MERGE pass (detect identical cells).
Finding identical cells in module `\user_project_wrapper'.
Computing hashes of 27 cells of `\user_project_wrapper'.
Finding duplicate cells in `\user_project_wrapper'.
Removed a total of 0 cells.

9.20.6. Executing OPT_SHARE pass.

9.20.7. Executing OPT_DFF pass (perform DFF optimizations).

9.20.8. Executing OPT_CLEAN pass (remove unused cells and wires).
Finding unused cells or wires in module \user_project_wrapper..

9.20.9. Executing OPT_EXPR pass (perform const folding).
Optimizing module user_project_wrapper.

9.20.10. Finished fast OPT passes. (There is nothing left to do.)

9.21. Executing TECHMAP pass (map to technology primitives).

9.21.1. Executing Verilog-2005 frontend: /foss/tools/yosys/bin/../share/yosys/techmap.v
Parsing Verilog input from `/foss/tools/yosys/bin/../share/yosys/techmap.v' to AST representation.
Generating RTLIL representation for module `\_90_simplemap_bool_ops'.
Generating RTLIL representation for module `\_90_simplemap_reduce_ops'.
Generating RTLIL representation for module `\_90_simplemap_logic_ops'.
Generating RTLIL representation for module `\_90_simplemap_compare_ops'.
Generating RTLIL representation for module `\_90_simplemap_various'.
Generating RTLIL representation for module `\_90_simplemap_registers'.
Generating RTLIL representation for module `\_90_shift_ops_shr_shl_sshl_sshr'.
Generating RTLIL representation for module `\_90_shift_shiftx'.
Generating RTLIL representation for module `\_90_fa'.
Generating RTLIL representation for module `\_90_lcu_brent_kung'.
Generating RTLIL representation for module `\_90_alu'.
Generating RTLIL representation for module `\_90_macc'.
Generating RTLIL representation for module `\_90_alumacc'.
Generating RTLIL representation for module `$__div_mod_u'.
Generating RTLIL representation for module `$__div_mod_trunc'.
Generating RTLIL representation for module `\_90_div'.
Generating RTLIL representation for module `\_90_mod'.
Generating RTLIL representation for module `$__div_mod_floor'.
Generating RTLIL representation for module `\_90_divfloor'.
Generating RTLIL representation for module `\_90_modfloor'.
Generating RTLIL representation for module `\_90_pow'.
Generating RTLIL representation for module `\_90_pmux'.
Generating RTLIL representation for module `\_90_demux'.
Generating RTLIL representation for module `\_90_lut'.
Generating RTLIL representation for module `$connect'.
Generating RTLIL representation for module `$input_port'.
Successfully finished Verilog frontend.

9.21.2. Continuing TECHMAP pass.
Using extmapper simplemap for cells of type $not.
Using template $paramod$2af30114e9bd4ccb04dad757b3f0a8f6bf0615b0\_90_alu for cells of type $alu.
Using extmapper simplemap for cells of type $reduce_and.
Using extmapper simplemap for cells of type $dffe.
Using extmapper simplemap for cells of type $sdff.
Using extmapper simplemap for cells of type $logic_not.
Using extmapper simplemap for cells of type $logic_and.
Using extmapper simplemap for cells of type $and.
Using extmapper simplemap for cells of type $mux.
Using extmapper simplemap for cells of type $reduce_or.
Using extmapper simplemap for cells of type $xor.
Using template $paramod\_90_fa\WIDTH=32'00000000000000000000000000010000 for cells of type $fa.
Using template $paramod\_90_lcu_brent_kung\WIDTH=32'00000000000000000000000000010000 for cells of type $lcu.
Using extmapper simplemap for cells of type $pos.
Using extmapper simplemap for cells of type $or.
No more expansions possible.
<suppressed ~332 debug messages>

9.22. Executing OPT pass (performing simple optimizations).

9.22.1. Executing OPT_EXPR pass (perform const folding).
Optimizing module user_project_wrapper.
<suppressed ~137 debug messages>

9.22.2. Executing OPT_MERGE pass (detect identical cells).
Finding identical cells in module `\user_project_wrapper'.
Computing hashes of 230 cells of `\user_project_wrapper'.
Finding duplicate cells in `\user_project_wrapper'.
Computing hashes of 229 cells of `\user_project_wrapper'.
Finding duplicate cells in `\user_project_wrapper'.
<suppressed ~3 debug messages>
Removed a total of 1 cells.

9.22.3. Executing OPT_DFF pass (perform DFF optimizations).

9.22.4. Executing OPT_CLEAN pass (remove unused cells and wires).
Finding unused cells or wires in module \user_project_wrapper..
Removed 19 unused cells and 83 unused wires.
<suppressed ~20 debug messages>

9.22.5. Finished fast OPT passes.

9.23. Executing ABC pass (technology mapping using ABC).

9.23.1. Extracting gate netlist of module `\user_project_wrapper' to `<abc-temp-dir>/input.blif'..

9.23.1.1. Executed ABC.
Extracted 175 gates and 251 wires to a netlist network with 76 inputs and 20 outputs.
Running ABC script: <abc-temp-dir>/abc.script
ABC: UC Berkeley, ABC 1.01 (compiled Feb 14 2026 00:59:35)
ABC: abc 01> empty
ABC: abc 01> source <abc-temp-dir>/abc.script
ABC: + read_blif <abc-temp-dir>/input.blif 
ABC: + read_library /tmp/yosys-abc-Cv7fR2/stdcells.genlib 
ABC: + strash 
ABC: + dretime 
ABC: + map 
ABC: + write_blif <abc-temp-dir>/output.blif 
ABC: 
ABC: YOSYS_ABC_DONE 

9.23.1.2. Re-integrating ABC results.
ABC RESULTS:               AND cells:       21
ABC RESULTS:            ANDNOT cells:       15
ABC RESULTS:               MUX cells:       65
ABC RESULTS:              NAND cells:        6
ABC RESULTS:               NOR cells:       15
ABC RESULTS:               NOT cells:        1
ABC RESULTS:                OR cells:       16
ABC RESULTS:             ORNOT cells:        2
ABC RESULTS:              XNOR cells:        6
ABC RESULTS:               XOR cells:       10
ABC RESULTS:        internal signals:      155
ABC RESULTS:           input signals:       76
ABC RESULTS:          output signals:       20
Removing temp directory.
Removing global temp directory.

9.24. Executing OPT pass (performing simple optimizations).

9.24.1. Executing OPT_EXPR pass (perform const folding).
Optimizing module user_project_wrapper.
<suppressed ~16 debug messages>

9.24.2. Executing OPT_MERGE pass (detect identical cells).
Finding identical cells in module `\user_project_wrapper'.
Computing hashes of 192 cells of `\user_project_wrapper'.
Finding duplicate cells in `\user_project_wrapper'.
Removed a total of 0 cells.

9.24.3. Executing OPT_DFF pass (perform DFF optimizations).

9.24.4. Executing OPT_CLEAN pass (remove unused cells and wires).
Finding unused cells or wires in module \user_project_wrapper..
Removed 1 unused cells and 113 unused wires.
<suppressed ~6 debug messages>

9.24.5. Finished fast OPT passes.

9.25. Executing HIERARCHY pass (managing design hierarchy).
Attribute `top' found on module `user_project_wrapper'. Setting top module to user_project_wrapper.

9.25.1. Analyzing design hierarchy..
Top module:  \user_project_wrapper

9.25.2. Analyzing design hierarchy..
Top module:  \user_project_wrapper
Removed 0 unused modules.

9.26. Printing statistics.

=== user_project_wrapper ===

        +----------Local Count, excluding submodules.
        | 
      204 wires
     1457 wire bits
       50 public wires
     1303 public wire bits
       19 ports
      637 port bits
      191 cells
       15   $_ANDNOT_
       21   $_AND_
       16   $_DFFE_PP_
       65   $_MUX_
        6   $_NAND_
       15   $_NOR_
        2   $_ORNOT_
       16   $_OR_
       17   $_SDFF_PP0_
        6   $_XNOR_
       10   $_XOR_
        2   $scopeinfo

9.27. Executing CHECK pass (checking for obvious problems).
Checking module user_project_wrapper...
Found and reported 0 problems.

10. Executing DFFLIBMAP pass (mapping DFF cells to sequential cells from liberty file).
  cell sky130_fd_sc_hd__dfxtp_1 (noninv, pins=3, area=20.02) is a direct match for cell type $_DFF_P_.
  cell sky130_fd_sc_hd__dfrtn_1 (noninv, pins=4, area=25.02) is a direct match for cell type $_DFF_NN0_.
  cell sky130_fd_sc_hd__dfrtp_1 (noninv, pins=4, area=25.02) is a direct match for cell type $_DFF_PN0_.
  cell sky130_fd_sc_hd__dfstp_2 (noninv, pins=4, area=26.28) is a direct match for cell type $_DFF_PN1_.
  cell sky130_fd_sc_hd__edfxtp_1 (noninv, pins=4, area=30.03) is a direct match for cell type $_DFFE_PP_.
  cell sky130_fd_sc_hd__dfbbn_1 (noninv, pins=6, area=32.53) is a direct match for cell type $_DFFSR_NNN_.
  cell sky130_fd_sc_hd__dfbbp_1 (noninv, pins=6, area=32.53) is a direct match for cell type $_DFFSR_PNN_.
  final dff cell mappings:
    unmapped dff cell: $_DFF_N_
    \sky130_fd_sc_hd__dfxtp_1 _DFF_P_ (.CLK( C), .D( D), .Q( Q));
    \sky130_fd_sc_hd__dfrtn_1 _DFF_NN0_ (.CLK_N( C), .D( D), .Q( Q), .RESET_B( R));
    unmapped dff cell: $_DFF_NN1_
    unmapped dff cell: $_DFF_NP0_
    unmapped dff cell: $_DFF_NP1_
    \sky130_fd_sc_hd__dfrtp_1 _DFF_PN0_ (.CLK( C), .D( D), .Q( Q), .RESET_B( R));
    \sky130_fd_sc_hd__dfstp_2 _DFF_PN1_ (.CLK( C), .D( D), .Q( Q), .SET_B( R));
    unmapped dff cell: $_DFF_PP0_
    unmapped dff cell: $_DFF_PP1_
    unmapped dff cell: $_DFFE_NN_
    unmapped dff cell: $_DFFE_NP_
    unmapped dff cell: $_DFFE_PN_
    \sky130_fd_sc_hd__edfxtp_1 _DFFE_PP_ (.CLK( C), .D( D), .DE( E), .Q( Q));
    \sky130_fd_sc_hd__dfbbn_1 _DFFSR_NNN_ (.CLK_N( C), .D( D), .Q( Q), .Q_N(~Q), .RESET_B( R), .SET_B( S));
    unmapped dff cell: $_DFFSR_NNP_
    unmapped dff cell: $_DFFSR_NPN_
    unmapped dff cell: $_DFFSR_NPP_
    \sky130_fd_sc_hd__dfbbp_1 _DFFSR_PNN_ (.CLK( C), .D( D), .Q( Q), .Q_N(~Q), .RESET_B( R), .SET_B( S));
    unmapped dff cell: $_DFFSR_PNP_
    unmapped dff cell: $_DFFSR_PPN_
    unmapped dff cell: $_DFFSR_PPP_

10.1. Executing DFFLEGALIZE pass (convert FFs to types supported by the target).
<suppressed ~24 debug messages>
Mapping DFF cells in module `\user_project_wrapper':
  mapped 16 $_DFFE_PP_ cells to \sky130_fd_sc_hd__edfxtp_1 cells.
  mapped 17 $_DFF_P_ cells to \sky130_fd_sc_hd__dfxtp_1 cells.

11. Executing TECHMAP pass (map to technology primitives).

11.1. Executing Verilog-2005 frontend: /foss/designs/_bench7_caravel_v1034_cleanroom/caravel_r11/phase2/stage2/synth/_dlatch_map.v
Parsing Verilog input from `/foss/designs/_bench7_caravel_v1034_cleanroom/caravel_r11/phase2/stage2/synth/_dlatch_map.v' to AST representation.
Generating RTLIL representation for module `$_DLATCH_N_'.
Successfully finished Verilog frontend.

11.2. Continuing TECHMAP pass.
No more expansions possible.
<suppressed ~3 debug messages>

12. Executing ABC pass (technology mapping using ABC).

12.1. Extracting gate netlist of module `\user_project_wrapper' to `<abc-temp-dir>/input.blif'..

12.1.1. Executed ABC.
Extracted 173 gates and 250 wires to a netlist network with 76 inputs and 20 outputs.
Running ABC script: <abc-temp-dir>/abc.script
ABC: UC Berkeley, ABC 1.01 (compiled Feb 14 2026 00:59:35)
ABC: abc 01> empty
ABC: abc 01> source <abc-temp-dir>/abc.script
ABC: + read_blif <abc-temp-dir>/input.blif 
ABC: + read_lib -w /foss/pdks/sky130A/libs.ref/sky130_fd_sc_hd/lib/sky130_fd_sc_hd__tt_025C_1v80.lib 
ABC: Parsing finished successfully.  Parsing time =     0.07 sec
ABC: Scl_LibertyReadGenlib() skipped cell "sky130_fd_sc_hd__decap_12" without logic function.
ABC: Scl_LibertyReadGenlib() skipped cell "sky130_fd_sc_hd__decap_3" without logic function.
ABC: Scl_LibertyReadGenlib() skipped cell "sky130_fd_sc_hd__decap_4" without logic function.
ABC: Scl_LibertyReadGenlib() skipped cell "sky130_fd_sc_hd__decap_6" without logic function.
ABC: Scl_LibertyReadGenlib() skipped cell "sky130_fd_sc_hd__decap_8" without logic function.
ABC: Scl_LibertyReadGenlib() skipped sequential cell "sky130_fd_sc_hd__dfbbn_1".
ABC: Scl_LibertyReadGenlib() skipped sequential cell "sky130_fd_sc_hd__dfbbn_2".
ABC: Scl_LibertyReadGenlib() skipped sequential cell "sky130_fd_sc_hd__dfbbp_1".
ABC: Scl_LibertyReadGenlib() skipped sequential cell "sky130_fd_sc_hd__dfrbp_1".
ABC: Scl_LibertyReadGenlib() skipped sequential cell "sky130_fd_sc_hd__dfrbp_2".
ABC: Scl_LibertyReadGenlib() skipped sequential cell "sky130_fd_sc_hd__dfrtn_1".
ABC: Scl_LibertyReadGenlib() skipped sequential cell "sky130_fd_sc_hd__dfrtp_1".
ABC: Scl_LibertyReadGenlib() skipped sequential cell "sky130_fd_sc_hd__dfrtp_2".
ABC: Scl_LibertyReadGenlib() skipped sequential cell "sky130_fd_sc_hd__dfrtp_4".
ABC: Scl_LibertyReadGenlib() skipped sequential cell "sky130_fd_sc_hd__dfsbp_1".
ABC: Scl_LibertyReadGenlib() skipped sequential cell "sky130_fd_sc_hd__dfsbp_2".
ABC: Scl_LibertyReadGenlib() skipped sequential cell "sky130_fd_sc_hd__dfstp_1".
ABC: Scl_LibertyReadGenlib() skipped sequential cell "sky130_fd_sc_hd__dfstp_2".
ABC: Scl_LibertyReadGenlib() skipped sequential cell "sky130_fd_sc_hd__dfstp_4".
ABC: Scl_LibertyReadGenlib() skipped sequential cell "sky130_fd_sc_hd__dfxbp_1".
ABC: Scl_LibertyReadGenlib() skipped sequential cell "sky130_fd_sc_hd__dfxbp_2".
ABC: Scl_LibertyReadGenlib() skipped sequential cell "sky130_fd_sc_hd__dfxtp_1".
ABC: Scl_LibertyReadGenlib() skipped sequential cell "sky130_fd_sc_hd__dfxtp_2".
ABC: Scl_LibertyReadGenlib() skipped sequential cell "sky130_fd_sc_hd__dfxtp_4".
ABC: Scl_LibertyReadGenlib() skipped cell "sky130_fd_sc_hd__diode_2" without logic function.
ABC: Scl_LibertyReadGenlib() skipped cell "sky130_fd_sc_hd__dlclkp_1" without logic function.
ABC: Scl_LibertyReadGenlib() skipped cell "sky130_fd_sc_hd__dlclkp_2" without logic function.
ABC: Scl_LibertyReadGenlib() skipped cell "sky130_fd_sc_hd__dlclkp_4" without logic function.
ABC: Scl_LibertyReadGenlib() skipped sequential cell "sky130_fd_sc_hd__dlrbn_1".
ABC: Scl_LibertyReadGenlib() skipped sequential cell "sky130_fd_sc_hd__dlrbn_2".
ABC: Scl_LibertyReadGenlib() skipped sequential cell "sky130_fd_sc_hd__dlrbp_1".
ABC: Scl_LibertyReadGenlib() skipped sequential cell "sky130_fd_sc_hd__dlrbp_2".
ABC: Scl_LibertyReadGenlib() skipped sequential cell "sky130_fd_sc_hd__dlrtn_1".
ABC: Scl_LibertyReadGenlib() skipped sequential cell "sky130_fd_sc_hd__dlrtn_2".
ABC: Scl_LibertyReadGenlib() skipped sequential cell "sky130_fd_sc_hd__dlrtn_4".
ABC: Scl_LibertyReadGenlib() skipped sequential cell "sky130_fd_sc_hd__dlrtp_1".
ABC: Scl_LibertyReadGenlib() skipped sequential cell "sky130_fd_sc_hd__dlrtp_2".
ABC: Scl_LibertyReadGenlib() skipped sequential cell "sky130_fd_sc_hd__dlrtp_4".
ABC: Scl_LibertyReadGenlib() skipped sequential cell "sky130_fd_sc_hd__dlxbn_1".
ABC: Scl_LibertyReadGenlib() skipped sequential cell "sky130_fd_sc_hd__dlxbn_2".
ABC: Scl_LibertyReadGenlib() skipped sequential cell "sky130_fd_sc_hd__dlxbp_1".
ABC: Scl_LibertyReadGenlib() skipped sequential cell "sky130_fd_sc_hd__dlxtn_1".
ABC: Scl_LibertyReadGenlib() skipped sequential cell "sky130_fd_sc_hd__dlxtn_2".
ABC: Scl_LibertyReadGenlib() skipped sequential cell "sky130_fd_sc_hd__dlxtn_4".
ABC: Scl_LibertyReadGenlib() skipped sequential cell "sky130_fd_sc_hd__dlxtp_1".
ABC: Scl_LibertyReadGenlib() skipped three-state cell "sky130_fd_sc_hd__ebufn_1".
ABC: Scl_LibertyReadGenlib() skipped three-state cell "sky130_fd_sc_hd__ebufn_2".
ABC: Scl_LibertyReadGenlib() skipped three-state cell "sky130_fd_sc_hd__ebufn_4".
ABC: Scl_LibertyReadGenlib() skipped three-state cell "sky130_fd_sc_hd__ebufn_8".
ABC: Scl_LibertyReadGenlib() skipped sequential cell "sky130_fd_sc_hd__edfxbp_1".
ABC: Scl_LibertyReadGenlib() skipped sequential cell "sky130_fd_sc_hd__edfxtp_1".
ABC: Scl_LibertyReadGenlib() skipped three-state cell "sky130_fd_sc_hd__einvn_0".
ABC: Scl_LibertyReadGenlib() skipped three-state cell "sky130_fd_sc_hd__einvn_1".
ABC: Scl_LibertyReadGenlib() skipped three-state cell "sky130_fd_sc_hd__einvn_2".
ABC: Scl_LibertyReadGenlib() skipped three-state cell "sky130_fd_sc_hd__einvn_4".
ABC: Scl_LibertyReadGenlib() skipped three-state cell "sky130_fd_sc_hd__einvn_8".
ABC: Scl_LibertyReadGenlib() skipped three-state cell "sky130_fd_sc_hd__einvp_1".
ABC: Scl_LibertyReadGenlib() skipped three-state cell "sky130_fd_sc_hd__einvp_2".
ABC: Scl_LibertyReadGenlib() skipped three-state cell "sky130_fd_sc_hd__einvp_4".
ABC: Scl_LibertyReadGenlib() skipped three-state cell "sky130_fd_sc_hd__einvp_8".
ABC: Scl_LibertyReadGenlib() skipped cell "sky130_fd_sc_hd__lpflow_bleeder_1" without logic function.
ABC: Scl_LibertyReadGenlib() skipped cell "sky130_fd_sc_hd__lpflow_decapkapwr_12" without logic function.
ABC: Scl_LibertyReadGenlib() skipped cell "sky130_fd_sc_hd__lpflow_decapkapwr_3" without logic function.
ABC: Scl_LibertyReadGenlib() skipped cell "sky130_fd_sc_hd__lpflow_decapkapwr_4" without logic function.
ABC: Scl_LibertyReadGenlib() skipped cell "sky130_fd_sc_hd__lpflow_decapkapwr_6" without logic function.
ABC: Scl_LibertyReadGenlib() skipped cell "sky130_fd_sc_hd__lpflow_decapkapwr_8" without logic function.
ABC: Scl_LibertyReadGenlib() skipped sequential cell "sky130_fd_sc_hd__lpflow_inputisolatch_1".
ABC: Scl_LibertyReadGenlib() skipped sequential cell "sky130_fd_sc_hd__sdfbbn_1".
ABC: Scl_LibertyReadGenlib() skipped sequential cell "sky130_fd_sc_hd__sdfbbn_2".
ABC: Scl_LibertyReadGenlib() skipped sequential cell "sky130_fd_sc_hd__sdfbbp_1".
ABC: Scl_LibertyReadGenlib() skipped sequential cell "sky130_fd_sc_hd__sdfrbp_1".
ABC: Scl_LibertyReadGenlib() skipped sequential cell "sky130_fd_sc_hd__sdfrbp_2".
ABC: Scl_LibertyReadGenlib() skipped sequential cell "sky130_fd_sc_hd__sdfrtn_1".
ABC: Scl_LibertyReadGenlib() skipped sequential cell "sky130_fd_sc_hd__sdfrtp_1".
ABC: Scl_LibertyReadGenlib() skipped sequential cell "sky130_fd_sc_hd__sdfrtp_2".
ABC: Scl_LibertyReadGenlib() skipped sequential cell "sky130_fd_sc_hd__sdfrtp_4".
ABC: Scl_LibertyReadGenlib() skipped sequential cell "sky130_fd_sc_hd__sdfsbp_1".
ABC: Scl_LibertyReadGenlib() skipped sequential cell "sky130_fd_sc_hd__sdfsbp_2".
ABC: Scl_LibertyReadGenlib() skipped sequential cell "sky130_fd_sc_hd__sdfstp_1".
ABC: Scl_LibertyReadGenlib() skipped sequential cell "sky130_fd_sc_hd__sdfstp_2".
ABC: Scl_LibertyReadGenlib() skipped sequential cell "sky130_fd_sc_hd__sdfstp_4".
ABC: Scl_LibertyReadGenlib() skipped sequential cell "sky130_fd_sc_hd__sdfxbp_1".
ABC: Scl_LibertyReadGenlib() skipped sequential cell "sky130_fd_sc_hd__sdfxbp_2".
ABC: Scl_LibertyReadGenlib() skipped sequential cell "sky130_fd_sc_hd__sdfxtp_1".
ABC: Scl_LibertyReadGenlib() skipped sequential cell "sky130_fd_sc_hd__sdfxtp_2".
ABC: Scl_LibertyReadGenlib() skipped sequential cell "sky130_fd_sc_hd__sdfxtp_4".
ABC: Scl_LibertyReadGenlib() skipped cell "sky130_fd_sc_hd__sdlclkp_1" without logic function.
ABC: Scl_LibertyReadGenlib() skipped cell "sky130_fd_sc_hd__sdlclkp_2" without logic function.
ABC: Scl_LibertyReadGenlib() skipped cell "sky130_fd_sc_hd__sdlclkp_4" without logic function.
ABC: Scl_LibertyReadGenlib() skipped sequential cell "sky130_fd_sc_hd__sedfxbp_1".
ABC: Scl_LibertyReadGenlib() skipped sequential cell "sky130_fd_sc_hd__sedfxbp_2".
ABC: Scl_LibertyReadGenlib() skipped sequential cell "sky130_fd_sc_hd__sedfxtp_1".
ABC: Scl_LibertyReadGenlib() skipped sequential cell "sky130_fd_sc_hd__sedfxtp_2".
ABC: Scl_LibertyReadGenlib() skipped sequential cell "sky130_fd_sc_hd__sedfxtp_4".
ABC: Library "sky130_fd_sc_hd__tt_025C_1v80" from "/foss/pdks/sky130A/libs.ref/sky130_fd_sc_hd/lib/sky130_fd_sc_hd__tt_025C_1v80.lib" has 334 cells (94 skipped: 63 seq; 13 tri-state; 18 no func; 0 dont_use; 0 with 2 outputs; 0 with 3+ outputs).  Time =     0.09 sec
ABC: Memory =   19.85 MB. Time =     0.09 sec
ABC: Warning: Detected 9 multi-output cells (for example, "sky130_fd_sc_hd__fa_1").
ABC: + strash 
ABC: + &get -n 
ABC: + &fraig -x 
ABC: + &put 
ABC: + scorr 
ABC: Warning: The network is combinational (run "fraig" or "fraig_sweep").
ABC: + dc2 
ABC: + dretime 
ABC: + strash 
ABC: + &get -n 
ABC: + &dch -f 
ABC: + &nf 
ABC: + &put 
ABC: + write_blif <abc-temp-dir>/output.blif 
ABC: 
ABC: YOSYS_ABC_DONE 

12.1.2. Re-integrating ABC results.
ABC RESULTS:   sky130_fd_sc_hd__a211oi_1 cells:        1
ABC RESULTS:   sky130_fd_sc_hd__a21oi_1 cells:       27
ABC RESULTS:   sky130_fd_sc_hd__a221oi_1 cells:        1
ABC RESULTS:   sky130_fd_sc_hd__a22oi_1 cells:        2
ABC RESULTS:   sky130_fd_sc_hd__a311oi_1 cells:        2
ABC RESULTS:   sky130_fd_sc_hd__a31oi_1 cells:        6
ABC RESULTS:   sky130_fd_sc_hd__a32oi_1 cells:        1
ABC RESULTS:   sky130_fd_sc_hd__a41o_1 cells:        2
ABC RESULTS:   sky130_fd_sc_hd__a41oi_1 cells:        1
ABC RESULTS:   sky130_fd_sc_hd__and2_0 cells:        4
ABC RESULTS:   sky130_fd_sc_hd__and3_1 cells:        2
ABC RESULTS:   sky130_fd_sc_hd__and4_1 cells:        5
ABC RESULTS:   sky130_fd_sc_hd__lpflow_isobufsrc_1 cells:        1
ABC RESULTS:   sky130_fd_sc_hd__mux2_1 cells:        2
ABC RESULTS:   sky130_fd_sc_hd__nand2_1 cells:       29
ABC RESULTS:   sky130_fd_sc_hd__nand2b_1 cells:        1
ABC RESULTS:   sky130_fd_sc_hd__nand3_1 cells:        1
ABC RESULTS:   sky130_fd_sc_hd__nor2_1 cells:       27
ABC RESULTS:   sky130_fd_sc_hd__nor3_1 cells:        6
ABC RESULTS:   sky130_fd_sc_hd__nor3b_1 cells:        8
ABC RESULTS:   sky130_fd_sc_hd__nor4_1 cells:        1
ABC RESULTS:   sky130_fd_sc_hd__o21ai_0 cells:       22
ABC RESULTS:   sky130_fd_sc_hd__o21bai_1 cells:        2
ABC RESULTS:   sky130_fd_sc_hd__o221ai_1 cells:        8
ABC RESULTS:   sky130_fd_sc_hd__o22a_1 cells:        2
ABC RESULTS:   sky130_fd_sc_hd__or3_1 cells:        1
ABC RESULTS:        internal signals:      154
ABC RESULTS:           input signals:       76
ABC RESULTS:          output signals:       20
Removing temp directory.
Removing global temp directory.

13. Executing HILOMAP pass (mapping to constant drivers).
Removed 131 unused cells and 512 unused wires.

14. Printing statistics.

=== user_project_wrapper ===

        +----------Local Count, excluding submodules.
        |        +-Local Area, excluding submodules.
        |        | 
      212        - wires
     1463        - wire bits
       49        - public wires
     1300        - public wire bits
       19        - ports
      637        - port bits
      331 2.22E+03 cells
        2        -   $scopeinfo
        1    7.507   sky130_fd_sc_hd__a211oi_1
       27   135.13   sky130_fd_sc_hd__a21oi_1
        1    8.758   sky130_fd_sc_hd__a221oi_1
        2   15.014   sky130_fd_sc_hd__a22oi_1
        2   17.517   sky130_fd_sc_hd__a311oi_1
        6   37.536   sky130_fd_sc_hd__a31oi_1
        1    8.758   sky130_fd_sc_hd__a32oi_1
        2   20.019   sky130_fd_sc_hd__a41o_1
        1    8.758   sky130_fd_sc_hd__a41oi_1
        4   25.024   sky130_fd_sc_hd__and2_0
        2   12.512   sky130_fd_sc_hd__and3_1
        5   43.792   sky130_fd_sc_hd__and4_1
      131  491.722   sky130_fd_sc_hd__conb_1
       17  340.326   sky130_fd_sc_hd__dfxtp_1
       16  480.461   sky130_fd_sc_hd__edfxtp_1
        1    6.256   sky130_fd_sc_hd__lpflow_isobufsrc_1
        2   22.522   sky130_fd_sc_hd__mux2_1
       29  108.854   sky130_fd_sc_hd__nand2_1
        1    6.256   sky130_fd_sc_hd__nand2b_1
        1    5.005   sky130_fd_sc_hd__nand3_1
       27  101.347   sky130_fd_sc_hd__nor2_1
        6   30.029   sky130_fd_sc_hd__nor3_1
        8   60.058   sky130_fd_sc_hd__nor3b_1
        1    6.256   sky130_fd_sc_hd__nor4_1
       22  110.106   sky130_fd_sc_hd__o21ai_0
        2   15.014   sky130_fd_sc_hd__o21bai_1
        8   70.067   sky130_fd_sc_hd__o221ai_1
        2   17.517   sky130_fd_sc_hd__o22a_1
        1    6.256   sky130_fd_sc_hd__or3_1

   Area for cell type $scopeinfo is unknown!

   Chip area for module '\user_project_wrapper': 2218.377600
     of which used for sequential elements: 820.787200 (37.00%)

15. Executing Verilog backend.

15.1. Executing BMUXMAP pass.

15.2. Executing DEMUXMAP pass.
Dumping module `\user_project_wrapper'.

Warnings: 44 unique messages, 44 total
End of script. Logfile hash: 0950ae1d58, CPU: user 0.17s system 0.02s, MEM: 56.50 MB peak
Yosys 0.62 (git sha1 7326bb7d6, g++ 13.3.0-6ubuntu2~24.04 -fPIC -O3)
Time spent: 57% 2x abc (0 sec), 11% 2x stat (0 sec), ...

