
 /----------------------------------------------------------------------------\
 |                                                                            |
 |  yosys -- Yosys Open SYnthesis Suite                                       |
 |                                                                            |
 |  Copyright (C) 2012 - 2020  Claire Xenia Wolf <claire@yosyshq.com>         |
 |                                                                            |
 |  Permission to use, copy, modify, and/or distribute this software for any  |
 |  purpose with or without fee is hereby granted, provided that the above    |
 |  copyright notice and this permission notice appear in all copies.         |
 |                                                                            |
 |  THE SOFTWARE IS PROVIDED "AS IS" AND THE AUTHOR DISCLAIMS ALL WARRANTIES  |
 |  WITH REGARD TO THIS SOFTWARE INCLUDING ALL IMPLIED WARRANTIES OF          |
 |  MERCHANTABILITY AND FITNESS. IN NO EVENT SHALL THE AUTHOR BE LIABLE FOR   |
 |  ANY SPECIAL, DIRECT, INDIRECT, OR CONSEQUENTIAL DAMAGES OR ANY DAMAGES    |
 |  WHATSOEVER RESULTING FROM LOSS OF USE, DATA OR PROFITS, WHETHER IN AN     |
 |  ACTION OF CONTRACT, NEGLIGENCE OR OTHER TORTIOUS ACTION, ARISING OUT OF   |
 |  OR IN CONNECTION WITH THE USE OR PERFORMANCE OF THIS SOFTWARE.            |
 |                                                                            |
 \----------------------------------------------------------------------------/

 Yosys 0.33 (git sha1 2584903a060)


-- Running command `read_verilog -sv -DSIMULATION /home/reyerchu/AI_IC_design/_bench7_caravel_v1034_cleanroom/caravel_r11/phase2/stage1/rtl/defines.v; read_verilog -sv -DSIMULATION /home/reyerchu/AI_IC_design/_bench7_caravel_v1034_cleanroom/caravel_r11/phase2/stage1/rtl/user_defines.v; read_verilog -sv -DSIMULATION /home/reyerchu/AI_IC_design/_bench7_caravel_v1034_cleanroom/caravel_r11/phase2/stage1/rtl/user_proj_example.v; read_verilog -sv -DSIMULATION /home/reyerchu/AI_IC_design/_bench7_caravel_v1034_cleanroom/caravel_r11/phase2/stage1/rtl/user_project_wrapper.v; synth -top user_project_wrapper -flatten; techmap; opt; dffunmap; abc -g cmos2; write_verilog -noexpr -nostr -noattr /home/reyerchu/AI_IC_design/_bench7_caravel_v1034_cleanroom/caravel_r11/phase2/stage2/synth/netlist_yosys.v; stat' --

1. Executing Verilog-2005 frontend: /home/reyerchu/AI_IC_design/_bench7_caravel_v1034_cleanroom/caravel_r11/phase2/stage1/rtl/defines.v
Parsing SystemVerilog input from `/home/reyerchu/AI_IC_design/_bench7_caravel_v1034_cleanroom/caravel_r11/phase2/stage1/rtl/defines.v' to AST representation.
Successfully finished Verilog frontend.

2. Executing Verilog-2005 frontend: /home/reyerchu/AI_IC_design/_bench7_caravel_v1034_cleanroom/caravel_r11/phase2/stage1/rtl/user_defines.v
Parsing SystemVerilog input from `/home/reyerchu/AI_IC_design/_bench7_caravel_v1034_cleanroom/caravel_r11/phase2/stage1/rtl/user_defines.v' to AST representation.
Successfully finished Verilog frontend.

3. Executing Verilog-2005 frontend: /home/reyerchu/AI_IC_design/_bench7_caravel_v1034_cleanroom/caravel_r11/phase2/stage1/rtl/user_proj_example.v
Parsing SystemVerilog input from `/home/reyerchu/AI_IC_design/_bench7_caravel_v1034_cleanroom/caravel_r11/phase2/stage1/rtl/user_proj_example.v' to AST representation.
Generating RTLIL representation for module `\user_proj_example'.
Generating RTLIL representation for module `\counter'.
Successfully finished Verilog frontend.

4. Executing Verilog-2005 frontend: /home/reyerchu/AI_IC_design/_bench7_caravel_v1034_cleanroom/caravel_r11/phase2/stage1/rtl/user_project_wrapper.v
Parsing SystemVerilog input from `/home/reyerchu/AI_IC_design/_bench7_caravel_v1034_cleanroom/caravel_r11/phase2/stage1/rtl/user_project_wrapper.v' to AST representation.
Generating RTLIL representation for module `\user_project_wrapper'.
Successfully finished Verilog frontend.

5. Executing SYNTH pass.

5.1. Executing HIERARCHY pass (managing design hierarchy).

5.1.1. Analyzing design hierarchy..
Top module:  \user_project_wrapper
Used module:     \user_proj_example
Used module:         \counter
Parameter \BITS = 16

5.1.2. Executing AST frontend in derive mode using pre-parsed AST for module `\counter'.
Parameter \BITS = 16
Generating RTLIL representation for module `$paramod\counter\BITS=s32'00000000000000000000000000010000'.

5.1.3. Analyzing design hierarchy..
Top module:  \user_project_wrapper
Used module:     \user_proj_example
Used module:         $paramod\counter\BITS=s32'00000000000000000000000000010000

5.1.4. Analyzing design hierarchy..
Top module:  \user_project_wrapper
Used module:     \user_proj_example
Used module:         $paramod\counter\BITS=s32'00000000000000000000000000010000
Removing unused module `\counter'.
Removed 1 unused modules.

5.2. Executing PROC pass (convert processes to netlists).

5.2.1. Executing PROC_CLEAN pass (remove empty switches from decision trees).
Cleaned up 0 empty switches.

5.2.2. Executing PROC_RMDEAD pass (remove dead branches from decision trees).
Marked 2 switch rules as full_case in process $proc$/home/reyerchu/AI_IC_design/_bench7_caravel_v1034_cleanroom/caravel_r11/phase2/stage1/rtl/user_proj_example.v:135$18 in module $paramod\counter\BITS=s32'00000000000000000000000000010000.
Removed a total of 0 dead cases.

5.2.3. Executing PROC_PRUNE pass (remove redundant assignments in processes).
Removed 1 redundant assignment.
Promoted 0 assignments to connections.

5.2.4. Executing PROC_INIT pass (extract init attributes).

5.2.5. Executing PROC_ARST pass (detect async resets in processes).

5.2.6. Executing PROC_ROM pass (convert switches to ROMs).
Converted 0 switches.
<suppressed ~6 debug messages>

5.2.7. Executing PROC_MUX pass (convert decision trees to multiplexers).
Creating decoders for process `$paramod\counter\BITS=s32'00000000000000000000000000010000.$proc$/home/reyerchu/AI_IC_design/_bench7_caravel_v1034_cleanroom/caravel_r11/phase2/stage1/rtl/user_proj_example.v:135$18'.
     1/4: $0\count[15:0] [15:8]
     2/4: $0\count[15:0] [7:0]
     3/4: $0\ready[0:0]
     4/4: $0\rdata[15:0]

5.2.8. Executing PROC_DLATCH pass (convert process syncs to latches).

5.2.9. Executing PROC_DFF pass (convert process syncs to FFs).
Creating register for signal `$paramod\counter\BITS=s32'00000000000000000000000000010000.\rdata' using process `$paramod\counter\BITS=s32'00000000000000000000000000010000.$proc$/home/reyerchu/AI_IC_design/_bench7_caravel_v1034_cleanroom/caravel_r11/phase2/stage1/rtl/user_proj_example.v:135$18'.
  created $dff cell `$procdff$62' with positive edge clock.
Creating register for signal `$paramod\counter\BITS=s32'00000000000000000000000000010000.\count' using process `$paramod\counter\BITS=s32'00000000000000000000000000010000.$proc$/home/reyerchu/AI_IC_design/_bench7_caravel_v1034_cleanroom/caravel_r11/phase2/stage1/rtl/user_proj_example.v:135$18'.
  created $dff cell `$procdff$63' with positive edge clock.
Creating register for signal `$paramod\counter\BITS=s32'00000000000000000000000000010000.\ready' using process `$paramod\counter\BITS=s32'00000000000000000000000000010000.$proc$/home/reyerchu/AI_IC_design/_bench7_caravel_v1034_cleanroom/caravel_r11/phase2/stage1/rtl/user_proj_example.v:135$18'.
  created $dff cell `$procdff$64' with positive edge clock.

5.2.10. Executing PROC_MEMWR pass (convert process memory writes to cells).

5.2.11. Executing PROC_CLEAN pass (remove empty switches from decision trees).
Found and cleaned up 6 empty switches in `$paramod\counter\BITS=s32'00000000000000000000000000010000.$proc$/home/reyerchu/AI_IC_design/_bench7_caravel_v1034_cleanroom/caravel_r11/phase2/stage1/rtl/user_proj_example.v:135$18'.
Removing empty process `$paramod\counter\BITS=s32'00000000000000000000000000010000.$proc$/home/reyerchu/AI_IC_design/_bench7_caravel_v1034_cleanroom/caravel_r11/phase2/stage1/rtl/user_proj_example.v:135$18'.
Cleaned up 6 empty switches.

5.2.12. Executing OPT_EXPR pass (perform const folding).
Optimizing module user_project_wrapper.
Optimizing module $paramod\counter\BITS=s32'00000000000000000000000000010000.
<suppressed ~2 debug messages>
Optimizing module user_proj_example.
<suppressed ~2 debug messages>

5.3. Executing FLATTEN pass (flatten design).
Deleting now unused module $paramod\counter\BITS=s32'00000000000000000000000000010000.
Deleting now unused module user_proj_example.
<suppressed ~2 debug messages>

5.4. Executing OPT_EXPR pass (perform const folding).
Optimizing module user_project_wrapper.

5.5. Executing OPT_CLEAN pass (remove unused cells and wires).
Finding unused cells or wires in module \user_project_wrapper..
Removed 3 unused cells and 26 unused wires.
<suppressed ~4 debug messages>

5.6. Executing CHECK pass (checking for obvious problems).
Checking module user_project_wrapper...
Warning: Wire user_project_wrapper.\io_out [29] is used but has no driver.
Warning: Wire user_project_wrapper.\io_out [28] is used but has no driver.
Warning: Wire user_project_wrapper.\io_out [27] is used but has no driver.
Warning: Wire user_project_wrapper.\io_out [26] is used but has no driver.
Warning: Wire user_project_wrapper.\io_out [25] is used but has no driver.
Warning: Wire user_project_wrapper.\io_out [24] is used but has no driver.
Warning: Wire user_project_wrapper.\io_out [23] is used but has no driver.
Warning: Wire user_project_wrapper.\io_out [22] is used but has no driver.
Warning: Wire user_project_wrapper.\io_out [21] is used but has no driver.
Warning: Wire user_project_wrapper.\io_out [20] is used but has no driver.
Warning: Wire user_project_wrapper.\io_out [19] is used but has no driver.
Warning: Wire user_project_wrapper.\io_out [18] is used but has no driver.
Warning: Wire user_project_wrapper.\io_out [17] is used but has no driver.
Warning: Wire user_project_wrapper.\io_out [16] is used but has no driver.
Warning: Wire user_project_wrapper.\io_out [15] is used but has no driver.
Warning: Wire user_project_wrapper.\io_out [14] is used but has no driver.
Warning: Wire user_project_wrapper.\io_out [13] is used but has no driver.
Warning: Wire user_project_wrapper.\io_out [12] is used but has no driver.
Warning: Wire user_project_wrapper.\io_out [11] is used but has no driver.
Warning: Wire user_project_wrapper.\io_out [10] is used but has no driver.
Warning: Wire user_project_wrapper.\io_out [9] is used but has no driver.
Warning: Wire user_project_wrapper.\io_out [8] is used but has no driver.
Warning: Wire user_project_wrapper.\io_oeb [29] is used but has no driver.
Warning: Wire user_project_wrapper.\io_oeb [28] is used but has no driver.
Warning: Wire user_project_wrapper.\io_oeb [27] is used but has no driver.
Warning: Wire user_project_wrapper.\io_oeb [26] is used but has no driver.
Warning: Wire user_project_wrapper.\io_oeb [25] is used but has no driver.
Warning: Wire user_project_wrapper.\io_oeb [24] is used but has no driver.
Warning: Wire user_project_wrapper.\io_oeb [23] is used but has no driver.
Warning: Wire user_project_wrapper.\io_oeb [22] is used but has no driver.
Warning: Wire user_project_wrapper.\io_oeb [21] is used but has no driver.
Warning: Wire user_project_wrapper.\io_oeb [20] is used but has no driver.
Warning: Wire user_project_wrapper.\io_oeb [19] is used but has no driver.
Warning: Wire user_project_wrapper.\io_oeb [18] is used but has no driver.
Warning: Wire user_project_wrapper.\io_oeb [17] is used but has no driver.
Warning: Wire user_project_wrapper.\io_oeb [16] is used but has no driver.
Warning: Wire user_project_wrapper.\io_oeb [15] is used but has no driver.
Warning: Wire user_project_wrapper.\io_oeb [14] is used but has no driver.
Warning: Wire user_project_wrapper.\io_oeb [13] is used but has no driver.
Warning: Wire user_project_wrapper.\io_oeb [12] is used but has no driver.
Warning: Wire user_project_wrapper.\io_oeb [11] is used but has no driver.
Warning: Wire user_project_wrapper.\io_oeb [10] is used but has no driver.
Warning: Wire user_project_wrapper.\io_oeb [9] is used but has no driver.
Warning: Wire user_project_wrapper.\io_oeb [8] is used but has no driver.
Found and reported 44 problems.

5.7. Executing OPT pass (performing simple optimizations).

5.7.1. Executing OPT_EXPR pass (perform const folding).
Optimizing module user_project_wrapper.

5.7.2. Executing OPT_MERGE pass (detect identical cells).
Finding identical cells in module `\user_project_wrapper'.
<suppressed ~3 debug messages>
Removed a total of 1 cells.

5.7.3. Executing OPT_MUXTREE pass (detect dead branches in mux trees).
Running muxtree optimizer on module \user_project_wrapper..
  Creating internal representation of mux trees.
  Evaluating internal representation of mux trees.
  Analyzing evaluation results.
Removed 0 multiplexer ports.
<suppressed ~8 debug messages>

5.7.4. Executing OPT_REDUCE pass (consolidate $*mux and $reduce_* inputs).
  Optimizing cells in module \user_project_wrapper.
Performed a total of 0 changes.

5.7.5. Executing OPT_MERGE pass (detect identical cells).
Finding identical cells in module `\user_project_wrapper'.
Removed a total of 0 cells.

5.7.6. Executing OPT_DFF pass (perform DFF optimizations).

5.7.7. Executing OPT_CLEAN pass (remove unused cells and wires).
Finding unused cells or wires in module \user_project_wrapper..
Removed 0 unused cells and 1 unused wires.
<suppressed ~1 debug messages>

5.7.8. Executing OPT_EXPR pass (perform const folding).
Optimizing module user_project_wrapper.

5.7.9. Rerunning OPT passes. (Maybe there is more to do..)

5.7.10. Executing OPT_MUXTREE pass (detect dead branches in mux trees).
Running muxtree optimizer on module \user_project_wrapper..
  Creating internal representation of mux trees.
  Evaluating internal representation of mux trees.
  Analyzing evaluation results.
Removed 0 multiplexer ports.
<suppressed ~8 debug messages>

5.7.11. Executing OPT_REDUCE pass (consolidate $*mux and $reduce_* inputs).
  Optimizing cells in module \user_project_wrapper.
Performed a total of 0 changes.

5.7.12. Executing OPT_MERGE pass (detect identical cells).
Finding identical cells in module `\user_project_wrapper'.
Removed a total of 0 cells.

5.7.13. Executing OPT_DFF pass (perform DFF optimizations).

5.7.14. Executing OPT_CLEAN pass (remove unused cells and wires).
Finding unused cells or wires in module \user_project_wrapper..

5.7.15. Executing OPT_EXPR pass (perform const folding).
Optimizing module user_project_wrapper.

5.7.16. Finished OPT passes. (There is nothing left to do.)

5.8. Executing FSM pass (extract and optimize FSM).

5.8.1. Executing FSM_DETECT pass (finding FSMs in design).

5.8.2. Executing FSM_EXTRACT pass (extracting FSM from design).

5.8.3. Executing FSM_OPT pass (simple optimizations of FSMs).

5.8.4. Executing OPT_CLEAN pass (remove unused cells and wires).
Finding unused cells or wires in module \user_project_wrapper..

5.8.5. Executing FSM_OPT pass (simple optimizations of FSMs).

5.8.6. Executing FSM_RECODE pass (re-assigning FSM state encoding).

5.8.7. Executing FSM_INFO pass (dumping all available information on FSM cells).

5.8.8. Executing FSM_MAP pass (mapping FSMs to basic logic).

5.9. Executing OPT pass (performing simple optimizations).

5.9.1. Executing OPT_EXPR pass (perform const folding).
Optimizing module user_project_wrapper.

5.9.2. Executing OPT_MERGE pass (detect identical cells).
Finding identical cells in module `\user_project_wrapper'.
Removed a total of 0 cells.

5.9.3. Executing OPT_MUXTREE pass (detect dead branches in mux trees).
Running muxtree optimizer on module \user_project_wrapper..
  Creating internal representation of mux trees.
  Evaluating internal representation of mux trees.
  Analyzing evaluation results.
Removed 0 multiplexer ports.
<suppressed ~8 debug messages>

5.9.4. Executing OPT_REDUCE pass (consolidate $*mux and $reduce_* inputs).
  Optimizing cells in module \user_project_wrapper.
Performed a total of 0 changes.

5.9.5. Executing OPT_MERGE pass (detect identical cells).
Finding identical cells in module `\user_project_wrapper'.
Removed a total of 0 cells.

5.9.6. Executing OPT_DFF pass (perform DFF optimizations).
Adding SRST signal on $flatten\mprj.\counter.$procdff$64 ($dff) from module user_project_wrapper (D = $flatten\mprj.\counter.$procmux$51_Y, Q = \mprj.counter.ready, rval = 1'0).
Adding SRST signal on $flatten\mprj.\counter.$procdff$63 ($dff) from module user_project_wrapper (D = { $flatten\mprj.\counter.$procmux$33_Y $flatten\mprj.\counter.$procmux$45_Y }, Q = \mprj.counter.count, rval = 16'0000000000000000).
Adding EN signal on $flatten\mprj.\counter.$procdff$62 ($dff) from module user_project_wrapper (D = \mprj.counter.count, Q = \mprj.counter.rdata).

5.9.7. Executing OPT_CLEAN pass (remove unused cells and wires).
Finding unused cells or wires in module \user_project_wrapper..
Removed 5 unused cells and 4 unused wires.
<suppressed ~6 debug messages>

5.9.8. Executing OPT_EXPR pass (perform const folding).
Optimizing module user_project_wrapper.

5.9.9. Rerunning OPT passes. (Maybe there is more to do..)

5.9.10. Executing OPT_MUXTREE pass (detect dead branches in mux trees).
Running muxtree optimizer on module \user_project_wrapper..
  Creating internal representation of mux trees.
  Evaluating internal representation of mux trees.
  Analyzing evaluation results.
Removed 0 multiplexer ports.
<suppressed ~7 debug messages>

5.9.11. Executing OPT_REDUCE pass (consolidate $*mux and $reduce_* inputs).
  Optimizing cells in module \user_project_wrapper.
Performed a total of 0 changes.

5.9.12. Executing OPT_MERGE pass (detect identical cells).
Finding identical cells in module `\user_project_wrapper'.
Removed a total of 0 cells.

5.9.13. Executing OPT_DFF pass (perform DFF optimizations).

5.9.14. Executing OPT_CLEAN pass (remove unused cells and wires).
Finding unused cells or wires in module \user_project_wrapper..

5.9.15. Executing OPT_EXPR pass (perform const folding).
Optimizing module user_project_wrapper.

5.9.16. Finished OPT passes. (There is nothing left to do.)

5.10. Executing WREDUCE pass (reducing word size of cells).
Removed top 2 bits (of 4) from port Y of cell user_project_wrapper.$flatten\mprj.$and$/home/reyerchu/AI_IC_design/_bench7_caravel_v1034_cleanroom/caravel_r11/phase2/stage1/rtl/user_proj_example.v:84$2 ($and).
Removed top 2 bits (of 4) from port A of cell user_project_wrapper.$flatten\mprj.$and$/home/reyerchu/AI_IC_design/_bench7_caravel_v1034_cleanroom/caravel_r11/phase2/stage1/rtl/user_proj_example.v:84$2 ($and).
Removed top 2 bits (of 4) from port B of cell user_project_wrapper.$flatten\mprj.$and$/home/reyerchu/AI_IC_design/_bench7_caravel_v1034_cleanroom/caravel_r11/phase2/stage1/rtl/user_proj_example.v:84$2 ($and).

5.11. Executing PEEPOPT pass (run peephole optimizers).

5.12. Executing OPT_CLEAN pass (remove unused cells and wires).
Finding unused cells or wires in module \user_project_wrapper..

5.13. Executing ALUMACC pass (create $alu and $macc cells).
Extracting $alu and $macc cells in module user_project_wrapper:
  creating $macc model for $flatten\mprj.\counter.$add$/home/reyerchu/AI_IC_design/_bench7_caravel_v1034_cleanroom/caravel_r11/phase2/stage1/rtl/user_proj_example.v:142$21 ($add).
  creating $alu model for $macc $flatten\mprj.\counter.$add$/home/reyerchu/AI_IC_design/_bench7_caravel_v1034_cleanroom/caravel_r11/phase2/stage1/rtl/user_proj_example.v:142$21.
  creating $alu cell for $flatten\mprj.\counter.$add$/home/reyerchu/AI_IC_design/_bench7_caravel_v1034_cleanroom/caravel_r11/phase2/stage1/rtl/user_proj_example.v:142$21: $auto$alumacc.cc:485:replace_alu$72
  created 1 $alu and 0 $macc cells.

5.14. Executing SHARE pass (SAT-based resource sharing).

5.15. Executing OPT pass (performing simple optimizations).

5.15.1. Executing OPT_EXPR pass (perform const folding).
Optimizing module user_project_wrapper.

5.15.2. Executing OPT_MERGE pass (detect identical cells).
Finding identical cells in module `\user_project_wrapper'.
Removed a total of 0 cells.

5.15.3. Executing OPT_MUXTREE pass (detect dead branches in mux trees).
Running muxtree optimizer on module \user_project_wrapper..
  Creating internal representation of mux trees.
  Evaluating internal representation of mux trees.
  Analyzing evaluation results.
Removed 0 multiplexer ports.
<suppressed ~7 debug messages>

5.15.4. Executing OPT_REDUCE pass (consolidate $*mux and $reduce_* inputs).
  Optimizing cells in module \user_project_wrapper.
Performed a total of 0 changes.

5.15.5. Executing OPT_MERGE pass (detect identical cells).
Finding identical cells in module `\user_project_wrapper'.
Removed a total of 0 cells.

5.15.6. Executing OPT_DFF pass (perform DFF optimizations).

5.15.7. Executing OPT_CLEAN pass (remove unused cells and wires).
Finding unused cells or wires in module \user_project_wrapper..

5.15.8. Executing OPT_EXPR pass (perform const folding).
Optimizing module user_project_wrapper.

5.15.9. Finished OPT passes. (There is nothing left to do.)

5.16. Executing MEMORY pass.

5.16.1. Executing OPT_MEM pass (optimize memories).
Performed a total of 0 transformations.

5.16.2. Executing OPT_MEM_PRIORITY pass (removing unnecessary memory write priority relations).
Performed a total of 0 transformations.

5.16.3. Executing OPT_MEM_FEEDBACK pass (finding memory read-to-write feedback paths).

5.16.4. Executing MEMORY_BMUX2ROM pass (converting muxes to ROMs).

5.16.5. Executing MEMORY_DFF pass (merging $dff cells to $memrd).

5.16.6. Executing OPT_CLEAN pass (remove unused cells and wires).
Finding unused cells or wires in module \user_project_wrapper..

5.16.7. Executing MEMORY_SHARE pass (consolidating $memrd/$memwr cells).

5.16.8. Executing OPT_MEM_WIDEN pass (optimize memories where all ports are wide).
Performed a total of 0 transformations.

5.16.9. Executing OPT_CLEAN pass (remove unused cells and wires).
Finding unused cells or wires in module \user_project_wrapper..

5.16.10. Executing MEMORY_COLLECT pass (generating $mem cells).

5.17. Executing OPT_CLEAN pass (remove unused cells and wires).
Finding unused cells or wires in module \user_project_wrapper..

5.18. Executing OPT pass (performing simple optimizations).

5.18.1. Executing OPT_EXPR pass (perform const folding).
Optimizing module user_project_wrapper.
<suppressed ~22 debug messages>

5.18.2. Executing OPT_MERGE pass (detect identical cells).
Finding identical cells in module `\user_project_wrapper'.
Removed a total of 0 cells.

5.18.3. Executing OPT_DFF pass (perform DFF optimizations).

5.18.4. Executing OPT_CLEAN pass (remove unused cells and wires).
Finding unused cells or wires in module \user_project_wrapper..
Removed 0 unused cells and 2 unused wires.
<suppressed ~1 debug messages>

5.18.5. Finished fast OPT passes.

5.19. Executing MEMORY_MAP pass (converting memories to logic and flip-flops).

5.20. Executing OPT pass (performing simple optimizations).

5.20.1. Executing OPT_EXPR pass (perform const folding).
Optimizing module user_project_wrapper.

5.20.2. Executing OPT_MERGE pass (detect identical cells).
Finding identical cells in module `\user_project_wrapper'.
Removed a total of 0 cells.

5.20.3. Executing OPT_MUXTREE pass (detect dead branches in mux trees).
Running muxtree optimizer on module \user_project_wrapper..
  Creating internal representation of mux trees.
  Evaluating internal representation of mux trees.
  Analyzing evaluation results.
Removed 0 multiplexer ports.
<suppressed ~6 debug messages>

5.20.4. Executing OPT_REDUCE pass (consolidate $*mux and $reduce_* inputs).
  Optimizing cells in module \user_project_wrapper.
Performed a total of 0 changes.

5.20.5. Executing OPT_MERGE pass (detect identical cells).
Finding identical cells in module `\user_project_wrapper'.
Removed a total of 0 cells.

5.20.6. Executing OPT_SHARE pass.

5.20.7. Executing OPT_DFF pass (perform DFF optimizations).

5.20.8. Executing OPT_CLEAN pass (remove unused cells and wires).
Finding unused cells or wires in module \user_project_wrapper..

5.20.9. Executing OPT_EXPR pass (perform const folding).
Optimizing module user_project_wrapper.

5.20.10. Finished OPT passes. (There is nothing left to do.)

5.21. Executing TECHMAP pass (map to technology primitives).

5.21.1. Executing Verilog-2005 frontend: /usr/bin/../share/yosys/techmap.v
Parsing Verilog input from `/usr/bin/../share/yosys/techmap.v' to AST representation.
Generating RTLIL representation for module `\_90_simplemap_bool_ops'.
Generating RTLIL representation for module `\_90_simplemap_reduce_ops'.
Generating RTLIL representation for module `\_90_simplemap_logic_ops'.
Generating RTLIL representation for module `\_90_simplemap_compare_ops'.
Generating RTLIL representation for module `\_90_simplemap_various'.
Generating RTLIL representation for module `\_90_simplemap_registers'.
Generating RTLIL representation for module `\_90_shift_ops_shr_shl_sshl_sshr'.
Generating RTLIL representation for module `\_90_shift_shiftx'.
Generating RTLIL representation for module `\_90_fa'.
Generating RTLIL representation for module `\_90_lcu'.
Generating RTLIL representation for module `\_90_alu'.
Generating RTLIL representation for module `\_90_macc'.
Generating RTLIL representation for module `\_90_alumacc'.
Generating RTLIL representation for module `\$__div_mod_u'.
Generating RTLIL representation for module `\$__div_mod_trunc'.
Generating RTLIL representation for module `\_90_div'.
Generating RTLIL representation for module `\_90_mod'.
Generating RTLIL representation for module `\$__div_mod_floor'.
Generating RTLIL representation for module `\_90_divfloor'.
Generating RTLIL representation for module `\_90_modfloor'.
Generating RTLIL representation for module `\_90_pow'.
Generating RTLIL representation for module `\_90_pmux'.
Generating RTLIL representation for module `\_90_demux'.
Generating RTLIL representation for module `\_90_lut'.
Successfully finished Verilog frontend.

5.21.2. Continuing TECHMAP pass.
Using template $paramod$2af30114e9bd4ccb04dad757b3f0a8f6bf0615b0\_90_alu for cells of type $alu.
Using extmapper simplemap for cells of type $sdff.
Using extmapper simplemap for cells of type $not.
Using extmapper simplemap for cells of type $reduce_and.
Using extmapper simplemap for cells of type $logic_not.
Using extmapper simplemap for cells of type $logic_and.
Using extmapper simplemap for cells of type $and.
Using extmapper simplemap for cells of type $mux.
Using extmapper simplemap for cells of type $dffe.
Using extmapper simplemap for cells of type $reduce_or.
Using extmapper simplemap for cells of type $xor.
Using template $paramod\_90_lcu\WIDTH=32'00000000000000000000000000010000 for cells of type $lcu.
Using extmapper simplemap for cells of type $pos.
Using extmapper simplemap for cells of type $or.
No more expansions possible.
<suppressed ~311 debug messages>

5.22. Executing OPT pass (performing simple optimizations).

5.22.1. Executing OPT_EXPR pass (perform const folding).
Optimizing module user_project_wrapper.
<suppressed ~89 debug messages>

5.22.2. Executing OPT_MERGE pass (detect identical cells).
Finding identical cells in module `\user_project_wrapper'.
<suppressed ~3 debug messages>
Removed a total of 1 cells.

5.22.3. Executing OPT_DFF pass (perform DFF optimizations).

5.22.4. Executing OPT_CLEAN pass (remove unused cells and wires).
Finding unused cells or wires in module \user_project_wrapper..
Removed 19 unused cells and 69 unused wires.
<suppressed ~20 debug messages>

5.22.5. Finished fast OPT passes.

5.23. Executing ABC pass (technology mapping using ABC).

5.23.1. Extracting gate netlist of module `\user_project_wrapper' to `<abc-temp-dir>/input.blif'..
Extracted 175 gates and 251 wires to a netlist network with 76 inputs and 20 outputs.

5.23.1.1. Executing ABC.
Running ABC command: "<yosys-exe-dir>/yosys-abc" -s -f <abc-temp-dir>/abc.script 2>&1
ABC: ABC command line: "source <abc-temp-dir>/abc.script".
ABC: 
ABC: + read_blif <abc-temp-dir>/input.blif 
ABC: + read_library <abc-temp-dir>/stdcells.genlib 
ABC: Entered genlib library with 13 gates from file "<abc-temp-dir>/stdcells.genlib".
ABC: + strash 
ABC: + dretime 
ABC: + map 
ABC: + write_blif <abc-temp-dir>/output.blif 

5.23.1.2. Re-integrating ABC results.
ABC RESULTS:               NOT cells:        1
ABC RESULTS:               NOR cells:       15
ABC RESULTS:              NAND cells:        6
ABC RESULTS:                OR cells:       16
ABC RESULTS:             ORNOT cells:        2
ABC RESULTS:              XNOR cells:        6
ABC RESULTS:            ANDNOT cells:       15
ABC RESULTS:               XOR cells:       10
ABC RESULTS:               AND cells:       21
ABC RESULTS:               MUX cells:       65
ABC RESULTS:        internal signals:      155
ABC RESULTS:           input signals:       76
ABC RESULTS:          output signals:       20
Removing temp directory.

5.24. Executing OPT pass (performing simple optimizations).

5.24.1. Executing OPT_EXPR pass (perform const folding).
Optimizing module user_project_wrapper.
<suppressed ~16 debug messages>

5.24.2. Executing OPT_MERGE pass (detect identical cells).
Finding identical cells in module `\user_project_wrapper'.
Removed a total of 0 cells.

5.24.3. Executing OPT_DFF pass (perform DFF optimizations).

5.24.4. Executing OPT_CLEAN pass (remove unused cells and wires).
Finding unused cells or wires in module \user_project_wrapper..
Removed 1 unused cells and 113 unused wires.
<suppressed ~6 debug messages>

5.24.5. Finished fast OPT passes.

5.25. Executing HIERARCHY pass (managing design hierarchy).

5.25.1. Analyzing design hierarchy..
Top module:  \user_project_wrapper

5.25.2. Analyzing design hierarchy..
Top module:  \user_project_wrapper
Removed 0 unused modules.

5.26. Printing statistics.

=== user_project_wrapper ===

   Number of wires:                204
   Number of wire bits:           1457
   Number of public wires:          50
   Number of public wire bits:    1303
   Number of memories:               0
   Number of memory bits:            0
   Number of processes:              0
   Number of cells:                189
     $_ANDNOT_                      15
     $_AND_                         21
     $_DFFE_PP_                     16
     $_MUX_                         65
     $_NAND_                         6
     $_NOR_                         15
     $_ORNOT_                        2
     $_OR_                          16
     $_SDFF_PP0_                    17
     $_XNOR_                         6
     $_XOR_                         10

5.27. Executing CHECK pass (checking for obvious problems).
Checking module user_project_wrapper...
Found and reported 0 problems.

6. Executing TECHMAP pass (map to technology primitives).

6.1. Executing Verilog-2005 frontend: /usr/bin/../share/yosys/techmap.v
Parsing Verilog input from `/usr/bin/../share/yosys/techmap.v' to AST representation.
Generating RTLIL representation for module `\_90_simplemap_bool_ops'.
Generating RTLIL representation for module `\_90_simplemap_reduce_ops'.
Generating RTLIL representation for module `\_90_simplemap_logic_ops'.
Generating RTLIL representation for module `\_90_simplemap_compare_ops'.
Generating RTLIL representation for module `\_90_simplemap_various'.
Generating RTLIL representation for module `\_90_simplemap_registers'.
Generating RTLIL representation for module `\_90_shift_ops_shr_shl_sshl_sshr'.
Generating RTLIL representation for module `\_90_shift_shiftx'.
Generating RTLIL representation for module `\_90_fa'.
Generating RTLIL representation for module `\_90_lcu'.
Generating RTLIL representation for module `\_90_alu'.
Generating RTLIL representation for module `\_90_macc'.
Generating RTLIL representation for module `\_90_alumacc'.
Generating RTLIL representation for module `\$__div_mod_u'.
Generating RTLIL representation for module `\$__div_mod_trunc'.
Generating RTLIL representation for module `\_90_div'.
Generating RTLIL representation for module `\_90_mod'.
Generating RTLIL representation for module `\$__div_mod_floor'.
Generating RTLIL representation for module `\_90_divfloor'.
Generating RTLIL representation for module `\_90_modfloor'.
Generating RTLIL representation for module `\_90_pow'.
Generating RTLIL representation for module `\_90_pmux'.
Generating RTLIL representation for module `\_90_demux'.
Generating RTLIL representation for module `\_90_lut'.
Successfully finished Verilog frontend.

6.2. Continuing TECHMAP pass.
No more expansions possible.
<suppressed ~73 debug messages>

7. Executing OPT pass (performing simple optimizations).

7.1. Executing OPT_EXPR pass (perform const folding).
Optimizing module user_project_wrapper.

7.2. Executing OPT_MERGE pass (detect identical cells).
Finding identical cells in module `\user_project_wrapper'.
Removed a total of 0 cells.

7.3. Executing OPT_MUXTREE pass (detect dead branches in mux trees).
Running muxtree optimizer on module \user_project_wrapper..
  Creating internal representation of mux trees.
  No muxes found in this module.
Removed 0 multiplexer ports.

7.4. Executing OPT_REDUCE pass (consolidate $*mux and $reduce_* inputs).
  Optimizing cells in module \user_project_wrapper.
Performed a total of 0 changes.

7.5. Executing OPT_MERGE pass (detect identical cells).
Finding identical cells in module `\user_project_wrapper'.
Removed a total of 0 cells.

7.6. Executing OPT_DFF pass (perform DFF optimizations).

7.7. Executing OPT_CLEAN pass (remove unused cells and wires).
Finding unused cells or wires in module \user_project_wrapper..

7.8. Executing OPT_EXPR pass (perform const folding).
Optimizing module user_project_wrapper.

7.9. Finished OPT passes. (There is nothing left to do.)

8. Executing DFFUNMAP pass (unmap clock enable and synchronous reset from FFs).

9. Executing ABC pass (technology mapping using ABC).

9.1. Extracting gate netlist of module `\user_project_wrapper' to `<abc-temp-dir>/input.blif'..
Extracted 189 gates and 282 wires to a netlist network with 92 inputs and 35 outputs.

9.1.1. Executing ABC.
Running ABC command: "<yosys-exe-dir>/yosys-abc" -s -f <abc-temp-dir>/abc.script 2>&1
ABC: ABC command line: "source <abc-temp-dir>/abc.script".
ABC: 
ABC: + read_blif <abc-temp-dir>/input.blif 
ABC: + read_library <abc-temp-dir>/stdcells.genlib 
ABC: Entered genlib library with 6 gates from file "<abc-temp-dir>/stdcells.genlib".
ABC: + strash 
ABC: + &get -n 
ABC: + &fraig -x 
ABC: + &put 
ABC: + scorr 
ABC: Warning: The network is combinational (run "fraig" or "fraig_sweep").
ABC: + dc2 
ABC: + dretime 
ABC: + strash 
ABC: + &get -n 
ABC: + &dch -f 
ABC: + &nf 
ABC: + &put 
ABC: + write_blif <abc-temp-dir>/output.blif 

9.1.2. Re-integrating ABC results.
ABC RESULTS:              NAND cells:      128
ABC RESULTS:               NOT cells:       63
ABC RESULTS:               NOR cells:      212
ABC RESULTS:        internal signals:      155
ABC RESULTS:           input signals:       92
ABC RESULTS:          output signals:       35
Removing temp directory.

10. Executing Verilog backend.
Dumping module `\user_project_wrapper'.

11. Printing statistics.

=== user_project_wrapper ===

   Number of wires:                732
   Number of wire bits:           1985
   Number of public wires:          50
   Number of public wire bits:    1303
   Number of memories:               0
   Number of memory bits:            0
   Number of processes:              0
   Number of cells:                436
     $_DFF_P_                       33
     $_NAND_                       128
     $_NOR_                        212
     $_NOT_                         63

Warnings: 44 unique messages, 44 total
End of script. Logfile hash: 49759ffa0d, CPU: user 0.14s system 0.01s, MEM: 34.28 MB peak
Yosys 0.33 (git sha1 2584903a060)
Time spent: 47% 2x abc (0 sec), 12% 17x opt_clean (0 sec), ...

