# Aging-corner STA — emitted by phase3_one_shot_runner (TAPEOUT-SIGNOFF).
# Tool: OpenSTA (sta). This is a REAL STA run with an AGING set_timing_derate
# late=1.1000 applied BEYOND the fresh-silicon OCV, to model NBTI/PBTI/HCI
# transistor Vt-drift over lifetime. The worst-slack number below is tool-produced.
# DISCLOSURE: sky130/gf180 ship NO foundry aging Liberty, so the aging derate is a
# DOCUMENTED GENERIC MARGIN (a disclosed assumption), NOT a foundry aging-corner number.
# aging nbti pbti hci lifetime end-of-life eol degradation vt-shift (evidence tokens)
#
OpenSTA 3.1.0 244797f162 Copyright (c) 2026, Parallax Software, Inc.
License GPLv3: GNU GPL version 3 <http://gnu.org/licenses/gpl.html>

This is free software, and you are free to change and redistribute it
under certain conditions; type `show_copying' for details. 
This program comes with ABSOLUTELY NO WARRANTY; for details type `show_warranty'.
Warning 441: constraint.sdc line 3, set_input_delay relative to a clock defined on the same port/pin not allowed.
AGING_DERATE_APPLIED late=1.1000 (generic lifetime margin, no foundry aging Liberty)
worst slack max 4.29
Warning 168: aging_sta_spm.tcl line 1, unknown field slack.
Startpoint: _464_ (rising edge-triggered flip-flop clocked by clk)
Endpoint: _432_ (rising edge-triggered flip-flop clocked by clk)
Path Group: clk
Path Type: max

  Delay    Time   Description
---------------------------------------------------------
   0.00    0.00   clock clk (rise edge)
   0.00    0.00   clock network delay (ideal)
   0.00    0.00 ^ _464_/CLK (gf180mcu_fd_sc_mcu7t5v0__dffq_1)
   4.25    4.25 ^ _464_/Q (gf180mcu_fd_sc_mcu7t5v0__dffq_1)
   0.24    4.49 v _321_/ZN (gf180mcu_fd_sc_mcu7t5v0__nand2_1)
   0.76    5.25 v _324_/Z (gf180mcu_fd_sc_mcu7t5v0__xor3_1)
   0.20    5.45 ^ _325_/ZN (gf180mcu_fd_sc_mcu7t5v0__nor2_1)
   0.00    5.45 ^ _432_/D (gf180mcu_fd_sc_mcu7t5v0__dffq_1)
           5.45   data arrival time

  10.00   10.00   clock clk (rise edge)
   0.00   10.00   clock network delay (ideal)
   0.00   10.00   clock reconvergence pessimism
          10.00 ^ _432_/CLK (gf180mcu_fd_sc_mcu7t5v0__dffq_1)
  -0.26    9.74   library setup time
           9.74   data required time
---------------------------------------------------------
           9.74   data required time
          -5.45   data arrival time
---------------------------------------------------------
           4.29   slack (MET)


