# OpenROAD detailed_route DRC summary -- emitted by
# phase3_one_shot_runner v1.6.36 (canonicalize_artefacts step).
# Tool: openroad detailed_route (drt)
# Source log: phase3/stage3/pnr/openroad.log
#
# This report is the runner-side projection of OpenROAD
# detailed_route output. Tool signature is `openroad` /
# `detailed_route`; `violation report` line + per-violation
# detail (when present) populate the substance check.
#
# Substance: post-route DRC count derived from openroad
# detailed_route's per-net congestion/violation log lines. This is
# the router's own in-loop DRC pass.
# Sign-off DRC runs SEPARATELY at Step 31: when the PDK ships a
# Calibre/Assura `.rule` deck (input/pdk/calibre/), the runner
# executes that foundry deck NATIVELY via the vibeic KLayout SVRF
# engine (_try_svrf_native_drc) — NO Calibre license/binary
# required; that IS the sign-off-grade verdict. A KLayout `.lydrc`
# or `magic` deck is only the fallback when no SVRF deck exists.
#
openroad / drt-pass: detailed_route invoked
violation report: 0
violation count summary: 0 violation(s) found
drc source: final [INFO DRT-0199] count
DRC clean: YES
tool: openroad

# === detailed_route + global_route summary lines from openroad.log ===
[INFO ORD-0030] Using 32 thread(s).
[INFO ODB-0388] unsupported LEF58_EOLENCLOSURE property for layer Via1 :"
[INFO ODB-0388] unsupported LEF58_EOLENCLOSURE property for layer Via2 :" EOLENCLOSURE 0.34 0.06 ; "
[INFO ODB-0388] unsupported LEF58_EOLENCLOSURE property for layer Via3 :" EOLENCLOSURE 0.34 0.06 ; "
[INFO ODB-0388] unsupported LEF58_EOLENCLOSURE property for layer Via4 :" EOLENCLOSURE 0.34 0.06 ; "
[INFO ODB-0227] LEF file: /foss/pdks/gf180mcuD/libs.ref/gf180mcu_fd_sc_mcu7t5v0/techlef/gf180mcu_fd_sc_mcu7t5v0__nom.tlef, created 15 layers, 56 vias
[WARNING ODB-0220] WARNING (LEFPARS-2008): NOWIREEXTENSIONATPIN statement is obsolete in version 5.6 or later.
[INFO ODB-0227] LEF file: /foss/pdks/gf180mcuD/libs.ref/gf180mcu_fd_sc_mcu7t5v0/lef/gf180mcu_fd_sc_mcu7t5v0.lef, created 229 library cells
[INFO IFP-0105] Number of instances:                    281
[INFO PPL-0001] Number of available slots 836
[INFO PPL-0002] Number of I/O             36
[INFO PPL-0003] Number of I/O w/sink      36
[INFO PPL-0004] Number of I/O w/o sink    0
[INFO GPL-0006] Number of instances:               661
[INFO GPL-0010] Number of nets:                    316
[INFO GPL-0011] Number of pins:                   1046
[INFO GPL-0030] Number of bins:                    256
[INFO GPL-0042] Number of overflowed tiles: 0 (0.00%)
[ERROR ODB-0369] Attempt to connect iterm of dont_touch instance spare_inverter_0
SPARE_TIEOFF_NONFATAL: ODB-0369
[INFO CTS-0030]  Number of static layers: 0.
[INFO CTS-0035]  Number of sinks covered: 65.
[INFO DRT-0149] Reading tech and libs.
[WARNING DRT-0349] LEF58_ENCLOSURE with no CUTCLASS is not supported. Skipping for layer Via1
[WARNING DRT-0349] LEF58_ENCLOSURE with no CUTCLASS is not supported. Skipping for layer Via1
[WARNING DRT-0349] LEF58_ENCLOSURE with no CUTCLASS is not supported. Skipping for layer Via2
[WARNING DRT-0349] LEF58_ENCLOSURE with no CUTCLASS is not supported. Skipping for layer Via2
[WARNING DRT-0349] LEF58_ENCLOSURE with no CUTCLASS is not supported. Skipping for layer Via3
[WARNING DRT-0349] LEF58_ENCLOSURE with no CUTCLASS is not supported. Skipping for layer Via3
[WARNING DRT-0349] LEF58_ENCLOSURE with no CUTCLASS is not supported. Skipping for layer Via4
[WARNING DRT-0349] LEF58_ENCLOSURE with no CUTCLASS is not supported. Skipping for layer Via4
Number of layers:     11
Number of macros:     229
Number of vias:       60
Number of viarulegen: 16
[INFO DRT-0150] Reading design.
Number of track patterns: 10
Number of DEF vias:       0
Number of components:     725
Number of terminals:      36
Number of snets:          2
Number of nets:           367
[INFO DRT-0167] List of default vias:
[INFO DRT-0162] Library cell analysis.
[INFO DRT-0163] Instance analysis.
[INFO DRT-0164] Number of unique instances = 42.
[INFO DRT-0168] Init region query.
[INFO DRT-0024]   Complete Poly2.
[INFO DRT-0024]   Complete CON.
[INFO DRT-0024]   Complete Metal1.
[INFO DRT-0024]   Complete Via1.
[INFO DRT-0024]   Complete Metal2.
[INFO DRT-0024]   Complete Via2.
[INFO DRT-0024]   Complete Metal3.
[INFO DRT-0024]   Complete Via3.
[INFO DRT-0024]   Complete Metal4.
[INFO DRT-0024]   Complete Via4.
[INFO DRT-0024]   Complete Metal5.
[INFO DRT-0033] Poly2 shape region query size = 0.
[INFO DRT-0033] CON shape region query size = 0.
[INFO DRT-0033] Metal1 shape region query size = 9953.
[INFO DRT-0033] Via1 shape region query size = 240.
[INFO DRT-0033] Metal2 shape region query size = 196.
[INFO DRT-0033] Via2 shape region query size = 240.
[INFO DRT-0033] Metal3 shape region query size = 160.
[INFO DRT-0033] Via3 shape region query size = 240.
[INFO DRT-0033] Metal4 shape region query size = 87.
[INFO DRT-0033] Via4 shape region query size = 36.
[INFO DRT-0033] Metal5 shape region query size = 6.
[INFO DRT-0165] Start pin access.
[INFO DRT-0078]   Complete 288 pins.
[INFO DRT-0081]   Complete 42 unique inst patterns.
[INFO DRT-0084]   Complete 247 groups.
[INFO DRT-0166] Complete pin access.
[INFO DRT-0267] cpu time = 00:00:04, elapsed time = 00:00:00, memory = 318.84 (MB), peak = 321.53 (MB)
[INFO DRT-0157] Number of guides:     2575
[INFO DRT-0169] Post process guides.
[INFO DRT-0176] GCELLGRID X 0 DO 28 STEP 16800 ;
[INFO DRT-0177] GCELLGRID Y 0 DO 28 STEP 16800 ;
[INFO DRT-0028]   Complete Poly2.
[INFO DRT-0028]   Complete CON.
[INFO DRT-0028]   Complete Metal1.
[INFO DRT-0028]   Complete Via1.
[INFO DRT-0028]   Complete Metal2.
[INFO DRT-0028]   Complete Via2.
[INFO DRT-0028]   Complete Metal3.
[INFO DRT-0028]   Complete Via3.
[INFO DRT-0028]   Complete Metal4.
[INFO DRT-0028]   Complete Via4.
[INFO DRT-0028]   Complete Metal5.
[INFO DRT-0178] Init guide query.
[INFO DRT-0035]   Complete Poly2 (guide).
[INFO DRT-0035]   Complete CON (guide).
[INFO DRT-0035]   Complete Metal1 (guide).
[INFO DRT-0035]   Complete Via1 (guide).
[INFO DRT-0035]   Complete Metal2 (guide).
[INFO DRT-0035]   Complete Via2 (guide).
[INFO DRT-0035]   Complete Metal3 (guide).
[INFO DRT-0035]   Complete Via3 (guide).
[INFO DRT-0035]   Complete Metal4 (guide).
[INFO DRT-0035]   Complete Via4 (guide).
[INFO DRT-0035]   Complete Metal5 (guide).
[INFO DRT-0036] Poly2 guide region query size = 0.
[INFO DRT-0036] CON guide region query size = 0.
[INFO DRT-0036] Metal1 guide region query size = 940.
[INFO DRT-0036] Via1 guide region query size = 0.
[INFO DRT-0036] Metal2 guide region query size = 813.
[INFO DRT-0036] Via2 guide region query size = 0.
[INFO DRT-0036] Metal3 guide region query size = 370.
[INFO DRT-0036] Via3 guide region query size = 0.
[INFO DRT-0036] Metal4 guide region query size = 0.
[INFO DRT-0036] Via4 guide region query size = 0.
[INFO DRT-0036] Metal5 guide region query size = 0.
[INFO DRT-0179] Init gr pin query.
[INFO DRT-0267] cpu time = 00:00:00, elapsed time = 00:00:00, memory = 318.86 (MB), peak = 321.53 (MB)
[INFO DRT-0245] skipped writing guide updates to database.
[INFO DRT-0181] Start track assignment.
[INFO DRT-0184] Done with 813 vertical wires in 1 frboxes and 1310 horizontal wires in 1 frboxes.
[INFO DRT-0186] Done with 112 vertical wires in 1 frboxes and 112 horizontal wires in 1 frboxes.
[INFO DRT-0182] Complete track assignment.
[INFO DRT-0267] cpu time = 00:00:00, elapsed time = 00:00:00, memory = 325.77 (MB), peak = 321.53 (MB)
[INFO DRT-0187] Start routing data preparation.
[INFO DRT-0267] cpu time = 00:00:00, elapsed time = 00:00:00, memory = 325.77 (MB), peak = 321.53 (MB)
[INFO DRT-0194] Start detail routing.
[INFO DRT-0195] Start 0th optimization iteration.
[INFO DRT-0199]   Number of violations = 55.
[INFO DRT-0267] cpu time = 00:00:14, elapsed time = 00:00:08, memory = 711.89 (MB), peak = 706.27 (MB)
Total wire length = 13136 um.
Total wire length on LAYER Metal1 = 0 um.
Total wire length on LAYER Metal2 = 7540 um.
Total wire length on LAYER Metal3 = 5583 um.
Total wire length on LAYER Metal4 = 12 um.
Total wire length on LAYER Metal5 = 0 um.
[INFO DRT-0195] Start 1st optimization iteration.
[INFO DRT-0199]   Number of violations = 9.
[INFO DRT-0267] cpu time = 00:00:15, elapsed time = 00:00:10, memory = 811.26 (MB), peak = 805.77 (MB)
Total wire length = 13044 um.
Total wire length on LAYER Metal1 = 0 um.
Total wire length on LAYER Metal2 = 7460 um.
Total wire length on LAYER Metal3 = 5579 um.
Total wire length on LAYER Metal4 = 4 um.
Total wire length on LAYER Metal5 = 0 um.
[INFO DRT-0195] Start 2nd optimization iteration.
[INFO DRT-0199]   Number of violations = 10.
[INFO DRT-0267] cpu time = 00:00:04, elapsed time = 00:00:03, memory = 834.05 (MB), peak = 828.52 (MB)
Total wire length = 13015 um.
Total wire length on LAYER Metal1 = 0 um.
Total wire length on LAYER Metal2 = 7436 um.
Total wire length on LAYER Metal3 = 5570 um.
Total wire length on LAYER Metal4 = 8 um.
Total wire length on LAYER Metal5 = 0 um.
[INFO DRT-0195] Start 3rd guides tiles iteration.
[INFO DRT-0199]   Number of violations = 0.
[INFO DRT-0267] cpu time = 00:00:01, elapsed time = 00:00:00, memory = 834.25 (MB), peak = 828.52 (MB)
Total wire length = 13009 um.
Total wire length on LAYER Metal1 = 0 um.
Total wire length on LAYER Metal2 = 7182 um.
Total wire length on LAYER Metal3 = 5582 um.
Total wire length on LAYER Metal4 = 244 um.
Total wire length on LAYER Metal5 = 0 um.
[WARNING DRT-0290] Warning: no DRC report specified, skipped writing DRC report
[INFO DRT-0198] Complete detail routing.
Total wire length = 13009 um.
Total wire length on LAYER Metal1 = 0 um.
Total wire length on LAYER Metal2 = 7182 um.
Total wire length on LAYER Metal3 = 5582 um.
Total wire length on LAYER Metal4 = 244 um.
Total wire length on LAYER Metal5 = 0 um.
[INFO DRT-0267] cpu time = 00:00:35, elapsed time = 00:00:22, memory = 834.25 (MB), peak = 828.52 (MB)
[INFO DRT-0180] Post processing.
[INFO DRT-0501] Runtime: 23.51s
[INFO DRT-0178] Init guide query.
[INFO DRT-0036] Poly2 guide region query size = 0.
[INFO DRT-0036] CON guide region query size = 0.
[INFO DRT-0036] Metal1 guide region query size = 940.
[INFO DRT-0036] Via1 guide region query size = 0.
[INFO DRT-0036] Metal2 guide region query size = 813.
[INFO DRT-0036] Via2 guide region query size = 0.
[INFO DRT-0036] Metal3 guide region query size = 370.
[INFO DRT-0036] Via3 guide region query size = 0.
[INFO DRT-0036] Metal4 guide region query size = 0.
[INFO DRT-0036] Via4 guide region query size = 0.
[INFO DRT-0036] Metal5 guide region query size = 0.
[INFO DRT-0179] Init gr pin query.
[INFO DRT-0501] Runtime: 2.61s

# === violation lines (last 100, if any) ===
[INFO DRT-0035]   Complete Via1 (guide).
[INFO DRT-0035]   Complete Metal2 (guide).
[INFO DRT-0035]   Complete Via2 (guide).
[INFO DRT-0035]   Complete Metal3 (guide).
[INFO DRT-0035]   Complete Via3 (guide).
[INFO DRT-0035]   Complete Metal4 (guide).
[INFO DRT-0035]   Complete Via4 (guide).
[INFO DRT-0035]   Complete Metal5 (guide).
[INFO DRT-0036] Poly2 guide region query size = 0.
[INFO DRT-0036] CON guide region query size = 0.
[INFO DRT-0036] Metal1 guide region query size = 940.
[INFO DRT-0036] Via1 guide region query size = 0.
[INFO DRT-0036] Metal2 guide region query size = 813.
[INFO DRT-0036] Via2 guide region query size = 0.
[INFO DRT-0036] Metal3 guide region query size = 370.
[INFO DRT-0036] Via3 guide region query size = 0.
[INFO DRT-0036] Metal4 guide region query size = 0.
[INFO DRT-0036] Via4 guide region query size = 0.
[INFO DRT-0036] Metal5 guide region query size = 0.
[INFO DRT-0179] Init gr pin query.
[INFO DRT-0267] cpu time = 00:00:00, elapsed time = 00:00:00, memory = 318.86 (MB), peak = 321.53 (MB)
[INFO DRT-0245] skipped writing guide updates to database.
[INFO DRT-0181] Start track assignment.
[INFO DRT-0184] Done with 813 vertical wires in 1 frboxes and 1310 horizontal wires in 1 frboxes.
[INFO DRT-0186] Done with 112 vertical wires in 1 frboxes and 112 horizontal wires in 1 frboxes.
[INFO DRT-0182] Complete track assignment.
[INFO DRT-0267] cpu time = 00:00:00, elapsed time = 00:00:00, memory = 325.77 (MB), peak = 321.53 (MB)
[INFO DRT-0187] Start routing data preparation.
[INFO DRT-0267] cpu time = 00:00:00, elapsed time = 00:00:00, memory = 325.77 (MB), peak = 321.53 (MB)
[INFO DRT-0194] Start detail routing.
[INFO DRT-0195] Start 0th optimization iteration.
    Completing 10% with 0 violations.
    Completing 20% with 0 violations.
    Completing 30% with 3 violations.
    Completing 40% with 3 violations.
    Completing 50% with 3 violations.
    Completing 60% with 16 violations.
    Completing 70% with 16 violations.
    Completing 80% with 26 violations.
    Completing 90% with 26 violations.
    Completing 100% with 32 violations.
[INFO DRT-0199]   Number of violations = 55.
[INFO DRT-0267] cpu time = 00:00:14, elapsed time = 00:00:08, memory = 711.89 (MB), peak = 706.27 (MB)
[INFO DRT-0195] Start 1st optimization iteration.
    Completing 10% with 55 violations.
    Completing 20% with 55 violations.
    Completing 30% with 55 violations.
    Completing 40% with 46 violations.
    Completing 50% with 46 violations.
    Completing 60% with 46 violations.
    Completing 70% with 34 violations.
    Completing 80% with 34 violations.
    Completing 90% with 18 violations.
    Completing 100% with 9 violations.
[INFO DRT-0199]   Number of violations = 9.
[INFO DRT-0267] cpu time = 00:00:15, elapsed time = 00:00:10, memory = 811.26 (MB), peak = 805.77 (MB)
[INFO DRT-0195] Start 2nd optimization iteration.
    Completing 10% with 9 violations.
    Completing 20% with 9 violations.
    Completing 30% with 9 violations.
    Completing 40% with 7 violations.
    Completing 50% with 7 violations.
    Completing 60% with 7 violations.
    Completing 70% with 10 violations.
    Completing 80% with 10 violations.
    Completing 90% with 10 violations.
    Completing 100% with 10 violations.
[INFO DRT-0199]   Number of violations = 10.
[INFO DRT-0267] cpu time = 00:00:04, elapsed time = 00:00:03, memory = 834.05 (MB), peak = 828.52 (MB)
[INFO DRT-0195] Start 3rd guides tiles iteration.
    Completing 20% with 10 violations.
    Completing 40% with 10 violations.
    Completing 60% with 10 violations.
    Completing 80% with 0 violations.
    Completing 100% with 0 violations.
[INFO DRT-0199]   Number of violations = 0.
[INFO DRT-0267] cpu time = 00:00:01, elapsed time = 00:00:00, memory = 834.25 (MB), peak = 828.52 (MB)
[WARNING DRT-0290] Warning: no DRC report specified, skipped writing DRC report
[INFO DRT-0198] Complete detail routing.
[INFO DRT-0267] cpu time = 00:00:35, elapsed time = 00:00:22, memory = 834.25 (MB), peak = 828.52 (MB)
[INFO DRT-0180] Post processing.
[INFO DRT-0501] Runtime: 23.51s
[INFO ANT-0002] Found 0 net violations.
[INFO ANT-0001] Found 0 pin violations.
ANTENNA_ALREADY_CLEAN: 0 net violations, skipping repair+reroute
[INFO DRT-0178] Init guide query.
[INFO DRT-0036] Poly2 guide region query size = 0.
[INFO DRT-0036] CON guide region query size = 0.
[INFO DRT-0036] Metal1 guide region query size = 940.
[INFO DRT-0036] Via1 guide region query size = 0.
[INFO DRT-0036] Metal2 guide region query size = 813.
[INFO DRT-0036] Via2 guide region query size = 0.
[INFO DRT-0036] Metal3 guide region query size = 370.
[INFO DRT-0036] Via3 guide region query size = 0.
[INFO DRT-0036] Metal4 guide region query size = 0.
[INFO DRT-0036] Via4 guide region query size = 0.
[INFO DRT-0036] Metal5 guide region query size = 0.
[INFO DRT-0179] Init gr pin query.
[INFO DRT-0501] Runtime: 2.61s
[INFO RSZ-0098] No setup violations found
# === full openroad.log (last 3 KB, for reviewer context) ===
------------
  Poly2       0
 Metal1    1128
 Metal2     897
 Metal3      12
 Metal4       0
---------------
       2037


[INFO DRT-0267] cpu time = 00:00:35, elapsed time = 00:00:22, memory = 834.25 (MB), peak = 828.52 (MB)

[INFO DRT-0180] Post processing.
[INFO DRT-0501] Runtime: 23.51s
SPEF_REPAIR_CAPTABLE: /foss/pdks/gf180mcuD/libs.tech/librelane/rules.openrcx.gf180mcuD.nom.magic
[INFO RCX-0431] Defined process_corner X with ext_model_index 0
[INFO RCX-0029] Defined extraction corner X
[WARNING RCX-0514] The -ext_model_file option is deprecated. Use set_extraction_rules_file command instead.
[INFO RCX-0435] Reading extraction model file /foss/pdks/gf180mcuD/libs.tech/librelane/rules.openrcx.gf180mcuD.nom.magic ...
[INFO RCX-0436] RC segment generation spm (max_merge_res 50.0) ...
[INFO RCX-0040] Final 1224 rc segments
[INFO RCX-0439] Coupling Cap extraction spm ...
[INFO RCX-0440] Coupling threshhold is 0.1000 fF, coupling capacitance less than 0.1000 fF will be grounded.
[INFO RCX-0442] 50% of 2596 wires extracted
[INFO RCX-0442] 100% of 2596 wires extracted
[INFO RCX-0045] Extract 367 nets, 1590 rsegs, 1590 caps, 2642 ccs
[INFO RCX-0443] 367 nets finished
SPEF_MEASURE_COMPLETE
[INFO ANT-0002] Found 0 net violations.
[INFO ANT-0001] Found 0 pin violations.
ANTENNA_ALREADY_CLEAN: 0 net violations, skipping repair+reroute
ANTENNA_POSTROUTE_DONE
[INFO DPL-0001] Placed 1282 filler instances.
FILLER_INSERTED: 12 masters (core_util=28.288513654367314%)
PG_DONTTOUCH_LIFTED: 6
PG_RECONNECT_DONE
PG_DONTTOUCH_RESTORED: 6
[INFO DRT-0178] Init guide query.
[INFO DRT-0036] Poly2 guide region query size = 0.
[INFO DRT-0036] CON guide region query size = 0.
[INFO DRT-0036] Metal1 guide region query size = 940.
[INFO DRT-0036] Via1 guide region query size = 0.
[INFO DRT-0036] Metal2 guide region query size = 813.
[INFO DRT-0036] Via2 guide region query size = 0.
[INFO DRT-0036] Metal3 guide region query size = 370.
[INFO DRT-0036] Via3 guide region query size = 0.
[INFO DRT-0036] Metal4 guide region query size = 0.
[INFO DRT-0036] Via4 guide region query size = 0.
[INFO DRT-0036] Metal5 guide region query size = 0.
[INFO DRT-0179] Init gr pin query.
[INFO DRT-0501] Runtime: 2.61s
PG_REROUTE_DONE
PG_CONNECT_AUDIT: total=7268 unconnected=0 masters=
Design area 11916 um^2 28% utilization.
SPEF_REPAIR_WNS_BEFORE: 2.9186023313129863
Iteration |   Area    | Resized | Buffers | Nets repaired | Remaining
---------------------------------------------------------------------
        0 |     +0.0% |       0 |       0 |             0 |       380
    final |     +0.0% |       0 |       0 |             0 |         0
---------------------------------------------------------------------
[INFO RSZ-0504] Runtime: 0.08s
[INFO RSZ-0100] Repair move sequence: UnbufferMove SizeUpMove SwapPinsMove BufferMove CloneMove SplitLoadMove 
[INFO RSZ-0098] No setup violations found
[INFO RSZ-0505] Runtime: 0.06s
SPEF_REPAIR_WNS_AFTER: 2.9186023313129863
SPEF_REPAIR_APPLIED_ON_ESTIMATE

# end of routed.drc.rpt
