[INFO] USER_ID: 1000, GROUP_ID: 0
[INFO] Final PATH variable: /headless/.local/bin:/foss/tools/bin:/foss/tools/sak:/usr/local/sbin:/headless/.local/bin:/foss/tools/bin:/foss/tools/sak:/foss/tools/kactus2:/foss/tools/klayout:/foss/tools/osic-multitool:/usr/local/sbin:/usr/local/bin:/usr/sbin:/usr/bin:/sbin:/bin:/foss/tools/kactus2:/foss/tools/klayout:/foss/tools/osic-multitool
[INFO] Final PYTHONPATH variable: /headless/.local/lib/python3.12/site-packages:/usr/lib/python312.zip:/usr/lib/python3.12:/usr/lib/python3.12/lib-dynload:/usr/local/lib/python3.12/dist-packages:/opt/vibeic-forks/cocotb/src:/usr/lib/python3/dist-packages:/foss/tools/ngspyce/local/lib/python3.12/dist-packages:/foss/tools/openems/local/lib/python3.12/dist-packages:/foss/tools/pyopus/local/lib/python3.12/dist-packages:/foss/tools/yosys/share/yosys/python3:/foss/tools/klayout/pymod:/foss/tools/vacask/lib/vacask/python
[INFO] SKIPPING UI STARTUP
[INFO] Executing command: 'bash -lc openroad -no_init -exit /home/reyerchu/_f7dynir/dyn_ir_regenerated.tcl 2>&1'
OpenROAD 26Q3-155-g1bade74e72 
Features included (+) or not (-): +GPU +GUI +Python
This program is licensed under the BSD-3 license. See the LICENSE file for details.
Components of this program may be licensed under more restrictive licenses which must be honored.
[INFO ODB-0388] unsupported LEF58_EOLENCLOSURE property for layer Via1 :"
  	EOLENCLOSURE 0.34 0.06 ;"
[INFO ODB-0388] unsupported LEF58_EOLENCLOSURE property for layer Via2 :" EOLENCLOSURE 0.34 0.06 ; "
[INFO ODB-0388] unsupported LEF58_EOLENCLOSURE property for layer Via3 :" EOLENCLOSURE 0.34 0.06 ; "
[INFO ODB-0388] unsupported LEF58_EOLENCLOSURE property for layer Via4 :" EOLENCLOSURE 0.34 0.06 ; "
[INFO ODB-0227] LEF file: /foss/pdks/gf180mcuD/libs.ref/gf180mcu_fd_sc_mcu7t5v0/techlef/gf180mcu_fd_sc_mcu7t5v0__nom.tlef, created 15 layers, 56 vias
[WARNING ODB-0220] WARNING (LEFPARS-2008): NOWIREEXTENSIONATPIN statement is obsolete in version 5.6 or later.
The NOWIREEXTENSIONATPIN statement will be ignored. See file /foss/pdks/gf180mcuD/libs.ref/gf180mcu_fd_sc_mcu7t5v0/lef/gf180mcu_fd_sc_mcu7t5v0.lef at line 2.

[INFO ODB-0227] LEF file: /foss/pdks/gf180mcuD/libs.ref/gf180mcu_fd_sc_mcu7t5v0/lef/gf180mcu_fd_sc_mcu7t5v0.lef, created 229 library cells
[INFO ODB-0127] Reading DEF file: /home/reyerchu/_f7dynir/phase3/stage3/pnr/spm.def
[INFO ODB-0128] Design: spm
[INFO ODB-0130]     Created 36 pins.
[INFO ODB-0131]     Created 2007 components and 8412 component-terminals.
[INFO ODB-0132]     Created 2 special nets and 2140 connections.
[INFO ODB-0133]     Created 367 nets and 1118 connections.
[INFO ODB-0134] Finished DEF file: /home/reyerchu/_f7dynir/phase3/stage3/pnr/spm.def
[WARNING STA-0441] set_input_delay relative to a clock defined on the same port/pin not allowed.
=== DYN_IR PSM VDD transient period=10.0ns ===
[INFO PSM-0040] All shapes on net VDD are connected.
[INFO PSM-0073] Using bump pattern with x-pitch 140.0000um, y-pitch 140.0000um, and size 70.0000um with an reduction factor of 3x.
########## IR report #################
Net              : VDD
Corner           : default
Total power      : 8.34e-03 W
Supply voltage   : 5.00e+00 V
Worstcase voltage: 4.99e+00 V
Average voltage  : 5.00e+00 V
Average IR drop  : 3.17e-03 V
Worstcase IR drop: 7.15e-03 V
Percentage drop  : 0.14 %
######################################
########## Dynamic (transient) IR report ##########
Net                    : VDD
Corner                 : default
Supply voltage         : 5.00e+00 V
Timestep               : 1.00e-10 s
Steps                  : 100
Capacitance model      : quasi-static (no on-die cap supplied)
Worst static IR drop   : 7.15e-03 V
Worst dynamic IR drop  : 1.43e-02 V
Dynamic/static ratio   : 2.00
Current model          : vectorless (simultaneous worst case)
Worst droop time       : 5.00e-09 s (step 50)
###################################################
