# Electrical Rule Check (ERC) — OpenROAD open-source path
# (ORGANIC-20260531 Step 31 sub-item). Tool: openroad.
# sky130 ships only a Calibre PERC deck; this is the open-source
# electrical-rule screen (floating nets + ERC metrics) on the
# routed DEF. Full PERC (latch-up / ESD topology) needs Calibre.
#
ERC floating nets: 0
ERC clean: YES

# === report_floating_nets / report_erc_metrics stdout ===
[INFO ODB-0127] Reading DEF file: /home/reyerchu/campaign_v1566/spm/converge_1.5.66_gf180mcuD/phase3/stage3/pnr/spm.def
[INFO ODB-0134] Finished DEF file: /home/reyerchu/campaign_v1566/spm/converge_1.5.66_gf180mcuD/phase3/stage3/pnr/spm.def
=== ERC: floating nets ===
[WARNING RSZ-0095] found 13 floating pins.
 spare_aoi_0/A1
 spare_aoi_0/A2
 spare_aoi_0/B
 spare_dff_0/D
 spare_dff_0/CLK
 spare_inverter_0/I
 spare_mux2_0/I0
 spare_mux2_0/I1
 spare_mux2_0/S
 spare_nand2_0/A1
 spare_nand2_0/A2
 spare_nor2_0/A1
 spare_nor2_0/A2
=== ERC metrics ===

# === full ERC log (last 2 KB) ===
uded (+) or not (-): +GPU +GUI +Python
This program is licensed under the BSD-3 license. See the LICENSE file for details.
Components of this program may be licensed under more restrictive licenses which must be honored.
[INFO ODB-0388] unsupported LEF58_EOLENCLOSURE property for layer Via1 :"
  	EOLENCLOSURE 0.34 0.06 ;"
[INFO ODB-0388] unsupported LEF58_EOLENCLOSURE property for layer Via2 :" EOLENCLOSURE 0.34 0.06 ; "
[INFO ODB-0388] unsupported LEF58_EOLENCLOSURE property for layer Via3 :" EOLENCLOSURE 0.34 0.06 ; "
[INFO ODB-0388] unsupported LEF58_EOLENCLOSURE property for layer Via4 :" EOLENCLOSURE 0.34 0.06 ; "
[INFO ODB-0227] LEF file: /foss/pdks/gf180mcuD/libs.ref/gf180mcu_fd_sc_mcu7t5v0/techlef/gf180mcu_fd_sc_mcu7t5v0__nom.tlef, created 15 layers, 56 vias
[WARNING ODB-0220] WARNING (LEFPARS-2008): NOWIREEXTENSIONATPIN statement is obsolete in version 5.6 or later.
The NOWIREEXTENSIONATPIN statement will be ignored. See file /foss/pdks/gf180mcuD/libs.ref/gf180mcu_fd_sc_mcu7t5v0/lef/gf180mcu_fd_sc_mcu7t5v0.lef at line 2.

[INFO ODB-0227] LEF file: /foss/pdks/gf180mcuD/libs.ref/gf180mcu_fd_sc_mcu7t5v0/lef/gf180mcu_fd_sc_mcu7t5v0.lef, created 229 library cells
[INFO ODB-0127] Reading DEF file: /home/reyerchu/campaign_v1566/spm/converge_1.5.66_gf180mcuD/phase3/stage3/pnr/spm.def
[INFO ODB-0128] Design: spm
[INFO ODB-0130]     Created 36 pins.
[INFO ODB-0131]     Created 2007 components and 8412 component-terminals.
[INFO ODB-0132]     Created 2 special nets and 2140 connections.
[INFO ODB-0133]     Created 367 nets and 1118 connections.
[INFO ODB-0134] Finished DEF file: /home/reyerchu/campaign_v1566/spm/converge_1.5.66_gf180mcuD/phase3/stage3/pnr/spm.def
=== ERC: floating nets ===
[WARNING RSZ-0095] found 13 floating pins.
 spare_aoi_0/A1
 spare_aoi_0/A2
 spare_aoi_0/B
 spare_dff_0/D
 spare_dff_0/CLK
 spare_inverter_0/I
 spare_mux2_0/I0
 spare_mux2_0/I1
 spare_mux2_0/S
 spare_nand2_0/A1
 spare_nand2_0/A2
 spare_nor2_0/A1
 spare_nor2_0/A2
=== ERC metrics ===


# end of erc.rpt
