# OpenROAD PSM (Power Supply Metal) IR-drop report — emitted by
# phase3_one_shot_runner (ORGANIC-20260531 sign-off-chain step).
# Tool: openroad / PSM analyze_power_grid (static IR drop).
# Power nets analysed: VDD
#
# Substance: static IR drop computed on the routed DEF power grid
# via OpenROAD PSM — no SPEF required (PSM walks the SPECIALNETS
# metal directly). 'IR drop' / voltage values (V → mV) below.
# Units: values reported in volts; mV column added for the gate.
#
openroad / PSM: analyze_power_grid invoked
IR drop analysis (static): worst voltage drop
[INFO PSM-0040] All shapes on net VDD are connected.
[INFO PSM-0073] Using bump pattern with x-pitch 140.0000um, y-pitch 140.0000um, and size 70.0000um with an reduction factor of 3x.
Supply voltage   : 5.00e+00 V
Worstcase voltage: 4.99e+00 V
Average voltage  : 5.00e+00 V
Average IR drop  : 3.08e-03 V
  -> 3.08 mV (IR drop, normalised)
Worstcase IR drop: 6.37e-03 V
  -> 6.37 mV (IR drop, normalised)

# === Full PSM stdout (provenance) ===
OpenROAD 26Q3-155-g1bade74e72 
Features included (+) or not (-): +GPU +GUI +Python
This program is licensed under the BSD-3 license. See the LICENSE file for details.
Components of this program may be licensed under more restrictive licenses which must be honored.
[INFO ODB-0388] unsupported LEF58_EOLENCLOSURE property for layer Via1 :"
  	EOLENCLOSURE 0.34 0.06 ;"
[INFO ODB-0388] unsupported LEF58_EOLENCLOSURE property for layer Via2 :" EOLENCLOSURE 0.34 0.06 ; "
[INFO ODB-0388] unsupported LEF58_EOLENCLOSURE property for layer Via3 :" EOLENCLOSURE 0.34 0.06 ; "
[INFO ODB-0388] unsupported LEF58_EOLENCLOSURE property for layer Via4 :" EOLENCLOSURE 0.34 0.06 ; "
[INFO ODB-0227] LEF file: /foss/pdks/gf180mcuD/libs.ref/gf180mcu_fd_sc_mcu7t5v0/techlef/gf180mcu_fd_sc_mcu7t5v0__nom.tlef, created 15 layers, 56 vias
[WARNING ODB-0220] WARNING (LEFPARS-2008): NOWIREEXTENSIONATPIN statement is obsolete in version 5.6 or later.
The NOWIREEXTENSIONATPIN statement will be ignored. See file /foss/pdks/gf180mcuD/libs.ref/gf180mcu_fd_sc_mcu7t5v0/lef/gf180mcu_fd_sc_mcu7t5v0.lef at line 2.

[INFO ODB-0227] LEF file: /foss/pdks/gf180mcuD/libs.ref/gf180mcu_fd_sc_mcu7t5v0/lef/gf180mcu_fd_sc_mcu7t5v0.lef, created 229 library cells
[INFO ODB-0127] Reading DEF file: /home/reyerchu/_repro363/phase3/stage3/pnr/spm.def
[INFO ODB-0128] Design: spm
[INFO ODB-0130]     Created 36 pins.
[INFO ODB-0131]     Created 2007 components and 8412 component-terminals.
[INFO ODB-0132]     Created 2 special nets and 2140 connections.
[INFO ODB-0133]     Created 367 nets and 1118 connections.
[INFO ODB-0134] Finished DEF file: /home/reyerchu/_repro363/phase3/stage3/pnr/spm.def
=== PSM_NET VDD ===
[INFO PSM-0040] All shapes on net VDD are connected.
[INFO PSM-0073] Using bump pattern with x-pitch 140.0000um, y-pitch 140.0000um, and size 70.0000um with an reduction factor of 3x.
########## IR report #################
Net              : VDD
Corner           : default
Total power      : 7.56e-03 W
Supply voltage   : 5.00e+00 V
Worstcase voltage: 4.99e+00 V
Average voltage  : 5.00e+00 V
Average IR drop  : 3.08e-03 V
Worstcase IR drop: 6.37e-03 V
Percentage drop  : 0.13 %
######################################
########## EM analysis ###############
Net                : VDD
Corner             : default
Maximum current    : 1.40e-03 A
Average current    : 1.52e-05 A
Number of resistors: 2735
######################################


# end of ir_drop.rpt
