
Cell gf180mcu_fd_sc_mcu7t5v0__dffq_1 (0) disconnected node: D
Cell gf180mcu_fd_sc_mcu7t5v0__dffq_1 (0) disconnected node: CLK
Cell gf180mcu_fd_sc_mcu7t5v0__dffq_1 (0) disconnected node: Q
Cell gf180mcu_fd_sc_mcu7t5v0__dffq_1 (0) disconnected node: VDD
Cell gf180mcu_fd_sc_mcu7t5v0__dffq_1 (0) disconnected node: VNW
Cell gf180mcu_fd_sc_mcu7t5v0__dffq_1 (0) disconnected node: VPW
Cell gf180mcu_fd_sc_mcu7t5v0__dffq_1 (0) disconnected node: VSS
Warning: Equate pins:  cell gf180mcu_fd_sc_mcu7t5v0__dffq_1 is a placeholder, treated as a black box.

Subcircuit pins:
Circuit 1: gf180mcu_fd_sc_mcu7t5v0__dffq_1 |Circuit 2: gf180mcu_fd_sc_mcu7t5v0__dffq_1 
-------------------------------------------|-------------------------------------------
D                                          |D                                          
CLK                                        |CLK                                        
Q                                          |Q                                          
VDD                                        |VDD                                        
VNW                                        |VNW                                        
VPW                                        |VPW                                        
VSS                                        |VSS                                        
---------------------------------------------------------------------------------------
Cell pin lists are equivalent.
Device classes gf180mcu_fd_sc_mcu7t5v0__dffq_1 and gf180mcu_fd_sc_mcu7t5v0__dffq_1 are equivalent.

Cell gf180mcu_fd_sc_mcu7t5v0__nor2_1 (0) disconnected node: A1
Cell gf180mcu_fd_sc_mcu7t5v0__nor2_1 (0) disconnected node: A2
Cell gf180mcu_fd_sc_mcu7t5v0__nor2_1 (0) disconnected node: ZN
Cell gf180mcu_fd_sc_mcu7t5v0__nor2_1 (0) disconnected node: VDD
Cell gf180mcu_fd_sc_mcu7t5v0__nor2_1 (0) disconnected node: VNW
Cell gf180mcu_fd_sc_mcu7t5v0__nor2_1 (0) disconnected node: VPW
Cell gf180mcu_fd_sc_mcu7t5v0__nor2_1 (0) disconnected node: VSS
Warning: Equate pins:  cell gf180mcu_fd_sc_mcu7t5v0__nor2_1 is a placeholder, treated as a black box.

Subcircuit pins:
Circuit 1: gf180mcu_fd_sc_mcu7t5v0__nor2_1 |Circuit 2: gf180mcu_fd_sc_mcu7t5v0__nor2_1 
-------------------------------------------|-------------------------------------------
A1                                         |A1                                         
A2                                         |A2                                         
ZN                                         |ZN                                         
VDD                                        |VDD                                        
VNW                                        |VNW                                        
VPW                                        |VPW                                        
VSS                                        |VSS                                        
---------------------------------------------------------------------------------------
Cell pin lists are equivalent.
Device classes gf180mcu_fd_sc_mcu7t5v0__nor2_1 and gf180mcu_fd_sc_mcu7t5v0__nor2_1 are equivalent.

Cell gf180mcu_fd_sc_mcu7t5v0__nor3_1 (0) disconnected node: A1
Cell gf180mcu_fd_sc_mcu7t5v0__nor3_1 (0) disconnected node: A2
Cell gf180mcu_fd_sc_mcu7t5v0__nor3_1 (0) disconnected node: A3
Cell gf180mcu_fd_sc_mcu7t5v0__nor3_1 (0) disconnected node: ZN
Cell gf180mcu_fd_sc_mcu7t5v0__nor3_1 (0) disconnected node: VDD
Cell gf180mcu_fd_sc_mcu7t5v0__nor3_1 (0) disconnected node: VNW
Cell gf180mcu_fd_sc_mcu7t5v0__nor3_1 (0) disconnected node: VPW
Cell gf180mcu_fd_sc_mcu7t5v0__nor3_1 (0) disconnected node: VSS
Warning: Equate pins:  cell gf180mcu_fd_sc_mcu7t5v0__nor3_1 is a placeholder, treated as a black box.

Subcircuit pins:
Circuit 1: gf180mcu_fd_sc_mcu7t5v0__nor3_1 |Circuit 2: gf180mcu_fd_sc_mcu7t5v0__nor3_1 
-------------------------------------------|-------------------------------------------
A1                                         |A1                                         
A2                                         |A2                                         
A3                                         |A3                                         
ZN                                         |ZN                                         
VDD                                        |VDD                                        
VNW                                        |VNW                                        
VPW                                        |VPW                                        
VSS                                        |VSS                                        
---------------------------------------------------------------------------------------
Cell pin lists are equivalent.
Device classes gf180mcu_fd_sc_mcu7t5v0__nor3_1 and gf180mcu_fd_sc_mcu7t5v0__nor3_1 are equivalent.

Cell gf180mcu_fd_sc_mcu7t5v0__xor3_1 (0) disconnected node: A1
Cell gf180mcu_fd_sc_mcu7t5v0__xor3_1 (0) disconnected node: A2
Cell gf180mcu_fd_sc_mcu7t5v0__xor3_1 (0) disconnected node: A3
Cell gf180mcu_fd_sc_mcu7t5v0__xor3_1 (0) disconnected node: Z
Cell gf180mcu_fd_sc_mcu7t5v0__xor3_1 (0) disconnected node: VDD
Cell gf180mcu_fd_sc_mcu7t5v0__xor3_1 (0) disconnected node: VNW
Cell gf180mcu_fd_sc_mcu7t5v0__xor3_1 (0) disconnected node: VPW
Cell gf180mcu_fd_sc_mcu7t5v0__xor3_1 (0) disconnected node: VSS
Warning: Equate pins:  cell gf180mcu_fd_sc_mcu7t5v0__xor3_1 is a placeholder, treated as a black box.

Subcircuit pins:
Circuit 1: gf180mcu_fd_sc_mcu7t5v0__xor3_1 |Circuit 2: gf180mcu_fd_sc_mcu7t5v0__xor3_1 
-------------------------------------------|-------------------------------------------
A1                                         |A1                                         
A2                                         |A2                                         
A3                                         |A3                                         
Z                                          |Z                                          
VDD                                        |VDD                                        
VNW                                        |VNW                                        
VPW                                        |VPW                                        
VSS                                        |VSS                                        
---------------------------------------------------------------------------------------
Cell pin lists are equivalent.
Device classes gf180mcu_fd_sc_mcu7t5v0__xor3_1 and gf180mcu_fd_sc_mcu7t5v0__xor3_1 are equivalent.

Cell gf180mcu_fd_sc_mcu7t5v0__clkbuf_16 (0) disconnected node: I
Cell gf180mcu_fd_sc_mcu7t5v0__clkbuf_16 (0) disconnected node: Z
Cell gf180mcu_fd_sc_mcu7t5v0__clkbuf_16 (0) disconnected node: VDD
Cell gf180mcu_fd_sc_mcu7t5v0__clkbuf_16 (0) disconnected node: VNW
Cell gf180mcu_fd_sc_mcu7t5v0__clkbuf_16 (0) disconnected node: VPW
Cell gf180mcu_fd_sc_mcu7t5v0__clkbuf_16 (0) disconnected node: VSS
Warning: Equate pins:  cell gf180mcu_fd_sc_mcu7t5v0__clkbuf_16 is a placeholder, treated as a black box.

Subcircuit pins:
Circuit 1: gf180mcu_fd_sc_mcu7t5v0__clkbuf |Circuit 2: gf180mcu_fd_sc_mcu7t5v0__clkbuf 
-------------------------------------------|-------------------------------------------
I                                          |I                                          
Z                                          |Z                                          
VDD                                        |VDD                                        
VNW                                        |VNW                                        
VPW                                        |VPW                                        
VSS                                        |VSS                                        
---------------------------------------------------------------------------------------
Cell pin lists are equivalent.
Device classes gf180mcu_fd_sc_mcu7t5v0__clkbuf_16 and gf180mcu_fd_sc_mcu7t5v0__clkbuf_16 are equivalent.

Cell gf180mcu_fd_sc_mcu7t5v0__aoi22_1 (0) disconnected node: A1
Cell gf180mcu_fd_sc_mcu7t5v0__aoi22_1 (0) disconnected node: A2
Cell gf180mcu_fd_sc_mcu7t5v0__aoi22_1 (0) disconnected node: B1
Cell gf180mcu_fd_sc_mcu7t5v0__aoi22_1 (0) disconnected node: B2
Cell gf180mcu_fd_sc_mcu7t5v0__aoi22_1 (0) disconnected node: ZN
Cell gf180mcu_fd_sc_mcu7t5v0__aoi22_1 (0) disconnected node: VDD
Cell gf180mcu_fd_sc_mcu7t5v0__aoi22_1 (0) disconnected node: VNW
Cell gf180mcu_fd_sc_mcu7t5v0__aoi22_1 (0) disconnected node: VPW
Cell gf180mcu_fd_sc_mcu7t5v0__aoi22_1 (0) disconnected node: VSS
Warning: Equate pins:  cell gf180mcu_fd_sc_mcu7t5v0__aoi22_1 is a placeholder, treated as a black box.

Subcircuit pins:
Circuit 1: gf180mcu_fd_sc_mcu7t5v0__aoi22_ |Circuit 2: gf180mcu_fd_sc_mcu7t5v0__aoi22_ 
-------------------------------------------|-------------------------------------------
A1                                         |A1                                         
A2                                         |A2                                         
B1                                         |B1                                         
B2                                         |B2                                         
ZN                                         |ZN                                         
VDD                                        |VDD                                        
VNW                                        |VNW                                        
VPW                                        |VPW                                        
VSS                                        |VSS                                        
---------------------------------------------------------------------------------------
Cell pin lists are equivalent.
Device classes gf180mcu_fd_sc_mcu7t5v0__aoi22_1 and gf180mcu_fd_sc_mcu7t5v0__aoi22_1 are equivalent.

Cell gf180mcu_fd_sc_mcu7t5v0__and3_1 (0) disconnected node: A1
Cell gf180mcu_fd_sc_mcu7t5v0__and3_1 (0) disconnected node: A2
Cell gf180mcu_fd_sc_mcu7t5v0__and3_1 (0) disconnected node: A3
Cell gf180mcu_fd_sc_mcu7t5v0__and3_1 (0) disconnected node: Z
Cell gf180mcu_fd_sc_mcu7t5v0__and3_1 (0) disconnected node: VDD
Cell gf180mcu_fd_sc_mcu7t5v0__and3_1 (0) disconnected node: VNW
Cell gf180mcu_fd_sc_mcu7t5v0__and3_1 (0) disconnected node: VPW
Cell gf180mcu_fd_sc_mcu7t5v0__and3_1 (0) disconnected node: VSS
Warning: Equate pins:  cell gf180mcu_fd_sc_mcu7t5v0__and3_1 is a placeholder, treated as a black box.

Subcircuit pins:
Circuit 1: gf180mcu_fd_sc_mcu7t5v0__and3_1 |Circuit 2: gf180mcu_fd_sc_mcu7t5v0__and3_1 
-------------------------------------------|-------------------------------------------
A1                                         |A1                                         
A2                                         |A2                                         
A3                                         |A3                                         
Z                                          |Z                                          
VDD                                        |VDD                                        
VNW                                        |VNW                                        
VPW                                        |VPW                                        
VSS                                        |VSS                                        
---------------------------------------------------------------------------------------
Cell pin lists are equivalent.
Device classes gf180mcu_fd_sc_mcu7t5v0__and3_1 and gf180mcu_fd_sc_mcu7t5v0__and3_1 are equivalent.

Cell gf180mcu_fd_sc_mcu7t5v0__nand2_1 (0) disconnected node: A1
Cell gf180mcu_fd_sc_mcu7t5v0__nand2_1 (0) disconnected node: A2
Cell gf180mcu_fd_sc_mcu7t5v0__nand2_1 (0) disconnected node: ZN
Cell gf180mcu_fd_sc_mcu7t5v0__nand2_1 (0) disconnected node: VDD
Cell gf180mcu_fd_sc_mcu7t5v0__nand2_1 (0) disconnected node: VNW
Cell gf180mcu_fd_sc_mcu7t5v0__nand2_1 (0) disconnected node: VPW
Cell gf180mcu_fd_sc_mcu7t5v0__nand2_1 (0) disconnected node: VSS
Warning: Equate pins:  cell gf180mcu_fd_sc_mcu7t5v0__nand2_1 is a placeholder, treated as a black box.

Subcircuit pins:
Circuit 1: gf180mcu_fd_sc_mcu7t5v0__nand2_ |Circuit 2: gf180mcu_fd_sc_mcu7t5v0__nand2_ 
-------------------------------------------|-------------------------------------------
A1                                         |A1                                         
A2                                         |A2                                         
ZN                                         |ZN                                         
VDD                                        |VDD                                        
VNW                                        |VNW                                        
VPW                                        |VPW                                        
VSS                                        |VSS                                        
---------------------------------------------------------------------------------------
Cell pin lists are equivalent.
Device classes gf180mcu_fd_sc_mcu7t5v0__nand2_1 and gf180mcu_fd_sc_mcu7t5v0__nand2_1 are equivalent.

Cell gf180mcu_fd_sc_mcu7t5v0__aoi21_1 (0) disconnected node: A1
Cell gf180mcu_fd_sc_mcu7t5v0__aoi21_1 (0) disconnected node: A2
Cell gf180mcu_fd_sc_mcu7t5v0__aoi21_1 (0) disconnected node: B
Cell gf180mcu_fd_sc_mcu7t5v0__aoi21_1 (0) disconnected node: ZN
Cell gf180mcu_fd_sc_mcu7t5v0__aoi21_1 (0) disconnected node: VDD
Cell gf180mcu_fd_sc_mcu7t5v0__aoi21_1 (0) disconnected node: VNW
Cell gf180mcu_fd_sc_mcu7t5v0__aoi21_1 (0) disconnected node: VPW
Cell gf180mcu_fd_sc_mcu7t5v0__aoi21_1 (0) disconnected node: VSS
Warning: Equate pins:  cell gf180mcu_fd_sc_mcu7t5v0__aoi21_1 is a placeholder, treated as a black box.

Subcircuit pins:
Circuit 1: gf180mcu_fd_sc_mcu7t5v0__aoi21_ |Circuit 2: gf180mcu_fd_sc_mcu7t5v0__aoi21_ 
-------------------------------------------|-------------------------------------------
A1                                         |A1                                         
A2                                         |A2                                         
B                                          |B                                          
ZN                                         |ZN                                         
VDD                                        |VDD                                        
VNW                                        |VNW                                        
VPW                                        |VPW                                        
VSS                                        |VSS                                        
---------------------------------------------------------------------------------------
Cell pin lists are equivalent.
Device classes gf180mcu_fd_sc_mcu7t5v0__aoi21_1 and gf180mcu_fd_sc_mcu7t5v0__aoi21_1 are equivalent.

Cell gf180mcu_fd_sc_mcu7t5v0__buf_2 (0) disconnected node: I
Cell gf180mcu_fd_sc_mcu7t5v0__buf_2 (0) disconnected node: Z
Cell gf180mcu_fd_sc_mcu7t5v0__buf_2 (0) disconnected node: VDD
Cell gf180mcu_fd_sc_mcu7t5v0__buf_2 (0) disconnected node: VNW
Cell gf180mcu_fd_sc_mcu7t5v0__buf_2 (0) disconnected node: VPW
Cell gf180mcu_fd_sc_mcu7t5v0__buf_2 (0) disconnected node: VSS
Warning: Equate pins:  cell gf180mcu_fd_sc_mcu7t5v0__buf_2 is a placeholder, treated as a black box.

Subcircuit pins:
Circuit 1: gf180mcu_fd_sc_mcu7t5v0__buf_2  |Circuit 2: gf180mcu_fd_sc_mcu7t5v0__buf_2  
-------------------------------------------|-------------------------------------------
I                                          |I                                          
Z                                          |Z                                          
VDD                                        |VDD                                        
VNW                                        |VNW                                        
VPW                                        |VPW                                        
VSS                                        |VSS                                        
---------------------------------------------------------------------------------------
Cell pin lists are equivalent.
Device classes gf180mcu_fd_sc_mcu7t5v0__buf_2 and gf180mcu_fd_sc_mcu7t5v0__buf_2 are equivalent.

Cell gf180mcu_fd_sc_mcu7t5v0__buf_4 (0) disconnected node: I
Cell gf180mcu_fd_sc_mcu7t5v0__buf_4 (0) disconnected node: Z
Cell gf180mcu_fd_sc_mcu7t5v0__buf_4 (0) disconnected node: VDD
Cell gf180mcu_fd_sc_mcu7t5v0__buf_4 (0) disconnected node: VNW
Cell gf180mcu_fd_sc_mcu7t5v0__buf_4 (0) disconnected node: VPW
Cell gf180mcu_fd_sc_mcu7t5v0__buf_4 (0) disconnected node: VSS
Warning: Equate pins:  cell gf180mcu_fd_sc_mcu7t5v0__buf_4 is a placeholder, treated as a black box.

Subcircuit pins:
Circuit 1: gf180mcu_fd_sc_mcu7t5v0__buf_4  |Circuit 2: gf180mcu_fd_sc_mcu7t5v0__buf_4  
-------------------------------------------|-------------------------------------------
I                                          |I                                          
Z                                          |Z                                          
VDD                                        |VDD                                        
VNW                                        |VNW                                        
VPW                                        |VPW                                        
VSS                                        |VSS                                        
---------------------------------------------------------------------------------------
Cell pin lists are equivalent.
Device classes gf180mcu_fd_sc_mcu7t5v0__buf_4 and gf180mcu_fd_sc_mcu7t5v0__buf_4 are equivalent.

Cell gf180mcu_fd_sc_mcu7t5v0__xor2_1 (0) disconnected node: A1
Cell gf180mcu_fd_sc_mcu7t5v0__xor2_1 (0) disconnected node: A2
Cell gf180mcu_fd_sc_mcu7t5v0__xor2_1 (0) disconnected node: Z
Cell gf180mcu_fd_sc_mcu7t5v0__xor2_1 (0) disconnected node: VDD
Cell gf180mcu_fd_sc_mcu7t5v0__xor2_1 (0) disconnected node: VNW
Cell gf180mcu_fd_sc_mcu7t5v0__xor2_1 (0) disconnected node: VPW
Cell gf180mcu_fd_sc_mcu7t5v0__xor2_1 (0) disconnected node: VSS
Warning: Equate pins:  cell gf180mcu_fd_sc_mcu7t5v0__xor2_1 is a placeholder, treated as a black box.

Subcircuit pins:
Circuit 1: gf180mcu_fd_sc_mcu7t5v0__xor2_1 |Circuit 2: gf180mcu_fd_sc_mcu7t5v0__xor2_1 
-------------------------------------------|-------------------------------------------
A1                                         |A1                                         
A2                                         |A2                                         
Z                                          |Z                                          
VDD                                        |VDD                                        
VNW                                        |VNW                                        
VPW                                        |VPW                                        
VSS                                        |VSS                                        
---------------------------------------------------------------------------------------
Cell pin lists are equivalent.
Device classes gf180mcu_fd_sc_mcu7t5v0__xor2_1 and gf180mcu_fd_sc_mcu7t5v0__xor2_1 are equivalent.

Cell gf180mcu_fd_sc_mcu7t5v0__and2_1 (0) disconnected node: A1
Cell gf180mcu_fd_sc_mcu7t5v0__and2_1 (0) disconnected node: A2
Cell gf180mcu_fd_sc_mcu7t5v0__and2_1 (0) disconnected node: Z
Cell gf180mcu_fd_sc_mcu7t5v0__and2_1 (0) disconnected node: VDD
Cell gf180mcu_fd_sc_mcu7t5v0__and2_1 (0) disconnected node: VNW
Cell gf180mcu_fd_sc_mcu7t5v0__and2_1 (0) disconnected node: VPW
Cell gf180mcu_fd_sc_mcu7t5v0__and2_1 (0) disconnected node: VSS
Warning: Equate pins:  cell gf180mcu_fd_sc_mcu7t5v0__and2_1 is a placeholder, treated as a black box.

Subcircuit pins:
Circuit 1: gf180mcu_fd_sc_mcu7t5v0__and2_1 |Circuit 2: gf180mcu_fd_sc_mcu7t5v0__and2_1 
-------------------------------------------|-------------------------------------------
A1                                         |A1                                         
A2                                         |A2                                         
Z                                          |Z                                          
VDD                                        |VDD                                        
VNW                                        |VNW                                        
VPW                                        |VPW                                        
VSS                                        |VSS                                        
---------------------------------------------------------------------------------------
Cell pin lists are equivalent.
Device classes gf180mcu_fd_sc_mcu7t5v0__and2_1 and gf180mcu_fd_sc_mcu7t5v0__and2_1 are equivalent.

Cell gf180mcu_fd_sc_mcu7t5v0__inv_2 (0) disconnected node: I
Cell gf180mcu_fd_sc_mcu7t5v0__inv_2 (0) disconnected node: ZN
Cell gf180mcu_fd_sc_mcu7t5v0__inv_2 (0) disconnected node: VDD
Cell gf180mcu_fd_sc_mcu7t5v0__inv_2 (0) disconnected node: VNW
Cell gf180mcu_fd_sc_mcu7t5v0__inv_2 (0) disconnected node: VPW
Cell gf180mcu_fd_sc_mcu7t5v0__inv_2 (0) disconnected node: VSS
Warning: Equate pins:  cell gf180mcu_fd_sc_mcu7t5v0__inv_2 is a placeholder, treated as a black box.

Subcircuit pins:
Circuit 1: gf180mcu_fd_sc_mcu7t5v0__inv_2  |Circuit 2: gf180mcu_fd_sc_mcu7t5v0__inv_2  
-------------------------------------------|-------------------------------------------
I                                          |I                                          
VDD                                        |VDD                                        
VNW                                        |VNW                                        
VPW                                        |VPW                                        
VSS                                        |VSS                                        
ZN                                         |(no matching pin)                          
---------------------------------------------------------------------------------------
Cell pin lists are equivalent.
Device classes gf180mcu_fd_sc_mcu7t5v0__inv_2 and gf180mcu_fd_sc_mcu7t5v0__inv_2 are equivalent.

Cell gf180mcu_fd_sc_mcu7t5v0__clkbuf_4 (0) disconnected node: I
Cell gf180mcu_fd_sc_mcu7t5v0__clkbuf_4 (0) disconnected node: Z
Cell gf180mcu_fd_sc_mcu7t5v0__clkbuf_4 (0) disconnected node: VDD
Cell gf180mcu_fd_sc_mcu7t5v0__clkbuf_4 (0) disconnected node: VNW
Cell gf180mcu_fd_sc_mcu7t5v0__clkbuf_4 (0) disconnected node: VPW
Cell gf180mcu_fd_sc_mcu7t5v0__clkbuf_4 (0) disconnected node: VSS
Warning: Equate pins:  cell gf180mcu_fd_sc_mcu7t5v0__clkbuf_4 is a placeholder, treated as a black box.

Subcircuit pins:
Circuit 1: gf180mcu_fd_sc_mcu7t5v0__clkbuf |Circuit 2: gf180mcu_fd_sc_mcu7t5v0__clkbuf 
-------------------------------------------|-------------------------------------------
I                                          |I                                          
VDD                                        |VDD                                        
VNW                                        |VNW                                        
VPW                                        |VPW                                        
VSS                                        |VSS                                        
Z                                          |(no matching pin)                          
---------------------------------------------------------------------------------------
Cell pin lists are equivalent.
Device classes gf180mcu_fd_sc_mcu7t5v0__clkbuf_4 and gf180mcu_fd_sc_mcu7t5v0__clkbuf_4 are equivalent.

Cell gf180mcu_fd_sc_mcu7t5v0__clkinv_1 (0) disconnected node: I
Cell gf180mcu_fd_sc_mcu7t5v0__clkinv_1 (0) disconnected node: ZN
Cell gf180mcu_fd_sc_mcu7t5v0__clkinv_1 (0) disconnected node: VDD
Cell gf180mcu_fd_sc_mcu7t5v0__clkinv_1 (0) disconnected node: VNW
Cell gf180mcu_fd_sc_mcu7t5v0__clkinv_1 (0) disconnected node: VPW
Cell gf180mcu_fd_sc_mcu7t5v0__clkinv_1 (0) disconnected node: VSS
Warning: Equate pins:  cell gf180mcu_fd_sc_mcu7t5v0__clkinv_1 is a placeholder, treated as a black box.

Subcircuit pins:
Circuit 1: gf180mcu_fd_sc_mcu7t5v0__clkinv |Circuit 2: gf180mcu_fd_sc_mcu7t5v0__clkinv 
-------------------------------------------|-------------------------------------------
I                                          |I                                          
ZN                                         |ZN                                         
VDD                                        |VDD                                        
VNW                                        |VNW                                        
VPW                                        |VPW                                        
VSS                                        |VSS                                        
---------------------------------------------------------------------------------------
Cell pin lists are equivalent.
Device classes gf180mcu_fd_sc_mcu7t5v0__clkinv_1 and gf180mcu_fd_sc_mcu7t5v0__clkinv_1 are equivalent.

Cell gf180mcu_fd_sc_mcu7t5v0__dffq_2 (0) disconnected node: D
Cell gf180mcu_fd_sc_mcu7t5v0__dffq_2 (0) disconnected node: CLK
Cell gf180mcu_fd_sc_mcu7t5v0__dffq_2 (0) disconnected node: Q
Cell gf180mcu_fd_sc_mcu7t5v0__dffq_2 (0) disconnected node: VDD
Cell gf180mcu_fd_sc_mcu7t5v0__dffq_2 (0) disconnected node: VNW
Cell gf180mcu_fd_sc_mcu7t5v0__dffq_2 (0) disconnected node: VPW
Cell gf180mcu_fd_sc_mcu7t5v0__dffq_2 (0) disconnected node: VSS
Warning: Equate pins:  cell gf180mcu_fd_sc_mcu7t5v0__dffq_2 is a placeholder, treated as a black box.

Subcircuit pins:
Circuit 1: gf180mcu_fd_sc_mcu7t5v0__dffq_2 |Circuit 2: gf180mcu_fd_sc_mcu7t5v0__dffq_2 
-------------------------------------------|-------------------------------------------
D                                          |D                                          
CLK                                        |CLK                                        
Q                                          |Q                                          
VDD                                        |VDD                                        
VNW                                        |VNW                                        
VPW                                        |VPW                                        
VSS                                        |VSS                                        
---------------------------------------------------------------------------------------
Cell pin lists are equivalent.
Device classes gf180mcu_fd_sc_mcu7t5v0__dffq_2 and gf180mcu_fd_sc_mcu7t5v0__dffq_2 are equivalent.

Cell gf180mcu_fd_sc_mcu7t5v0__buf_1 (0) disconnected node: I
Cell gf180mcu_fd_sc_mcu7t5v0__buf_1 (0) disconnected node: Z
Cell gf180mcu_fd_sc_mcu7t5v0__buf_1 (0) disconnected node: VDD
Cell gf180mcu_fd_sc_mcu7t5v0__buf_1 (0) disconnected node: VNW
Cell gf180mcu_fd_sc_mcu7t5v0__buf_1 (0) disconnected node: VPW
Cell gf180mcu_fd_sc_mcu7t5v0__buf_1 (0) disconnected node: VSS
Warning: Equate pins:  cell gf180mcu_fd_sc_mcu7t5v0__buf_1 is a placeholder, treated as a black box.

Subcircuit pins:
Circuit 1: gf180mcu_fd_sc_mcu7t5v0__buf_1  |Circuit 2: gf180mcu_fd_sc_mcu7t5v0__buf_1  
-------------------------------------------|-------------------------------------------
I                                          |I                                          
Z                                          |Z                                          
VDD                                        |VDD                                        
VNW                                        |VNW                                        
VPW                                        |VPW                                        
VSS                                        |VSS                                        
---------------------------------------------------------------------------------------
Cell pin lists are equivalent.
Device classes gf180mcu_fd_sc_mcu7t5v0__buf_1 and gf180mcu_fd_sc_mcu7t5v0__buf_1 are equivalent.

Cell gf180mcu_fd_sc_mcu7t5v0__clkbuf_2 (0) disconnected node: I
Cell gf180mcu_fd_sc_mcu7t5v0__clkbuf_2 (0) disconnected node: Z
Cell gf180mcu_fd_sc_mcu7t5v0__clkbuf_2 (0) disconnected node: VDD
Cell gf180mcu_fd_sc_mcu7t5v0__clkbuf_2 (0) disconnected node: VNW
Cell gf180mcu_fd_sc_mcu7t5v0__clkbuf_2 (0) disconnected node: VPW
Cell gf180mcu_fd_sc_mcu7t5v0__clkbuf_2 (0) disconnected node: VSS
Warning: Equate pins:  cell gf180mcu_fd_sc_mcu7t5v0__clkbuf_2 is a placeholder, treated as a black box.

Subcircuit pins:
Circuit 1: gf180mcu_fd_sc_mcu7t5v0__clkbuf |Circuit 2: gf180mcu_fd_sc_mcu7t5v0__clkbuf 
-------------------------------------------|-------------------------------------------
I                                          |I                                          
Z                                          |Z                                          
VDD                                        |VDD                                        
VNW                                        |VNW                                        
VPW                                        |VPW                                        
VSS                                        |VSS                                        
---------------------------------------------------------------------------------------
Cell pin lists are equivalent.
Device classes gf180mcu_fd_sc_mcu7t5v0__clkbuf_2 and gf180mcu_fd_sc_mcu7t5v0__clkbuf_2 are equivalent.

Cell gf180mcu_fd_sc_mcu7t5v0__aoi211_1 (0) disconnected node: A1
Cell gf180mcu_fd_sc_mcu7t5v0__aoi211_1 (0) disconnected node: A2
Cell gf180mcu_fd_sc_mcu7t5v0__aoi211_1 (0) disconnected node: B
Cell gf180mcu_fd_sc_mcu7t5v0__aoi211_1 (0) disconnected node: C
Cell gf180mcu_fd_sc_mcu7t5v0__aoi211_1 (0) disconnected node: ZN
Cell gf180mcu_fd_sc_mcu7t5v0__aoi211_1 (0) disconnected node: VDD
Cell gf180mcu_fd_sc_mcu7t5v0__aoi211_1 (0) disconnected node: VNW
Cell gf180mcu_fd_sc_mcu7t5v0__aoi211_1 (0) disconnected node: VPW
Cell gf180mcu_fd_sc_mcu7t5v0__aoi211_1 (0) disconnected node: VSS
Warning: Equate pins:  cell gf180mcu_fd_sc_mcu7t5v0__aoi211_1 is a placeholder, treated as a black box.

Subcircuit pins:
Circuit 1: gf180mcu_fd_sc_mcu7t5v0__aoi211 |Circuit 2: gf180mcu_fd_sc_mcu7t5v0__aoi211 
-------------------------------------------|-------------------------------------------
A1                                         |A1                                         
A2                                         |A2                                         
B                                          |B                                          
C                                          |C                                          
ZN                                         |ZN                                         
VDD                                        |VDD                                        
VNW                                        |VNW                                        
VPW                                        |VPW                                        
VSS                                        |VSS                                        
---------------------------------------------------------------------------------------
Cell pin lists are equivalent.
Device classes gf180mcu_fd_sc_mcu7t5v0__aoi211_1 and gf180mcu_fd_sc_mcu7t5v0__aoi211_1 are equivalent.

Subcircuit summary:
Circuit 1: spm                             |Circuit 2: spm                             
-------------------------------------------|-------------------------------------------
gf180mcu_fd_sc_mcu7t5v0__dffq_1 (64)       |gf180mcu_fd_sc_mcu7t5v0__dffq_1 (64)       
gf180mcu_fd_sc_mcu7t5v0__nor2_1 (38)       |gf180mcu_fd_sc_mcu7t5v0__nor2_1 (38)       
gf180mcu_fd_sc_mcu7t5v0__nor3_1 (49)       |gf180mcu_fd_sc_mcu7t5v0__nor3_1 (49)       
gf180mcu_fd_sc_mcu7t5v0__xor3_1 (7)        |gf180mcu_fd_sc_mcu7t5v0__xor3_1 (7)        
gf180mcu_fd_sc_mcu7t5v0__clkbuf_16 (9)     |gf180mcu_fd_sc_mcu7t5v0__clkbuf_16 (9)     
gf180mcu_fd_sc_mcu7t5v0__aoi22_1 (24)      |gf180mcu_fd_sc_mcu7t5v0__aoi22_1 (24)      
gf180mcu_fd_sc_mcu7t5v0__and3_1 (25)       |gf180mcu_fd_sc_mcu7t5v0__and3_1 (25)       
gf180mcu_fd_sc_mcu7t5v0__nand2_1 (14)      |gf180mcu_fd_sc_mcu7t5v0__nand2_1 (14)      
gf180mcu_fd_sc_mcu7t5v0__aoi21_1 (25)      |gf180mcu_fd_sc_mcu7t5v0__aoi21_1 (25)      
gf180mcu_fd_sc_mcu7t5v0__buf_2 (1)         |gf180mcu_fd_sc_mcu7t5v0__buf_2 (1)         
gf180mcu_fd_sc_mcu7t5v0__buf_4 (6)         |gf180mcu_fd_sc_mcu7t5v0__buf_4 (6)         
gf180mcu_fd_sc_mcu7t5v0__xor2_1 (24)       |gf180mcu_fd_sc_mcu7t5v0__xor2_1 (24)       
gf180mcu_fd_sc_mcu7t5v0__and2_1 (2)        |gf180mcu_fd_sc_mcu7t5v0__and2_1 (2)        
gf180mcu_fd_sc_mcu7t5v0__inv_2 (3)         |gf180mcu_fd_sc_mcu7t5v0__inv_2 (3)         
gf180mcu_fd_sc_mcu7t5v0__clkbuf_4 (2)      |gf180mcu_fd_sc_mcu7t5v0__clkbuf_4 (2)      
gf180mcu_fd_sc_mcu7t5v0__clkinv_1 (3)      |gf180mcu_fd_sc_mcu7t5v0__clkinv_1 (3)      
gf180mcu_fd_sc_mcu7t5v0__dffq_2 (2)        |gf180mcu_fd_sc_mcu7t5v0__dffq_2 (2)        
gf180mcu_fd_sc_mcu7t5v0__buf_1 (33)        |gf180mcu_fd_sc_mcu7t5v0__buf_1 (33)        
gf180mcu_fd_sc_mcu7t5v0__clkbuf_2 (1)      |gf180mcu_fd_sc_mcu7t5v0__clkbuf_2 (1)      
gf180mcu_fd_sc_mcu7t5v0__aoi211_1 (7)      |gf180mcu_fd_sc_mcu7t5v0__aoi211_1 (7)      
Number of devices: 339                     |Number of devices: 339                     
Number of nets: 373 **Mismatch**           |Number of nets: 375 **Mismatch**           
---------------------------------------------------------------------------------------
NET mismatches: Class fragments follow (with fanout counts):
Circuit 1: spm                             |Circuit 2: spm                             

---------------------------------------------------------------------------------------
Net: VDD                                   |Net: VDD                                   
  gf180mcu_fd_sc_mcu7t5v0__xor2_1/VDD = 24 |  gf180mcu_fd_sc_mcu7t5v0__xor2_1/VDD = 24 
  gf180mcu_fd_sc_mcu7t5v0__aoi21_1/VDD = 2 |  gf180mcu_fd_sc_mcu7t5v0__aoi21_1/VDD = 2 
  gf180mcu_fd_sc_mcu7t5v0__and3_1/VDD = 25 |  gf180mcu_fd_sc_mcu7t5v0__and3_1/VDD = 25 
  gf180mcu_fd_sc_mcu7t5v0__nor3_1/VDD = 49 |  gf180mcu_fd_sc_mcu7t5v0__nor3_1/VDD = 49 
  gf180mcu_fd_sc_mcu7t5v0__aoi211_1/VDD =  |  gf180mcu_fd_sc_mcu7t5v0__aoi211_1/VDD =  
  gf180mcu_fd_sc_mcu7t5v0__clkinv_1/VDD =  |  gf180mcu_fd_sc_mcu7t5v0__clkinv_1/VDD =  
  gf180mcu_fd_sc_mcu7t5v0__aoi22_1/VDD = 2 |  gf180mcu_fd_sc_mcu7t5v0__aoi22_1/VDD = 2 
  gf180mcu_fd_sc_mcu7t5v0__nor2_1/VDD = 38 |  gf180mcu_fd_sc_mcu7t5v0__nor2_1/VDD = 38 
  gf180mcu_fd_sc_mcu7t5v0__and2_1/VDD = 2  |  gf180mcu_fd_sc_mcu7t5v0__and2_1/VDD = 2  
  gf180mcu_fd_sc_mcu7t5v0__nand2_1/VDD = 1 |  gf180mcu_fd_sc_mcu7t5v0__nand2_1/VDD = 1 
  gf180mcu_fd_sc_mcu7t5v0__xor3_1/VDD = 7  |  gf180mcu_fd_sc_mcu7t5v0__xor3_1/VDD = 7  
  gf180mcu_fd_sc_mcu7t5v0__dffq_1/VDD = 64 |  gf180mcu_fd_sc_mcu7t5v0__dffq_1/VDD = 64 
  gf180mcu_fd_sc_mcu7t5v0__dffq_2/VDD = 2  |  gf180mcu_fd_sc_mcu7t5v0__dffq_2/VDD = 2  
  gf180mcu_fd_sc_mcu7t5v0__clkbuf_16/VDD = |  gf180mcu_fd_sc_mcu7t5v0__clkbuf_16/VDD = 
  gf180mcu_fd_sc_mcu7t5v0__inv_2/VDD = 3   |  gf180mcu_fd_sc_mcu7t5v0__inv_2/VDD = 3   
  gf180mcu_fd_sc_mcu7t5v0__clkbuf_4/VDD =  |  gf180mcu_fd_sc_mcu7t5v0__clkbuf_4/VDD =  
  gf180mcu_fd_sc_mcu7t5v0__buf_1/VDD = 33  |  gf180mcu_fd_sc_mcu7t5v0__buf_1/VDD = 33  
  gf180mcu_fd_sc_mcu7t5v0__clkbuf_2/VDD =  |  gf180mcu_fd_sc_mcu7t5v0__clkbuf_2/VDD =  
  gf180mcu_fd_sc_mcu7t5v0__buf_4/VDD = 6   |  gf180mcu_fd_sc_mcu7t5v0__buf_4/VDD = 6   
  gf180mcu_fd_sc_mcu7t5v0__buf_2/VDD = 1   |  gf180mcu_fd_sc_mcu7t5v0__buf_2/VDD = 1   
  gf180mcu_fd_sc_mcu7t5v0__buf_2/VNW = 1   |                                           
  gf180mcu_fd_sc_mcu7t5v0__buf_4/VNW = 6   |                                           
  gf180mcu_fd_sc_mcu7t5v0__aoi22_1/VNW = 2 |                                           
  gf180mcu_fd_sc_mcu7t5v0__xor2_1/VNW = 24 |                                           
  gf180mcu_fd_sc_mcu7t5v0__and3_1/VNW = 25 |                                           
  gf180mcu_fd_sc_mcu7t5v0__and2_1/VNW = 2  |                                           
  gf180mcu_fd_sc_mcu7t5v0__clkbuf_16/VNW = |                                           
  gf180mcu_fd_sc_mcu7t5v0__inv_2/VNW = 3   |                                           
  gf180mcu_fd_sc_mcu7t5v0__nand2_1/VNW = 1 |                                           
  gf180mcu_fd_sc_mcu7t5v0__clkbuf_4/VNW =  |                                           
  gf180mcu_fd_sc_mcu7t5v0__nor3_1/VNW = 49 |                                           
  gf180mcu_fd_sc_mcu7t5v0__clkinv_1/VNW =  |                                           
  gf180mcu_fd_sc_mcu7t5v0__xor3_1/VNW = 7  |                                           
  gf180mcu_fd_sc_mcu7t5v0__dffq_2/VNW = 2  |                                           
  gf180mcu_fd_sc_mcu7t5v0__dffq_1/VNW = 64 |                                           
  gf180mcu_fd_sc_mcu7t5v0__buf_1/VNW = 33  |                                           
  gf180mcu_fd_sc_mcu7t5v0__aoi21_1/VNW = 2 |                                           
  gf180mcu_fd_sc_mcu7t5v0__clkbuf_2/VNW =  |                                           
  gf180mcu_fd_sc_mcu7t5v0__nor2_1/VNW = 38 |                                           
  gf180mcu_fd_sc_mcu7t5v0__aoi211_1/VNW =  |                                           
                                           |                                           
Net: VSS                                   |Net: VSS                                   
  gf180mcu_fd_sc_mcu7t5v0__xor2_1/VSS = 24 |  gf180mcu_fd_sc_mcu7t5v0__xor2_1/VSS = 24 
  gf180mcu_fd_sc_mcu7t5v0__aoi21_1/VSS = 2 |  gf180mcu_fd_sc_mcu7t5v0__aoi21_1/VSS = 2 
  gf180mcu_fd_sc_mcu7t5v0__and3_1/VSS = 25 |  gf180mcu_fd_sc_mcu7t5v0__and3_1/VSS = 25 
  gf180mcu_fd_sc_mcu7t5v0__nor3_1/VSS = 49 |  gf180mcu_fd_sc_mcu7t5v0__nor3_1/VSS = 49 
  gf180mcu_fd_sc_mcu7t5v0__aoi211_1/VSS =  |  gf180mcu_fd_sc_mcu7t5v0__aoi211_1/VSS =  
  gf180mcu_fd_sc_mcu7t5v0__clkinv_1/VSS =  |  gf180mcu_fd_sc_mcu7t5v0__clkinv_1/VSS =  
  gf180mcu_fd_sc_mcu7t5v0__aoi22_1/VSS = 2 |  gf180mcu_fd_sc_mcu7t5v0__aoi22_1/VSS = 2 
  gf180mcu_fd_sc_mcu7t5v0__nor2_1/VSS = 38 |  gf180mcu_fd_sc_mcu7t5v0__nor2_1/VSS = 38 
  gf180mcu_fd_sc_mcu7t5v0__and2_1/VSS = 2  |  gf180mcu_fd_sc_mcu7t5v0__and2_1/VSS = 2  
  gf180mcu_fd_sc_mcu7t5v0__nand2_1/VSS = 1 |  gf180mcu_fd_sc_mcu7t5v0__nand2_1/VSS = 1 
  gf180mcu_fd_sc_mcu7t5v0__xor3_1/VSS = 7  |  gf180mcu_fd_sc_mcu7t5v0__xor3_1/VSS = 7  
  gf180mcu_fd_sc_mcu7t5v0__dffq_1/VSS = 64 |  gf180mcu_fd_sc_mcu7t5v0__dffq_1/VSS = 64 
  gf180mcu_fd_sc_mcu7t5v0__dffq_2/VSS = 2  |  gf180mcu_fd_sc_mcu7t5v0__dffq_2/VSS = 2  
  gf180mcu_fd_sc_mcu7t5v0__clkbuf_16/VSS = |  gf180mcu_fd_sc_mcu7t5v0__clkbuf_16/VSS = 
  gf180mcu_fd_sc_mcu7t5v0__inv_2/VSS = 3   |  gf180mcu_fd_sc_mcu7t5v0__inv_2/VSS = 3   
  gf180mcu_fd_sc_mcu7t5v0__clkbuf_4/VSS =  |  gf180mcu_fd_sc_mcu7t5v0__clkbuf_4/VSS =  
  gf180mcu_fd_sc_mcu7t5v0__buf_1/VSS = 33  |  gf180mcu_fd_sc_mcu7t5v0__buf_1/VSS = 33  
  gf180mcu_fd_sc_mcu7t5v0__clkbuf_2/VSS =  |  gf180mcu_fd_sc_mcu7t5v0__clkbuf_2/VSS =  
  gf180mcu_fd_sc_mcu7t5v0__buf_4/VSS = 6   |  gf180mcu_fd_sc_mcu7t5v0__buf_4/VSS = 6   
  gf180mcu_fd_sc_mcu7t5v0__buf_2/VSS = 1   |  gf180mcu_fd_sc_mcu7t5v0__buf_2/VSS = 1   
  gf180mcu_fd_sc_mcu7t5v0__buf_4/VPW = 6   |                                           
  gf180mcu_fd_sc_mcu7t5v0__buf_2/VPW = 1   |                                           
  gf180mcu_fd_sc_mcu7t5v0__xor2_1/VPW = 24 |                                           
  gf180mcu_fd_sc_mcu7t5v0__dffq_1/VPW = 64 |                                           
  gf180mcu_fd_sc_mcu7t5v0__and2_1/VPW = 2  |                                           
  gf180mcu_fd_sc_mcu7t5v0__clkbuf_16/VPW = |                                           
  gf180mcu_fd_sc_mcu7t5v0__inv_2/VPW = 3   |                                           
  gf180mcu_fd_sc_mcu7t5v0__nand2_1/VPW = 1 |                                           
  gf180mcu_fd_sc_mcu7t5v0__clkbuf_4/VPW =  |                                           
  gf180mcu_fd_sc_mcu7t5v0__nor2_1/VPW = 38 |                                           
  gf180mcu_fd_sc_mcu7t5v0__clkinv_1/VPW =  |                                           
  gf180mcu_fd_sc_mcu7t5v0__aoi22_1/VPW = 2 |                                           
  gf180mcu_fd_sc_mcu7t5v0__dffq_2/VPW = 2  |                                           
  gf180mcu_fd_sc_mcu7t5v0__and3_1/VPW = 25 |                                           
  gf180mcu_fd_sc_mcu7t5v0__buf_1/VPW = 33  |                                           
  gf180mcu_fd_sc_mcu7t5v0__aoi21_1/VPW = 2 |                                           
  gf180mcu_fd_sc_mcu7t5v0__clkbuf_2/VPW =  |                                           
  gf180mcu_fd_sc_mcu7t5v0__xor3_1/VPW = 7  |                                           
  gf180mcu_fd_sc_mcu7t5v0__aoi211_1/VPW =  |                                           
  gf180mcu_fd_sc_mcu7t5v0__nor3_1/VPW = 49 |                                           
                                           |                                           
(no matching net)                          |Net: VNW                                   
                                           |  gf180mcu_fd_sc_mcu7t5v0__xor2_1/VNW = 24 
                                           |  gf180mcu_fd_sc_mcu7t5v0__aoi21_1/VNW = 2 
                                           |  gf180mcu_fd_sc_mcu7t5v0__and3_1/VNW = 25 
                                           |  gf180mcu_fd_sc_mcu7t5v0__nor3_1/VNW = 49 
                                           |  gf180mcu_fd_sc_mcu7t5v0__aoi211_1/VNW =  
                                           |  gf180mcu_fd_sc_mcu7t5v0__clkinv_1/VNW =  
                                           |  gf180mcu_fd_sc_mcu7t5v0__aoi22_1/VNW = 2 
                                           |  gf180mcu_fd_sc_mcu7t5v0__nor2_1/VNW = 38 
                                           |  gf180mcu_fd_sc_mcu7t5v0__and2_1/VNW = 2  
                                           |  gf180mcu_fd_sc_mcu7t5v0__nand2_1/VNW = 1 
                                           |  gf180mcu_fd_sc_mcu7t5v0__xor3_1/VNW = 7  
                                           |  gf180mcu_fd_sc_mcu7t5v0__dffq_1/VNW = 64 
                                           |  gf180mcu_fd_sc_mcu7t5v0__dffq_2/VNW = 2  
                                           |  gf180mcu_fd_sc_mcu7t5v0__clkbuf_16/VNW = 
                                           |  gf180mcu_fd_sc_mcu7t5v0__inv_2/VNW = 3   
                                           |  gf180mcu_fd_sc_mcu7t5v0__clkbuf_4/VNW =  
                                           |  gf180mcu_fd_sc_mcu7t5v0__buf_1/VNW = 33  
                                           |  gf180mcu_fd_sc_mcu7t5v0__clkbuf_2/VNW =  
                                           |  gf180mcu_fd_sc_mcu7t5v0__buf_4/VNW = 6   
                                           |  gf180mcu_fd_sc_mcu7t5v0__buf_2/VNW = 1   
                                           |                                           
(no matching net)                          |Net: VPW                                   
                                           |  gf180mcu_fd_sc_mcu7t5v0__xor2_1/VPW = 24 
                                           |  gf180mcu_fd_sc_mcu7t5v0__aoi21_1/VPW = 2 
                                           |  gf180mcu_fd_sc_mcu7t5v0__and3_1/VPW = 25 
                                           |  gf180mcu_fd_sc_mcu7t5v0__nor3_1/VPW = 49 
                                           |  gf180mcu_fd_sc_mcu7t5v0__aoi211_1/VPW =  
                                           |  gf180mcu_fd_sc_mcu7t5v0__clkinv_1/VPW =  
                                           |  gf180mcu_fd_sc_mcu7t5v0__aoi22_1/VPW = 2 
                                           |  gf180mcu_fd_sc_mcu7t5v0__nor2_1/VPW = 38 
                                           |  gf180mcu_fd_sc_mcu7t5v0__and2_1/VPW = 2  
                                           |  gf180mcu_fd_sc_mcu7t5v0__nand2_1/VPW = 1 
                                           |  gf180mcu_fd_sc_mcu7t5v0__xor3_1/VPW = 7  
                                           |  gf180mcu_fd_sc_mcu7t5v0__dffq_1/VPW = 64 
                                           |  gf180mcu_fd_sc_mcu7t5v0__dffq_2/VPW = 2  
                                           |  gf180mcu_fd_sc_mcu7t5v0__clkbuf_16/VPW = 
                                           |  gf180mcu_fd_sc_mcu7t5v0__inv_2/VPW = 3   
                                           |  gf180mcu_fd_sc_mcu7t5v0__clkbuf_4/VPW =  
                                           |  gf180mcu_fd_sc_mcu7t5v0__buf_1/VPW = 33  
                                           |  gf180mcu_fd_sc_mcu7t5v0__clkbuf_2/VPW =  
                                           |  gf180mcu_fd_sc_mcu7t5v0__buf_4/VPW = 6   
                                           |  gf180mcu_fd_sc_mcu7t5v0__buf_2/VPW = 1   
---------------------------------------------------------------------------------------
Netlists do not match.
Port matching may fail to disambiguate symmetries.

Subcircuit pins:
Circuit 1: spm                             |Circuit 2: spm                             
-------------------------------------------|-------------------------------------------
VDD                                        |(no pin, node is VDD)                      
VSS                                        |(no pin, node is VSS)                      
p                                          |p                                          
clk                                        |clk                                        
x[31]                                      |x[31]                                      
x[23]                                      |x[23]                                      
x[24]                                      |x[24]                                      
x[22]                                      |x[22]                                      
x[3]                                       |x[3]                                       
x[4]                                       |x[4]                                       
x[5]                                       |x[5]                                       
x[6]                                       |x[6]                                       
x[7]                                       |x[7]                                       
x[8]                                       |x[8]                                       
x[10]                                      |x[10]                                      
x[11]                                      |x[11]                                      
x[13]                                      |x[13]                                      
x[12]                                      |x[12]                                      
x[14]                                      |x[14]                                      
x[20]                                      |x[20]                                      
x[15]                                      |x[15]                                      
x[16]                                      |x[16]                                      
x[17]                                      |x[17]                                      
x[1]                                       |x[1]                                       
x[21]                                      |x[21]                                      
x[18]                                      |x[18]                                      
x[19]                                      |x[19]                                      
x[2]                                       |x[2]                                       
x[9]                                       |x[9]                                       
rst                                        |rst                                        
x[26]                                      |x[26]                                      
x[27]                                      |x[27]                                      
x[25]                                      |x[25]                                      
x[0]                                       |x[0]                                       
x[28]                                      |x[28]                                      
x[29]                                      |x[29]                                      
x[30]                                      |x[30]                                      
y                                          |y                                          
---------------------------------------------------------------------------------------
Cell pin lists for spm and spm altered to match.
Device classes spm and spm are equivalent.

Final result: Top level cell failed pin matching.
