Startpoint: rst (input port clocked by clk)
Endpoint: _492_ (rising edge-triggered flip-flop clocked by clk)
Path Group: clk
Path Type: max

  Delay    Time   Description
---------------------------------------------------------
   0.00    0.00   clock clk (rise edge)
   0.00    0.00   clock network delay (ideal)
   2.00    2.00 v input external delay
   0.00    2.00 v rst (in)
   0.62    2.62 v input8/Z (gf180mcu_fd_sc_mcu7t5v0__clkbuf_2)
   0.50    3.12 v load_slew46/Z (gf180mcu_fd_sc_mcu7t5v0__buf_4)
   0.37    3.49 v load_slew45/Z (gf180mcu_fd_sc_mcu7t5v0__buf_4)
   0.36    3.85 v load_slew44/Z (gf180mcu_fd_sc_mcu7t5v0__buf_4)
   0.41    4.26 ^ _247_/ZN (gf180mcu_fd_sc_mcu7t5v0__aoi211_1)
   0.00    4.26 ^ _492_/D (gf180mcu_fd_sc_mcu7t5v0__dffq_1)
           4.26   data arrival time

  10.00   10.00   clock clk (rise edge)
   0.00   10.00   clock network delay (ideal)
   0.00   10.00   clock reconvergence pessimism
          10.00 ^ _492_/CLK (gf180mcu_fd_sc_mcu7t5v0__dffq_1)
  -0.28    9.72   library setup time
           9.72   data required time
---------------------------------------------------------
           9.72   data required time
          -4.26   data arrival time
---------------------------------------------------------
           5.46   slack (MET)


tns max 0.00
wns max 0.00
worst slack max 5.46
OCV_DERATE_APPLIED early=0.95 late=1.05 flat-OCV
Group                                  Slack
--------------------------------------------
No paths found.

SIGNOFF_CHECK_TYPES_REPORTED recovery removal max_slew min_pulse_width max_capacitance
