# Multi-corner SPEF STA (TAPEOUT-SIGNOFF P1)
# SETUP corner: max-RC   HOLD corner: min-RC
# corners_available: max,min,nom
# corner_liberty: max=/foss/pdks/gf180mcuD/libs.ref/gf180mcu_fd_sc_mcu7t5v0/lib/gf180mcu_fd_sc_mcu7t5v0__tt_025C_5v00.lib
# corner_liberty: min=/foss/pdks/gf180mcuD/libs.ref/gf180mcu_fd_sc_mcu7t5v0/lib/gf180mcu_fd_sc_mcu7t5v0__tt_025C_5v00.lib
# distinct_corner_libraries: 1 across 2 reported corner(s)
# axis: RC/parasitic — corners vary the SPEF, NOT the process library; process-corner sign-off is a separate axis
=== SETUP (max-RC corner, SPEF=max, liberty=/foss/pdks/gf180mcuD/libs.ref/gf180mcu_fd_sc_mcu7t5v0/lib/gf180mcu_fd_sc_mcu7t5v0__tt_025C_5v00.lib) ===
worst slack max 5.36
tns max 0.00
Group                                  Slack
--------------------------------------------
No paths found.

SIGNOFF_CHECK_TYPES_REPORTED recovery removal max_slew min_pulse_width max_capacitance
=== HOLD (min-RC corner, SPEF=min, liberty=/foss/pdks/gf180mcuD/libs.ref/gf180mcu_fd_sc_mcu7t5v0/lib/gf180mcu_fd_sc_mcu7t5v0__tt_025C_5v00.lib) ===
worst slack min 0.97
tns max 0.00
Group                                  Slack
--------------------------------------------
No paths found.

SIGNOFF_CHECK_TYPES_REPORTED recovery removal max_slew min_pulse_width max_capacitance
