
Magic 8.3 revision 603 - Compiled on Sat Feb 14 01:20:09 AM CET 2026.
Starting magic under Tcl interpreter
Using the terminal as the console.
WARNING: RLIMIT_NOFILE is above 1024 and Tcl_Version<9 this may cause runtime issues [rlim_cur=1000000]
Using NULL graphics device.
Processing system .magicrc file
Switching to WIRING tool.
Switching to NETLIST tool.
Switching to PICK tool.
Switching to BOX tool.
Sourcing design .magicrc for technology sky130A ...
2 Magic internal units = 1 Lambda
Input style sky130(): scaleFactor=2, multiplier=2
The following types are not handled by extraction and will be treated as non-electrical types:
    ubm 
Scaled tech values by 2 / 1 to match internal grid scaling
Loading sky130A Device Generator Menu ...
Loading "/foss/designs/_bench7_caravel_v1034_cleanroom/caravel_r11/phase3/stage3/extracted/ext2spice_user_project_wrapper.tcl" from command line.
Reading LEF data from file /foss/pdks/sky130A/libs.ref/sky130_fd_sc_hd/techlef/sky130_fd_sc_hd__nom.tlef.
This action cannot be undone.
LEF read, Line 82 (Message): Unknown keyword "ANTENNAMODEL" in LEF file; ignoring.
LEF read, Line 83 (Message): Unknown keyword "ANTENNADIFFSIDEAREARATIO" in LEF file; ignoring.
LEF read, Line 116 (Message): Unknown keyword "MINENCLOSEDAREA" in LEF file; ignoring.
LEF read, Line 118 (Message): Unknown keyword "ANTENNAMODEL" in LEF file; ignoring.
LEF read, Line 119 (Message): Unknown keyword "ANTENNADIFFSIDEAREARATIO" in LEF file; ignoring.
LEF read, Line 125 (Message): Unknown keyword "MAXIMUMDENSITY" in LEF file; ignoring.
LEF read, Line 126 (Message): Unknown keyword "DENSITYCHECKWINDOW" in LEF file; ignoring.
LEF read, Line 127 (Message): Unknown keyword "DENSITYCHECKSTEP" in LEF file; ignoring.
LEF read, Line 160 (Message): Unknown keyword "MINENCLOSEDAREA" in LEF file; ignoring.
LEF read, Line 168 (Message): Unknown keyword "ANTENNAMODEL" in LEF file; ignoring.
LEF read, Line 169 (Message): Unknown keyword "ANTENNADIFFSIDEAREARATIO" in LEF file; ignoring.
LEF read, Line 171 (Message): Unknown keyword "MAXIMUMDENSITY" in LEF file; ignoring.
LEF read, Line 172 (Message): Unknown keyword "DENSITYCHECKWINDOW" in LEF file; ignoring.
LEF read, Line 173 (Message): Unknown keyword "DENSITYCHECKSTEP" in LEF file; ignoring.
LEF read, Line 210 (Message): Unknown keyword "ANTENNAMODEL" in LEF file; ignoring.
LEF read, Line 211 (Message): Unknown keyword "ANTENNADIFFSIDEAREARATIO" in LEF file; ignoring.
LEF read, Line 213 (Message): Unknown keyword "MAXIMUMDENSITY" in LEF file; ignoring.
LEF read, Line 214 (Message): Unknown keyword "DENSITYCHECKWINDOW" in LEF file; ignoring.
LEF read, Line 215 (Message): Unknown keyword "DENSITYCHECKSTEP" in LEF file; ignoring.
LEF read, Line 252 (Message): Unknown keyword "ANTENNAMODEL" in LEF file; ignoring.
LEF read, Line 253 (Message): Unknown keyword "ANTENNADIFFSIDEAREARATIO" in LEF file; ignoring.
LEF read, Line 255 (Message): Unknown keyword "MAXIMUMDENSITY" in LEF file; ignoring.
LEF read, Line 256 (Message): Unknown keyword "DENSITYCHECKWINDOW" in LEF file; ignoring.
LEF read, Line 257 (Message): Unknown keyword "DENSITYCHECKSTEP" in LEF file; ignoring.
LEF read, Line 294 (Message): Unknown keyword "ANTENNAMODEL" in LEF file; ignoring.
LEF read, Line 295 (Message): Unknown keyword "ANTENNADIFFSIDEAREARATIO" in LEF file; ignoring.
LEF read: Processed 801 lines.
Reading LEF data from file /foss/pdks/sky130A/libs.ref/sky130_fd_sc_hd/lef/sky130_fd_sc_hd.lef.
This action cannot be undone.
LEF read: Processed 56536 lines.
Reading DEF data from file /foss/designs/_bench7_caravel_v1034_cleanroom/caravel_r11/phase3/stage3/pnr/user_project_wrapper.def.
This action cannot be undone.
  Processed 4 vias total.
  Processed 1 non-default rules total.
  Processed 648 subcell instances total.
  Processed 637 pins total.
  Processed 2 special nets total.
  Processed 749 nets total.
DEF read: Processed 490276 lines.
PORTS_PROMOTED 0..636
Extracting sky130_fd_sc_hd__inv_1 into sky130_fd_sc_hd__inv_1.ext:
Extracting sky130_fd_sc_hd__conb_1 into sky130_fd_sc_hd__conb_1.ext:
Extracting sky130_fd_sc_hd__nand2_2 into sky130_fd_sc_hd__nand2_2.ext:
Extracting sky130_fd_sc_hd__nor2_2 into sky130_fd_sc_hd__nor2_2.ext:
Extracting sky130_fd_sc_hd__mux2_2 into sky130_fd_sc_hd__mux2_2.ext:
Extracting sky130_fd_sc_hd__a21oi_2 into sky130_fd_sc_hd__a21oi_2.ext:
Extracting sky130_fd_sc_hd__diode_2 into sky130_fd_sc_hd__diode_2.ext:
Extracting sky130_fd_sc_hd__mux2_1 into sky130_fd_sc_hd__mux2_1.ext:
Extracting sky130_fd_sc_hd__buf_12 into sky130_fd_sc_hd__buf_12.ext:
Extracting sky130_fd_sc_hd__edfxtp_1 into sky130_fd_sc_hd__edfxtp_1.ext:
Extracting sky130_fd_sc_hd__nor2_1 into sky130_fd_sc_hd__nor2_1.ext:
Extracting sky130_fd_sc_hd__dfxtp_1 into sky130_fd_sc_hd__dfxtp_1.ext:
Extracting sky130_fd_sc_hd__o21ai_0 into sky130_fd_sc_hd__o21ai_0.ext:
Extracting sky130_fd_sc_hd__a31oi_1 into sky130_fd_sc_hd__a31oi_1.ext:
Extracting sky130_fd_sc_hd__a21oi_1 into sky130_fd_sc_hd__a21oi_1.ext:
Extracting sky130_fd_sc_hd__nand2_1 into sky130_fd_sc_hd__nand2_1.ext:
Extracting sky130_fd_sc_hd__o22a_1 into sky130_fd_sc_hd__o22a_1.ext:
Extracting sky130_fd_sc_hd__a221oi_1 into sky130_fd_sc_hd__a221oi_1.ext:
Extracting sky130_fd_sc_hd__or3_1 into sky130_fd_sc_hd__or3_1.ext:
Extracting sky130_fd_sc_hd__and3_1 into sky130_fd_sc_hd__and3_1.ext:
Extracting sky130_fd_sc_hd__and2_0 into sky130_fd_sc_hd__and2_0.ext:
Extracting sky130_fd_sc_hd__and4_1 into sky130_fd_sc_hd__and4_1.ext:
Extracting sky130_fd_sc_hd__nor3_1 into sky130_fd_sc_hd__nor3_1.ext:
Extracting sky130_fd_sc_hd__o221ai_1 into sky130_fd_sc_hd__o221ai_1.ext:
Extracting sky130_fd_sc_hd__dfxtp_2 into sky130_fd_sc_hd__dfxtp_2.ext:
Extracting sky130_fd_sc_hd__clkbuf_16 into sky130_fd_sc_hd__clkbuf_16.ext:
Extracting sky130_fd_sc_hd__nand2b_1 into sky130_fd_sc_hd__nand2b_1.ext:
Extracting sky130_fd_sc_hd__lpflow_isobufsrc_1 into sky130_fd_sc_hd__lpflow_isobufsrc_1.ext:
Extracting sky130_fd_sc_hd__bufinv_16 into sky130_fd_sc_hd__bufinv_16.ext:
Extracting sky130_fd_sc_hd__nor3b_1 into sky130_fd_sc_hd__nor3b_1.ext:
Extracting sky130_fd_sc_hd__clkbuf_1 into sky130_fd_sc_hd__clkbuf_1.ext:
Extracting sky130_fd_sc_hd__o21bai_1 into sky130_fd_sc_hd__o21bai_1.ext:
Extracting sky130_fd_sc_hd__a211oi_1 into sky130_fd_sc_hd__a211oi_1.ext:
Extracting sky130_fd_sc_hd__a41oi_1 into sky130_fd_sc_hd__a41oi_1.ext:
Extracting sky130_fd_sc_hd__nand3_1 into sky130_fd_sc_hd__nand3_1.ext:
Extracting sky130_fd_sc_hd__a41o_1 into sky130_fd_sc_hd__a41o_1.ext:
Extracting sky130_fd_sc_hd__a311oi_1 into sky130_fd_sc_hd__a311oi_1.ext:
Extracting sky130_fd_sc_hd__a22oi_1 into sky130_fd_sc_hd__a22oi_1.ext:
Extracting sky130_fd_sc_hd__a32oi_1 into sky130_fd_sc_hd__a32oi_1.ext:
Extracting sky130_fd_sc_hd__nor4_1 into sky130_fd_sc_hd__nor4_1.ext:
Extracting sky130_fd_sc_hd__inv_6 into sky130_fd_sc_hd__inv_6.ext:
Extracting sky130_fd_sc_hd__dfrtp_1 into sky130_fd_sc_hd__dfrtp_1.ext:
Extracting user_project_wrapper into user_project_wrapper.ext:
Warning:  Ports "io_out[9]" and "io_out[8]" are electrically shorted.
Warning:  Ports "io_out[9]" and "io_out[29]" are electrically shorted.
Warning:  Ports "io_out[9]" and "io_out[28]" are electrically shorted.
Warning:  Ports "io_out[9]" and "io_out[27]" are electrically shorted.
Warning:  Ports "io_out[9]" and "io_out[26]" are electrically shorted.
Warning:  Ports "io_out[9]" and "io_out[25]" are electrically shorted.
Warning:  Ports "io_out[9]" and "io_out[24]" are electrically shorted.
Warning:  Ports "io_out[9]" and "io_out[23]" are electrically shorted.
Warning:  Ports "io_out[9]" and "io_out[22]" are electrically shorted.
Warning:  Ports "io_out[9]" and "io_out[21]" are electrically shorted.
Warning:  Ports "io_out[9]" and "io_out[20]" are electrically shorted.
Warning:  Ports "io_out[9]" and "io_out[19]" are electrically shorted.
Warning:  Ports "io_out[9]" and "io_out[18]" are electrically shorted.
Warning:  Ports "io_out[9]" and "io_out[17]" are electrically shorted.
Warning:  Ports "io_out[9]" and "io_out[16]" are electrically shorted.
Warning:  Ports "io_out[9]" and "io_out[15]" are electrically shorted.
Warning:  Ports "io_out[9]" and "io_out[14]" are electrically shorted.
Warning:  Ports "io_out[9]" and "io_out[13]" are electrically shorted.
Warning:  Ports "io_out[9]" and "io_out[12]" are electrically shorted.
Warning:  Ports "io_out[9]" and "io_out[11]" are electrically shorted.
Warning:  Ports "io_out[9]" and "io_out[10]" are electrically shorted.
Warning:  Ports "io_out[9]" and "io_oeb[9]" are electrically shorted.
Warning:  Ports "io_out[9]" and "io_oeb[8]" are electrically shorted.
Warning:  Ports "io_out[9]" and "io_oeb[29]" are electrically shorted.
Warning:  Ports "io_out[9]" and "io_oeb[28]" are electrically shorted.
Warning:  Ports "io_out[9]" and "io_oeb[27]" are electrically shorted.
Warning:  Ports "io_out[9]" and "io_oeb[26]" are electrically shorted.
Warning:  Ports "io_out[9]" and "io_oeb[25]" are electrically shorted.
Warning:  Ports "io_out[9]" and "io_oeb[24]" are electrically shorted.
Warning:  Ports "io_out[9]" and "io_oeb[23]" are electrically shorted.
Warning:  Ports "io_out[9]" and "io_oeb[22]" are electrically shorted.
Warning:  Ports "io_out[9]" and "io_oeb[21]" are electrically shorted.
Warning:  Ports "io_out[9]" and "io_oeb[20]" are electrically shorted.
Warning:  Ports "io_out[9]" and "io_oeb[19]" are electrically shorted.
Warning:  Ports "io_out[9]" and "io_oeb[18]" are electrically shorted.
Warning:  Ports "io_out[9]" and "io_oeb[17]" are electrically shorted.
Warning:  Ports "io_out[9]" and "io_oeb[16]" are electrically shorted.
Warning:  Ports "io_out[9]" and "io_oeb[15]" are electrically shorted.
Warning:  Ports "io_out[9]" and "io_oeb[14]" are electrically shorted.
Warning:  Ports "io_out[9]" and "io_oeb[13]" are electrically shorted.
Warning:  Ports "io_out[9]" and "io_oeb[12]" are electrically shorted.
Warning:  Ports "io_out[9]" and "io_oeb[11]" are electrically shorted.
Warning:  Ports "io_out[9]" and "io_oeb[10]" are electrically shorted.
Warning:  Ports "io_oeb[7]" and "io_oeb[6]" are electrically shorted.
Warning:  Ports "io_oeb[7]" and "io_oeb[5]" are electrically shorted.
Warning:  Ports "io_oeb[7]" and "io_oeb[4]" are electrically shorted.
Warning:  Ports "io_oeb[7]" and "io_oeb[3]" are electrically shorted.
Warning:  Ports "io_oeb[7]" and "io_oeb[37]" are electrically shorted.
Warning:  Ports "io_oeb[7]" and "io_oeb[36]" are electrically shorted.
Warning:  Ports "io_oeb[7]" and "io_oeb[35]" are electrically shorted.
Warning:  Ports "io_oeb[7]" and "io_oeb[34]" are electrically shorted.
Warning:  Ports "io_oeb[7]" and "io_oeb[33]" are electrically shorted.
Warning:  Ports "io_oeb[7]" and "io_oeb[32]" are electrically shorted.
Warning:  Ports "io_oeb[7]" and "io_oeb[31]" are electrically shorted.
Warning:  Ports "io_oeb[7]" and "io_oeb[30]" are electrically shorted.
Warning:  Ports "io_oeb[7]" and "io_oeb[2]" are electrically shorted.
Warning:  Ports "io_oeb[7]" and "io_oeb[1]" are electrically shorted.
Warning:  Ports "io_oeb[7]" and "io_oeb[0]" are electrically shorted.
Warning:  Ports "la_data_out[3]" and "io_out[3]" are electrically shorted.
Warning:  Ports "la_data_out[6]" and "io_out[6]" are electrically shorted.
Warning:  Ports "la_data_out[4]" and "io_out[4]" are electrically shorted.
Warning:  Ports "la_data_out[5]" and "io_out[5]" are electrically shorted.
Warning:  Ports "la_data_out[1]" and "io_out[1]" are electrically shorted.
Warning:  Ports "la_data_out[2]" and "io_out[2]" are electrically shorted.
Warning:  Ports "la_data_out[9]" and "io_out[31]" are electrically shorted.
Warning:  Ports "la_data_out[7]" and "io_out[7]" are electrically shorted.
Warning:  Ports "la_data_out[8]" and "io_out[30]" are electrically shorted.
Warning:  Ports "la_data_out[15]" and "io_out[37]" are electrically shorted.
Warning:  Ports "la_data_out[14]" and "io_out[36]" are electrically shorted.
Warning:  Ports "la_data_out[13]" and "io_out[35]" are electrically shorted.
Warning:  Ports "la_data_out[0]" and "io_out[0]" are electrically shorted.
Warning:  Ports "la_data_out[10]" and "io_out[32]" are electrically shorted.
Warning:  Ports "la_data_out[12]" and "io_out[34]" are electrically shorted.
Warning:  Ports "la_data_out[11]" and "io_out[33]" are electrically shorted.
Warning:  Ports "io_out[9]" and "io_out[8]" are electrically shorted.
Warning:  Ports "io_out[9]" and "io_out[29]" are electrically shorted.
Warning:  Ports "io_out[9]" and "io_out[28]" are electrically shorted.
Warning:  Ports "io_out[9]" and "io_out[27]" are electrically shorted.
Warning:  Ports "io_out[9]" and "io_out[26]" are electrically shorted.
Warning:  Ports "io_out[9]" and "io_out[25]" are electrically shorted.
Warning:  Ports "io_out[9]" and "io_out[24]" are electrically shorted.
Warning:  Ports "io_out[9]" and "io_out[23]" are electrically shorted.
Warning:  Ports "io_out[9]" and "io_out[22]" are electrically shorted.
Warning:  Ports "io_out[9]" and "io_out[21]" are electrically shorted.
Warning:  Ports "io_out[9]" and "io_out[20]" are electrically shorted.
Warning:  Ports "io_out[9]" and "io_out[19]" are electrically shorted.
Warning:  Ports "io_out[9]" and "io_out[18]" are electrically shorted.
Warning:  Ports "io_out[9]" and "io_out[17]" are electrically shorted.
Warning:  Ports "io_out[9]" and "io_out[16]" are electrically shorted.
Warning:  Ports "io_out[9]" and "io_out[15]" are electrically shorted.
Warning:  Ports "io_out[9]" and "io_out[14]" are electrically shorted.
Warning:  Ports "io_out[9]" and "io_out[13]" are electrically shorted.
Warning:  Ports "io_out[9]" and "io_out[12]" are electrically shorted.
Warning:  Ports "io_out[9]" and "io_out[11]" are electrically shorted.
Warning:  Ports "io_out[9]" and "io_out[10]" are electrically shorted.
Warning:  Ports "io_out[9]" and "io_oeb[9]" are electrically shorted.
Warning:  Ports "io_out[9]" and "io_oeb[8]" are electrically shorted.
Warning:  Ports "io_out[9]" and "io_oeb[29]" are electrically shorted.
Warning:  Ports "io_out[9]" and "io_oeb[28]" are electrically shorted.
Warning:  Ports "io_out[9]" and "io_oeb[27]" are electrically shorted.
Warning:  Ports "io_out[9]" and "io_oeb[26]" are electrically shorted.
Warning:  Ports "io_out[9]" and "io_oeb[25]" are electrically shorted.
Warning:  Ports "io_out[9]" and "io_oeb[24]" are electrically shorted.
Warning:  Ports "io_out[9]" and "io_oeb[23]" are electrically shorted.
Warning:  Ports "io_out[9]" and "io_oeb[22]" are electrically shorted.
Warning:  Ports "io_out[9]" and "io_oeb[21]" are electrically shorted.
Warning:  Ports "io_out[9]" and "io_oeb[20]" are electrically shorted.
Warning:  Ports "io_out[9]" and "io_oeb[19]" are electrically shorted.
Warning:  Ports "io_out[9]" and "io_oeb[18]" are electrically shorted.
Warning:  Ports "io_out[9]" and "io_oeb[17]" are electrically shorted.
Warning:  Ports "io_out[9]" and "io_oeb[16]" are electrically shorted.
Warning:  Ports "io_out[9]" and "io_oeb[15]" are electrically shorted.
Warning:  Ports "io_out[9]" and "io_oeb[14]" are electrically shorted.
Warning:  Ports "io_out[9]" and "io_oeb[13]" are electrically shorted.
Warning:  Ports "io_out[9]" and "io_oeb[12]" are electrically shorted.
Warning:  Ports "io_out[9]" and "io_oeb[11]" are electrically shorted.
Warning:  Ports "io_out[9]" and "io_oeb[10]" are electrically shorted.
Warning:  Ports "io_oeb[7]" and "io_oeb[6]" are electrically shorted.
Warning:  Ports "io_oeb[7]" and "io_oeb[5]" are electrically shorted.
Warning:  Ports "io_oeb[7]" and "io_oeb[4]" are electrically shorted.
Warning:  Ports "io_oeb[7]" and "io_oeb[3]" are electrically shorted.
Warning:  Ports "io_oeb[7]" and "io_oeb[37]" are electrically shorted.
Warning:  Ports "io_oeb[7]" and "io_oeb[36]" are electrically shorted.
Warning:  Ports "io_oeb[7]" and "io_oeb[35]" are electrically shorted.
Warning:  Ports "io_oeb[7]" and "io_oeb[34]" are electrically shorted.
Warning:  Ports "io_oeb[7]" and "io_oeb[33]" are electrically shorted.
Warning:  Ports "io_oeb[7]" and "io_oeb[32]" are electrically shorted.
Warning:  Ports "io_oeb[7]" and "io_oeb[31]" are electrically shorted.
Warning:  Ports "io_oeb[7]" and "io_oeb[30]" are electrically shorted.
Warning:  Ports "io_oeb[7]" and "io_oeb[2]" are electrically shorted.
Warning:  Ports "io_oeb[7]" and "io_oeb[1]" are electrically shorted.
Warning:  Ports "io_oeb[7]" and "io_oeb[0]" are electrically shorted.
Warning:  Ports "la_data_out[3]" and "io_out[3]" are electrically shorted.
Warning:  Ports "la_data_out[6]" and "io_out[6]" are electrically shorted.
Warning:  Ports "la_data_out[4]" and "io_out[4]" are electrically shorted.
Warning:  Ports "la_data_out[5]" and "io_out[5]" are electrically shorted.
Warning:  Ports "la_data_out[1]" and "io_out[1]" are electrically shorted.
Warning:  Ports "la_data_out[2]" and "io_out[2]" are electrically shorted.
Warning:  Ports "la_data_out[9]" and "io_out[31]" are electrically shorted.
Warning:  Ports "la_data_out[7]" and "io_out[7]" are electrically shorted.
Warning:  Ports "la_data_out[8]" and "io_out[30]" are electrically shorted.
Warning:  Ports "la_data_out[15]" and "io_out[37]" are electrically shorted.
Warning:  Ports "la_data_out[14]" and "io_out[36]" are electrically shorted.
Warning:  Ports "la_data_out[13]" and "io_out[35]" are electrically shorted.
Warning:  Ports "la_data_out[0]" and "io_out[0]" are electrically shorted.
Warning:  Ports "la_data_out[10]" and "io_out[32]" are electrically shorted.
Warning:  Ports "la_data_out[12]" and "io_out[34]" are electrically shorted.
Warning:  Ports "la_data_out[11]" and "io_out[33]" are electrically shorted.
exttospice finished.
MAGIC_EXT2SPICE_DONE /foss/designs/_bench7_caravel_v1034_cleanroom/caravel_r11/phase3/stage3/extracted/user_project_wrapper_extracted.sp
