OpenROAD 26Q1-990-g15af3a5c0 
Features included (+) or not (-): +GPU +GUI +Python
This program is licensed under the BSD-3 license. See the LICENSE file for details.
Components of this program may be licensed under more restrictive licenses which must be honored.
[INFO ODB-0227] LEF file: /foss/pdks/sky130A/libs.ref/sky130_fd_sc_hd/techlef/sky130_fd_sc_hd__nom.tlef, created 14 layers, 25 vias
[WARNING ODB-0220] WARNING (LEFPARS-2008): NOWIREEXTENSIONATPIN statement is obsolete in version 5.6 or later.
The NOWIREEXTENSIONATPIN statement will be ignored. See file /foss/pdks/sky130A/libs.ref/sky130_fd_sc_hd/lef/sky130_fd_sc_hd.lef at line 2.

[INFO ODB-0227] LEF file: /foss/pdks/sky130A/libs.ref/sky130_fd_sc_hd/lef/sky130_fd_sc_hd.lef, created 437 library cells
[INFO ODB-0127] Reading DEF file: /foss/designs/_bench7_caravel_v1034_cleanroom/caravel_r11/phase3/stage3/pnr/user_project_wrapper.def
[INFO ODB-0128] Design: user_project_wrapper
[INFO ODB-0130]     Created 637 pins.
[INFO ODB-0131]     Created 648 components and 3971 component-terminals.
[INFO ODB-0132]     Created 2 special nets and 1316 connections.
[INFO ODB-0133]     Created 749 nets and 1222 connections.
[INFO ODB-0134] Finished DEF file: /foss/designs/_bench7_caravel_v1034_cleanroom/caravel_r11/phase3/stage3/pnr/user_project_wrapper.def
SPEF_OPENRCX_CAPTABLE: /foss/pdks/sky130A/libs.tech/openlane/rules.openrcx.sky130A.nom.magic
[INFO RCX-0431] Defined process_corner X with ext_model_index 0
[INFO RCX-0029] Defined extraction corner X
[INFO RCX-0435] Reading extraction model file /foss/pdks/sky130A/libs.tech/openlane/rules.openrcx.sky130A.nom.magic ...
[INFO RCX-0436] RC segment generation user_project_wrapper (max_merge_res 50.0) ...
[INFO RCX-0040] Final 1949 rc segments
[INFO RCX-0439] Coupling Cap extraction user_project_wrapper ...
[INFO RCX-0440] Coupling threshhold is 0.1000 fF, coupling capacitance less than 0.1000 fF will be grounded.
[INFO RCX-0442] 12% of 190553 wires extracted
[INFO RCX-0442] 25% of 190553 wires extracted
[INFO RCX-0442] 38% of 190553 wires extracted
[INFO RCX-0442] 52% of 190553 wires extracted
[INFO RCX-0442] 65% of 190553 wires extracted
[INFO RCX-0442] 78% of 190553 wires extracted
[INFO RCX-0442] 99% of 190553 wires extracted
[INFO RCX-0442] 100% of 190553 wires extracted
[INFO RCX-0045] Extract 749 nets, 2357 rsegs, 2357 caps, 3155 ccs
[INFO RCX-0443] 749 nets finished
