[flow] auto-derived top='edge_llm_accel' from --ic-name (no chip_top module)
RUNNER_LOCK_REENTRANT: design_one_shot_runner re-enters the lock held by parent pid=297512 on /home/reyerchu/vibe-ic/benchmark-data/ic/edge_llm_accel (#588 delegated sub-run).
[phase2] complexity advisory: complexity score=21.84 tier=SMALL (prefer_catalog_glue=False synth_effort=low fpga_early=False sta_corners=typical) — ADVISORY only

=== design_one_shot_runner DONE — /home/reyerchu/vibe-ic/benchmark-data/ic/edge_llm_accel/reports/orchestrator/phase2_one_shot.json
verdict: PASS_WITH_WAIVERS
  SKIP     rig_topology_skeleton existing rig_topology kept: rig_topology.json
  PASS     phase1_precheck      28/13 L docs present
  PASS     detect_ic_class      digital_arithmetic_primitive
  WAIVED   rtl_gen              IC class 'digital_arithmetic_primitive' registered but rtl_gen=null. Recommended action: AI invokes skill `spec-to-rtl`.
  SKIP     reused_ip_consume    phase2/stage1/rtl/ already holds 3 RTL file(s) — a deterministic generator / author owns it; CONSUME skipped
  SKIP     leaf_typo_aliases    no leaf-name typo detected (no alias wrapper needed)
  SKIP     reset_clock_variant_aliases top reset/clock ports already canonical
  PASS     determinism_gates    determinism gates clean over 3 RTL file(s) (clock-divider phase-form + worked-example oracle; both self-skip when not ap
  ADVISORY complexity_advisory  complexity score=21.84 tier=SMALL (prefer_catalog_glue=False synth_effort=low fpga_early=False sta_corners=typical) — AD
  SKIP     full_stack_tb_gen    tb_edge_llm_accel_full.v emitted as CONNECTIVITY-ONLY skeleton (13 L9.top_ports → 13 DUT pins, 0 L3 opcodes driven). Fun
  PASS     l10_unit_tb_gen      emitted 6 functional_vector unit TB skeleton(s) under /home/reyerchu/vibe-ic/benchmark-data/ic/edge_llm_accel/phase2/sta
  WAIVED   professional_tb_gen  generic professional TB generated; functional run deferred
  WAIVED   reference_tb         AID reference TB SKIPPED (class 'digital_arithmetic_primitive' verification_track='generic_full_stack' half_duplex_bus=F
  PASS     yosys_synth          netlist=netlist_yosys.v cells=3104629 synth_top=edge_llm_accel frontend=read_verilog_v2005
  SKIP     qsf_gen              DE10 QSF generation SKIPPED: class 'digital_arithmetic_primitive' verification_track='generic_full_stack' half_duplex_bu
  PASS     sdc_gen              emitted edge_llm_accel.sdc (PASS sdc_gen: /home/reyerchu/vibe-ic/benchmark-data/ic/edge_llm_accel/phase2/stage1/fpga/edg
  SKIP     dft_insertion        DFT scan inserted; OSS ATPG coverage engine-limited (pdk=generic) → disclosed capability-gap
  SKIP     post_dft_opt         no scan netlist → post-DFT disclosed-skip
  PASS     lec_equivalence      yosys equiv produced reports/lec.json (RTL vs netlist.v, rc=1)
  PASS     phase2_manifests     10 manifest(s) written
  WAIVED   final_audit            - [SKIPPED-CONDITION] Step A3: Analog Netlist Generation  (stage_analog)
       └─ analog track skipped via --skip-ana
  PASS     stamp_gate_reports   stamped #484 identity into 34 gate/lint json(s) under reports/phase2/gates, reports/phase2/lint
final summary: reports/final_summary.md
RUNNER_LOCK_REENTRANT: phase3_one_shot_runner re-enters the lock held by parent pid=297512 on /home/reyerchu/vibe-ic/benchmark-data/ic/edge_llm_accel (#588 delegated sub-run).
=== phase3_one_shot_runner — pdk=nangate45 top=edge_llm_accel ===

=== phase3_one_shot_runner DONE ===
verdict: FAIL (steps: FAIL, completion audit: FAIL)
  FAIL   synth    rc=1 error=ERROR: Module `fakeram45_2048x39' referenced in module `edge_llm_accel' in cell `g_bank[19].u_bank' does not 
  FAIL   drc      violations=899972 (user=899972, stdcell=0) report=drc.rpt top_rules: ACTIVE.4=470158, ACTIVE.1=214906, ACTIVE.2=214906, 
  ENV_UNAVAILABLE lvs      open-source LVS needs the PDK Magic tech + netgen setup; missing: /foss/pdks/nangate45/libs.tech/magic/nangate45.magicrc
  PASS   canonicalize_artefacts emitted 7 canonical artefacts; notes: STA basis discrepancy: estimate 4.27 vs SPEF 1.08 (delta 3.19 ns) — canonical = SP
final summary: reports/final_summary.md

========================================================================
=== PHASE 2 (= 2a + 2b) → phase2_one_shot_runner.py
========================================================================

========================================================================
=== PHASE 3 (synth → PnR → GDS → DRC → LVS) → phase3_one_shot_runner.py
========================================================================

========================================================================
=== vibe_ic_one_shot_runner DONE — /home/reyerchu/vibe-ic/benchmark-data/ic/edge_llm_accel/reports/orchestrator/vibe_ic_one_shot.json
  overall verdict   : FAIL
  halted at         : phase3
    phase1   : SKIPPED
    phase2   : PASS_WITH_WAIVERS
    analog   : SKIPPED
    phase3   : FAIL
  advisory          : flow auto-derived top='edge_llm_accel' from --ic-name (no chip_top module)
  duration          : 10861.2s
  final summary     : reports/final_summary.md
  deliverable       : RESULT.md present + non-empty (self-check PASS)
========================================================================
