Startpoint: rst (input port clocked by clk)
Endpoint: _524_ (rising edge-triggered flip-flop clocked by clk)
Path Group: clk
Path Type: max
Corner: ss

  Delay    Time   Description
---------------------------------------------------------
   0.00    0.00   clock clk (rise edge)
   0.00    0.00   clock network delay (propagated)
   2.00    2.00 v input external delay
   0.00    2.00 v rst (in)
   0.10    2.10 v input46/X (sg13g2_buf_1)
   0.25    2.36 v fanout88/X (sg13g2_buf_1)
   0.19    2.55 v max_cap29/X (sg13g2_buf_8)
   0.22    2.77 v fanout87/X (sg13g2_buf_1)
   0.30    3.07 v fanout86/X (sg13g2_buf_1)
   0.31    3.37 v fanout85/X (sg13g2_buf_1)
   0.22    3.59 ^ _480_/Y (sg13g2_nor3_1)
   0.00    3.59 ^ _524_/D (sg13g2_dfrbpq_1)
           3.59   data arrival time

  10.00   10.00   clock clk (rise edge)
   0.26   10.26   clock network delay (propagated)
   0.00   10.26   clock reconvergence pessimism
          10.26 ^ _524_/CLK (sg13g2_dfrbpq_1)
  -0.23   10.03   library setup time
          10.03   data required time
---------------------------------------------------------
          10.03   data required time
          -3.59   data arrival time
---------------------------------------------------------
           6.43   slack (MET)


