# Electrical Rule Check (ERC) — OpenROAD open-source path
# (ORGANIC-20260531 Step 31 sub-item). Tool: openroad.
# sky130 ships only a Calibre PERC deck; this is the open-source
# electrical-rule screen (floating nets + ERC metrics) on the
# routed DEF. Full PERC (latch-up / ESD topology) needs Calibre.
#
ERC floating nets: 2
ERC clean: NO (review floating nets)

# === report_floating_nets / report_erc_metrics stdout ===
=== ERC: floating nets ===
[WARNING RSZ-0020] found 2 floating nets.
 VGND
 VPWR
[WARNING RSZ-0095] found 11 floating pins.
 spare_aoi_0/A1
 spare_aoi_0/A2
 spare_aoi_0/B1
 spare_inverter_0/A
 spare_mux2_0/A0
 spare_mux2_0/A1
 spare_mux2_0/S
 spare_nand2_0/A
 spare_nand2_0/B
 spare_nor2_0/A
 spare_nor2_0/B
=== ERC metrics ===

# === full ERC log (last 2 KB) ===
p:/usr/lib/python3.12:/usr/lib/python3.12/lib-dynload:/usr/local/lib/python3.12/dist-packages:/usr/lib/python3/dist-packages:/foss/tools/ngspyce/local/lib/python3.12/dist-packages:/foss/tools/openems/local/lib/python3.12/dist-packages:/foss/tools/pyopus/local/lib/python3.12/dist-packages:/foss/tools/yosys/share/yosys/python3:/foss/tools/klayout/pymod
OpenROAD 26Q1-990-g15af3a5c0 
Features included (+) or not (-): +GPU +GUI +Python
This program is licensed under the BSD-3 license. See the LICENSE file for details.
Components of this program may be licensed under more restrictive licenses which must be honored.
[INFO ODB-0227] LEF file: /foss/pdks/sky130A/libs.ref/sky130_fd_sc_hd/techlef/sky130_fd_sc_hd__nom.tlef, created 14 layers, 25 vias
[WARNING ODB-0220] WARNING (LEFPARS-2008): NOWIREEXTENSIONATPIN statement is obsolete in version 5.6 or later.
The NOWIREEXTENSIONATPIN statement will be ignored. See file /foss/pdks/sky130A/libs.ref/sky130_fd_sc_hd/lef/sky130_fd_sc_hd.lef at line 2.

[INFO ODB-0227] LEF file: /foss/pdks/sky130A/libs.ref/sky130_fd_sc_hd/lef/sky130_fd_sc_hd.lef, created 437 library cells
[INFO ODB-0127] Reading DEF file: /foss/designs/_bench6_v100_r1/spm/phase3/stage3/pnr/chip_top.def
[INFO ODB-0128] Design: chip_top
[INFO ODB-0094] 		Created 100000 Insts
[INFO ODB-0094] 		Created 200000 Insts
[INFO ODB-0130]     Created 36 pins.
[INFO ODB-0131]     Created 201441 components and 749221 component-terminals.
[INFO ODB-0132]     Created 2 special nets and 58396 connections.
[INFO ODB-0133]     Created 277 nets and 889 connections.
[INFO ODB-0134] Finished DEF file: /foss/designs/_bench6_v100_r1/spm/phase3/stage3/pnr/chip_top.def
=== ERC: floating nets ===
[WARNING RSZ-0020] found 2 floating nets.
 VGND
 VPWR
[WARNING RSZ-0095] found 11 floating pins.
 spare_aoi_0/A1
 spare_aoi_0/A2
 spare_aoi_0/B1
 spare_inverter_0/A
 spare_mux2_0/A0
 spare_mux2_0/A1
 spare_mux2_0/S
 spare_nand2_0/A
 spare_nand2_0/B
 spare_nor2_0/A
 spare_nor2_0/B
=== ERC metrics ===


# end of erc.rpt
