# Signal-integrity / crosstalk — TIMING-WINDOW-AWARE ADVISORY screen (OPEN-SOURCE)
# si_signoff_timing_aware.py. Source: OpenSTA arrival windows + SPEF coupling caps.
# SPEF:   /home/reyerchu/AI_IC_design/_bench6_v100_r1/spm/phase3/stage3/extracted/chip_top.spef
# TIMING: /home/reyerchu/AI_IC_design/_bench6_v100_r1/spm/phase3/stage3/extracted/chip_top_si_timing.json
#
# SCOPE: this is a timing-window-aware ADVISORY SCREEN that upgrades the floating-
#        victim coupling-ratio advisory bound by adding switching-window decoupling.
#        It is a LUMPED capacitive-divider model gated by OpenSTA windows + driver
#        damping. It is NOT a full RLC(K) transmission-line commercial SI sign-off
#        and does NOT claim commercial equivalence.
#        CONCLUSIVE ONLY in the decoupled-safe direction (non-overlapping windows =>
#        a coupling event is timing-impossible => conclusively safe). The flagged /
#        over-margin direction is NOT a proven failure -- the floating divider bound
#        over-claims on a driven victim (high coupling ratio in dense routing is
#        normal). It is an ADVISORY watch-list that needs foundry CCS-Noise / RLC(K)
#        models for a true pass/fail (a PHYSICAL need for foundry-calibrated models,
#        not commercial-tool lock-in). NO build-failing verdict is ever emitted.
#
vdd_v: 1.8
noise_margin_mv: 100.0
driven_damping_derate: 0.5
nets_analyzed: 276
coupling_pairs: 993
pairs_evaluated: 1986
pairs_decoupled_by_window (CONCLUSIVELY SAFE): 264
max_base_noise_mv (floating bound): 1720.31
max_gated_noise_mv (driven+window): 860.16
watchlist_high_count (overlap+over-margin; flagged, NOT proven-fail): 911
watchlist_low_count (floating-bound over margin, gating cleared): 153
crosstalk: SI_TIMING_AWARE_SCREEN
#
# --- HIGH watch-list (overlap AND gated bound > margin; ADVISORY, flagged for commercial SI review -- NOT a proven failure) ---
#   victim=_040_ aggressor=rst gated=860.16mV base=1720.31mV driven=True
#   victim=_040_ aggressor=x[16] gated=860.16mV base=1720.31mV driven=True
#   victim=_152_ aggressor=y gated=856.53mV base=1713.05mV driven=True
#   victim=_017_ aggressor=clknet_2_1__leaf_clk gated=842.18mV base=1684.35mV driven=True
#   victim=_017_ aggressor=rst gated=840.38mV base=1680.77mV driven=True
#   victim=_128_ aggressor=y gated=818.88mV base=1637.76mV driven=True
#   victim=_192_ aggressor=x[29] gated=815.57mV base=1631.14mV driven=True
#   victim=_048_ aggressor=y gated=814.71mV base=1629.41mV driven=True
#   victim=_052_ aggressor=_053_ gated=807.23mV base=1614.46mV driven=True
#   victim=_003_ aggressor=_046_ gated=805.1mV base=1610.2mV driven=True
#   victim=_005_ aggressor=rst gated=804.54mV base=1609.07mV driven=True
#   victim=_128_ aggressor=_123_ gated=802.68mV base=1605.36mV driven=True
#   victim=_002_ aggressor=x[21] gated=799.84mV base=1599.67mV driven=True
#   victim=_097_ aggressor=rst gated=799.35mV base=1598.7mV driven=True
#   victim=_035_ aggressor=rst gated=799.31mV base=1598.61mV driven=True
#   victim=_152_ aggressor=x[22] gated=797.45mV base=1594.91mV driven=True
#   victim=_079_ aggressor=_072_ gated=794.94mV base=1589.89mV driven=True
#   victim=_003_ aggressor=x[14] gated=783.99mV base=1567.97mV driven=True
#   victim=_198_ aggressor=_195_ gated=775.63mV base=1551.25mV driven=True
#   victim=_113_ aggressor=rst gated=774.65mV base=1549.3mV driven=True
#   victim=x[3] aggressor=x[21] gated=766.53mV base=1533.06mV driven=True
#   victim=_096_ aggressor=_095_ gated=766.09mV base=1532.18mV driven=True
#   victim=_169_ aggressor=_170_ gated=759.78mV base=1519.55mV driven=True
#   victim=_156_ aggressor=x[22] gated=758.81mV base=1517.61mV driven=True
#   victim=_009_ aggressor=clknet_2_2__leaf_clk gated=757.51mV base=1515.02mV driven=True
#   victim=_073_ aggressor=x[10] gated=755.71mV base=1511.42mV driven=True
#   victim=x[7] aggressor=x[25] gated=755.48mV base=1510.96mV driven=True
#   victim=x[7] aggressor=x[5] gated=755.48mV base=1510.96mV driven=True
#   victim=_131_ aggressor=_130_ gated=754.57mV base=1509.15mV driven=True
#   victim=_169_ aggressor=clknet_2_3__leaf_clk gated=753.71mV base=1507.42mV driven=True
#   victim=x[31] aggressor=x[29] gated=752.37mV base=1504.73mV driven=True
#   victim=_106_ aggressor=_107_ gated=750.33mV base=1500.65mV driven=True
#   victim=_027_ aggressor=_177_ gated=747.67mV base=1495.34mV driven=True
#   victim=_041_ aggressor=_044_ gated=744.81mV base=1489.62mV driven=True
#   victim=_150_ aggressor=_149_ gated=744.49mV base=1488.99mV driven=True
#   victim=_082_ aggressor=x[10] gated=739.87mV base=1479.73mV driven=True
#   victim=_102_ aggressor=u_dut\.acc[15] gated=737.56mV base=1475.12mV driven=True
#   victim=_073_ aggressor=x[11] gated=733.92mV base=1467.84mV driven=True
#   victim=_006_ aggressor=clknet_2_2__leaf_clk gated=732.5mV base=1464.99mV driven=True
#   victim=_032_ aggressor=clknet_2_2__leaf_clk gated=730.18mV base=1460.35mV driven=True
#   victim=_107_ aggressor=_106_ gated=729.75mV base=1459.5mV driven=True
#   victim=_189_ aggressor=clknet_2_2__leaf_clk gated=727.48mV base=1454.96mV driven=True
#   victim=_029_ aggressor=clknet_2_2__leaf_clk gated=726.32mV base=1452.65mV driven=True
#   victim=_085_ aggressor=_087_ gated=725.26mV base=1450.52mV driven=True
#   victim=_139_ aggressor=y gated=724.23mV base=1448.45mV driven=True
#   victim=_136_ aggressor=rst gated=721.68mV base=1443.35mV driven=True
#   victim=_018_ aggressor=clknet_2_1__leaf_clk gated=721.28mV base=1442.56mV driven=True
#   victim=_149_ aggressor=_142_ gated=720.57mV base=1441.15mV driven=True
#   victim=_044_ aggressor=_041_ gated=717.57mV base=1435.14mV driven=True
#   victim=_053_ aggressor=x[24] gated=715.99mV base=1431.98mV driven=True
# end of si_crosstalk_timing_aware.rpt
