Startpoint: y (input port clocked by clk)
Endpoint: _438_ (rising edge-triggered flip-flop clocked by clk)
Path Group: clk
Path Type: max

  Delay    Time   Description
---------------------------------------------------------
   0.00    0.00   clock clk (rise edge)
   0.00    0.00   clock network delay (ideal)
   2.00    2.00 ^ input external delay
   0.00    2.00 ^ y (in)
   0.14    2.14 v _205_/Y (sky130_fd_sc_hd__nand3_1)
   0.26    2.40 v _214_/X (sky130_fd_sc_hd__o21ba_1)
   0.24    2.64 v _220_/X (sky130_fd_sc_hd__o21a_1)
   0.25    2.90 v _226_/X (sky130_fd_sc_hd__o21a_1)
   0.25    3.15 v _232_/X (sky130_fd_sc_hd__o21a_1)
   0.24    3.39 v _238_/X (sky130_fd_sc_hd__o21a_1)
   0.24    3.63 v _244_/X (sky130_fd_sc_hd__o21a_1)
   0.25    3.87 v _250_/X (sky130_fd_sc_hd__o21a_1)
   0.31    4.18 ^ _265_/Y (sky130_fd_sc_hd__o211ai_1)
   0.29    4.47 v _277_/Y (sky130_fd_sc_hd__a311oi_1)
   0.41    4.88 v _290_/X (sky130_fd_sc_hd__o311a_1)
   0.61    5.49 ^ _305_/Y (sky130_fd_sc_hd__o311ai_0)
   0.32    5.82 v _318_/Y (sky130_fd_sc_hd__a311oi_1)
   0.75    6.57 ^ _332_/Y (sky130_fd_sc_hd__o311ai_0)
   0.22    6.79 v _348_/Y (sky130_fd_sc_hd__a31oi_1)
   0.65    7.44 ^ _363_/Y (sky130_fd_sc_hd__o311ai_0)
   0.26    7.70 v _367_/Y (sky130_fd_sc_hd__a31oi_1)
   0.27    7.97 v _373_/X (sky130_fd_sc_hd__o21a_1)
   0.38    8.36 v _378_/X (sky130_fd_sc_hd__maj3_1)
   0.25    8.61 v _384_/X (sky130_fd_sc_hd__o21a_1)
   0.24    8.84 v _390_/X (sky130_fd_sc_hd__o21a_1)
   0.24    9.08 v _396_/X (sky130_fd_sc_hd__o21a_1)
   0.28    9.36 ^ _402_/Y (sky130_fd_sc_hd__o21ai_0)
   0.20    9.57 ^ _404_/X (sky130_fd_sc_hd__and3_1)
   0.04    9.61 v _405_/Y (sky130_fd_sc_hd__nor3_1)
   0.00    9.61 v _438_/D (sky130_fd_sc_hd__dfxtp_1)
           9.61   data arrival time

  20.00   20.00   clock clk (rise edge)
   0.00   20.00   clock network delay (ideal)
   0.00   20.00   clock reconvergence pessimism
          20.00 ^ _438_/CLK (sky130_fd_sc_hd__dfxtp_1)
  -0.12   19.88   library setup time
          19.88   data required time
---------------------------------------------------------
          19.88   data required time
          -9.61   data arrival time
---------------------------------------------------------
          10.27   slack (MET)


tns max 0.00
wns max 0.00
worst slack max 10.27
