
=== Vibe-IC phase1_phase2_phase3 compliance ===
Project: /home/reyerchu/_c_car15_run
Flow def: /home/reyerchu/_c_car15_run/plugin_work/flow/phase1_phase2_phase3.yaml
Steps: 25 total (3/7 executed PASS, 2 DEFERRED via waiver, 3 VACUOUS-PASS excluded from executed)
  PASS=3  FAIL=0  MISSING=1  WAIVED-DEFERRED=2  SKIPPED=16  VACUOUS-PASS=3

  ✓ [PASS             ] Step P0: Structural-RTL gates (P0 umbrella, 207 of 243 checkers returned a verdict)  (stage1)
       └─ NEVER VALIDLY INVOKED (36 of 243 registered gates) — argument parsing rejected the umbrella's argv, so these gates returned no verdict and what they audit is UNCHECKED:
       └─   - tristate_self_rx_mask_check (NOT INVOKED: argparse rejected the umbrella's argv: the following arguments are required: --rtl-dir — this gate returned NO verdict; the umbrella has not checked what it audits)
       └─   - pulse_decoder_edge_check (NOT INVOKED: argparse rejected the umbrella's argv: the following arguments are required: --rtl-dir — this gate returned NO verdict; the umbrella has not checked what it audits)
       └─   - packet_length_check_present (NOT INVOKED: argparse rejected the umbrella's argv: the following arguments are required: --rtl-dir — this gate returned NO verdict; the umbrella has not checked what it audits)
       └─   - otp_write_lock_gate_check (NOT INVOKED: argparse rejected the umbrella's argv: the following arguments are required: --rtl-dir — this gate returned NO verdict; the umbrella has not checked what it audits)
       └─   - l12_sequence_implementation_check (NOT INVOKED: argparse rejected the umbrella's argv: the following arguments are required: --rtl-dir — this gate returned NO verdict; the umbrella has not checked what it audits)
       └─   - transient_signal_latch_check (NOT INVOKED: argparse rejected the umbrella's argv: the following arguments are required: --rtl-dir — this gate returned NO verdict; the umbrella has not checked what it audits)
       └─   - bit_count_modulo_check (NOT INVOKED: argparse rejected the umbrella's argv: the following arguments are required: --rtl-dir — this gate returned NO verdict; the umbrella has not checked what it audits)
       └─   - cmd_arg_range_validation_check (NOT INVOKED: argparse rejected the umbrella's argv: the following arguments are required: --rtl-dir — this gate returned NO verdict; the umbrella has not checked what it audits)
       └─   - response_payload_template_check (NOT INVOKED: argparse rejected the umbrella's argv: the following arguments are required: --rtl-dir — this gate returned NO verdict; the umbrella has not checked what it audits)
       └─   - pre_awake_silence_check (NOT INVOKED: argparse rejected the umbrella's argv: the following arguments are required: --rtl-dir — this gate returned NO verdict; the umbrella has not checked what it audits)
       └─   - oe_pattern_check (NOT INVOKED: argparse rejected the umbrella's argv: the following arguments are required: --rtl-files, --out-dir — this gate returned NO verdict; the umbrella has not checked what it audits)
       └─   - crc_bitorder_check (NOT INVOKED: argparse rejected the umbrella's argv: the following arguments are required: --rtl-files, --crc-signal, --out-dir — this gate returned NO verdict; the umbrella has not checked what it audits)
       └─   - interface_encoding_audit (NOT INVOKED: argparse rejected the umbrella's argv: the following arguments are required: --rtl-dir, --top-module, --out-dir — this gate returned NO verdict; the umbrella has not checked what it audits)
       └─   - mask_application_check (NOT INVOKED: gate requires an option the umbrella does not supply: error: no masks supplied (--masks or --mask) — this gate returned NO verdict; the umbrella has not checked what it audits)
       └─   - crc_seed_consistency_check (NOT INVOKED: argparse rejected the umbrella's argv: the following arguments are required: --vectors-json — this gate returned NO verdict; the umbrella has not checked what it audits)
       └─   - protocol_gap_check (NOT INVOKED: argparse rejected the umbrella's argv: the following arguments are required: --name, --end-signal, --bus-idle, --min-cycles, --out-dir — this gate returned NO verdict; the umbrella has not checked what it audits)
       └─   - warn_acceptance_policy_check (NOT INVOKED: argparse rejected the umbrella's argv: the following arguments are required: --project-dir — this gate returned NO verdict; the umbrella has not checked what it audits)
       └─   - tristate_bus_check (NOT INVOKED: argparse rejected the umbrella's argv: the following arguments are required: --bus-name, --drivers, --out-dir — this gate returned NO verdict; the umbrella has not checked what it audits)
       └─   - periodic_signal_required_check (NOT INVOKED: gate requires an option the umbrella does not supply: error: no required signals supplied (--periodic or --required) — this gate returned NO verdict; the umbrella has not checked what it audits)
       └─   - fpga_async_input_synchronizer_check (NOT INVOKED: gate requires an option the umbrella does not supply: error: top module not resolved (give --top or --qsf) — this gate returned NO verdict; the umbrella has not checked what it audits)
       └─   - cross_constant_invariant_check (NOT INVOKED: argparse rejected the umbrella's argv: unrecognized arguments: /home/reyerchu/_c_car15_run — this gate returned NO verdict; the umbrella has not checked what it audits)
       └─   - backlog_sanitize_check (NOT INVOKED: argparse rejected the umbrella's argv: one of the arguments --file --dir is required — this gate returned NO verdict; the umbrella has not checked what it audits)
       └─   - fpga_qsf_lint (NOT INVOKED: argparse rejected the umbrella's argv: the following arguments are required: --qsf-file, --rtl-dir — this gate returned NO verdict; the umbrella has not checked what it audits)
       └─   - fresh_agent_provenance_check (NOT INVOKED: argparse rejected the umbrella's argv: the following arguments are required: reference_dir — this gate returned NO verdict; the umbrella has not checked what it audits)
       └─   - json_schema_check (NOT INVOKED: argparse rejected the umbrella's argv: the following arguments are required: --json-file — this gate returned NO verdict; the umbrella has not checked what it audits)
       └─   - l9_completeness_check (NOT INVOKED: argparse rejected the umbrella's argv: the following arguments are required: --l9-file — this gate returned NO verdict; the umbrella has not checked what it audits)
       └─   - module_port_audit (NOT INVOKED: argparse rejected the umbrella's argv: unrecognized arguments: /home/reyerchu/_c_car15_run — this gate returned NO verdict; the umbrella has not checked what it audits)
       └─   - openroad_tcl_deprecation_check (NOT INVOKED: argparse rejected the umbrella's argv: unrecognized arguments: /home/reyerchu/_c_car15_run — this gate returned NO verdict; the umbrella has not checked what it audits)
       └─   - output_artifact_check (NOT INVOKED: argparse rejected the umbrella's argv: the following arguments are required: --base-dir — this gate returned NO verdict; the umbrella has not checked what it audits)
       └─   - payload_bit_position_check (NOT INVOKED: gate requires an option the umbrella does not supply: error: empty bitmap (give --bitmap or --layer-l3/--layer-l4) — this gate returned NO verdict; the umbrella has not checked what it audits)
       └─   - phase1_gate_contract_check (NOT INVOKED: argparse rejected the umbrella's argv: unrecognized arguments: /home/reyerchu/_c_car15_run — this gate returned NO verdict; the umbrella has not checked what it audits)
       └─   - practical_notes_specificity_check (NOT INVOKED: argparse rejected the umbrella's argv: unrecognized arguments: /home/reyerchu/_c_car15_run — this gate returned NO verdict; the umbrella has not checked what it audits)
       └─   - rtl_precheck_gate (NOT INVOKED: argparse rejected the umbrella's argv: the following arguments are required: --rtl-dir — this gate returned NO verdict; the umbrella has not checked what it audits)
       └─   - scope_periodic_pulse_check (NOT INVOKED: argparse rejected the umbrella's argv: unrecognized arguments: /home/reyerchu/_c_car15_run — this gate returned NO verdict; the umbrella has not checked what it audits)
       └─   - testbench_exists_check (NOT INVOKED: argparse rejected the umbrella's argv: the following arguments are required: --rtl-dir — this gate returned NO verdict; the umbrella has not checked what it audits)
       └─   - tester_oracle_health_check (NOT INVOKED: argparse rejected the umbrella's argv: the following arguments are required: --config — this gate returned NO verdict; the umbrella has not checked what it audits)
       └─ SKIP: l9_response_delay_schema_check
       └─ SKIP: otp_image_layer_consistency_check
       └─ SKIP: spice_correlation_check (SKIP: N/A for class 'bus_peripheral': analog_applicable=false (verification_track='generic_full_stack'). This IC has no analog content, so the analog block-coverage / hardmacro / mixed-signal gate does not apply. Core functional gates (lint/synth/CDC/sim) still run.)
       └─ SKIP: analog_block_coverage_check (SKIP: N/A for class 'bus_peripheral': analog_applicable=false (verification_track='generic_full_stack'). This IC has no analog content, so the analog block-coverage / hardmacro / mixed-signal gate does not apply. Core functional gates (lint/synth/CDC/sim) still run.)
       └─ SKIP: analog_corner_sweep_check (SKIP: analog track deferred via --skip-analog (review_required at analog / foundry sign-off))
       └─ SKIP: analog_netlist_pdk_check (SKIP: analog track deferred via --skip-analog (review_required at analog / foundry sign-off))
       └─ SKIP: analog_hw_spice_correlation_check (SKIP: N/A for class 'bus_peripheral': analog_applicable=false (verification_track='generic_full_stack'). This IC has no analog content, so the analog block-coverage / hardmacro / mixed-signal gate does not apply. Core functional gates (lint/synth/CDC/sim) still run.)
       └─ SKIP: analog_hardmacro_check (SKIP: N/A for class 'bus_peripheral': analog_applicable=false (verification_track='generic_full_stack'). This IC has no analog content, so the analog block-coverage / hardmacro / mixed-signal gate does not apply. Core functional gates (lint/synth/CDC/sim) still run.)
       └─ SKIP: mixed_signal_cosim_check (SKIP: N/A for class 'bus_peripheral': analog_applicable=false (verification_track='generic_full_stack'). This IC has no analog content, so the analog block-coverage / hardmacro / mixed-signal gate does not apply. Core functional gates (lint/synth/CDC/sim) still run.)
       └─ SKIP: analog_pre_vs_post_layout_check (SKIP: analog track deferred via --skip-analog (review_required at analog / foundry sign-off))
       └─ SKIP: analog_flow_compliance_check (SKIP: analog track deferred via --skip-analog (review_required at analog / foundry sign-off))
       └─ SKIP: analog_digital_interface_check (SKIP: analog track deferred via --skip-analog (review_required at analog / foundry sign-off))
       └─ SKIP: analog_a1_spec_extract_check (SKIP: analog track deferred via --skip-analog (review_required at analog / foundry sign-off))
       └─ SKIP: analog_a2_topology_select_check (SKIP: analog track deferred via --skip-analog (review_required at analog / foundry sign-off))
       └─ SKIP: analog_a3_netlist_gen_check (SKIP: analog track deferred via --skip-analog (review_required at analog / foundry sign-off))
       └─ SKIP: analog_a4_corner_sweep_check (SKIP: analog track deferred via --skip-analog (review_required at analog / foundry sign-off))
       └─ SKIP: analog_a5_layout_check (SKIP: analog track deferred via --skip-analog (review_required at analog / foundry sign-off))
       └─ SKIP: analog_a6_block_pv_check (SKIP: analog track deferred via --skip-analog (review_required at analog / foundry sign-off))
       └─ SKIP: analog_a7_post_layout_resim_check (SKIP: analog track deferred via --skip-analog (review_required at analog / foundry sign-off))
       └─ SKIP: analog_a8_hardmacro_gen_check (SKIP: analog track deferred via --skip-analog (review_required at analog / foundry sign-off))
       └─ SKIP: analog_a9_hw_verify_check (SKIP: analog track deferred via --skip-analog (review_required at analog / foundry sign-off))
       └─ SKIP: break_framing_vs_l3_check
       └─ SKIP: break_handler_safety_check
       └─ SKIP: tx_abort_during_transmission_check
       └─ SKIP: protocol_fsm_topology_check
       └─ SKIP: clock_divider_period_check
       └─ SKIP: cross_module_1cycle_handshake_check
       └─ SKIP: frame_end_detection_check
       └─ SKIP: crc_oracle_vector_check
       └─ SKIP: arbiter_starvation_check
       └─ SKIP: tristate_pullup_assertion_check
       └─ SKIP: protocol_ip_simulation_required_check (SKIP: N/A for class 'bus_peripheral': command_protocol_applicable=false (verification_track='generic_full_stack'). This IC has no SW-visible command protocol / opcode argument map / protocol behavioral steps, so the protocol gate does not apply. Core functional gates (lint/synth/CDC/sim) still run.)
       └─ SKIP: bram_init_portable_compat_check
       └─ SKIP: bram_pdob_combinational_check
       └─ SKIP: waiver_staleness_check
       └─ SKIP: regmap_bit_layout_check
       └─ SKIP: bit_level_full_stack_tb_oracle_check (SKIP: N/A for class 'bus_peripheral': command_protocol_applicable=false (verification_track='generic_full_stack'). This IC has no SW-visible command protocol / opcode argument map / protocol behavioral steps, so the protocol gate does not apply. Core functional gates (lint/synth/CDC/sim) still run.)
       └─ SKIP: l3_opcode_response_template_check
       └─ SKIP: l3_opcode_argument_constraints_check (SKIP: N/A for class 'bus_peripheral': command_protocol_applicable=false (verification_track='generic_full_stack'). This IC has no SW-visible command protocol / opcode argument map / protocol behavioral steps, so the protocol gate does not apply. Core functional gates (lint/synth/CDC/sim) still run.)
       └─ SKIP: doc_consistency_no_unresolved_conflicts_check
       └─ SKIP: l1_electrical_specs_typed_depth_check (SKIP: N/A for class 'bus_peripheral': command_protocol_applicable=false (verification_track='generic_full_stack'). This IC has no SW-visible command protocol / opcode argument map / protocol behavioral steps, so the protocol gate does not apply. Core functional gates (lint/synth/CDC/sim) still run.)
       └─ SKIP: l4_regmap_enumerated_values_typed_check
       └─ SKIP: l4_regmap_declared_register_coverage_check
       └─ SKIP: l5_analog_block_spec_actionable_check
       └─ SKIP: l6_fsm_scaffold_actionable_check
       └─ SKIP: l8_clock_domains_typed_check
       └─ SKIP: l11_otp_lock_dependencies_typed_check
       └─ SKIP: l12_behavioral_sequences_steps_typed_check (SKIP: N/A for class 'bus_peripheral': command_protocol_applicable=false (verification_track='generic_full_stack'). This IC has no SW-visible command protocol / opcode argument map / protocol behavioral steps, so the protocol gate does not apply. Core functional gates (lint/synth/CDC/sim) still run.)
       └─ SKIP: l10_test_cases_cover_l3_constraints_check
       └─ SKIP: l11_sequence_covers_l6_reject_rules_check
       └─ SKIP: assertion_covers_l3_constraints_check (SKIP: N/A for class 'bus_peripheral': command_protocol_applicable=false (verification_track='generic_full_stack'). This IC has no SW-visible command protocol / opcode argument map / protocol behavioral steps, so the protocol gate does not apply. Core functional gates (lint/synth/CDC/sim) still run.)
       └─ SKIP: l20_dft_scan_topology_actionable_check
       └─ SKIP: l23_security_requirements_typed_check
       └─ SKIP: analog_content_detected_must_emit_l5_check (SKIP: N/A for class 'bus_peripheral': analog_applicable=false (verification_track='generic_full_stack'). This IC has no analog content, so the analog block-coverage / hardmacro / mixed-signal gate does not apply. Core functional gates (lint/synth/CDC/sim) still run.)
       └─ SKIP: pdk_analog_completeness_check (SKIP: analog track deferred via --skip-analog (review_required at analog / foundry sign-off))
       └─ SKIP: analog_artefact_substance_check (SKIP: analog track deferred via --skip-analog (review_required at analog / foundry sign-off))
       └─ SKIP: fpga_program_chain_attest_check
       └─ SKIP: phase1_k5_quality_check
       └─ SKIP: deliverable_verdict_consistency_check
       └─ SKIP: l24_signoff_evidence_backed_check
       └─ SKIP: l25_reliability_envelope_actionable_check
  ○ [VACUOUS-PASS     ] Step D1: Phase 1 Doc Extraction (17 skills + dialogue entry → L1-L27)  (stage_phase1)
       └─ vacuous: gate program signalled VACUOUS_PASS (input not applicable): phase1_expert_parse_track .
       └─ ADVISORY (non-blocking, #306): ok: phase1_expert_track_evidence_check .
       └─ ADVISORY (non-blocking, #306): ok: l16_compliance_properties_actionable_check .
       └─ ADVISORY (non-blocking, #306): ok: l17_channel_catalog_consumer_contract_check .
       └─ ADVISORY (non-blocking, #306): n/a (input not present): l21_macro_supply_rail_declared_check .
       └─ ADVISORY (non-blocking, #306): ok: l8_sta_clock_period_design_owned_check .
       └─ ADVISORY (non-blocking, #306): ok: l7_debug_access_grounding_check .
       └─ ADVISORY (non-blocking, #306): ok: l8_clock_period_actionability_check .
       └─ ADVISORY (non-blocking, #306): ok: l9_floorplan_contract_check .
       └─ ADVISORY (non-blocking, #306): n/a (input not present): l10_test_case_oracle_anchor_check .
       └─ ADVISORY (non-blocking, #306): ok: l11_otp_content_consumer_contract_check .
       └─ ADVISORY (non-blocking, #306): ok: l12_sequences_in_consumed_layer_check .
       └─ ADVISORY (non-blocking, #306): ok: l13_bringup_contract_check .
       └─ ADVISORY (non-blocking, #306): ok: l14_protocol_versioning_contract_check .
       └─ ADVISORY (non-blocking, #306): ok: l15_encoding_tables_contract_check .
       └─ ADVISORY (non-blocking, #306): ok: l18_interconnect_topology_factuality_check .
       └─ ADVISORY (non-blocking, #306): n/a (input not present): cross_layer_reference_check .
  ✓ [PASS             ] Step  1: Spec-to-RTL  (stage1)
  ✓ [PASS             ] Step  2: 🔁 Lint (RTL + Quartus-unsafe patterns + RTL-bug claim schema)  (stage1)
  - [SKIPPED-CONDITION] Step  3: 🔁 CDC / RDC check  (stage1)
       └─ verdict artifact self-reports SKIPPED-CONDITION (#433c): reports/phase2/cdc/crossing.json: multi-clock design (root_clocks=['user_clock2', 'wb_clk_i'], scope: top module 'user_project_wrapper' (resolved via --top-name)): a real CDC tool run is require; reports/phase2/cdc/async_input.json: multi-clock design (root_clocks=['user_clock2', 'wb_clk_i'], scope: top module 'user_project_wrapper' (resolved via --top-name)): a real CDC tool run is require; reports/phase2/cdc/reset_dep.json: multi-clock design (root_clocks=['user_clock2', 'wb_clk_i'], scope: top module 'user_project_wrapper' (resolved via --top-name)): a real CDC tool run is require
  ~ [WAIVED-DEFERRED  ] Step  4: 🔁 Simulation (testbench-based + L10/L12 coverage + Verilator coverage)  (stage1)
       └─ WAIVED-DEFERRED: gate program signalled PASS_WITH_WAIVERS (#651 — a slot credited via a waiver, NOT a bare PASS; production tapeout review must close it): cpu_functional_oracle_waiver_check . --json reports/phase2/gates/cpu_functional_oracle_waiver.json
       └─ WAIVED-DEFERRED: gate program signalled PASS_WITH_WAIVERS (#651 — a slot credited via a waiver, NOT a bare PASS; production tapeout review must close it): verilator_coverage_measure check --coverage-json reports/phase2/coverage/coverage_actual.json
       └─ ADVISORY (non-blocking, #306): n/a (input not present): coverage_closure .
  ○ [VACUOUS-PASS     ] Step  5: 🔁 Formal verification (assertions proved + bit-level full-stack phase2/stage1/tb)  (stage1)
       └─ vacuous: gate program signalled VACUOUS_PASS (input not applicable): bit_level_full_stack_tb_check . --json reports/phase2/gates/bit_level_full_stack.json
  ~ [WAIVED-DEFERRED  ] Step  6: FPGA early prototype + verification report audit  (stage1)
       └─ ENV_UNAVAILABLE waiver applied (natural verdict was FAIL/MISSING): ENV_UNAVAILABLE (fpga-board-prototype cap-gap): the runner HONESTLY self-reports a deliberate FPGA skip (reports/phase2/fpga/quartus_map_audit.json verdict=SKIP, sof_present=false) — no DE10-class board-pin contract for this IC class and/or no Quartus on host. The on-board .sof (early-prototype AND final sign-off) is DEFERRED to board bring-up (NOT executed-PASS) [ticket=fpga-board-prototype-capgap-v1.0.18, review_required=True, cap:fpga_board_prototype] (approver: field-agent-attest (fpga-board cap-gap tier))
       └─   ↳ natural: missing files (any_of=False): ['phase2/stage1/fpga/output_files/*.sof']
  ○ [VACUOUS-PASS     ] Step FS1: ISO-26262 FMEDA diagnostic-coverage (fault-injection; safety designs only)  (stage2)
       └─ vacuous: gate program signalled VACUOUS_PASS (input not applicable): fmeda_fault_injection_coverage . --rtl-dir phase2/stage1/rtl --asil D --json reports/phase2/safety/fmeda_coverage.json
       └─ vacuous: gate program signalled VACUOUS_PASS (input not applicable): fmeda_coverage_check . --json reports/phase2/safety/fmeda_coverage_gate.json
  · [MISSING          ] Step DT1: Transition-delay-fault (at-speed LOC) ATPG  (stage2)
       └─ no required_outputs found (expected: ['reports/phase2/dft/transition_coverage.json'])
  - [SKIPPED-CONDITION] Step A1: Analog Spec Extraction  (stage_analog)
       └─ analog track skipped via --skip-analog
  - [SKIPPED-CONDITION] Step A2: Analog Topology Selection  (stage_analog)
       └─ analog track skipped via --skip-analog
  - [SKIPPED-CONDITION] Step A3: Analog Netlist Generation  (stage_analog)
       └─ analog track skipped via --skip-analog
  - [SKIPPED-CONDITION] Step A4: Analog Corner Sweep (PVT)  (stage_analog)
       └─ analog track skipped via --skip-analog
  - [SKIPPED-CONDITION] Step A5: Analog Layout  (stage_analog)
       └─ analog track skipped via --skip-analog
  - [SKIPPED-CONDITION] Step A6: Analog Physical Verification (per-block DRC + LVS before merge)  (stage_analog)
       └─ analog track skipped via --skip-analog
  - [SKIPPED-CONDITION] Step A7: 🔁 Post-Layout Resimulation  (stage_analog)
       └─ analog track skipped via --skip-analog
  - [SKIPPED-CONDITION] Step A8: Hardmacro Generation (LEF + Liberty + GDS + Verilog)  (stage_analog)
       └─ analog track skipped via --skip-analog
  - [SKIPPED-CONDITION] Step A9: 🔁 Co-Simulation (+ HW correlation when bench data exists)  (stage_analog)
       └─ analog track skipped via --skip-analog
  - [SKIPPED-CONDITION] Step DT2: Path-delay-fault (at-speed, timing-graded) ATPG  (stage2)
       └─ condition not met: {'files_exist': ['phase2/stage2/dft/cut_netlist.v', 'phase3/stage3/extracted/*.spef', 'phase3/stage3/pnr/*_pnr.v']}
  - [SKIPPED-CONDITION] Step DT3: Small-delay-defect (SDD) at-speed grade  (stage2)
       └─ condition not met: {'files_exist': ['reports/phase2/dft/path_delay_coverage.json', 'reports/phase2/dft/transition_coverage.json']}
  - [SKIPPED-CONDITION] Step M1: Mixed-Signal Top-Level Integration (A+D GDS merge + macro placement)  (stage_mixed_signal)
       └─ condition not met: {'files_exist': ['phase1/analog/analog_block_list.json']}
  - [SKIPPED-CONDITION] Step M2: Mixed-Signal Power Domain + Level Shifter / Isolation Verification  (stage_mixed_signal)
       └─ condition not met: {'files_exist': ['phase1/analog/analog_block_list.json']}
  - [SKIPPED-CONDITION] Step M3: Mixed-Signal Verification (AMS co-sim + RNM + interface signal integrity)  (stage_mixed_signal)
       └─ condition not met: {'files_exist': ['phase1/analog/analog_block_list.json']}
  - [SKIPPED-CONDITION] Step M4: Mixed-Signal Sign-Off (top-level PV + final verdict)  (stage_mixed_signal)
       └─ condition not met: {'files_exist': ['phase1/analog/analog_block_list.json']}

Overall: PASS_WITH_WAIVERS  (strict=True)
  ⚠ 2 step(s) DEFERRED via waiver — production tapeout review must close them.

