
 /----------------------------------------------------------------------------\
 |  yosys -- Yosys Open SYnthesis Suite                                       |
 |  Copyright (C) 2012 - 2026  Claire Xenia Wolf <claire@yosyshq.com>         |
 |  Distributed under an ISC-like license, type "license" to see terms        |
 \----------------------------------------------------------------------------/
 Yosys 0.68+ (git sha1 15ccb6841, Release, GNU /usr/bin/c++ 13.3.0) [github.com/vibeic/yosys at HEAD]

-- Executing script file `/home/reyerchu/_c14b_spm_sky130A/reports/lec_equiv.ys' --

1. Executing Verilog-2005 frontend: /home/reyerchu/_c14b_spm_sky130A/phase2/stage1/rtl/spm.v
Parsing SystemVerilog input from `/home/reyerchu/_c14b_spm_sky130A/phase2/stage1/rtl/spm.v' to AST representation.
Generating RTLIL representation for module `\spm'.
Successfully finished Verilog frontend.
Renaming module \spm to \spm__rtl.

2. Executing Verilog-2005 frontend: /home/reyerchu/_c14b_spm_sky130A/reports/lec_scan_gold_wrapper.v
Parsing SystemVerilog input from `/home/reyerchu/_c14b_spm_sky130A/reports/lec_scan_gold_wrapper.v' to AST representation.
Generating RTLIL representation for module `\spm'.
Successfully finished Verilog frontend.

3. Executing PREP pass.

3.1. Executing HIERARCHY pass (managing design hierarchy).

3.1.1. Analyzing design hierarchy..
Top module:  \spm
Used module:     \spm__rtl

3.1.2. Analyzing design hierarchy..
Top module:  \spm
Used module:     \spm__rtl
Removed 0 unused modules.

3.2. Executing PROC pass (convert processes to netlists).

3.2.1. Executing PROC_CLEAN pass (remove empty switches from decision trees).
Cleaned up 0 empty switches.

3.2.2. Executing PROC_RMDEAD pass (remove dead branches from decision trees).
Marked 1 switch rules as full_case in process $proc$/home/reyerchu/_c14b_spm_sky130A/phase2/stage1/rtl/spm.v:34$9 in module spm__rtl.
Removed a total of 0 dead cases.

3.2.3. Executing PROC_PRUNE pass (remove redundant assignments in processes).
Removed 4 redundant assignments.
Promoted 0 assignments to connections.

3.2.4. Executing PROC_INIT pass (extract init attributes).

3.2.5. Executing PROC_ARST pass (detect async resets in processes).

3.2.6. Executing PROC_ROM pass (convert switches to ROMs).
Converted 0 switches.
<suppressed ~1 debug messages>

3.2.7. Executing PROC_MUX pass (convert decision trees to multiplexers).
Creating decoders for process `\spm__rtl.$proc$/home/reyerchu/_c14b_spm_sky130A/phase2/stage1/rtl/spm.v:34$9'.
     1/4: $0\pr[0:0]
     2/4: $0\yr[0:0]
     3/4: $0\c[31:0]
     4/4: $0\s[31:0]

3.2.8. Executing PROC_DLATCH pass (convert process syncs to latches).

3.2.9. Executing PROC_DFF pass (convert process syncs to FFs).
Creating register for signal `\spm__rtl.\c' using process `\spm__rtl.$proc$/home/reyerchu/_c14b_spm_sky130A/phase2/stage1/rtl/spm.v:34$9'.
  created $dff cell `$procdff$22' with positive edge clock.
Creating register for signal `\spm__rtl.\s' using process `\spm__rtl.$proc$/home/reyerchu/_c14b_spm_sky130A/phase2/stage1/rtl/spm.v:34$9'.
  created $dff cell `$procdff$23' with positive edge clock.
Creating register for signal `\spm__rtl.\yr' using process `\spm__rtl.$proc$/home/reyerchu/_c14b_spm_sky130A/phase2/stage1/rtl/spm.v:34$9'.
  created $dff cell `$procdff$24' with positive edge clock.
Creating register for signal `\spm__rtl.\pr' using process `\spm__rtl.$proc$/home/reyerchu/_c14b_spm_sky130A/phase2/stage1/rtl/spm.v:34$9'.
  created $dff cell `$procdff$25' with positive edge clock.

3.2.10. Executing PROC_MEMWR pass (convert process memory writes to cells).

3.2.11. Executing PROC_CLEAN pass (remove empty switches from decision trees).
Found and cleaned up 1 empty switch in `\spm__rtl.$proc$/home/reyerchu/_c14b_spm_sky130A/phase2/stage1/rtl/spm.v:34$9'.
Removing empty process `spm__rtl.$proc$/home/reyerchu/_c14b_spm_sky130A/phase2/stage1/rtl/spm.v:34$9'.
Cleaned up 1 empty switch.

3.2.12. Executing OPT_EXPR pass (perform const folding).
Optimizing module spm.
Optimizing module spm__rtl.

3.3. Executing FUTURE pass.

3.4. Executing OPT_EXPR pass (perform const folding).
Optimizing module spm.
Optimizing module spm__rtl.

3.5. Executing OPT_CLEAN pass (remove unused cells and wires).
Finding unused cells or wires in module \spm..
Finding unused cells or wires in module \spm__rtl..
Removed 0 unused cells and 11 unused wires.
<suppressed ~1 debug messages>

3.6. Executing CHECK pass (checking for obvious problems).
Checking module spm...
Checking module spm__rtl...
Found and reported 0 problems.

3.7. Executing OPT pass (performing simple optimizations).

3.7.1. Executing OPT_EXPR pass (perform const folding).
Optimizing module spm.
Optimizing module spm__rtl.

3.7.2. Executing OPT_MERGE pass (detect identical cells).
Finding identical cells in module `\spm'.
Computing hashes of 1 cells of `\spm'.
Finding duplicate cells in `\spm'.
Finding identical cells in module `\spm__rtl'.
Computing hashes of 16 cells of `\spm__rtl'.
Finding duplicate cells in `\spm__rtl'.
Removed a total of 0 cells.

3.7.3. Executing OPT_MUXTREE pass (detect dead branches in mux trees).
Running muxtree optimizer on module \spm..
  Creating internal representation of mux trees.
  No muxes found in this module.
Running muxtree optimizer on module \spm__rtl..
  Creating internal representation of mux trees.
  Evaluating internal representation of mux trees.
  Analyzing evaluation results.
Removed 0 multiplexer ports.
<suppressed ~8 debug messages>

3.7.4. Executing OPT_REDUCE pass (consolidate $*mux and $reduce_* inputs).
  Optimizing cells in module \spm.
  Optimizing cells in module \spm__rtl.
Performed a total of 0 changes.

3.7.5. Executing OPT_MERGE pass (detect identical cells).
Finding identical cells in module `\spm'.
Computing hashes of 1 cells of `\spm'.
Finding duplicate cells in `\spm'.
Finding identical cells in module `\spm__rtl'.
Computing hashes of 16 cells of `\spm__rtl'.
Finding duplicate cells in `\spm__rtl'.
Removed a total of 0 cells.

3.7.6. Executing OPT_CLEAN pass (remove unused cells and wires).
Finding unused cells or wires in module \spm..
Finding unused cells or wires in module \spm__rtl..

3.7.7. Executing OPT_EXPR pass (perform const folding).
Optimizing module spm.
Optimizing module spm__rtl.

3.7.8. Finished fast OPT passes. (There is nothing left to do.)

3.8. Executing WREDUCE pass (reducing word size of cells).
Removed top 1 bits (of 32) from mux cell spm__rtl.$procmux$20 ($mux).
Removed top 1 bits (of 32) from wire spm__rtl.$0\s[31:0].

3.9. Executing OPT_CLEAN pass (remove unused cells and wires).
Finding unused cells or wires in module \spm..
Finding unused cells or wires in module \spm__rtl..
Removed 0 unused cells and 1 unused wires.
<suppressed ~1 debug messages>

3.10. Executing MEMORY_COLLECT pass (generating $mem cells).

3.11. Executing OPT pass (performing simple optimizations).

3.11.1. Executing OPT_EXPR pass (perform const folding).
Optimizing module spm.
Optimizing module spm__rtl.

3.11.2. Executing OPT_MERGE pass (detect identical cells).
Finding identical cells in module `\spm'.
Computing hashes of 1 cells of `\spm'.
Finding duplicate cells in `\spm'.
Finding identical cells in module `\spm__rtl'.
Computing hashes of 16 cells of `\spm__rtl'.
Finding duplicate cells in `\spm__rtl'.
Removed a total of 0 cells.

3.11.3. Executing OPT_CLEAN pass (remove unused cells and wires).
Finding unused cells or wires in module \spm..
Finding unused cells or wires in module \spm__rtl..

3.11.4. Finished fast OPT passes.

3.12. Executing SORT pass.

3.13. Printing statistics.

=== spm ===

        +----------Local Count, excluding submodules.
        | 
        5 wires
       36 wire bits
        5 public wires
       36 public wire bits
        5 ports
       36 port bits
        0 cells
        1 submodules
        1   spm__rtl

=== spm__rtl ===

        +----------Local Count, excluding submodules.
        | 
       21 wires
      423 wire bits
       12 public wires
      198 public wire bits
        5 ports
       36 port bits
       16 cells
        4   $and
        4   $dff
        4   $mux
        2   $or
        2   $xor

=== design hierarchy ===

        +----------Count including submodules.
        | 
       16 spm
       16 spm__rtl

        +----------Count including submodules.
        | 
       26 wires
      459 wire bits
       17 public wires
      234 public wire bits
       10 ports
       72 port bits
        - memories
        - memory bits
        - processes
       16 cells
        4   $and
        4   $dff
        4   $mux
        2   $or
        2   $xor
        1 submodules
        1   spm__rtl

3.14. Executing CHECK pass (checking for obvious problems).
Checking module spm...
Checking module spm__rtl...
Found and reported 0 problems.

4. Executing MEMORY_MAP pass (converting memories to logic and flip-flops).

5. Executing FLATTEN pass (flatten design).
Deleting now unused module spm__rtl.
<suppressed ~1 debug messages>

6. Executing ASYNC2SYNC pass.

7. Executing OPT_CLEAN pass (remove unused cells and wires).
Finding unused cells or wires in module \spm..

8. Executing SPLITNETS pass (splitting up multi-bit signals).

9. Executing Liberty frontend: /foss/pdks/sky130A/libs.ref/sky130_fd_sc_hd/lib/sky130_fd_sc_hd__tt_025C_1v80.lib
Imported 428 cell types from liberty file.
<suppressed ~12 debug messages>

10. Executing Verilog-2005 frontend: /home/reyerchu/_c14b_spm_sky130A/phase2/stage2/synth/post_dft_netlist.v
Parsing Verilog input from `/home/reyerchu/_c14b_spm_sky130A/phase2/stage2/synth/post_dft_netlist.v' to AST representation.
Generating RTLIL representation for module `\spm'.
Successfully finished Verilog frontend.
Renaming module \spm to \spm__scan.

11. Executing Verilog-2005 frontend: /home/reyerchu/_c14b_spm_sky130A/reports/lec_scan_gate_wrapper.v
Parsing SystemVerilog input from `/home/reyerchu/_c14b_spm_sky130A/reports/lec_scan_gate_wrapper.v' to AST representation.
Generating RTLIL representation for module `\spm'.
Successfully finished Verilog frontend.

12. Executing HIERARCHY pass (managing design hierarchy).

12.1. Analyzing design hierarchy..
Top module:  \spm
Used module:     \spm__scan
Used module:         \sky130_fd_sc_hd__dfxtp_1
Used module:         \sky130_fd_sc_hd__and3_1
Used module:         \sky130_fd_sc_hd__a21oi_1
Used module:         \sky130_fd_sc_hd__xor2_1
Used module:         \sky130_fd_sc_hd__nor3_1
Used module:         \sky130_fd_sc_hd__a211oi_1
Used module:         \sky130_fd_sc_hd__nor2b_1
Used module:         \sky130_fd_sc_hd__nor2_1
Used module:         \sky130_fd_sc_hd__xnor2_1
Used module:         \sky130_fd_sc_hd__nand2_1
Used module:         \sky130_fd_sc_hd__a22oi_1
Used module:         \sky130_fd_sc_hd__dfrtp_1
Used module:         \sky130_fd_sc_hd__clkinv_1
Used module:         \sky130_fd_sc_hd__mux2_1

12.2. Analyzing design hierarchy..
Top module:  \spm
Used module:     \spm__scan
Used module:         \sky130_fd_sc_hd__dfxtp_1
Used module:         \sky130_fd_sc_hd__and3_1
Used module:         \sky130_fd_sc_hd__a21oi_1
Used module:         \sky130_fd_sc_hd__xor2_1
Used module:         \sky130_fd_sc_hd__nor3_1
Used module:         \sky130_fd_sc_hd__a211oi_1
Used module:         \sky130_fd_sc_hd__nor2b_1
Used module:         \sky130_fd_sc_hd__nor2_1
Used module:         \sky130_fd_sc_hd__xnor2_1
Used module:         \sky130_fd_sc_hd__nand2_1
Used module:         \sky130_fd_sc_hd__a22oi_1
Used module:         \sky130_fd_sc_hd__dfrtp_1
Used module:         \sky130_fd_sc_hd__clkinv_1
Used module:         \sky130_fd_sc_hd__mux2_1
Removing unused module `\sky130_fd_sc_hd__xor3_4'.
Removing unused module `\sky130_fd_sc_hd__xor3_2'.
Removing unused module `\sky130_fd_sc_hd__xor3_1'.
Removing unused module `\sky130_fd_sc_hd__xor2_4'.
Removing unused module `\sky130_fd_sc_hd__xor2_2'.
Removing unused module `\sky130_fd_sc_hd__xnor3_4'.
Removing unused module `\sky130_fd_sc_hd__xnor3_2'.
Removing unused module `\sky130_fd_sc_hd__xnor3_1'.
Removing unused module `\sky130_fd_sc_hd__xnor2_4'.
Removing unused module `\sky130_fd_sc_hd__xnor2_2'.
Removing unused module `\sky130_fd_sc_hd__sedfxtp_4'.
Removing unused module `\sky130_fd_sc_hd__sedfxtp_2'.
Removing unused module `\sky130_fd_sc_hd__sedfxtp_1'.
Removing unused module `\sky130_fd_sc_hd__sedfxbp_2'.
Removing unused module `\sky130_fd_sc_hd__sedfxbp_1'.
Removing unused module `\sky130_fd_sc_hd__sdlclkp_4'.
Removing unused module `\sky130_fd_sc_hd__sdlclkp_2'.
Removing unused module `\sky130_fd_sc_hd__sdlclkp_1'.
Removing unused module `\sky130_fd_sc_hd__sdfxtp_4'.
Removing unused module `\sky130_fd_sc_hd__sdfxtp_2'.
Removing unused module `\sky130_fd_sc_hd__sdfxtp_1'.
Removing unused module `\sky130_fd_sc_hd__sdfxbp_2'.
Removing unused module `\sky130_fd_sc_hd__sdfxbp_1'.
Removing unused module `\sky130_fd_sc_hd__sdfstp_4'.
Removing unused module `\sky130_fd_sc_hd__sdfstp_2'.
Removing unused module `\sky130_fd_sc_hd__sdfstp_1'.
Removing unused module `\sky130_fd_sc_hd__sdfsbp_2'.
Removing unused module `\sky130_fd_sc_hd__sdfsbp_1'.
Removing unused module `\sky130_fd_sc_hd__sdfrtp_4'.
Removing unused module `\sky130_fd_sc_hd__sdfrtp_2'.
Removing unused module `\sky130_fd_sc_hd__sdfrtp_1'.
Removing unused module `\sky130_fd_sc_hd__sdfrtn_1'.
Removing unused module `\sky130_fd_sc_hd__sdfrbp_2'.
Removing unused module `\sky130_fd_sc_hd__sdfrbp_1'.
Removing unused module `\sky130_fd_sc_hd__sdfbbp_1'.
Removing unused module `\sky130_fd_sc_hd__sdfbbn_2'.
Removing unused module `\sky130_fd_sc_hd__sdfbbn_1'.
Removing unused module `\sky130_fd_sc_hd__probec_p_8'.
Removing unused module `\sky130_fd_sc_hd__probe_p_8'.
Removing unused module `\sky130_fd_sc_hd__or4bb_4'.
Removing unused module `\sky130_fd_sc_hd__or4bb_2'.
Removing unused module `\sky130_fd_sc_hd__or4bb_1'.
Removing unused module `\sky130_fd_sc_hd__or4b_4'.
Removing unused module `\sky130_fd_sc_hd__or4b_2'.
Removing unused module `\sky130_fd_sc_hd__or4b_1'.
Removing unused module `\sky130_fd_sc_hd__or4_4'.
Removing unused module `\sky130_fd_sc_hd__or4_2'.
Removing unused module `\sky130_fd_sc_hd__or4_1'.
Removing unused module `\sky130_fd_sc_hd__or3b_4'.
Removing unused module `\sky130_fd_sc_hd__or3b_2'.
Removing unused module `\sky130_fd_sc_hd__or3b_1'.
Removing unused module `\sky130_fd_sc_hd__or3_4'.
Removing unused module `\sky130_fd_sc_hd__or3_2'.
Removing unused module `\sky130_fd_sc_hd__or3_1'.
Removing unused module `\sky130_fd_sc_hd__or2b_4'.
Removing unused module `\sky130_fd_sc_hd__or2b_2'.
Removing unused module `\sky130_fd_sc_hd__or2b_1'.
Removing unused module `\sky130_fd_sc_hd__or2_4'.
Removing unused module `\sky130_fd_sc_hd__or2_2'.
Removing unused module `\sky130_fd_sc_hd__or2_1'.
Removing unused module `\sky130_fd_sc_hd__or2_0'.
Removing unused module `\sky130_fd_sc_hd__o41ai_4'.
Removing unused module `\sky130_fd_sc_hd__o41ai_2'.
Removing unused module `\sky130_fd_sc_hd__o41ai_1'.
Removing unused module `\sky130_fd_sc_hd__o41a_4'.
Removing unused module `\sky130_fd_sc_hd__o41a_2'.
Removing unused module `\sky130_fd_sc_hd__o41a_1'.
Removing unused module `\sky130_fd_sc_hd__o32ai_4'.
Removing unused module `\sky130_fd_sc_hd__o32ai_2'.
Removing unused module `\sky130_fd_sc_hd__o32ai_1'.
Removing unused module `\sky130_fd_sc_hd__o32a_4'.
Removing unused module `\sky130_fd_sc_hd__o32a_2'.
Removing unused module `\sky130_fd_sc_hd__o32a_1'.
Removing unused module `\sky130_fd_sc_hd__o31ai_4'.
Removing unused module `\sky130_fd_sc_hd__o31ai_2'.
Removing unused module `\sky130_fd_sc_hd__o31ai_1'.
Removing unused module `\sky130_fd_sc_hd__o31a_4'.
Removing unused module `\sky130_fd_sc_hd__o31a_2'.
Removing unused module `\sky130_fd_sc_hd__o31a_1'.
Removing unused module `\sky130_fd_sc_hd__o311ai_4'.
Removing unused module `\sky130_fd_sc_hd__o311ai_2'.
Removing unused module `\sky130_fd_sc_hd__o311ai_1'.
Removing unused module `\sky130_fd_sc_hd__o311ai_0'.
Removing unused module `\sky130_fd_sc_hd__o311a_4'.
Removing unused module `\sky130_fd_sc_hd__o311a_2'.
Removing unused module `\sky130_fd_sc_hd__o311a_1'.
Removing unused module `\sky130_fd_sc_hd__o2bb2ai_4'.
Removing unused module `\sky130_fd_sc_hd__o2bb2ai_2'.
Removing unused module `\sky130_fd_sc_hd__o2bb2ai_1'.
Removing unused module `\sky130_fd_sc_hd__o2bb2a_4'.
Removing unused module `\sky130_fd_sc_hd__o2bb2a_2'.
Removing unused module `\sky130_fd_sc_hd__o2bb2a_1'.
Removing unused module `\sky130_fd_sc_hd__o22ai_4'.
Removing unused module `\sky130_fd_sc_hd__o22ai_2'.
Removing unused module `\sky130_fd_sc_hd__o22ai_1'.
Removing unused module `\sky130_fd_sc_hd__o22a_4'.
Removing unused module `\sky130_fd_sc_hd__o22a_2'.
Removing unused module `\sky130_fd_sc_hd__o22a_1'.
Removing unused module `\sky130_fd_sc_hd__o221ai_4'.
Removing unused module `\sky130_fd_sc_hd__o221ai_2'.
Removing unused module `\sky130_fd_sc_hd__o221ai_1'.
Removing unused module `\sky130_fd_sc_hd__o221a_4'.
Removing unused module `\sky130_fd_sc_hd__o221a_2'.
Removing unused module `\sky130_fd_sc_hd__o221a_1'.
Removing unused module `\sky130_fd_sc_hd__o21bai_4'.
Removing unused module `\sky130_fd_sc_hd__o21bai_2'.
Removing unused module `\sky130_fd_sc_hd__o21bai_1'.
Removing unused module `\sky130_fd_sc_hd__o21ba_4'.
Removing unused module `\sky130_fd_sc_hd__o21ba_2'.
Removing unused module `\sky130_fd_sc_hd__o21ba_1'.
Removing unused module `\sky130_fd_sc_hd__o21ai_4'.
Removing unused module `\sky130_fd_sc_hd__o21ai_2'.
Removing unused module `\sky130_fd_sc_hd__o21ai_1'.
Removing unused module `\sky130_fd_sc_hd__o21ai_0'.
Removing unused module `\sky130_fd_sc_hd__o21a_4'.
Removing unused module `\sky130_fd_sc_hd__o21a_2'.
Removing unused module `\sky130_fd_sc_hd__o21a_1'.
Removing unused module `\sky130_fd_sc_hd__o211ai_4'.
Removing unused module `\sky130_fd_sc_hd__o211ai_2'.
Removing unused module `\sky130_fd_sc_hd__o211ai_1'.
Removing unused module `\sky130_fd_sc_hd__o211a_4'.
Removing unused module `\sky130_fd_sc_hd__o211a_2'.
Removing unused module `\sky130_fd_sc_hd__o211a_1'.
Removing unused module `\sky130_fd_sc_hd__o2111ai_4'.
Removing unused module `\sky130_fd_sc_hd__o2111ai_2'.
Removing unused module `\sky130_fd_sc_hd__o2111ai_1'.
Removing unused module `\sky130_fd_sc_hd__o2111a_4'.
Removing unused module `\sky130_fd_sc_hd__o2111a_2'.
Removing unused module `\sky130_fd_sc_hd__o2111a_1'.
Removing unused module `\sky130_fd_sc_hd__nor4bb_4'.
Removing unused module `\sky130_fd_sc_hd__nor4bb_2'.
Removing unused module `\sky130_fd_sc_hd__nor4bb_1'.
Removing unused module `\sky130_fd_sc_hd__nor4b_4'.
Removing unused module `\sky130_fd_sc_hd__nor4b_2'.
Removing unused module `\sky130_fd_sc_hd__nor4b_1'.
Removing unused module `\sky130_fd_sc_hd__nor4_4'.
Removing unused module `\sky130_fd_sc_hd__nor4_2'.
Removing unused module `\sky130_fd_sc_hd__nor4_1'.
Removing unused module `\sky130_fd_sc_hd__nor3b_4'.
Removing unused module `\sky130_fd_sc_hd__nor3b_2'.
Removing unused module `\sky130_fd_sc_hd__nor3b_1'.
Removing unused module `\sky130_fd_sc_hd__nor3_4'.
Removing unused module `\sky130_fd_sc_hd__nor3_2'.
Removing unused module `\sky130_fd_sc_hd__nor2b_4'.
Removing unused module `\sky130_fd_sc_hd__nor2b_2'.
Removing unused module `\sky130_fd_sc_hd__nor2_8'.
Removing unused module `\sky130_fd_sc_hd__nor2_4'.
Removing unused module `\sky130_fd_sc_hd__nor2_2'.
Removing unused module `\sky130_fd_sc_hd__nand4bb_4'.
Removing unused module `\sky130_fd_sc_hd__nand4bb_2'.
Removing unused module `\sky130_fd_sc_hd__nand4bb_1'.
Removing unused module `\sky130_fd_sc_hd__nand4b_4'.
Removing unused module `\sky130_fd_sc_hd__nand4b_2'.
Removing unused module `\sky130_fd_sc_hd__nand4b_1'.
Removing unused module `\sky130_fd_sc_hd__nand4_4'.
Removing unused module `\sky130_fd_sc_hd__nand4_2'.
Removing unused module `\sky130_fd_sc_hd__nand4_1'.
Removing unused module `\sky130_fd_sc_hd__nand3b_4'.
Removing unused module `\sky130_fd_sc_hd__nand3b_2'.
Removing unused module `\sky130_fd_sc_hd__nand3b_1'.
Removing unused module `\sky130_fd_sc_hd__nand3_4'.
Removing unused module `\sky130_fd_sc_hd__nand3_2'.
Removing unused module `\sky130_fd_sc_hd__nand3_1'.
Removing unused module `\sky130_fd_sc_hd__nand2b_4'.
Removing unused module `\sky130_fd_sc_hd__nand2b_2'.
Removing unused module `\sky130_fd_sc_hd__nand2b_1'.
Removing unused module `\sky130_fd_sc_hd__nand2_8'.
Removing unused module `\sky130_fd_sc_hd__nand2_4'.
Removing unused module `\sky130_fd_sc_hd__nand2_2'.
Removing unused module `\sky130_fd_sc_hd__mux4_4'.
Removing unused module `\sky130_fd_sc_hd__mux4_2'.
Removing unused module `\sky130_fd_sc_hd__mux4_1'.
Removing unused module `\sky130_fd_sc_hd__mux2i_4'.
Removing unused module `\sky130_fd_sc_hd__mux2i_2'.
Removing unused module `\sky130_fd_sc_hd__mux2i_1'.
Removing unused module `\sky130_fd_sc_hd__mux2_8'.
Removing unused module `\sky130_fd_sc_hd__mux2_4'.
Removing unused module `\sky130_fd_sc_hd__mux2_2'.
Removing unused module `\sky130_fd_sc_hd__maj3_4'.
Removing unused module `\sky130_fd_sc_hd__maj3_2'.
Removing unused module `\sky130_fd_sc_hd__maj3_1'.
Removing unused module `\sky130_fd_sc_hd__macro_sparecell'.
Removing unused module `\sky130_fd_sc_hd__lpflow_lsbuf_lh_isowell_tap_4'.
Removing unused module `\sky130_fd_sc_hd__lpflow_lsbuf_lh_isowell_tap_2'.
Removing unused module `\sky130_fd_sc_hd__lpflow_lsbuf_lh_isowell_tap_1'.
Removing unused module `\sky130_fd_sc_hd__lpflow_lsbuf_lh_isowell_4'.
Removing unused module `\sky130_fd_sc_hd__lpflow_lsbuf_lh_hl_isowell_tap_4'.
Removing unused module `\sky130_fd_sc_hd__lpflow_lsbuf_lh_hl_isowell_tap_2'.
Removing unused module `\sky130_fd_sc_hd__lpflow_lsbuf_lh_hl_isowell_tap_1'.
Removing unused module `\sky130_fd_sc_hd__lpflow_isobufsrckapwr_16'.
Removing unused module `\sky130_fd_sc_hd__lpflow_isobufsrc_8'.
Removing unused module `\sky130_fd_sc_hd__lpflow_isobufsrc_4'.
Removing unused module `\sky130_fd_sc_hd__lpflow_isobufsrc_2'.
Removing unused module `\sky130_fd_sc_hd__lpflow_isobufsrc_16'.
Removing unused module `\sky130_fd_sc_hd__lpflow_isobufsrc_1'.
Removing unused module `\sky130_fd_sc_hd__lpflow_inputisolatch_1'.
Removing unused module `\sky130_fd_sc_hd__lpflow_inputiso1p_1'.
Removing unused module `\sky130_fd_sc_hd__lpflow_inputiso1n_1'.
Removing unused module `\sky130_fd_sc_hd__lpflow_inputiso0p_1'.
Removing unused module `\sky130_fd_sc_hd__lpflow_inputiso0n_1'.
Removing unused module `\sky130_fd_sc_hd__lpflow_decapkapwr_8'.
Removing unused module `\sky130_fd_sc_hd__lpflow_decapkapwr_6'.
Removing unused module `\sky130_fd_sc_hd__lpflow_decapkapwr_4'.
Removing unused module `\sky130_fd_sc_hd__lpflow_decapkapwr_3'.
Removing unused module `\sky130_fd_sc_hd__lpflow_decapkapwr_12'.
Removing unused module `\sky130_fd_sc_hd__lpflow_clkinvkapwr_8'.
Removing unused module `\sky130_fd_sc_hd__lpflow_clkinvkapwr_4'.
Removing unused module `\sky130_fd_sc_hd__lpflow_clkinvkapwr_2'.
Removing unused module `\sky130_fd_sc_hd__lpflow_clkinvkapwr_16'.
Removing unused module `\sky130_fd_sc_hd__lpflow_clkinvkapwr_1'.
Removing unused module `\sky130_fd_sc_hd__lpflow_clkbufkapwr_8'.
Removing unused module `\sky130_fd_sc_hd__lpflow_clkbufkapwr_4'.
Removing unused module `\sky130_fd_sc_hd__lpflow_clkbufkapwr_2'.
Removing unused module `\sky130_fd_sc_hd__lpflow_clkbufkapwr_16'.
Removing unused module `\sky130_fd_sc_hd__lpflow_clkbufkapwr_1'.
Removing unused module `\sky130_fd_sc_hd__lpflow_bleeder_1'.
Removing unused module `\sky130_fd_sc_hd__inv_8'.
Removing unused module `\sky130_fd_sc_hd__inv_6'.
Removing unused module `\sky130_fd_sc_hd__inv_4'.
Removing unused module `\sky130_fd_sc_hd__inv_2'.
Removing unused module `\sky130_fd_sc_hd__inv_16'.
Removing unused module `\sky130_fd_sc_hd__inv_12'.
Removing unused module `\sky130_fd_sc_hd__inv_1'.
Removing unused module `\sky130_fd_sc_hd__ha_4'.
Removing unused module `\sky130_fd_sc_hd__ha_2'.
Removing unused module `\sky130_fd_sc_hd__ha_1'.
Removing unused module `\sky130_fd_sc_hd__fahcon_1'.
Removing unused module `\sky130_fd_sc_hd__fahcin_1'.
Removing unused module `\sky130_fd_sc_hd__fah_1'.
Removing unused module `\sky130_fd_sc_hd__fa_4'.
Removing unused module `\sky130_fd_sc_hd__fa_2'.
Removing unused module `\sky130_fd_sc_hd__fa_1'.
Removing unused module `\sky130_fd_sc_hd__einvp_8'.
Removing unused module `\sky130_fd_sc_hd__einvp_4'.
Removing unused module `\sky130_fd_sc_hd__einvp_2'.
Removing unused module `\sky130_fd_sc_hd__einvp_1'.
Removing unused module `\sky130_fd_sc_hd__einvn_8'.
Removing unused module `\sky130_fd_sc_hd__einvn_4'.
Removing unused module `\sky130_fd_sc_hd__einvn_2'.
Removing unused module `\sky130_fd_sc_hd__einvn_1'.
Removing unused module `\sky130_fd_sc_hd__einvn_0'.
Removing unused module `\sky130_fd_sc_hd__edfxtp_1'.
Removing unused module `\sky130_fd_sc_hd__edfxbp_1'.
Removing unused module `\sky130_fd_sc_hd__ebufn_8'.
Removing unused module `\sky130_fd_sc_hd__ebufn_4'.
Removing unused module `\sky130_fd_sc_hd__ebufn_2'.
Removing unused module `\sky130_fd_sc_hd__ebufn_1'.
Removing unused module `\sky130_fd_sc_hd__dlymetal6s6s_1'.
Removing unused module `\sky130_fd_sc_hd__dlymetal6s4s_1'.
Removing unused module `\sky130_fd_sc_hd__dlymetal6s2s_1'.
Removing unused module `\sky130_fd_sc_hd__dlygate4sd3_1'.
Removing unused module `\sky130_fd_sc_hd__dlygate4sd2_1'.
Removing unused module `\sky130_fd_sc_hd__dlygate4sd1_1'.
Removing unused module `\sky130_fd_sc_hd__dlxtp_1'.
Removing unused module `\sky130_fd_sc_hd__dlxtn_4'.
Removing unused module `\sky130_fd_sc_hd__dlxtn_2'.
Removing unused module `\sky130_fd_sc_hd__dlxtn_1'.
Removing unused module `\sky130_fd_sc_hd__dlxbp_1'.
Removing unused module `\sky130_fd_sc_hd__dlxbn_2'.
Removing unused module `\sky130_fd_sc_hd__dlxbn_1'.
Removing unused module `\sky130_fd_sc_hd__dlrtp_4'.
Removing unused module `\sky130_fd_sc_hd__dlrtp_2'.
Removing unused module `\sky130_fd_sc_hd__dlrtp_1'.
Removing unused module `\sky130_fd_sc_hd__dlrtn_4'.
Removing unused module `\sky130_fd_sc_hd__dlrtn_2'.
Removing unused module `\sky130_fd_sc_hd__dlrtn_1'.
Removing unused module `\sky130_fd_sc_hd__dlrbp_2'.
Removing unused module `\sky130_fd_sc_hd__dlrbp_1'.
Removing unused module `\sky130_fd_sc_hd__dlrbn_2'.
Removing unused module `\sky130_fd_sc_hd__dlrbn_1'.
Removing unused module `\sky130_fd_sc_hd__dlclkp_4'.
Removing unused module `\sky130_fd_sc_hd__dlclkp_2'.
Removing unused module `\sky130_fd_sc_hd__dlclkp_1'.
Removing unused module `\sky130_fd_sc_hd__diode_2'.
Removing unused module `\sky130_fd_sc_hd__dfxtp_4'.
Removing unused module `\sky130_fd_sc_hd__dfxtp_2'.
Removing unused module `\sky130_fd_sc_hd__dfxbp_2'.
Removing unused module `\sky130_fd_sc_hd__dfxbp_1'.
Removing unused module `\sky130_fd_sc_hd__dfstp_4'.
Removing unused module `\sky130_fd_sc_hd__dfstp_2'.
Removing unused module `\sky130_fd_sc_hd__dfstp_1'.
Removing unused module `\sky130_fd_sc_hd__dfsbp_2'.
Removing unused module `\sky130_fd_sc_hd__dfsbp_1'.
Removing unused module `\sky130_fd_sc_hd__dfrtp_4'.
Removing unused module `\sky130_fd_sc_hd__dfrtp_2'.
Removing unused module `\sky130_fd_sc_hd__dfrtn_1'.
Removing unused module `\sky130_fd_sc_hd__dfrbp_2'.
Removing unused module `\sky130_fd_sc_hd__dfrbp_1'.
Removing unused module `\sky130_fd_sc_hd__dfbbp_1'.
Removing unused module `\sky130_fd_sc_hd__dfbbn_2'.
Removing unused module `\sky130_fd_sc_hd__dfbbn_1'.
Removing unused module `\sky130_fd_sc_hd__decap_8'.
Removing unused module `\sky130_fd_sc_hd__decap_6'.
Removing unused module `\sky130_fd_sc_hd__decap_4'.
Removing unused module `\sky130_fd_sc_hd__decap_3'.
Removing unused module `\sky130_fd_sc_hd__decap_12'.
Removing unused module `\sky130_fd_sc_hd__conb_1'.
Removing unused module `\sky130_fd_sc_hd__clkinvlp_4'.
Removing unused module `\sky130_fd_sc_hd__clkinvlp_2'.
Removing unused module `\sky130_fd_sc_hd__clkinv_8'.
Removing unused module `\sky130_fd_sc_hd__clkinv_4'.
Removing unused module `\sky130_fd_sc_hd__clkinv_2'.
Removing unused module `\sky130_fd_sc_hd__clkinv_16'.
Removing unused module `\sky130_fd_sc_hd__clkdlybuf4s50_2'.
Removing unused module `\sky130_fd_sc_hd__clkdlybuf4s50_1'.
Removing unused module `\sky130_fd_sc_hd__clkdlybuf4s25_2'.
Removing unused module `\sky130_fd_sc_hd__clkdlybuf4s25_1'.
Removing unused module `\sky130_fd_sc_hd__clkdlybuf4s18_2'.
Removing unused module `\sky130_fd_sc_hd__clkdlybuf4s18_1'.
Removing unused module `\sky130_fd_sc_hd__clkdlybuf4s15_2'.
Removing unused module `\sky130_fd_sc_hd__clkdlybuf4s15_1'.
Removing unused module `\sky130_fd_sc_hd__clkbuf_8'.
Removing unused module `\sky130_fd_sc_hd__clkbuf_4'.
Removing unused module `\sky130_fd_sc_hd__clkbuf_2'.
Removing unused module `\sky130_fd_sc_hd__clkbuf_16'.
Removing unused module `\sky130_fd_sc_hd__clkbuf_1'.
Removing unused module `\sky130_fd_sc_hd__bufinv_8'.
Removing unused module `\sky130_fd_sc_hd__bufinv_16'.
Removing unused module `\sky130_fd_sc_hd__bufbuf_8'.
Removing unused module `\sky130_fd_sc_hd__bufbuf_16'.
Removing unused module `\sky130_fd_sc_hd__buf_8'.
Removing unused module `\sky130_fd_sc_hd__buf_6'.
Removing unused module `\sky130_fd_sc_hd__buf_4'.
Removing unused module `\sky130_fd_sc_hd__buf_2'.
Removing unused module `\sky130_fd_sc_hd__buf_16'.
Removing unused module `\sky130_fd_sc_hd__buf_12'.
Removing unused module `\sky130_fd_sc_hd__buf_1'.
Removing unused module `\sky130_fd_sc_hd__and4bb_4'.
Removing unused module `\sky130_fd_sc_hd__and4bb_2'.
Removing unused module `\sky130_fd_sc_hd__and4bb_1'.
Removing unused module `\sky130_fd_sc_hd__and4b_4'.
Removing unused module `\sky130_fd_sc_hd__and4b_2'.
Removing unused module `\sky130_fd_sc_hd__and4b_1'.
Removing unused module `\sky130_fd_sc_hd__and4_4'.
Removing unused module `\sky130_fd_sc_hd__and4_2'.
Removing unused module `\sky130_fd_sc_hd__and4_1'.
Removing unused module `\sky130_fd_sc_hd__and3b_4'.
Removing unused module `\sky130_fd_sc_hd__and3b_2'.
Removing unused module `\sky130_fd_sc_hd__and3b_1'.
Removing unused module `\sky130_fd_sc_hd__and3_4'.
Removing unused module `\sky130_fd_sc_hd__and3_2'.
Removing unused module `\sky130_fd_sc_hd__and2b_4'.
Removing unused module `\sky130_fd_sc_hd__and2b_2'.
Removing unused module `\sky130_fd_sc_hd__and2b_1'.
Removing unused module `\sky130_fd_sc_hd__and2_4'.
Removing unused module `\sky130_fd_sc_hd__and2_2'.
Removing unused module `\sky130_fd_sc_hd__and2_1'.
Removing unused module `\sky130_fd_sc_hd__and2_0'.
Removing unused module `\sky130_fd_sc_hd__a41oi_4'.
Removing unused module `\sky130_fd_sc_hd__a41oi_2'.
Removing unused module `\sky130_fd_sc_hd__a41oi_1'.
Removing unused module `\sky130_fd_sc_hd__a41o_4'.
Removing unused module `\sky130_fd_sc_hd__a41o_2'.
Removing unused module `\sky130_fd_sc_hd__a41o_1'.
Removing unused module `\sky130_fd_sc_hd__a32oi_4'.
Removing unused module `\sky130_fd_sc_hd__a32oi_2'.
Removing unused module `\sky130_fd_sc_hd__a32oi_1'.
Removing unused module `\sky130_fd_sc_hd__a32o_4'.
Removing unused module `\sky130_fd_sc_hd__a32o_2'.
Removing unused module `\sky130_fd_sc_hd__a32o_1'.
Removing unused module `\sky130_fd_sc_hd__a31oi_4'.
Removing unused module `\sky130_fd_sc_hd__a31oi_2'.
Removing unused module `\sky130_fd_sc_hd__a31oi_1'.
Removing unused module `\sky130_fd_sc_hd__a31o_4'.
Removing unused module `\sky130_fd_sc_hd__a31o_2'.
Removing unused module `\sky130_fd_sc_hd__a31o_1'.
Removing unused module `\sky130_fd_sc_hd__a311oi_4'.
Removing unused module `\sky130_fd_sc_hd__a311oi_2'.
Removing unused module `\sky130_fd_sc_hd__a311oi_1'.
Removing unused module `\sky130_fd_sc_hd__a311o_4'.
Removing unused module `\sky130_fd_sc_hd__a311o_2'.
Removing unused module `\sky130_fd_sc_hd__a311o_1'.
Removing unused module `\sky130_fd_sc_hd__a2bb2oi_4'.
Removing unused module `\sky130_fd_sc_hd__a2bb2oi_2'.
Removing unused module `\sky130_fd_sc_hd__a2bb2oi_1'.
Removing unused module `\sky130_fd_sc_hd__a2bb2o_4'.
Removing unused module `\sky130_fd_sc_hd__a2bb2o_2'.
Removing unused module `\sky130_fd_sc_hd__a2bb2o_1'.
Removing unused module `\sky130_fd_sc_hd__a22oi_4'.
Removing unused module `\sky130_fd_sc_hd__a22oi_2'.
Removing unused module `\sky130_fd_sc_hd__a22o_4'.
Removing unused module `\sky130_fd_sc_hd__a22o_2'.
Removing unused module `\sky130_fd_sc_hd__a22o_1'.
Removing unused module `\sky130_fd_sc_hd__a222oi_1'.
Removing unused module `\sky130_fd_sc_hd__a221oi_4'.
Removing unused module `\sky130_fd_sc_hd__a221oi_2'.
Removing unused module `\sky130_fd_sc_hd__a221oi_1'.
Removing unused module `\sky130_fd_sc_hd__a221o_4'.
Removing unused module `\sky130_fd_sc_hd__a221o_2'.
Removing unused module `\sky130_fd_sc_hd__a221o_1'.
Removing unused module `\sky130_fd_sc_hd__a21oi_4'.
Removing unused module `\sky130_fd_sc_hd__a21oi_2'.
Removing unused module `\sky130_fd_sc_hd__a21o_4'.
Removing unused module `\sky130_fd_sc_hd__a21o_2'.
Removing unused module `\sky130_fd_sc_hd__a21o_1'.
Removing unused module `\sky130_fd_sc_hd__a21boi_4'.
Removing unused module `\sky130_fd_sc_hd__a21boi_2'.
Removing unused module `\sky130_fd_sc_hd__a21boi_1'.
Removing unused module `\sky130_fd_sc_hd__a21boi_0'.
Removing unused module `\sky130_fd_sc_hd__a21bo_4'.
Removing unused module `\sky130_fd_sc_hd__a21bo_2'.
Removing unused module `\sky130_fd_sc_hd__a21bo_1'.
Removing unused module `\sky130_fd_sc_hd__a211oi_4'.
Removing unused module `\sky130_fd_sc_hd__a211oi_2'.
Removing unused module `\sky130_fd_sc_hd__a211o_4'.
Removing unused module `\sky130_fd_sc_hd__a211o_2'.
Removing unused module `\sky130_fd_sc_hd__a211o_1'.
Removing unused module `\sky130_fd_sc_hd__a2111oi_4'.
Removing unused module `\sky130_fd_sc_hd__a2111oi_2'.
Removing unused module `\sky130_fd_sc_hd__a2111oi_1'.
Removing unused module `\sky130_fd_sc_hd__a2111oi_0'.
Removing unused module `\sky130_fd_sc_hd__a2111o_4'.
Removing unused module `\sky130_fd_sc_hd__a2111o_2'.
Removing unused module `\sky130_fd_sc_hd__a2111o_1'.
Removed 414 unused modules.

13. Executing MEMORY_MAP pass (converting memories to logic and flip-flops).

14. Executing FLATTEN pass (flatten design).
Deleting now unused module sky130_fd_sc_hd__nor2b_1.
Deleting now unused module sky130_fd_sc_hd__xnor2_1.
Deleting now unused module sky130_fd_sc_hd__xor2_1.
Deleting now unused module sky130_fd_sc_hd__nor3_1.
Deleting now unused module sky130_fd_sc_hd__clkinv_1.
Deleting now unused module sky130_fd_sc_hd__a211oi_1.
Deleting now unused module sky130_fd_sc_hd__nor2_1.
Deleting now unused module sky130_fd_sc_hd__nand2_1.
Deleting now unused module sky130_fd_sc_hd__a21oi_1.
Deleting now unused module sky130_fd_sc_hd__and3_1.
Deleting now unused module sky130_fd_sc_hd__a22oi_1.
Deleting now unused module spm__scan.
Deleting now unused module sky130_fd_sc_hd__dfrtp_1.
Deleting now unused module sky130_fd_sc_hd__dfxtp_1.
Deleting now unused module sky130_fd_sc_hd__mux2_1.
<suppressed ~489 debug messages>

15. Executing ASYNC2SYNC pass.
Replacing spm.$flatten\_LECWRAP.\_300_.$auto$liberty.cc:242:create_ff$1519 ($_DFF_PP0_): ARST=$flatten\_LECWRAP.\_300_.$auto$rtlil.cc:3504:NotGate$1515, D=\_LECWRAP._300_.D, Q=$flatten\_LECWRAP.\_300_.$auto$liberty.cc:238:create_ff$1517
Replacing spm.$flatten\_LECWRAP.\_300_.$auto$liberty.cc:242:create_ff$1516 ($_DFF_PP0_): ARST=$flatten\_LECWRAP.\_300_.$auto$rtlil.cc:3504:NotGate$1515, D=\_LECWRAP._300_.D, Q=\_LECWRAP._300_.IQ
Replacing spm.$flatten\_LECWRAP.\_301_.$auto$liberty.cc:242:create_ff$1519 ($_DFF_PP0_): ARST=$flatten\_LECWRAP.\_301_.$auto$rtlil.cc:3504:NotGate$1515, D=\_LECWRAP._301_.D, Q=$flatten\_LECWRAP.\_301_.$auto$liberty.cc:238:create_ff$1517
Replacing spm.$flatten\_LECWRAP.\_301_.$auto$liberty.cc:242:create_ff$1516 ($_DFF_PP0_): ARST=$flatten\_LECWRAP.\_301_.$auto$rtlil.cc:3504:NotGate$1515, D=\_LECWRAP._301_.D, Q=\_LECWRAP._301_.IQ
Replacing spm.$flatten\_LECWRAP.\_302_.$auto$liberty.cc:242:create_ff$1519 ($_DFF_PP0_): ARST=$flatten\_LECWRAP.\_302_.$auto$rtlil.cc:3504:NotGate$1515, D=\_LECWRAP._302_.D, Q=$flatten\_LECWRAP.\_302_.$auto$liberty.cc:238:create_ff$1517
Replacing spm.$flatten\_LECWRAP.\_302_.$auto$liberty.cc:242:create_ff$1516 ($_DFF_PP0_): ARST=$flatten\_LECWRAP.\_302_.$auto$rtlil.cc:3504:NotGate$1515, D=\_LECWRAP._302_.D, Q=\_LECWRAP._302_.IQ
Replacing spm.$flatten\_LECWRAP.\_303_.$auto$liberty.cc:242:create_ff$1519 ($_DFF_PP0_): ARST=$flatten\_LECWRAP.\_303_.$auto$rtlil.cc:3504:NotGate$1515, D=\_LECWRAP._303_.D, Q=$flatten\_LECWRAP.\_303_.$auto$liberty.cc:238:create_ff$1517
Replacing spm.$flatten\_LECWRAP.\_303_.$auto$liberty.cc:242:create_ff$1516 ($_DFF_PP0_): ARST=$flatten\_LECWRAP.\_303_.$auto$rtlil.cc:3504:NotGate$1515, D=\_LECWRAP._303_.D, Q=\_LECWRAP._303_.IQ
Replacing spm.$flatten\_LECWRAP.\_304_.$auto$liberty.cc:242:create_ff$1519 ($_DFF_PP0_): ARST=$flatten\_LECWRAP.\_304_.$auto$rtlil.cc:3504:NotGate$1515, D=\_LECWRAP._304_.D, Q=$flatten\_LECWRAP.\_304_.$auto$liberty.cc:238:create_ff$1517
Replacing spm.$flatten\_LECWRAP.\_304_.$auto$liberty.cc:242:create_ff$1516 ($_DFF_PP0_): ARST=$flatten\_LECWRAP.\_304_.$auto$rtlil.cc:3504:NotGate$1515, D=\_LECWRAP._304_.D, Q=\_LECWRAP._304_.IQ
Replacing spm.$flatten\_LECWRAP.\_305_.$auto$liberty.cc:242:create_ff$1519 ($_DFF_PP0_): ARST=$flatten\_LECWRAP.\_305_.$auto$rtlil.cc:3504:NotGate$1515, D=\_LECWRAP._305_.D, Q=$flatten\_LECWRAP.\_305_.$auto$liberty.cc:238:create_ff$1517
Replacing spm.$flatten\_LECWRAP.\_305_.$auto$liberty.cc:242:create_ff$1516 ($_DFF_PP0_): ARST=$flatten\_LECWRAP.\_305_.$auto$rtlil.cc:3504:NotGate$1515, D=\_LECWRAP._305_.D, Q=\_LECWRAP._305_.IQ
Replacing spm.$flatten\_LECWRAP.\_306_.$auto$liberty.cc:242:create_ff$1519 ($_DFF_PP0_): ARST=$flatten\_LECWRAP.\_306_.$auto$rtlil.cc:3504:NotGate$1515, D=\_LECWRAP._306_.D, Q=$flatten\_LECWRAP.\_306_.$auto$liberty.cc:238:create_ff$1517
Replacing spm.$flatten\_LECWRAP.\_306_.$auto$liberty.cc:242:create_ff$1516 ($_DFF_PP0_): ARST=$flatten\_LECWRAP.\_306_.$auto$rtlil.cc:3504:NotGate$1515, D=\_LECWRAP._306_.D, Q=\_LECWRAP._306_.IQ
Replacing spm.$flatten\_LECWRAP.\_307_.$auto$liberty.cc:242:create_ff$1519 ($_DFF_PP0_): ARST=$flatten\_LECWRAP.\_307_.$auto$rtlil.cc:3504:NotGate$1515, D=\_LECWRAP._307_.D, Q=$flatten\_LECWRAP.\_307_.$auto$liberty.cc:238:create_ff$1517
Replacing spm.$flatten\_LECWRAP.\_307_.$auto$liberty.cc:242:create_ff$1516 ($_DFF_PP0_): ARST=$flatten\_LECWRAP.\_307_.$auto$rtlil.cc:3504:NotGate$1515, D=\_LECWRAP._307_.D, Q=\_LECWRAP._307_.IQ
Replacing spm.$flatten\_LECWRAP.\_308_.$auto$liberty.cc:242:create_ff$1519 ($_DFF_PP0_): ARST=$flatten\_LECWRAP.\_308_.$auto$rtlil.cc:3504:NotGate$1515, D=\_LECWRAP._308_.D, Q=$flatten\_LECWRAP.\_308_.$auto$liberty.cc:238:create_ff$1517
Replacing spm.$flatten\_LECWRAP.\_308_.$auto$liberty.cc:242:create_ff$1516 ($_DFF_PP0_): ARST=$flatten\_LECWRAP.\_308_.$auto$rtlil.cc:3504:NotGate$1515, D=\_LECWRAP._308_.D, Q=\_LECWRAP._308_.IQ
Replacing spm.$flatten\_LECWRAP.\_309_.$auto$liberty.cc:242:create_ff$1519 ($_DFF_PP0_): ARST=$flatten\_LECWRAP.\_309_.$auto$rtlil.cc:3504:NotGate$1515, D=\_LECWRAP._309_.D, Q=$flatten\_LECWRAP.\_309_.$auto$liberty.cc:238:create_ff$1517
Replacing spm.$flatten\_LECWRAP.\_309_.$auto$liberty.cc:242:create_ff$1516 ($_DFF_PP0_): ARST=$flatten\_LECWRAP.\_309_.$auto$rtlil.cc:3504:NotGate$1515, D=\_LECWRAP._309_.D, Q=\_LECWRAP._309_.IQ
Replacing spm.$flatten\_LECWRAP.\_310_.$auto$liberty.cc:242:create_ff$1519 ($_DFF_PP0_): ARST=$flatten\_LECWRAP.\_310_.$auto$rtlil.cc:3504:NotGate$1515, D=\_LECWRAP._310_.D, Q=$flatten\_LECWRAP.\_310_.$auto$liberty.cc:238:create_ff$1517
Replacing spm.$flatten\_LECWRAP.\_310_.$auto$liberty.cc:242:create_ff$1516 ($_DFF_PP0_): ARST=$flatten\_LECWRAP.\_310_.$auto$rtlil.cc:3504:NotGate$1515, D=\_LECWRAP._310_.D, Q=\_LECWRAP._310_.IQ
Replacing spm.$flatten\_LECWRAP.\_311_.$auto$liberty.cc:242:create_ff$1519 ($_DFF_PP0_): ARST=$flatten\_LECWRAP.\_311_.$auto$rtlil.cc:3504:NotGate$1515, D=\_LECWRAP._311_.D, Q=$flatten\_LECWRAP.\_311_.$auto$liberty.cc:238:create_ff$1517
Replacing spm.$flatten\_LECWRAP.\_311_.$auto$liberty.cc:242:create_ff$1516 ($_DFF_PP0_): ARST=$flatten\_LECWRAP.\_311_.$auto$rtlil.cc:3504:NotGate$1515, D=\_LECWRAP._311_.D, Q=\_LECWRAP._311_.IQ
Replacing spm.$flatten\_LECWRAP.\_312_.$auto$liberty.cc:242:create_ff$1519 ($_DFF_PP0_): ARST=$flatten\_LECWRAP.\_312_.$auto$rtlil.cc:3504:NotGate$1515, D=\_LECWRAP._312_.D, Q=$flatten\_LECWRAP.\_312_.$auto$liberty.cc:238:create_ff$1517
Replacing spm.$flatten\_LECWRAP.\_312_.$auto$liberty.cc:242:create_ff$1516 ($_DFF_PP0_): ARST=$flatten\_LECWRAP.\_312_.$auto$rtlil.cc:3504:NotGate$1515, D=\_LECWRAP._312_.D, Q=\_LECWRAP._312_.IQ
Replacing spm.$flatten\_LECWRAP.\_313_.$auto$liberty.cc:242:create_ff$1519 ($_DFF_PP0_): ARST=$flatten\_LECWRAP.\_313_.$auto$rtlil.cc:3504:NotGate$1515, D=\_LECWRAP._313_.D, Q=$flatten\_LECWRAP.\_313_.$auto$liberty.cc:238:create_ff$1517
Replacing spm.$flatten\_LECWRAP.\_313_.$auto$liberty.cc:242:create_ff$1516 ($_DFF_PP0_): ARST=$flatten\_LECWRAP.\_313_.$auto$rtlil.cc:3504:NotGate$1515, D=\_LECWRAP._313_.D, Q=\_LECWRAP._313_.IQ
Replacing spm.$flatten\_LECWRAP.\_314_.$auto$liberty.cc:242:create_ff$1519 ($_DFF_PP0_): ARST=$flatten\_LECWRAP.\_314_.$auto$rtlil.cc:3504:NotGate$1515, D=\_LECWRAP._314_.D, Q=$flatten\_LECWRAP.\_314_.$auto$liberty.cc:238:create_ff$1517
Replacing spm.$flatten\_LECWRAP.\_314_.$auto$liberty.cc:242:create_ff$1516 ($_DFF_PP0_): ARST=$flatten\_LECWRAP.\_314_.$auto$rtlil.cc:3504:NotGate$1515, D=\_LECWRAP._314_.D, Q=\_LECWRAP._314_.IQ
Replacing spm.$flatten\_LECWRAP.\_315_.$auto$liberty.cc:242:create_ff$1519 ($_DFF_PP0_): ARST=$flatten\_LECWRAP.\_315_.$auto$rtlil.cc:3504:NotGate$1515, D=\_LECWRAP._315_.D, Q=$flatten\_LECWRAP.\_315_.$auto$liberty.cc:238:create_ff$1517
Replacing spm.$flatten\_LECWRAP.\_315_.$auto$liberty.cc:242:create_ff$1516 ($_DFF_PP0_): ARST=$flatten\_LECWRAP.\_315_.$auto$rtlil.cc:3504:NotGate$1515, D=\_LECWRAP._315_.D, Q=\_LECWRAP._315_.IQ
Replacing spm.$flatten\_LECWRAP.\_316_.$auto$liberty.cc:242:create_ff$1519 ($_DFF_PP0_): ARST=$flatten\_LECWRAP.\_316_.$auto$rtlil.cc:3504:NotGate$1515, D=\_LECWRAP._316_.D, Q=$flatten\_LECWRAP.\_316_.$auto$liberty.cc:238:create_ff$1517
Replacing spm.$flatten\_LECWRAP.\_316_.$auto$liberty.cc:242:create_ff$1516 ($_DFF_PP0_): ARST=$flatten\_LECWRAP.\_316_.$auto$rtlil.cc:3504:NotGate$1515, D=\_LECWRAP._316_.D, Q=\_LECWRAP._316_.IQ
Replacing spm.$flatten\_LECWRAP.\_317_.$auto$liberty.cc:242:create_ff$1519 ($_DFF_PP0_): ARST=$flatten\_LECWRAP.\_317_.$auto$rtlil.cc:3504:NotGate$1515, D=\_LECWRAP._317_.D, Q=$flatten\_LECWRAP.\_317_.$auto$liberty.cc:238:create_ff$1517
Replacing spm.$flatten\_LECWRAP.\_317_.$auto$liberty.cc:242:create_ff$1516 ($_DFF_PP0_): ARST=$flatten\_LECWRAP.\_317_.$auto$rtlil.cc:3504:NotGate$1515, D=\_LECWRAP._317_.D, Q=\_LECWRAP._317_.IQ
Replacing spm.$flatten\_LECWRAP.\_318_.$auto$liberty.cc:242:create_ff$1519 ($_DFF_PP0_): ARST=$flatten\_LECWRAP.\_318_.$auto$rtlil.cc:3504:NotGate$1515, D=\_LECWRAP._318_.D, Q=$flatten\_LECWRAP.\_318_.$auto$liberty.cc:238:create_ff$1517
Replacing spm.$flatten\_LECWRAP.\_318_.$auto$liberty.cc:242:create_ff$1516 ($_DFF_PP0_): ARST=$flatten\_LECWRAP.\_318_.$auto$rtlil.cc:3504:NotGate$1515, D=\_LECWRAP._318_.D, Q=\_LECWRAP._318_.IQ
Replacing spm.$flatten\_LECWRAP.\_319_.$auto$liberty.cc:242:create_ff$1519 ($_DFF_PP0_): ARST=$flatten\_LECWRAP.\_319_.$auto$rtlil.cc:3504:NotGate$1515, D=\_LECWRAP._319_.D, Q=$flatten\_LECWRAP.\_319_.$auto$liberty.cc:238:create_ff$1517
Replacing spm.$flatten\_LECWRAP.\_319_.$auto$liberty.cc:242:create_ff$1516 ($_DFF_PP0_): ARST=$flatten\_LECWRAP.\_319_.$auto$rtlil.cc:3504:NotGate$1515, D=\_LECWRAP._319_.D, Q=\_LECWRAP._319_.IQ
Replacing spm.$flatten\_LECWRAP.\_320_.$auto$liberty.cc:242:create_ff$1519 ($_DFF_PP0_): ARST=$flatten\_LECWRAP.\_320_.$auto$rtlil.cc:3504:NotGate$1515, D=\_LECWRAP._320_.D, Q=$flatten\_LECWRAP.\_320_.$auto$liberty.cc:238:create_ff$1517
Replacing spm.$flatten\_LECWRAP.\_320_.$auto$liberty.cc:242:create_ff$1516 ($_DFF_PP0_): ARST=$flatten\_LECWRAP.\_320_.$auto$rtlil.cc:3504:NotGate$1515, D=\_LECWRAP._320_.D, Q=\_LECWRAP._320_.IQ
Replacing spm.$flatten\_LECWRAP.\_321_.$auto$liberty.cc:242:create_ff$1519 ($_DFF_PP0_): ARST=$flatten\_LECWRAP.\_321_.$auto$rtlil.cc:3504:NotGate$1515, D=\_LECWRAP._321_.D, Q=$flatten\_LECWRAP.\_321_.$auto$liberty.cc:238:create_ff$1517
Replacing spm.$flatten\_LECWRAP.\_321_.$auto$liberty.cc:242:create_ff$1516 ($_DFF_PP0_): ARST=$flatten\_LECWRAP.\_321_.$auto$rtlil.cc:3504:NotGate$1515, D=\_LECWRAP._321_.D, Q=\_LECWRAP._321_.IQ
Replacing spm.$flatten\_LECWRAP.\_322_.$auto$liberty.cc:242:create_ff$1519 ($_DFF_PP0_): ARST=$flatten\_LECWRAP.\_322_.$auto$rtlil.cc:3504:NotGate$1515, D=\_LECWRAP._322_.D, Q=$flatten\_LECWRAP.\_322_.$auto$liberty.cc:238:create_ff$1517
Replacing spm.$flatten\_LECWRAP.\_322_.$auto$liberty.cc:242:create_ff$1516 ($_DFF_PP0_): ARST=$flatten\_LECWRAP.\_322_.$auto$rtlil.cc:3504:NotGate$1515, D=\_LECWRAP._322_.D, Q=\_LECWRAP._322_.IQ
Replacing spm.$flatten\_LECWRAP.\_323_.$auto$liberty.cc:242:create_ff$1519 ($_DFF_PP0_): ARST=$flatten\_LECWRAP.\_323_.$auto$rtlil.cc:3504:NotGate$1515, D=\_LECWRAP._323_.D, Q=$flatten\_LECWRAP.\_323_.$auto$liberty.cc:238:create_ff$1517
Replacing spm.$flatten\_LECWRAP.\_323_.$auto$liberty.cc:242:create_ff$1516 ($_DFF_PP0_): ARST=$flatten\_LECWRAP.\_323_.$auto$rtlil.cc:3504:NotGate$1515, D=\_LECWRAP._323_.D, Q=\_LECWRAP._323_.IQ
Replacing spm.$flatten\_LECWRAP.\_324_.$auto$liberty.cc:242:create_ff$1519 ($_DFF_PP0_): ARST=$flatten\_LECWRAP.\_324_.$auto$rtlil.cc:3504:NotGate$1515, D=\_LECWRAP._324_.D, Q=$flatten\_LECWRAP.\_324_.$auto$liberty.cc:238:create_ff$1517
Replacing spm.$flatten\_LECWRAP.\_324_.$auto$liberty.cc:242:create_ff$1516 ($_DFF_PP0_): ARST=$flatten\_LECWRAP.\_324_.$auto$rtlil.cc:3504:NotGate$1515, D=\_LECWRAP._324_.D, Q=\_LECWRAP._324_.IQ
Replacing spm.$flatten\_LECWRAP.\_325_.$auto$liberty.cc:242:create_ff$1519 ($_DFF_PP0_): ARST=$flatten\_LECWRAP.\_325_.$auto$rtlil.cc:3504:NotGate$1515, D=\_LECWRAP._325_.D, Q=$flatten\_LECWRAP.\_325_.$auto$liberty.cc:238:create_ff$1517
Replacing spm.$flatten\_LECWRAP.\_325_.$auto$liberty.cc:242:create_ff$1516 ($_DFF_PP0_): ARST=$flatten\_LECWRAP.\_325_.$auto$rtlil.cc:3504:NotGate$1515, D=\_LECWRAP._325_.D, Q=\_LECWRAP._325_.IQ
Replacing spm.$flatten\_LECWRAP.\_326_.$auto$liberty.cc:242:create_ff$1519 ($_DFF_PP0_): ARST=$flatten\_LECWRAP.\_326_.$auto$rtlil.cc:3504:NotGate$1515, D=\_LECWRAP._326_.D, Q=$flatten\_LECWRAP.\_326_.$auto$liberty.cc:238:create_ff$1517
Replacing spm.$flatten\_LECWRAP.\_326_.$auto$liberty.cc:242:create_ff$1516 ($_DFF_PP0_): ARST=$flatten\_LECWRAP.\_326_.$auto$rtlil.cc:3504:NotGate$1515, D=\_LECWRAP._326_.D, Q=\_LECWRAP._326_.IQ
Replacing spm.$flatten\_LECWRAP.\_327_.$auto$liberty.cc:242:create_ff$1519 ($_DFF_PP0_): ARST=$flatten\_LECWRAP.\_327_.$auto$rtlil.cc:3504:NotGate$1515, D=\_LECWRAP._327_.D, Q=$flatten\_LECWRAP.\_327_.$auto$liberty.cc:238:create_ff$1517
Replacing spm.$flatten\_LECWRAP.\_327_.$auto$liberty.cc:242:create_ff$1516 ($_DFF_PP0_): ARST=$flatten\_LECWRAP.\_327_.$auto$rtlil.cc:3504:NotGate$1515, D=\_LECWRAP._327_.D, Q=\_LECWRAP._327_.IQ
Replacing spm.$flatten\_LECWRAP.\_328_.$auto$liberty.cc:242:create_ff$1519 ($_DFF_PP0_): ARST=$flatten\_LECWRAP.\_328_.$auto$rtlil.cc:3504:NotGate$1515, D=\_LECWRAP._328_.D, Q=$flatten\_LECWRAP.\_328_.$auto$liberty.cc:238:create_ff$1517
Replacing spm.$flatten\_LECWRAP.\_328_.$auto$liberty.cc:242:create_ff$1516 ($_DFF_PP0_): ARST=$flatten\_LECWRAP.\_328_.$auto$rtlil.cc:3504:NotGate$1515, D=\_LECWRAP._328_.D, Q=\_LECWRAP._328_.IQ
Replacing spm.$flatten\_LECWRAP.\_329_.$auto$liberty.cc:242:create_ff$1519 ($_DFF_PP0_): ARST=$flatten\_LECWRAP.\_329_.$auto$rtlil.cc:3504:NotGate$1515, D=\_LECWRAP._329_.D, Q=$flatten\_LECWRAP.\_329_.$auto$liberty.cc:238:create_ff$1517
Replacing spm.$flatten\_LECWRAP.\_329_.$auto$liberty.cc:242:create_ff$1516 ($_DFF_PP0_): ARST=$flatten\_LECWRAP.\_329_.$auto$rtlil.cc:3504:NotGate$1515, D=\_LECWRAP._329_.D, Q=\_LECWRAP._329_.IQ
Replacing spm.$flatten\_LECWRAP.\_330_.$auto$liberty.cc:242:create_ff$1519 ($_DFF_PP0_): ARST=$flatten\_LECWRAP.\_330_.$auto$rtlil.cc:3504:NotGate$1515, D=\_LECWRAP._330_.D, Q=$flatten\_LECWRAP.\_330_.$auto$liberty.cc:238:create_ff$1517
Replacing spm.$flatten\_LECWRAP.\_330_.$auto$liberty.cc:242:create_ff$1516 ($_DFF_PP0_): ARST=$flatten\_LECWRAP.\_330_.$auto$rtlil.cc:3504:NotGate$1515, D=\_LECWRAP._330_.D, Q=\_LECWRAP._330_.IQ
Replacing spm.$flatten\_LECWRAP.\_331_.$auto$liberty.cc:242:create_ff$1519 ($_DFF_PP0_): ARST=$flatten\_LECWRAP.\_331_.$auto$rtlil.cc:3504:NotGate$1515, D=\_LECWRAP._331_.D, Q=$flatten\_LECWRAP.\_331_.$auto$liberty.cc:238:create_ff$1517
Replacing spm.$flatten\_LECWRAP.\_331_.$auto$liberty.cc:242:create_ff$1516 ($_DFF_PP0_): ARST=$flatten\_LECWRAP.\_331_.$auto$rtlil.cc:3504:NotGate$1515, D=\_LECWRAP._331_.D, Q=\_LECWRAP._331_.IQ
Replacing spm.$flatten\_LECWRAP.\_332_.$auto$liberty.cc:242:create_ff$1519 ($_DFF_PP0_): ARST=$flatten\_LECWRAP.\_332_.$auto$rtlil.cc:3504:NotGate$1515, D=\_LECWRAP._332_.D, Q=$flatten\_LECWRAP.\_332_.$auto$liberty.cc:238:create_ff$1517
Replacing spm.$flatten\_LECWRAP.\_332_.$auto$liberty.cc:242:create_ff$1516 ($_DFF_PP0_): ARST=$flatten\_LECWRAP.\_332_.$auto$rtlil.cc:3504:NotGate$1515, D=\_LECWRAP._332_.D, Q=\_LECWRAP._332_.IQ
Replacing spm.$flatten\_LECWRAP.\_333_.$auto$liberty.cc:242:create_ff$1519 ($_DFF_PP0_): ARST=$flatten\_LECWRAP.\_333_.$auto$rtlil.cc:3504:NotGate$1515, D=\_LECWRAP._333_.D, Q=$flatten\_LECWRAP.\_333_.$auto$liberty.cc:238:create_ff$1517
Replacing spm.$flatten\_LECWRAP.\_333_.$auto$liberty.cc:242:create_ff$1516 ($_DFF_PP0_): ARST=$flatten\_LECWRAP.\_333_.$auto$rtlil.cc:3504:NotGate$1515, D=\_LECWRAP._333_.D, Q=\_LECWRAP._333_.IQ

16. Executing OPT_CLEAN pass (remove unused cells and wires).
Finding unused cells or wires in module \spm..
Removed 240 unused cells and 989 unused wires.
<suppressed ~347 debug messages>

17. Executing SPLITNETS pass (splitting up multi-bit signals).

18. Executing EQUIV_MAKE pass (creating equiv checking module).
Presumably equivalent wires: x[31]_gold (\x[31]_gold), x[31]_gate (\x[31]_gate) -> x[31]
Presumably equivalent wires: x[30]_gold (\x[30]_gold), x[30]_gate (\x[30]_gate) -> x[30]
Presumably equivalent wires: x[29]_gold (\x[29]_gold), x[29]_gate (\x[29]_gate) -> x[29]
Presumably equivalent wires: x[28]_gold (\x[28]_gold), x[28]_gate (\x[28]_gate) -> x[28]
Presumably equivalent wires: x[27]_gold (\x[27]_gold), x[27]_gate (\x[27]_gate) -> x[27]
Presumably equivalent wires: x[26]_gold (\x[26]_gold), x[26]_gate (\x[26]_gate) -> x[26]
Presumably equivalent wires: x[25]_gold (\x[25]_gold), x[25]_gate (\x[25]_gate) -> x[25]
Presumably equivalent wires: x[24]_gold (\x[24]_gold), x[24]_gate (\x[24]_gate) -> x[24]
Presumably equivalent wires: x[23]_gold (\x[23]_gold), x[23]_gate (\x[23]_gate) -> x[23]
Presumably equivalent wires: x[22]_gold (\x[22]_gold), x[22]_gate (\x[22]_gate) -> x[22]
Presumably equivalent wires: x[21]_gold (\x[21]_gold), x[21]_gate (\x[21]_gate) -> x[21]
Presumably equivalent wires: x[20]_gold (\x[20]_gold), x[20]_gate (\x[20]_gate) -> x[20]
Presumably equivalent wires: x[19]_gold (\x[19]_gold), x[19]_gate (\x[19]_gate) -> x[19]
Presumably equivalent wires: x[18]_gold (\x[18]_gold), x[18]_gate (\x[18]_gate) -> x[18]
Presumably equivalent wires: x[17]_gold (\x[17]_gold), x[17]_gate (\x[17]_gate) -> x[17]
Presumably equivalent wires: x[16]_gold (\x[16]_gold), x[16]_gate (\x[16]_gate) -> x[16]
Presumably equivalent wires: x[15]_gold (\x[15]_gold), x[15]_gate (\x[15]_gate) -> x[15]
Presumably equivalent wires: x[14]_gold (\x[14]_gold), x[14]_gate (\x[14]_gate) -> x[14]
Presumably equivalent wires: x[13]_gold (\x[13]_gold), x[13]_gate (\x[13]_gate) -> x[13]
Presumably equivalent wires: x[12]_gold (\x[12]_gold), x[12]_gate (\x[12]_gate) -> x[12]
Presumably equivalent wires: x[11]_gold (\x[11]_gold), x[11]_gate (\x[11]_gate) -> x[11]
Presumably equivalent wires: x[10]_gold (\x[10]_gold), x[10]_gate (\x[10]_gate) -> x[10]
Presumably equivalent wires: x[9]_gold (\x[9]_gold), x[9]_gate (\x[9]_gate) -> x[9]
Presumably equivalent wires: x[8]_gold (\x[8]_gold), x[8]_gate (\x[8]_gate) -> x[8]
Presumably equivalent wires: x[7]_gold (\x[7]_gold), x[7]_gate (\x[7]_gate) -> x[7]
Presumably equivalent wires: x[6]_gold (\x[6]_gold), x[6]_gate (\x[6]_gate) -> x[6]
Presumably equivalent wires: x[5]_gold (\x[5]_gold), x[5]_gate (\x[5]_gate) -> x[5]
Presumably equivalent wires: x[4]_gold (\x[4]_gold), x[4]_gate (\x[4]_gate) -> x[4]
Presumably equivalent wires: x[3]_gold (\x[3]_gold), x[3]_gate (\x[3]_gate) -> x[3]
Presumably equivalent wires: x[2]_gold (\x[2]_gold), x[2]_gate (\x[2]_gate) -> x[2]
Presumably equivalent wires: x[1]_gold (\x[1]_gold), x[1]_gate (\x[1]_gate) -> x[1]
Presumably equivalent wires: x[0]_gold (\x[0]_gold), x[0]_gate (\x[0]_gate) -> x[0]
Presumably equivalent wires: _LECWRAP.__uuf__.s[30]_gold (\_LECWRAP.__uuf__.s[30]_gold), _LECWRAP.__uuf__.s[30]_gate (\_LECWRAP.__uuf__._476_.IQ_gate) -> _LECWRAP.__uuf__.s[30]
Presumably equivalent wires: _LECWRAP.__uuf__.s[29]_gold (\_LECWRAP.__uuf__.s[29]_gold), _LECWRAP.__uuf__.s[29]_gate (\_LECWRAP.__uuf__._475_.IQ_gate) -> _LECWRAP.__uuf__.s[29]
Presumably equivalent wires: _LECWRAP.__uuf__.s[28]_gold (\_LECWRAP.__uuf__.s[28]_gold), _LECWRAP.__uuf__.s[28]_gate (\_LECWRAP.__uuf__._474_.IQ_gate) -> _LECWRAP.__uuf__.s[28]
Presumably equivalent wires: _LECWRAP.__uuf__.s[27]_gold (\_LECWRAP.__uuf__.s[27]_gold), _LECWRAP.__uuf__.s[27]_gate (\_LECWRAP.__uuf__._473_.IQ_gate) -> _LECWRAP.__uuf__.s[27]
Presumably equivalent wires: _LECWRAP.__uuf__.s[26]_gold (\_LECWRAP.__uuf__.s[26]_gold), _LECWRAP.__uuf__.s[26]_gate (\_LECWRAP.__uuf__._472_.IQ_gate) -> _LECWRAP.__uuf__.s[26]
Presumably equivalent wires: _LECWRAP.__uuf__.s[25]_gold (\_LECWRAP.__uuf__.s[25]_gold), _LECWRAP.__uuf__.s[25]_gate (\_LECWRAP.__uuf__._471_.IQ_gate) -> _LECWRAP.__uuf__.s[25]
Presumably equivalent wires: _LECWRAP.__uuf__.s[24]_gold (\_LECWRAP.__uuf__.s[24]_gold), _LECWRAP.__uuf__.s[24]_gate (\_LECWRAP.__uuf__._470_.IQ_gate) -> _LECWRAP.__uuf__.s[24]
Presumably equivalent wires: _LECWRAP.__uuf__.s[23]_gold (\_LECWRAP.__uuf__.s[23]_gold), _LECWRAP.__uuf__.s[23]_gate (\_LECWRAP.__uuf__._469_.IQ_gate) -> _LECWRAP.__uuf__.s[23]
Presumably equivalent wires: _LECWRAP.__uuf__.s[22]_gold (\_LECWRAP.__uuf__.s[22]_gold), _LECWRAP.__uuf__.s[22]_gate (\_LECWRAP.__uuf__._468_.IQ_gate) -> _LECWRAP.__uuf__.s[22]
Presumably equivalent wires: _LECWRAP.__uuf__.s[21]_gold (\_LECWRAP.__uuf__.s[21]_gold), _LECWRAP.__uuf__.s[21]_gate (\_LECWRAP.__uuf__._467_.IQ_gate) -> _LECWRAP.__uuf__.s[21]
Presumably equivalent wires: _LECWRAP.__uuf__.s[20]_gold (\_LECWRAP.__uuf__.s[20]_gold), _LECWRAP.__uuf__.s[20]_gate (\_LECWRAP.__uuf__._466_.IQ_gate) -> _LECWRAP.__uuf__.s[20]
Presumably equivalent wires: _LECWRAP.__uuf__.s[19]_gold (\_LECWRAP.__uuf__.s[19]_gold), _LECWRAP.__uuf__.s[19]_gate (\_LECWRAP.__uuf__._465_.IQ_gate) -> _LECWRAP.__uuf__.s[19]
Presumably equivalent wires: _LECWRAP.__uuf__.s[18]_gold (\_LECWRAP.__uuf__.s[18]_gold), _LECWRAP.__uuf__.s[18]_gate (\_LECWRAP.__uuf__._464_.IQ_gate) -> _LECWRAP.__uuf__.s[18]
Presumably equivalent wires: _LECWRAP.__uuf__.s[17]_gold (\_LECWRAP.__uuf__.s[17]_gold), _LECWRAP.__uuf__.s[17]_gate (\_LECWRAP.__uuf__._463_.IQ_gate) -> _LECWRAP.__uuf__.s[17]
Presumably equivalent wires: _LECWRAP.__uuf__.s[16]_gold (\_LECWRAP.__uuf__.s[16]_gold), _LECWRAP.__uuf__.s[16]_gate (\_LECWRAP.__uuf__._462_.IQ_gate) -> _LECWRAP.__uuf__.s[16]
Presumably equivalent wires: _LECWRAP.__uuf__.s[15]_gold (\_LECWRAP.__uuf__.s[15]_gold), _LECWRAP.__uuf__.s[15]_gate (\_LECWRAP.__uuf__._461_.IQ_gate) -> _LECWRAP.__uuf__.s[15]
Presumably equivalent wires: _LECWRAP.__uuf__.s[14]_gold (\_LECWRAP.__uuf__.s[14]_gold), _LECWRAP.__uuf__.s[14]_gate (\_LECWRAP.__uuf__._460_.IQ_gate) -> _LECWRAP.__uuf__.s[14]
Presumably equivalent wires: _LECWRAP.__uuf__.s[13]_gold (\_LECWRAP.__uuf__.s[13]_gold), _LECWRAP.__uuf__.s[13]_gate (\_LECWRAP.__uuf__._459_.IQ_gate) -> _LECWRAP.__uuf__.s[13]
Presumably equivalent wires: _LECWRAP.__uuf__.s[12]_gold (\_LECWRAP.__uuf__.s[12]_gold), _LECWRAP.__uuf__.s[12]_gate (\_LECWRAP.__uuf__._458_.IQ_gate) -> _LECWRAP.__uuf__.s[12]
Presumably equivalent wires: _LECWRAP.__uuf__.s[11]_gold (\_LECWRAP.__uuf__.s[11]_gold), _LECWRAP.__uuf__.s[11]_gate (\_LECWRAP.__uuf__._457_.IQ_gate) -> _LECWRAP.__uuf__.s[11]
Presumably equivalent wires: _LECWRAP.__uuf__.s[10]_gold (\_LECWRAP.__uuf__.s[10]_gold), _LECWRAP.__uuf__.s[10]_gate (\_LECWRAP.__uuf__._456_.IQ_gate) -> _LECWRAP.__uuf__.s[10]
Presumably equivalent wires: _LECWRAP.__uuf__.s[9]_gold (\_LECWRAP.__uuf__.s[9]_gold), _LECWRAP.__uuf__.s[9]_gate (\_LECWRAP.__uuf__._455_.IQ_gate) -> _LECWRAP.__uuf__.s[9]
Presumably equivalent wires: _LECWRAP.__uuf__.s[8]_gold (\_LECWRAP.__uuf__.s[8]_gold), _LECWRAP.__uuf__.s[8]_gate (\_LECWRAP.__uuf__._454_.IQ_gate) -> _LECWRAP.__uuf__.s[8]
Presumably equivalent wires: _LECWRAP.__uuf__.s[7]_gold (\_LECWRAP.__uuf__.s[7]_gold), _LECWRAP.__uuf__.s[7]_gate (\_LECWRAP.__uuf__._453_.IQ_gate) -> _LECWRAP.__uuf__.s[7]
Presumably equivalent wires: _LECWRAP.__uuf__.s[6]_gold (\_LECWRAP.__uuf__.s[6]_gold), _LECWRAP.__uuf__.s[6]_gate (\_LECWRAP.__uuf__._452_.IQ_gate) -> _LECWRAP.__uuf__.s[6]
Presumably equivalent wires: _LECWRAP.__uuf__.s[5]_gold (\_LECWRAP.__uuf__.s[5]_gold), _LECWRAP.__uuf__.s[5]_gate (\_LECWRAP.__uuf__._451_.IQ_gate) -> _LECWRAP.__uuf__.s[5]
Presumably equivalent wires: _LECWRAP.__uuf__.s[4]_gold (\_LECWRAP.__uuf__.s[4]_gold), _LECWRAP.__uuf__.s[4]_gate (\_LECWRAP.__uuf__._450_.IQ_gate) -> _LECWRAP.__uuf__.s[4]
Presumably equivalent wires: _LECWRAP.__uuf__.s[3]_gold (\_LECWRAP.__uuf__.s[3]_gold), _LECWRAP.__uuf__.s[3]_gate (\_LECWRAP.__uuf__._449_.IQ_gate) -> _LECWRAP.__uuf__.s[3]
Presumably equivalent wires: _LECWRAP.__uuf__.s[2]_gold (\_LECWRAP.__uuf__.s[2]_gold), _LECWRAP.__uuf__.s[2]_gate (\_LECWRAP.__uuf__._448_.IQ_gate) -> _LECWRAP.__uuf__.s[2]
Presumably equivalent wires: _LECWRAP.__uuf__.s[1]_gold (\_LECWRAP.__uuf__.s[1]_gold), _LECWRAP.__uuf__.s[1]_gate (\_LECWRAP.__uuf__._447_.IQ_gate) -> _LECWRAP.__uuf__.s[1]
Presumably equivalent wires: _LECWRAP.__uuf__.s[0]_gold (\_LECWRAP.__uuf__.s[0]_gold), _LECWRAP.__uuf__.s[0]_gate (\_LECWRAP.__uuf__._446_.IQ_gate) -> _LECWRAP.__uuf__.s[0]
Presumably equivalent wires: _LECWRAP.__uuf__.c[30]_gold (\_LECWRAP.__uuf__.c[30]_gold), _LECWRAP.__uuf__.c[30]_gate (\_LECWRAP.__uuf__._507_.IQ_gate) -> _LECWRAP.__uuf__.c[30]
Presumably equivalent wires: _LECWRAP.__uuf__.c[29]_gold (\_LECWRAP.__uuf__.c[29]_gold), _LECWRAP.__uuf__.c[29]_gate (\_LECWRAP.__uuf__._506_.IQ_gate) -> _LECWRAP.__uuf__.c[29]
Presumably equivalent wires: _LECWRAP.__uuf__.c[28]_gold (\_LECWRAP.__uuf__.c[28]_gold), _LECWRAP.__uuf__.c[28]_gate (\_LECWRAP.__uuf__._505_.IQ_gate) -> _LECWRAP.__uuf__.c[28]
Presumably equivalent wires: _LECWRAP.__uuf__.c[27]_gold (\_LECWRAP.__uuf__.c[27]_gold), _LECWRAP.__uuf__.c[27]_gate (\_LECWRAP.__uuf__._504_.IQ_gate) -> _LECWRAP.__uuf__.c[27]
Presumably equivalent wires: _LECWRAP.__uuf__.c[26]_gold (\_LECWRAP.__uuf__.c[26]_gold), _LECWRAP.__uuf__.c[26]_gate (\_LECWRAP.__uuf__._503_.IQ_gate) -> _LECWRAP.__uuf__.c[26]
Presumably equivalent wires: _LECWRAP.__uuf__.c[25]_gold (\_LECWRAP.__uuf__.c[25]_gold), _LECWRAP.__uuf__.c[25]_gate (\_LECWRAP.__uuf__._502_.IQ_gate) -> _LECWRAP.__uuf__.c[25]
Presumably equivalent wires: _LECWRAP.__uuf__.c[24]_gold (\_LECWRAP.__uuf__.c[24]_gold), _LECWRAP.__uuf__.c[24]_gate (\_LECWRAP.__uuf__._501_.IQ_gate) -> _LECWRAP.__uuf__.c[24]
Presumably equivalent wires: _LECWRAP.__uuf__.c[23]_gold (\_LECWRAP.__uuf__.c[23]_gold), _LECWRAP.__uuf__.c[23]_gate (\_LECWRAP.__uuf__._500_.IQ_gate) -> _LECWRAP.__uuf__.c[23]
Presumably equivalent wires: _LECWRAP.__uuf__.c[22]_gold (\_LECWRAP.__uuf__.c[22]_gold), _LECWRAP.__uuf__.c[22]_gate (\_LECWRAP.__uuf__._499_.IQ_gate) -> _LECWRAP.__uuf__.c[22]
Presumably equivalent wires: _LECWRAP.__uuf__.c[21]_gold (\_LECWRAP.__uuf__.c[21]_gold), _LECWRAP.__uuf__.c[21]_gate (\_LECWRAP.__uuf__._498_.IQ_gate) -> _LECWRAP.__uuf__.c[21]
Presumably equivalent wires: _LECWRAP.__uuf__.c[20]_gold (\_LECWRAP.__uuf__.c[20]_gold), _LECWRAP.__uuf__.c[20]_gate (\_LECWRAP.__uuf__._497_.IQ_gate) -> _LECWRAP.__uuf__.c[20]
Presumably equivalent wires: _LECWRAP.__uuf__.c[19]_gold (\_LECWRAP.__uuf__.c[19]_gold), _LECWRAP.__uuf__.c[19]_gate (\_LECWRAP.__uuf__._496_.IQ_gate) -> _LECWRAP.__uuf__.c[19]
Presumably equivalent wires: _LECWRAP.__uuf__.c[18]_gold (\_LECWRAP.__uuf__.c[18]_gold), _LECWRAP.__uuf__.c[18]_gate (\_LECWRAP.__uuf__._495_.IQ_gate) -> _LECWRAP.__uuf__.c[18]
Presumably equivalent wires: _LECWRAP.__uuf__.c[17]_gold (\_LECWRAP.__uuf__.c[17]_gold), _LECWRAP.__uuf__.c[17]_gate (\_LECWRAP.__uuf__._494_.IQ_gate) -> _LECWRAP.__uuf__.c[17]
Presumably equivalent wires: _LECWRAP.__uuf__.c[16]_gold (\_LECWRAP.__uuf__.c[16]_gold), _LECWRAP.__uuf__.c[16]_gate (\_LECWRAP.__uuf__._493_.IQ_gate) -> _LECWRAP.__uuf__.c[16]
Presumably equivalent wires: _LECWRAP.__uuf__.c[15]_gold (\_LECWRAP.__uuf__.c[15]_gold), _LECWRAP.__uuf__.c[15]_gate (\_LECWRAP.__uuf__._492_.IQ_gate) -> _LECWRAP.__uuf__.c[15]
Presumably equivalent wires: _LECWRAP.__uuf__.c[14]_gold (\_LECWRAP.__uuf__.c[14]_gold), _LECWRAP.__uuf__.c[14]_gate (\_LECWRAP.__uuf__._491_.IQ_gate) -> _LECWRAP.__uuf__.c[14]
Presumably equivalent wires: _LECWRAP.__uuf__.c[13]_gold (\_LECWRAP.__uuf__.c[13]_gold), _LECWRAP.__uuf__.c[13]_gate (\_LECWRAP.__uuf__._490_.IQ_gate) -> _LECWRAP.__uuf__.c[13]
Presumably equivalent wires: _LECWRAP.__uuf__.c[12]_gold (\_LECWRAP.__uuf__.c[12]_gold), _LECWRAP.__uuf__.c[12]_gate (\_LECWRAP.__uuf__._489_.IQ_gate) -> _LECWRAP.__uuf__.c[12]
Presumably equivalent wires: _LECWRAP.__uuf__.c[11]_gold (\_LECWRAP.__uuf__.c[11]_gold), _LECWRAP.__uuf__.c[11]_gate (\_LECWRAP.__uuf__._488_.IQ_gate) -> _LECWRAP.__uuf__.c[11]
Presumably equivalent wires: _LECWRAP.__uuf__.c[10]_gold (\_LECWRAP.__uuf__.c[10]_gold), _LECWRAP.__uuf__.c[10]_gate (\_LECWRAP.__uuf__._487_.IQ_gate) -> _LECWRAP.__uuf__.c[10]
Presumably equivalent wires: _LECWRAP.__uuf__.c[9]_gold (\_LECWRAP.__uuf__.c[9]_gold), _LECWRAP.__uuf__.c[9]_gate (\_LECWRAP.__uuf__._486_.IQ_gate) -> _LECWRAP.__uuf__.c[9]
Presumably equivalent wires: _LECWRAP.__uuf__.c[8]_gold (\_LECWRAP.__uuf__.c[8]_gold), _LECWRAP.__uuf__.c[8]_gate (\_LECWRAP.__uuf__._485_.IQ_gate) -> _LECWRAP.__uuf__.c[8]
Presumably equivalent wires: _LECWRAP.__uuf__.c[7]_gold (\_LECWRAP.__uuf__.c[7]_gold), _LECWRAP.__uuf__.c[7]_gate (\_LECWRAP.__uuf__._484_.IQ_gate) -> _LECWRAP.__uuf__.c[7]
Presumably equivalent wires: _LECWRAP.__uuf__.c[6]_gold (\_LECWRAP.__uuf__.c[6]_gold), _LECWRAP.__uuf__.c[6]_gate (\_LECWRAP.__uuf__._483_.IQ_gate) -> _LECWRAP.__uuf__.c[6]
Presumably equivalent wires: _LECWRAP.__uuf__.c[5]_gold (\_LECWRAP.__uuf__.c[5]_gold), _LECWRAP.__uuf__.c[5]_gate (\_LECWRAP.__uuf__._482_.IQ_gate) -> _LECWRAP.__uuf__.c[5]
Presumably equivalent wires: _LECWRAP.__uuf__.c[4]_gold (\_LECWRAP.__uuf__.c[4]_gold), _LECWRAP.__uuf__.c[4]_gate (\_LECWRAP.__uuf__._481_.IQ_gate) -> _LECWRAP.__uuf__.c[4]
Presumably equivalent wires: _LECWRAP.__uuf__.c[3]_gold (\_LECWRAP.__uuf__.c[3]_gold), _LECWRAP.__uuf__.c[3]_gate (\_LECWRAP.__uuf__._480_.IQ_gate) -> _LECWRAP.__uuf__.c[3]
Presumably equivalent wires: _LECWRAP.__uuf__.c[2]_gold (\_LECWRAP.__uuf__.c[2]_gold), _LECWRAP.__uuf__.c[2]_gate (\_LECWRAP.__uuf__._479_.IQ_gate) -> _LECWRAP.__uuf__.c[2]
Presumably equivalent wires: _LECWRAP.__uuf__.c[1]_gold (\_LECWRAP.__uuf__.c[1]_gold), _LECWRAP.__uuf__.c[1]_gate (\_LECWRAP.__uuf__._478_.IQ_gate) -> _LECWRAP.__uuf__.c[1]
Presumably equivalent wires: _LECWRAP.__uuf__.c[0]_gold (\_LECWRAP.__uuf__.c[0]_gold), _LECWRAP.__uuf__.c[0]_gate (\_LECWRAP.__uuf__._477_.IQ_gate) -> _LECWRAP.__uuf__.c[0]
Presumably equivalent wires: _LECWRAP.__uuf__.yr_gold (\_LECWRAP.__uuf__.yr_gold), _LECWRAP.__uuf__.yr_gate (\_LECWRAP.__uuf__._445_.IQ_gate) -> _LECWRAP.__uuf__.yr
Presumably equivalent wires: clk_gold (\clk_gold), clk_gate (\clk_gate) -> clk
Presumably equivalent wires: p_gold (\_LECWRAP.__uuf__.pr_gold), p_gate (\_LECWRAP.__uuf__._444_.IQ_gate) -> p
Presumably equivalent wires: rst_gold (\rst_gold), rst_gate (\rst_gate) -> rst
Presumably equivalent wires: y_gold (\y_gold), y_gate (\y_gate) -> y
Changing input A of cell $flatten\_LECWRAP.\_135_.$auto$liberty.cc:109:parse_func_reduce$2239_gate ($_AND_): \_LECWRAP.__uuf__._444_.IQ_gate -> \p
Changing input B of cell $flatten\_LECWRAP.__uuf__.$xor$/home/reyerchu/_c14b_spm_sky130A/phase2/stage1/rtl/spm.v:31$2_gold ($xor): { \_LECWRAP.__uuf__.s[31]_gold \_LECWRAP.__uuf__.s[30]_gold \_LECWRAP.__uuf__.s[29]_gold \_LECWRAP.__uuf__.s[28]_gold \_LECWRAP.__uuf__.s[27]_gold \_LECWRAP.__uuf__.s[26]_gold \_LECWRAP.__uuf__.s[25]_gold \_LECWRAP.__uuf__.s[24]_gold \_LECWRAP.__uuf__.s[23]_gold \_LECWRAP.__uuf__.s[22]_gold \_LECWRAP.__uuf__.s[21]_gold \_LECWRAP.__uuf__.s[20]_gold \_LECWRAP.__uuf__.s[19]_gold \_LECWRAP.__uuf__.s[18]_gold \_LECWRAP.__uuf__.s[17]_gold \_LECWRAP.__uuf__.s[16]_gold \_LECWRAP.__uuf__.s[15]_gold \_LECWRAP.__uuf__.s[14]_gold \_LECWRAP.__uuf__.s[13]_gold \_LECWRAP.__uuf__.s[12]_gold \_LECWRAP.__uuf__.s[11]_gold \_LECWRAP.__uuf__.s[10]_gold \_LECWRAP.__uuf__.s[9]_gold \_LECWRAP.__uuf__.s[8]_gold \_LECWRAP.__uuf__.s[7]_gold \_LECWRAP.__uuf__.s[6]_gold \_LECWRAP.__uuf__.s[5]_gold \_LECWRAP.__uuf__.s[4]_gold \_LECWRAP.__uuf__.s[3]_gold \_LECWRAP.__uuf__.s[2]_gold \_LECWRAP.__uuf__.s[1]_gold \_LECWRAP.__uuf__.s[0]_gold } -> { \_LECWRAP.__uuf__.s[31]_gold \_LECWRAP.__uuf__.s[30] \_LECWRAP.__uuf__.s[29] \_LECWRAP.__uuf__.s[28] \_LECWRAP.__uuf__.s[27] \_LECWRAP.__uuf__.s[26] \_LECWRAP.__uuf__.s[25] \_LECWRAP.__uuf__.s[24] \_LECWRAP.__uuf__.s[23] \_LECWRAP.__uuf__.s[22] \_LECWRAP.__uuf__.s[21] \_LECWRAP.__uuf__.s[20] \_LECWRAP.__uuf__.s[19] \_LECWRAP.__uuf__.s[18] \_LECWRAP.__uuf__.s[17] \_LECWRAP.__uuf__.s[16] \_LECWRAP.__uuf__.s[15] \_LECWRAP.__uuf__.s[14] \_LECWRAP.__uuf__.s[13] \_LECWRAP.__uuf__.s[12] \_LECWRAP.__uuf__.s[11] \_LECWRAP.__uuf__.s[10] \_LECWRAP.__uuf__.s[9] \_LECWRAP.__uuf__.s[8] \_LECWRAP.__uuf__.s[7] \_LECWRAP.__uuf__.s[6] \_LECWRAP.__uuf__.s[5] \_LECWRAP.__uuf__.s[4] \_LECWRAP.__uuf__.s[3] \_LECWRAP.__uuf__.s[2] \_LECWRAP.__uuf__.s[1] \_LECWRAP.__uuf__.s[0] }
Changing input A of cell $flatten\_LECWRAP.__uuf__.$and$/home/reyerchu/_c14b_spm_sky130A/phase2/stage1/rtl/spm.v:32$7_gold ($and): { \_LECWRAP.__uuf__.s[31]_gold \_LECWRAP.__uuf__.s[30]_gold \_LECWRAP.__uuf__.s[29]_gold \_LECWRAP.__uuf__.s[28]_gold \_LECWRAP.__uuf__.s[27]_gold \_LECWRAP.__uuf__.s[26]_gold \_LECWRAP.__uuf__.s[25]_gold \_LECWRAP.__uuf__.s[24]_gold \_LECWRAP.__uuf__.s[23]_gold \_LECWRAP.__uuf__.s[22]_gold \_LECWRAP.__uuf__.s[21]_gold \_LECWRAP.__uuf__.s[20]_gold \_LECWRAP.__uuf__.s[19]_gold \_LECWRAP.__uuf__.s[18]_gold \_LECWRAP.__uuf__.s[17]_gold \_LECWRAP.__uuf__.s[16]_gold \_LECWRAP.__uuf__.s[15]_gold \_LECWRAP.__uuf__.s[14]_gold \_LECWRAP.__uuf__.s[13]_gold \_LECWRAP.__uuf__.s[12]_gold \_LECWRAP.__uuf__.s[11]_gold \_LECWRAP.__uuf__.s[10]_gold \_LECWRAP.__uuf__.s[9]_gold \_LECWRAP.__uuf__.s[8]_gold \_LECWRAP.__uuf__.s[7]_gold \_LECWRAP.__uuf__.s[6]_gold \_LECWRAP.__uuf__.s[5]_gold \_LECWRAP.__uuf__.s[4]_gold \_LECWRAP.__uuf__.s[3]_gold \_LECWRAP.__uuf__.s[2]_gold \_LECWRAP.__uuf__.s[1]_gold \_LECWRAP.__uuf__.s[0]_gold } -> { \_LECWRAP.__uuf__.s[31]_gold \_LECWRAP.__uuf__.s[30] \_LECWRAP.__uuf__.s[29] \_LECWRAP.__uuf__.s[28] \_LECWRAP.__uuf__.s[27] \_LECWRAP.__uuf__.s[26] \_LECWRAP.__uuf__.s[25] \_LECWRAP.__uuf__.s[24] \_LECWRAP.__uuf__.s[23] \_LECWRAP.__uuf__.s[22] \_LECWRAP.__uuf__.s[21] \_LECWRAP.__uuf__.s[20] \_LECWRAP.__uuf__.s[19] \_LECWRAP.__uuf__.s[18] \_LECWRAP.__uuf__.s[17] \_LECWRAP.__uuf__.s[16] \_LECWRAP.__uuf__.s[15] \_LECWRAP.__uuf__.s[14] \_LECWRAP.__uuf__.s[13] \_LECWRAP.__uuf__.s[12] \_LECWRAP.__uuf__.s[11] \_LECWRAP.__uuf__.s[10] \_LECWRAP.__uuf__.s[9] \_LECWRAP.__uuf__.s[8] \_LECWRAP.__uuf__.s[7] \_LECWRAP.__uuf__.s[6] \_LECWRAP.__uuf__.s[5] \_LECWRAP.__uuf__.s[4] \_LECWRAP.__uuf__.s[3] \_LECWRAP.__uuf__.s[2] \_LECWRAP.__uuf__.s[1] \_LECWRAP.__uuf__.s[0] }
Changing input B of cell $flatten\_LECWRAP.__uuf__.$and$/home/reyerchu/_c14b_spm_sky130A/phase2/stage1/rtl/spm.v:32$7_gold ($and): { \_LECWRAP.__uuf__.c[31]_gold \_LECWRAP.__uuf__.c[30]_gold \_LECWRAP.__uuf__.c[29]_gold \_LECWRAP.__uuf__.c[28]_gold \_LECWRAP.__uuf__.c[27]_gold \_LECWRAP.__uuf__.c[26]_gold \_LECWRAP.__uuf__.c[25]_gold \_LECWRAP.__uuf__.c[24]_gold \_LECWRAP.__uuf__.c[23]_gold \_LECWRAP.__uuf__.c[22]_gold \_LECWRAP.__uuf__.c[21]_gold \_LECWRAP.__uuf__.c[20]_gold \_LECWRAP.__uuf__.c[19]_gold \_LECWRAP.__uuf__.c[18]_gold \_LECWRAP.__uuf__.c[17]_gold \_LECWRAP.__uuf__.c[16]_gold \_LECWRAP.__uuf__.c[15]_gold \_LECWRAP.__uuf__.c[14]_gold \_LECWRAP.__uuf__.c[13]_gold \_LECWRAP.__uuf__.c[12]_gold \_LECWRAP.__uuf__.c[11]_gold \_LECWRAP.__uuf__.c[10]_gold \_LECWRAP.__uuf__.c[9]_gold \_LECWRAP.__uuf__.c[8]_gold \_LECWRAP.__uuf__.c[7]_gold \_LECWRAP.__uuf__.c[6]_gold \_LECWRAP.__uuf__.c[5]_gold \_LECWRAP.__uuf__.c[4]_gold \_LECWRAP.__uuf__.c[3]_gold \_LECWRAP.__uuf__.c[2]_gold \_LECWRAP.__uuf__.c[1]_gold \_LECWRAP.__uuf__.c[0]_gold } -> { \_LECWRAP.__uuf__.c[31]_gold \_LECWRAP.__uuf__.c[30] \_LECWRAP.__uuf__.c[29] \_LECWRAP.__uuf__.c[28] \_LECWRAP.__uuf__.c[27] \_LECWRAP.__uuf__.c[26] \_LECWRAP.__uuf__.c[25] \_LECWRAP.__uuf__.c[24] \_LECWRAP.__uuf__.c[23] \_LECWRAP.__uuf__.c[22] \_LECWRAP.__uuf__.c[21] \_LECWRAP.__uuf__.c[20] \_LECWRAP.__uuf__.c[19] \_LECWRAP.__uuf__.c[18] \_LECWRAP.__uuf__.c[17] \_LECWRAP.__uuf__.c[16] \_LECWRAP.__uuf__.c[15] \_LECWRAP.__uuf__.c[14] \_LECWRAP.__uuf__.c[13] \_LECWRAP.__uuf__.c[12] \_LECWRAP.__uuf__.c[11] \_LECWRAP.__uuf__.c[10] \_LECWRAP.__uuf__.c[9] \_LECWRAP.__uuf__.c[8] \_LECWRAP.__uuf__.c[7] \_LECWRAP.__uuf__.c[6] \_LECWRAP.__uuf__.c[5] \_LECWRAP.__uuf__.c[4] \_LECWRAP.__uuf__.c[3] \_LECWRAP.__uuf__.c[2] \_LECWRAP.__uuf__.c[1] \_LECWRAP.__uuf__.c[0] }
Changing input B of cell $flatten\_LECWRAP.__uuf__.$and$/home/reyerchu/_c14b_spm_sky130A/phase2/stage1/rtl/spm.v:32$5_gold ($and): { \_LECWRAP.__uuf__.c[31]_gold \_LECWRAP.__uuf__.c[30]_gold \_LECWRAP.__uuf__.c[29]_gold \_LECWRAP.__uuf__.c[28]_gold \_LECWRAP.__uuf__.c[27]_gold \_LECWRAP.__uuf__.c[26]_gold \_LECWRAP.__uuf__.c[25]_gold \_LECWRAP.__uuf__.c[24]_gold \_LECWRAP.__uuf__.c[23]_gold \_LECWRAP.__uuf__.c[22]_gold \_LECWRAP.__uuf__.c[21]_gold \_LECWRAP.__uuf__.c[20]_gold \_LECWRAP.__uuf__.c[19]_gold \_LECWRAP.__uuf__.c[18]_gold \_LECWRAP.__uuf__.c[17]_gold \_LECWRAP.__uuf__.c[16]_gold \_LECWRAP.__uuf__.c[15]_gold \_LECWRAP.__uuf__.c[14]_gold \_LECWRAP.__uuf__.c[13]_gold \_LECWRAP.__uuf__.c[12]_gold \_LECWRAP.__uuf__.c[11]_gold \_LECWRAP.__uuf__.c[10]_gold \_LECWRAP.__uuf__.c[9]_gold \_LECWRAP.__uuf__.c[8]_gold \_LECWRAP.__uuf__.c[7]_gold \_LECWRAP.__uuf__.c[6]_gold \_LECWRAP.__uuf__.c[5]_gold \_LECWRAP.__uuf__.c[4]_gold \_LECWRAP.__uuf__.c[3]_gold \_LECWRAP.__uuf__.c[2]_gold \_LECWRAP.__uuf__.c[1]_gold \_LECWRAP.__uuf__.c[0]_gold } -> { \_LECWRAP.__uuf__.c[31]_gold \_LECWRAP.__uuf__.c[30] \_LECWRAP.__uuf__.c[29] \_LECWRAP.__uuf__.c[28] \_LECWRAP.__uuf__.c[27] \_LECWRAP.__uuf__.c[26] \_LECWRAP.__uuf__.c[25] \_LECWRAP.__uuf__.c[24] \_LECWRAP.__uuf__.c[23] \_LECWRAP.__uuf__.c[22] \_LECWRAP.__uuf__.c[21] \_LECWRAP.__uuf__.c[20] \_LECWRAP.__uuf__.c[19] \_LECWRAP.__uuf__.c[18] \_LECWRAP.__uuf__.c[17] \_LECWRAP.__uuf__.c[16] \_LECWRAP.__uuf__.c[15] \_LECWRAP.__uuf__.c[14] \_LECWRAP.__uuf__.c[13] \_LECWRAP.__uuf__.c[12] \_LECWRAP.__uuf__.c[11] \_LECWRAP.__uuf__.c[10] \_LECWRAP.__uuf__.c[9] \_LECWRAP.__uuf__.c[8] \_LECWRAP.__uuf__.c[7] \_LECWRAP.__uuf__.c[6] \_LECWRAP.__uuf__.c[5] \_LECWRAP.__uuf__.c[4] \_LECWRAP.__uuf__.c[3] \_LECWRAP.__uuf__.c[2] \_LECWRAP.__uuf__.c[1] \_LECWRAP.__uuf__.c[0] }
Changing input B of cell $flatten\_LECWRAP.__uuf__.$and$/home/reyerchu/_c14b_spm_sky130A/phase2/stage1/rtl/spm.v:32$4_gold ($and): { \_LECWRAP.__uuf__.s[31]_gold \_LECWRAP.__uuf__.s[30]_gold \_LECWRAP.__uuf__.s[29]_gold \_LECWRAP.__uuf__.s[28]_gold \_LECWRAP.__uuf__.s[27]_gold \_LECWRAP.__uuf__.s[26]_gold \_LECWRAP.__uuf__.s[25]_gold \_LECWRAP.__uuf__.s[24]_gold \_LECWRAP.__uuf__.s[23]_gold \_LECWRAP.__uuf__.s[22]_gold \_LECWRAP.__uuf__.s[21]_gold \_LECWRAP.__uuf__.s[20]_gold \_LECWRAP.__uuf__.s[19]_gold \_LECWRAP.__uuf__.s[18]_gold \_LECWRAP.__uuf__.s[17]_gold \_LECWRAP.__uuf__.s[16]_gold \_LECWRAP.__uuf__.s[15]_gold \_LECWRAP.__uuf__.s[14]_gold \_LECWRAP.__uuf__.s[13]_gold \_LECWRAP.__uuf__.s[12]_gold \_LECWRAP.__uuf__.s[11]_gold \_LECWRAP.__uuf__.s[10]_gold \_LECWRAP.__uuf__.s[9]_gold \_LECWRAP.__uuf__.s[8]_gold \_LECWRAP.__uuf__.s[7]_gold \_LECWRAP.__uuf__.s[6]_gold \_LECWRAP.__uuf__.s[5]_gold \_LECWRAP.__uuf__.s[4]_gold \_LECWRAP.__uuf__.s[3]_gold \_LECWRAP.__uuf__.s[2]_gold \_LECWRAP.__uuf__.s[1]_gold \_LECWRAP.__uuf__.s[0]_gold } -> { \_LECWRAP.__uuf__.s[31]_gold \_LECWRAP.__uuf__.s[30] \_LECWRAP.__uuf__.s[29] \_LECWRAP.__uuf__.s[28] \_LECWRAP.__uuf__.s[27] \_LECWRAP.__uuf__.s[26] \_LECWRAP.__uuf__.s[25] \_LECWRAP.__uuf__.s[24] \_LECWRAP.__uuf__.s[23] \_LECWRAP.__uuf__.s[22] \_LECWRAP.__uuf__.s[21] \_LECWRAP.__uuf__.s[20] \_LECWRAP.__uuf__.s[19] \_LECWRAP.__uuf__.s[18] \_LECWRAP.__uuf__.s[17] \_LECWRAP.__uuf__.s[16] \_LECWRAP.__uuf__.s[15] \_LECWRAP.__uuf__.s[14] \_LECWRAP.__uuf__.s[13] \_LECWRAP.__uuf__.s[12] \_LECWRAP.__uuf__.s[11] \_LECWRAP.__uuf__.s[10] \_LECWRAP.__uuf__.s[9] \_LECWRAP.__uuf__.s[8] \_LECWRAP.__uuf__.s[7] \_LECWRAP.__uuf__.s[6] \_LECWRAP.__uuf__.s[5] \_LECWRAP.__uuf__.s[4] \_LECWRAP.__uuf__.s[3] \_LECWRAP.__uuf__.s[2] \_LECWRAP.__uuf__.s[1] \_LECWRAP.__uuf__.s[0] }
Changing input B of cell $flatten\_LECWRAP.__uuf__.$and$/home/reyerchu/_c14b_spm_sky130A/phase2/stage1/rtl/spm.v:30$1_gold ($and): { \_LECWRAP.__uuf__.yr_gold \_LECWRAP.__uuf__.yr_gold \_LECWRAP.__uuf__.yr_gold \_LECWRAP.__uuf__.yr_gold \_LECWRAP.__uuf__.yr_gold \_LECWRAP.__uuf__.yr_gold \_LECWRAP.__uuf__.yr_gold \_LECWRAP.__uuf__.yr_gold \_LECWRAP.__uuf__.yr_gold \_LECWRAP.__uuf__.yr_gold \_LECWRAP.__uuf__.yr_gold \_LECWRAP.__uuf__.yr_gold \_LECWRAP.__uuf__.yr_gold \_LECWRAP.__uuf__.yr_gold \_LECWRAP.__uuf__.yr_gold \_LECWRAP.__uuf__.yr_gold \_LECWRAP.__uuf__.yr_gold \_LECWRAP.__uuf__.yr_gold \_LECWRAP.__uuf__.yr_gold \_LECWRAP.__uuf__.yr_gold \_LECWRAP.__uuf__.yr_gold \_LECWRAP.__uuf__.yr_gold \_LECWRAP.__uuf__.yr_gold \_LECWRAP.__uuf__.yr_gold \_LECWRAP.__uuf__.yr_gold \_LECWRAP.__uuf__.yr_gold \_LECWRAP.__uuf__.yr_gold \_LECWRAP.__uuf__.yr_gold \_LECWRAP.__uuf__.yr_gold \_LECWRAP.__uuf__.yr_gold \_LECWRAP.__uuf__.yr_gold \_LECWRAP.__uuf__.yr_gold } -> { \_LECWRAP.__uuf__.yr \_LECWRAP.__uuf__.yr \_LECWRAP.__uuf__.yr \_LECWRAP.__uuf__.yr \_LECWRAP.__uuf__.yr \_LECWRAP.__uuf__.yr \_LECWRAP.__uuf__.yr \_LECWRAP.__uuf__.yr \_LECWRAP.__uuf__.yr \_LECWRAP.__uuf__.yr \_LECWRAP.__uuf__.yr \_LECWRAP.__uuf__.yr \_LECWRAP.__uuf__.yr \_LECWRAP.__uuf__.yr \_LECWRAP.__uuf__.yr \_LECWRAP.__uuf__.yr \_LECWRAP.__uuf__.yr \_LECWRAP.__uuf__.yr \_LECWRAP.__uuf__.yr \_LECWRAP.__uuf__.yr \_LECWRAP.__uuf__.yr \_LECWRAP.__uuf__.yr \_LECWRAP.__uuf__.yr \_LECWRAP.__uuf__.yr \_LECWRAP.__uuf__.yr \_LECWRAP.__uuf__.yr \_LECWRAP.__uuf__.yr \_LECWRAP.__uuf__.yr \_LECWRAP.__uuf__.yr \_LECWRAP.__uuf__.yr \_LECWRAP.__uuf__.yr \_LECWRAP.__uuf__.yr }
Changing input B of cell $flatten\_LECWRAP.__uuf__.$xor$/home/reyerchu/_c14b_spm_sky130A/phase2/stage1/rtl/spm.v:31$3_gold ($xor): { \_LECWRAP.__uuf__.c[31]_gold \_LECWRAP.__uuf__.c[30]_gold \_LECWRAP.__uuf__.c[29]_gold \_LECWRAP.__uuf__.c[28]_gold \_LECWRAP.__uuf__.c[27]_gold \_LECWRAP.__uuf__.c[26]_gold \_LECWRAP.__uuf__.c[25]_gold \_LECWRAP.__uuf__.c[24]_gold \_LECWRAP.__uuf__.c[23]_gold \_LECWRAP.__uuf__.c[22]_gold \_LECWRAP.__uuf__.c[21]_gold \_LECWRAP.__uuf__.c[20]_gold \_LECWRAP.__uuf__.c[19]_gold \_LECWRAP.__uuf__.c[18]_gold \_LECWRAP.__uuf__.c[17]_gold \_LECWRAP.__uuf__.c[16]_gold \_LECWRAP.__uuf__.c[15]_gold \_LECWRAP.__uuf__.c[14]_gold \_LECWRAP.__uuf__.c[13]_gold \_LECWRAP.__uuf__.c[12]_gold \_LECWRAP.__uuf__.c[11]_gold \_LECWRAP.__uuf__.c[10]_gold \_LECWRAP.__uuf__.c[9]_gold \_LECWRAP.__uuf__.c[8]_gold \_LECWRAP.__uuf__.c[7]_gold \_LECWRAP.__uuf__.c[6]_gold \_LECWRAP.__uuf__.c[5]_gold \_LECWRAP.__uuf__.c[4]_gold \_LECWRAP.__uuf__.c[3]_gold \_LECWRAP.__uuf__.c[2]_gold \_LECWRAP.__uuf__.c[1]_gold \_LECWRAP.__uuf__.c[0]_gold } -> { \_LECWRAP.__uuf__.c[31]_gold \_LECWRAP.__uuf__.c[30] \_LECWRAP.__uuf__.c[29] \_LECWRAP.__uuf__.c[28] \_LECWRAP.__uuf__.c[27] \_LECWRAP.__uuf__.c[26] \_LECWRAP.__uuf__.c[25] \_LECWRAP.__uuf__.c[24] \_LECWRAP.__uuf__.c[23] \_LECWRAP.__uuf__.c[22] \_LECWRAP.__uuf__.c[21] \_LECWRAP.__uuf__.c[20] \_LECWRAP.__uuf__.c[19] \_LECWRAP.__uuf__.c[18] \_LECWRAP.__uuf__.c[17] \_LECWRAP.__uuf__.c[16] \_LECWRAP.__uuf__.c[15] \_LECWRAP.__uuf__.c[14] \_LECWRAP.__uuf__.c[13] \_LECWRAP.__uuf__.c[12] \_LECWRAP.__uuf__.c[11] \_LECWRAP.__uuf__.c[10] \_LECWRAP.__uuf__.c[9] \_LECWRAP.__uuf__.c[8] \_LECWRAP.__uuf__.c[7] \_LECWRAP.__uuf__.c[6] \_LECWRAP.__uuf__.c[5] \_LECWRAP.__uuf__.c[4] \_LECWRAP.__uuf__.c[3] \_LECWRAP.__uuf__.c[2] \_LECWRAP.__uuf__.c[1] \_LECWRAP.__uuf__.c[0] }

19. Executing HIERARCHY pass (managing design hierarchy).

19.1. Analyzing design hierarchy..
Top module:  \equiv

19.2. Analyzing design hierarchy..
Top module:  \equiv
Removing unused module `\gate'.
Removing unused module `\gold'.
Removed 2 unused modules.

20. Executing EQUIV_STRUCT pass.
Running equiv_struct on module equiv:
  Starting iteration 1.
    Nothing to merge.

21. Executing EQUIV_SIMPLE pass.
Found 64 unproven $equiv cells (64 groups) in equiv:
  Trying to prove $equiv for \p:ezsat
ezsat
 failed.
  Trying to prove $equiv for \_LECWRAP.__uuf__.yr:ezsat
ezsat
 success!
  Trying to prove $equiv for \_LECWRAP.__uuf__.c[0]:ezsat
ezsat
 failed.
  Trying to prove $equiv for \_LECWRAP.__uuf__.c[1]:ezsat
ezsat
 failed.
  Trying to prove $equiv for \_LECWRAP.__uuf__.c[2]:ezsat
ezsat
 failed.
  Trying to prove $equiv for \_LECWRAP.__uuf__.c[3]:ezsat
ezsat
 failed.
  Trying to prove $equiv for \_LECWRAP.__uuf__.c[4]:ezsat
ezsat
 failed.
  Trying to prove $equiv for \_LECWRAP.__uuf__.c[5]:ezsat
ezsat
 failed.
  Trying to prove $equiv for \_LECWRAP.__uuf__.c[6]:ezsat
ezsat
 failed.
  Trying to prove $equiv for \_LECWRAP.__uuf__.c[7]:ezsat
ezsat
 failed.
  Trying to prove $equiv for \_LECWRAP.__uuf__.c[8]:ezsat
ezsat
 failed.
  Trying to prove $equiv for \_LECWRAP.__uuf__.c[9]:ezsat
ezsat
 failed.
  Trying to prove $equiv for \_LECWRAP.__uuf__.c[10]:ezsat
ezsat
 failed.
  Trying to prove $equiv for \_LECWRAP.__uuf__.c[11]:ezsat
ezsat
 failed.
  Trying to prove $equiv for \_LECWRAP.__uuf__.c[12]:ezsat
ezsat
 failed.
  Trying to prove $equiv for \_LECWRAP.__uuf__.c[13]:ezsat
ezsat
 failed.
  Trying to prove $equiv for \_LECWRAP.__uuf__.c[14]:ezsat
ezsat
 failed.
  Trying to prove $equiv for \_LECWRAP.__uuf__.c[15]:ezsat
ezsat
 failed.
  Trying to prove $equiv for \_LECWRAP.__uuf__.c[16]:ezsat
ezsat
 failed.
  Trying to prove $equiv for \_LECWRAP.__uuf__.c[17]:ezsat
ezsat
 failed.
  Trying to prove $equiv for \_LECWRAP.__uuf__.c[18]:ezsat
ezsat
 failed.
  Trying to prove $equiv for \_LECWRAP.__uuf__.c[19]:ezsat
ezsat
 failed.
  Trying to prove $equiv for \_LECWRAP.__uuf__.c[20]:ezsat
ezsat
 failed.
  Trying to prove $equiv for \_LECWRAP.__uuf__.c[21]:ezsat
ezsat
 failed.
  Trying to prove $equiv for \_LECWRAP.__uuf__.c[22]:ezsat
ezsat
 failed.
  Trying to prove $equiv for \_LECWRAP.__uuf__.c[23]:ezsat
ezsat
 failed.
  Trying to prove $equiv for \_LECWRAP.__uuf__.c[24]:ezsat
ezsat
 failed.
  Trying to prove $equiv for \_LECWRAP.__uuf__.c[25]:ezsat
ezsat
 failed.
  Trying to prove $equiv for \_LECWRAP.__uuf__.c[26]:ezsat
ezsat
 failed.
  Trying to prove $equiv for \_LECWRAP.__uuf__.c[27]:ezsat
ezsat
 failed.
  Trying to prove $equiv for \_LECWRAP.__uuf__.c[28]:ezsat
ezsat
 failed.
  Trying to prove $equiv for \_LECWRAP.__uuf__.c[29]:ezsat
ezsat
 failed.
  Trying to prove $equiv for \_LECWRAP.__uuf__.c[30]:ezsat
ezsat
 failed.
  Trying to prove $equiv for \_LECWRAP.__uuf__.s[0]:ezsat
ezsat
 failed.
  Trying to prove $equiv for \_LECWRAP.__uuf__.s[1]:ezsat
ezsat
 failed.
  Trying to prove $equiv for \_LECWRAP.__uuf__.s[2]:ezsat
ezsat
 failed.
  Trying to prove $equiv for \_LECWRAP.__uuf__.s[3]:ezsat
ezsat
 failed.
  Trying to prove $equiv for \_LECWRAP.__uuf__.s[4]:ezsat
ezsat
 failed.
  Trying to prove $equiv for \_LECWRAP.__uuf__.s[5]:ezsat
ezsat
 failed.
  Trying to prove $equiv for \_LECWRAP.__uuf__.s[6]:ezsat
ezsat
 failed.
  Trying to prove $equiv for \_LECWRAP.__uuf__.s[7]:ezsat
ezsat
 failed.
  Trying to prove $equiv for \_LECWRAP.__uuf__.s[8]:ezsat
ezsat
 failed.
  Trying to prove $equiv for \_LECWRAP.__uuf__.s[9]:ezsat
ezsat
 failed.
  Trying to prove $equiv for \_LECWRAP.__uuf__.s[10]:ezsat
ezsat
 failed.
  Trying to prove $equiv for \_LECWRAP.__uuf__.s[11]:ezsat
ezsat
 failed.
  Trying to prove $equiv for \_LECWRAP.__uuf__.s[12]:ezsat
ezsat
 failed.
  Trying to prove $equiv for \_LECWRAP.__uuf__.s[13]:ezsat
ezsat
 failed.
  Trying to prove $equiv for \_LECWRAP.__uuf__.s[14]:ezsat
ezsat
 failed.
  Trying to prove $equiv for \_LECWRAP.__uuf__.s[15]:ezsat
ezsat
 failed.
  Trying to prove $equiv for \_LECWRAP.__uuf__.s[16]:ezsat
ezsat
 failed.
  Trying to prove $equiv for \_LECWRAP.__uuf__.s[17]:ezsat
ezsat
 failed.
  Trying to prove $equiv for \_LECWRAP.__uuf__.s[18]:ezsat
ezsat
 failed.
  Trying to prove $equiv for \_LECWRAP.__uuf__.s[19]:ezsat
ezsat
 failed.
  Trying to prove $equiv for \_LECWRAP.__uuf__.s[20]:ezsat
ezsat
 failed.
  Trying to prove $equiv for \_LECWRAP.__uuf__.s[21]:ezsat
ezsat
 failed.
  Trying to prove $equiv for \_LECWRAP.__uuf__.s[22]:ezsat
ezsat
 failed.
  Trying to prove $equiv for \_LECWRAP.__uuf__.s[23]:ezsat
ezsat
 failed.
  Trying to prove $equiv for \_LECWRAP.__uuf__.s[24]:ezsat
ezsat
 failed.
  Trying to prove $equiv for \_LECWRAP.__uuf__.s[25]:ezsat
ezsat
 failed.
  Trying to prove $equiv for \_LECWRAP.__uuf__.s[26]:ezsat
ezsat
 failed.
  Trying to prove $equiv for \_LECWRAP.__uuf__.s[27]:ezsat
ezsat
 failed.
  Trying to prove $equiv for \_LECWRAP.__uuf__.s[28]:ezsat
ezsat
 failed.
  Trying to prove $equiv for \_LECWRAP.__uuf__.s[29]:ezsat
ezsat
 failed.
  Trying to prove $equiv for \_LECWRAP.__uuf__.s[30]:ezsat
ezsat
 failed.
Proved 1 previously unproven $equiv cells.

22. Executing EQUIV_INDUCT pass.
Found 63 unproven $equiv cells in module equiv:
  Proving existence of base case for step 1. (25632 clauses over 10122 variables)
  Proving induction step 1. (53098 clauses over 20800 variables)
  Proof for induction step failed. Extending to next time step.
  Proving existence of base case for step 2. (53099 clauses over 20800 variables)
  Proving induction step 2. (80565 clauses over 31478 variables)
  Proof for induction step failed. Extending to next time step.
  Proving existence of base case for step 3. (80566 clauses over 31478 variables)
  Proving induction step 3. (108032 clauses over 42156 variables)
  Proof for induction step holds. Entire workset of 63 cells proven!
Proved 63 previously unproven $equiv cells.

23. Executing EQUIV_INDUCT pass.
No selected unproven $equiv cells found in equiv.
Proved 0 previously unproven $equiv cells.

24. Executing EQUIV_INDUCT pass.
No selected unproven $equiv cells found in equiv.
Proved 0 previously unproven $equiv cells.

25. Executing EQUIV_STATUS pass.
Found 64 $equiv cells in equiv:
  Of those cells 64 are proven and 0 are unproven.
  Equivalence successfully proven!

End of script. Logfile hash: 43ae9f69d3, time: 0.49s, user: 0.46s, system: 0.04s, MEM: 59.75 MB peak
Yosys 0.68+ (git sha1 15ccb6841, Release, GNU /usr/bin/c++ 13.3.0) [github.com/vibeic/yosys at HEAD]
Time spent: 46% 1x equiv_simple (0 sec), 30% 3x equiv_induct (0 sec), ...