0.2.76: Pulling from vibeic/vibeic-eda
c85ca13a1bf1: Pulling fs layer
9fbf90d9bf60: Pulling fs layer
6e2939cd3cbf: Pulling fs layer
73f8c9a3024d: Pulling fs layer
4f4fb700ef54: Pulling fs layer
f54eb8e76b37: Pulling fs layer
aefce7787faa: Pulling fs layer
4f4fb700ef54: Pulling fs layer
393a18306c80: Pulling fs layer
4f4fb700ef54: Pulling fs layer
131a347846cd: Pulling fs layer
e09d14f26c9a: Pulling fs layer
d3264bacbddb: Pulling fs layer
86cb71326dc5: Pulling fs layer
e87bf8fed61e: Pulling fs layer
9da7f2dd2853: Pulling fs layer
3027e17ac5b4: Pulling fs layer
0bd858e1de0b: Pulling fs layer
089ee42a523a: Pulling fs layer
1a3a6a9b5ef6: Pulling fs layer
4711621470ca: Pulling fs layer
7b4d859df579: Pulling fs layer
f004344f2262: Pulling fs layer
945d10b4a685: Pulling fs layer
7357c161ad81: Pulling fs layer
9d4f5a471fc8: Pulling fs layer
e0d8fc21bc07: Pulling fs layer
62bad70ad941: Pulling fs layer
eacced839731: Pulling fs layer
8fbb3fc1c924: Pulling fs layer
012c2bf7f031: Pulling fs layer
4e989dd3a839: Pulling fs layer
50c4277c0d1c: Pulling fs layer
26ec67ba1da8: Pulling fs layer
868085890f1f: Pulling fs layer
d5e030446ce9: Pulling fs layer
bf0bbefd37d6: Pulling fs layer
7c1f87985ccc: Pulling fs layer
55b4d45f05fc: Pulling fs layer
7ad58ac80151: Pulling fs layer
3d201c5f7b88: Pulling fs layer
a83e1b1c7096: Pulling fs layer
b4298e0ca870: Pulling fs layer
328b9a408815: Pulling fs layer
be1cdfa6c9ae: Pulling fs layer
48c148e6dce1: Pulling fs layer
bbec99c98196: Pulling fs layer
d983dd96210d: Pulling fs layer
fd723a6af9e4: Pulling fs layer
4f4fb700ef54: Pulling fs layer
24f2904b7434: Pulling fs layer
bcc1b3f8b5e9: Pulling fs layer
4c5520b818a9: Pulling fs layer
373ac82cee57: Pulling fs layer
cc17d8b2dd99: Pulling fs layer
903b51548c7c: Pulling fs layer
a895dae218f3: Pulling fs layer
128d998cd797: Pulling fs layer
3fee1ff9f737: Pulling fs layer
6f576494edc7: Pulling fs layer
aa1b4ca0b721: Pulling fs layer
7455885b6a18: Pulling fs layer
e824134c5098: Pulling fs layer
a26573984b61: Pulling fs layer
4f4fb700ef54: Pulling fs layer
3027e17ac5b4: Already exists
4f4fb700ef54: Already exists
c85ca13a1bf1: Download complete
c85ca13a1bf1: Pull complete
393a18306c80: Download complete
73f8c9a3024d: Download complete
6e2939cd3cbf: Download complete
f54eb8e76b37: Download complete
aefce7787faa: Download complete
e09d14f26c9a: Download complete
3027e17ac5b4: Pull complete
d3264bacbddb: Download complete
131a347846cd: Download complete
86cb71326dc5: Download complete
e87bf8fed61e: Download complete
9fbf90d9bf60: Download complete
9da7f2dd2853: Download complete
1a3a6a9b5ef6: Download complete
089ee42a523a: Download complete
4711621470ca: Download complete
7b4d859df579: Download complete
f004344f2262: Download complete
945d10b4a685: Download complete
7357c161ad81: Download complete
9d4f5a471fc8: Download complete
62bad70ad941: Download complete
0bd858e1de0b: Download complete
1a3a6a9b5ef6: Pull complete
089ee42a523a: Pull complete
0bd858e1de0b: Pull complete
eacced839731: Download complete
e0d8fc21bc07: Download complete
50c4277c0d1c: Download complete
012c2bf7f031: Download complete
26ec67ba1da8: Download complete
868085890f1f: Download complete
4e989dd3a839: Download complete
d5e030446ce9: Download complete
7c1f87985ccc: Download complete
55b4d45f05fc: Download complete
bf0bbefd37d6: Download complete
7ad58ac80151: Download complete
a83e1b1c7096: Download complete
b4298e0ca870: Download complete
328b9a408815: Download complete
8fbb3fc1c924: Download complete
48c148e6dce1: Download complete
bbec99c98196: Download complete
fd723a6af9e4: Download complete
7b4d859df579: Pull complete
f004344f2262: Pull complete
945d10b4a685: Pull complete
fd723a6af9e4: Pull complete
bcc1b3f8b5e9: Download complete
4711621470ca: Pull complete
9d4f5a471fc8: Pull complete
62bad70ad941: Pull complete
24f2904b7434: Download complete
e0d8fc21bc07: Pull complete
4c5520b818a9: Download complete
7357c161ad81: Pull complete
eacced839731: Pull complete
8fbb3fc1c924: Pull complete
012c2bf7f031: Pull complete
4e989dd3a839: Pull complete
50c4277c0d1c: Pull complete
9fbf90d9bf60: Pull complete
373ac82cee57: Download complete
cc17d8b2dd99: Download complete
903b51548c7c: Download complete
128d998cd797: Download complete
a895dae218f3: Download complete
3fee1ff9f737: Download complete
6f576494edc7: Download complete
7455885b6a18: Download complete
a26573984b61: Download complete
aa1b4ca0b721: Download complete
3d201c5f7b88: Download complete
3d201c5f7b88: Pull complete
4f4fb700ef54: Pull complete
e09d14f26c9a: Pull complete
868085890f1f: Pull complete
d5e030446ce9: Pull complete
7c1f87985ccc: Pull complete
55b4d45f05fc: Pull complete
7ad58ac80151: Pull complete
24f2904b7434: Pull complete
131a347846cd: Pull complete
26ec67ba1da8: Pull complete
903b51548c7c: Pull complete
6f576494edc7: Pull complete
aefce7787faa: Pull complete
9da7f2dd2853: Pull complete
bf0bbefd37d6: Pull complete
373ac82cee57: Pull complete
3fee1ff9f737: Pull complete
aa1b4ca0b721: Pull complete
cc17d8b2dd99: Pull complete
128d998cd797: Pull complete
7455885b6a18: Pull complete
a26573984b61: Pull complete
73f8c9a3024d: Pull complete
e824134c5098: Download complete
e824134c5098: Pull complete
328b9a408815: Pull complete
bbec99c98196: Pull complete
6e2939cd3cbf: Pull complete
e87bf8fed61e: Pull complete
a83e1b1c7096: Pull complete
be1cdfa6c9ae: Download complete
be1cdfa6c9ae: Pull complete
d983dd96210d: Download complete
d983dd96210d: Pull complete
393a18306c80: Pull complete
b4298e0ca870: Pull complete
bcc1b3f8b5e9: Pull complete
f54eb8e76b37: Pull complete
86cb71326dc5: Pull complete
4c5520b818a9: Pull complete
d3264bacbddb: Pull complete
a895dae218f3: Pull complete
48c148e6dce1: Pull complete
Digest: sha256:579ab304336981cf4b3c6bb4d1c2c1bb40db0c4c61d8d52f293120726b80601e
Status: Downloaded newer image for ghcr.io/vibeic/vibeic-eda:0.2.76
ghcr.io/vibeic/vibeic-eda:0.2.76
