# OpenROAD detailed_route DRC summary -- emitted by
# phase3_one_shot_runner v1.6.36 (canonicalize_artefacts step).
# Tool: openroad detailed_route (drt)
# Source log: phase3/stage3/pnr/openroad.log
#
# This report is the runner-side projection of OpenROAD
# detailed_route output. Tool signature is `openroad` /
# `detailed_route`; `violation report` line + per-violation
# detail (when present) populate the substance check.
#
# Substance: post-route DRC count derived from openroad
# detailed_route's per-net congestion/violation log lines. This is
# the router's own in-loop DRC pass.
# Sign-off DRC runs SEPARATELY at Step 31: when the PDK ships a
# Calibre/Assura `.rule` deck (input/pdk/calibre/), the runner
# executes that foundry deck NATIVELY via the vibeic KLayout SVRF
# engine (_try_svrf_native_drc) — NO Calibre license/binary
# required; that IS the sign-off-grade verdict. A KLayout `.lydrc`
# or `magic` deck is only the fallback when no SVRF deck exists.
#
openroad / drt-pass: detailed_route invoked
violation report: 0
violation count summary: 0 violation(s) found
drc source: final [INFO DRT-0199] count
DRC clean: YES
tool: openroad

# === detailed_route + global_route summary lines from openroad.log ===
[INFO ORD-0030] Using 32 thread(s).
[INFO ODB-0388] unsupported LEF58_EOLENCLOSURE property for layer Via1 :"
[INFO ODB-0388] unsupported LEF58_EOLENCLOSURE property for layer Via2 :" EOLENCLOSURE 0.34 0.06 ; "
[INFO ODB-0388] unsupported LEF58_EOLENCLOSURE property for layer Via3 :" EOLENCLOSURE 0.34 0.06 ; "
[INFO ODB-0388] unsupported LEF58_EOLENCLOSURE property for layer Via4 :" EOLENCLOSURE 0.34 0.06 ; "
[INFO ODB-0227] LEF file: /foss/pdks/gf180mcuD/libs.ref/gf180mcu_fd_sc_mcu7t5v0/techlef/gf180mcu_fd_sc_mcu7t5v0__nom.tlef, created 15 layers, 56 vias
[WARNING ODB-0220] WARNING (LEFPARS-2008): NOWIREEXTENSIONATPIN statement is obsolete in version 5.6 or later.
[INFO ODB-0227] LEF file: /foss/pdks/gf180mcuD/libs.ref/gf180mcu_fd_sc_mcu7t5v0/lef/gf180mcu_fd_sc_mcu7t5v0.lef, created 229 library cells
[INFO IFP-0105] Number of instances:                    262
[INFO PPL-0001] Number of available slots 848
[INFO PPL-0002] Number of I/O             36
[INFO PPL-0003] Number of I/O w/sink      36
[INFO PPL-0004] Number of I/O w/o sink    0
[INFO GPL-0006] Number of instances:               649
[INFO GPL-0010] Number of nets:                    297
[INFO GPL-0011] Number of pins:                    932
[INFO GPL-0030] Number of bins:                    256
[INFO GPL-0042] Number of overflowed tiles: 0 (0.00%)
[INFO CTS-0030]  Number of static layers: 0.
[INFO CTS-0035]  Number of sinks covered: 65.
PNR_STAGE: global_route
PNR_STAGE: detailed_route
[INFO DRT-0149] Reading tech and libs.
[WARNING DRT-0349] LEF58_ENCLOSURE with no CUTCLASS is not supported. Skipping for layer Via1
[WARNING DRT-0349] LEF58_ENCLOSURE with no CUTCLASS is not supported. Skipping for layer Via1
[WARNING DRT-0349] LEF58_ENCLOSURE with no CUTCLASS is not supported. Skipping for layer Via2
[WARNING DRT-0349] LEF58_ENCLOSURE with no CUTCLASS is not supported. Skipping for layer Via2
[WARNING DRT-0349] LEF58_ENCLOSURE with no CUTCLASS is not supported. Skipping for layer Via3
[WARNING DRT-0349] LEF58_ENCLOSURE with no CUTCLASS is not supported. Skipping for layer Via3
[WARNING DRT-0349] LEF58_ENCLOSURE with no CUTCLASS is not supported. Skipping for layer Via4
[WARNING DRT-0349] LEF58_ENCLOSURE with no CUTCLASS is not supported. Skipping for layer Via4
Number of layers:     11
Number of macros:     229
Number of vias:       60
Number of viarulegen: 16
[INFO DRT-0150] Reading design.
Number of track patterns: 10
Number of DEF vias:       0
Number of components:     713
Number of terminals:      36
Number of snets:          2
Number of nets:           348
[INFO DRT-0167] List of default vias:
[INFO DRT-0162] Library cell analysis.
[INFO DRT-0163] Instance analysis.
[INFO DRT-0164] Number of unique instances = 46.
[INFO DRT-0168] Init region query.
[INFO DRT-0024]   Complete Poly2.
[INFO DRT-0024]   Complete CON.
[INFO DRT-0024]   Complete Metal1.
[INFO DRT-0024]   Complete Via1.
[INFO DRT-0024]   Complete Metal2.
[INFO DRT-0024]   Complete Via2.
[INFO DRT-0024]   Complete Metal3.
[INFO DRT-0024]   Complete Via3.
[INFO DRT-0024]   Complete Metal4.
[INFO DRT-0024]   Complete Via4.
[INFO DRT-0024]   Complete Metal5.
[INFO DRT-0033] Poly2 shape region query size = 0.
[INFO DRT-0033] CON shape region query size = 0.
[INFO DRT-0033] Metal1 shape region query size = 10036.
[INFO DRT-0033] Via1 shape region query size = 243.
[INFO DRT-0033] Metal2 shape region query size = 195.
[INFO DRT-0033] Via2 shape region query size = 243.
[INFO DRT-0033] Metal3 shape region query size = 165.
[INFO DRT-0033] Via3 shape region query size = 243.
[INFO DRT-0033] Metal4 shape region query size = 88.
[INFO DRT-0033] Via4 shape region query size = 36.
[INFO DRT-0033] Metal5 shape region query size = 6.
[INFO DRT-0165] Start pin access.
[INFO DRT-0078]   Complete 311 pins.
[INFO DRT-0081]   Complete 46 unique inst patterns.
[INFO DRT-0084]   Complete 299 groups.
[INFO DRT-0166] Complete pin access.
[INFO DRT-0267] cpu time = 00:00:11, elapsed time = 00:00:00, memory = 332.12 (MB), peak = 343.99 (MB)
[INFO DRT-0157] Number of guides:     2198
[INFO DRT-0169] Post process guides.
[INFO DRT-0176] GCELLGRID X 0 DO 28 STEP 16800 ;
[INFO DRT-0177] GCELLGRID Y 0 DO 28 STEP 16800 ;
[INFO DRT-0028]   Complete Poly2.
[INFO DRT-0028]   Complete CON.
[INFO DRT-0028]   Complete Metal1.
[INFO DRT-0028]   Complete Via1.
[INFO DRT-0028]   Complete Metal2.
[INFO DRT-0028]   Complete Via2.
[INFO DRT-0028]   Complete Metal3.
[INFO DRT-0028]   Complete Via3.
[INFO DRT-0028]   Complete Metal4.
[INFO DRT-0028]   Complete Via4.
[INFO DRT-0028]   Complete Metal5.
[INFO DRT-0178] Init guide query.
[INFO DRT-0035]   Complete Poly2 (guide).
[INFO DRT-0035]   Complete CON (guide).
[INFO DRT-0035]   Complete Metal1 (guide).
[INFO DRT-0035]   Complete Via1 (guide).
[INFO DRT-0035]   Complete Metal2 (guide).
[INFO DRT-0035]   Complete Via2 (guide).
[INFO DRT-0035]   Complete Metal3 (guide).
[INFO DRT-0035]   Complete Via3 (guide).
[INFO DRT-0035]   Complete Metal4 (guide).
[INFO DRT-0035]   Complete Via4 (guide).
[INFO DRT-0035]   Complete Metal5 (guide).
[INFO DRT-0036] Poly2 guide region query size = 0.
[INFO DRT-0036] CON guide region query size = 0.
[INFO DRT-0036] Metal1 guide region query size = 900.
[INFO DRT-0036] Via1 guide region query size = 0.
[INFO DRT-0036] Metal2 guide region query size = 680.
[INFO DRT-0036] Via2 guide region query size = 0.
[INFO DRT-0036] Metal3 guide region query size = 199.
[INFO DRT-0036] Via3 guide region query size = 0.
[INFO DRT-0036] Metal4 guide region query size = 0.
[INFO DRT-0036] Via4 guide region query size = 0.
[INFO DRT-0036] Metal5 guide region query size = 0.
[INFO DRT-0179] Init gr pin query.
[INFO DRT-0267] cpu time = 00:00:00, elapsed time = 00:00:00, memory = 332.19 (MB), peak = 343.99 (MB)
[INFO DRT-0245] skipped writing guide updates to database.
[INFO DRT-0181] Start track assignment.
[INFO DRT-0184] Done with 680 vertical wires in 1 frboxes and 1099 horizontal wires in 1 frboxes.
[INFO DRT-0186] Done with 126 vertical wires in 1 frboxes and 120 horizontal wires in 1 frboxes.
[INFO DRT-0182] Complete track assignment.
[INFO DRT-0267] cpu time = 00:00:02, elapsed time = 00:00:00, memory = 332.39 (MB), peak = 343.99 (MB)
[INFO DRT-0187] Start routing data preparation.
[INFO DRT-0267] cpu time = 00:00:00, elapsed time = 00:00:00, memory = 332.39 (MB), peak = 343.99 (MB)
[INFO DRT-0194] Start detail routing.
[INFO DRT-0195] Start 0th optimization iteration.
[INFO DRT-0199]   Number of violations = 141.
[INFO DRT-0267] cpu time = 00:00:39, elapsed time = 00:00:11, memory = 341.42 (MB), peak = 562.31 (MB)
Total wire length = 13292 um.
Total wire length on LAYER Metal1 = 763 um.
Total wire length on LAYER Metal2 = 8326 um.
Total wire length on LAYER Metal3 = 4157 um.
Total wire length on LAYER Metal4 = 44 um.
Total wire length on LAYER Metal5 = 0 um.
[INFO DRT-0195] Start 1st optimization iteration.
[INFO DRT-0199]   Number of violations = 24.
[INFO DRT-0267] cpu time = 00:00:35, elapsed time = 00:00:09, memory = 339.82 (MB), peak = 563.99 (MB)
Total wire length = 13226 um.
Total wire length on LAYER Metal1 = 708 um.
Total wire length on LAYER Metal2 = 8301 um.
Total wire length on LAYER Metal3 = 4185 um.
Total wire length on LAYER Metal4 = 31 um.
Total wire length on LAYER Metal5 = 0 um.
[INFO DRT-0195] Start 2nd optimization iteration.
[INFO DRT-0199]   Number of violations = 26.
[INFO DRT-0267] cpu time = 00:00:25, elapsed time = 00:00:03, memory = 344.38 (MB), peak = 564.25 (MB)
Total wire length = 13244 um.
Total wire length on LAYER Metal1 = 698 um.
Total wire length on LAYER Metal2 = 8319 um.
Total wire length on LAYER Metal3 = 4196 um.
Total wire length on LAYER Metal4 = 30 um.
Total wire length on LAYER Metal5 = 0 um.
[INFO DRT-0195] Start 3rd guides tiles iteration.
[INFO DRT-0199]   Number of violations = 0.
[INFO DRT-0267] cpu time = 00:00:11, elapsed time = 00:00:00, memory = 567.75 (MB), peak = 564.38 (MB)
Total wire length = 13221 um.
Total wire length on LAYER Metal1 = 354 um.
Total wire length on LAYER Metal2 = 8111 um.
Total wire length on LAYER Metal3 = 4556 um.
Total wire length on LAYER Metal4 = 199 um.
Total wire length on LAYER Metal5 = 0 um.
[WARNING DRT-0290] Warning: no DRC report specified, skipped writing DRC report
[INFO DRT-0198] Complete detail routing.
Total wire length = 13221 um.
Total wire length on LAYER Metal1 = 354 um.
Total wire length on LAYER Metal2 = 8111 um.
Total wire length on LAYER Metal3 = 4556 um.
Total wire length on LAYER Metal4 = 199 um.
Total wire length on LAYER Metal5 = 0 um.
[INFO DRT-0267] cpu time = 00:01:51, elapsed time = 00:00:25, memory = 567.82 (MB), peak = 564.38 (MB)
[WARNING DRT-0701] Post-route verification found 1 violation(s) that the routing loop did not report (0 in-loop). The published result is the verified one.
[WARNING DRT-0290] Warning: no DRC report specified, skipped writing DRC report
[INFO DRT-0180] Post processing.
[INFO DRT-0501] Runtime: 26.65s
[INFO DRT-0178] Init guide query.
[INFO DRT-0036] Poly2 guide region query size = 0.
[INFO DRT-0036] CON guide region query size = 0.
[INFO DRT-0036] Metal1 guide region query size = 900.
[INFO DRT-0036] Via1 guide region query size = 0.
[INFO DRT-0036] Metal2 guide region query size = 680.
[INFO DRT-0036] Via2 guide region query size = 0.
[INFO DRT-0036] Metal3 guide region query size = 199.
[INFO DRT-0036] Via3 guide region query size = 0.
[INFO DRT-0036] Metal4 guide region query size = 0.
[INFO DRT-0036] Via4 guide region query size = 0.
[INFO DRT-0036] Metal5 guide region query size = 0.
[INFO DRT-0179] Init gr pin query.
[INFO DRT-0501] Runtime: 31.30s

# === violation lines (last 100, if any) ===
[INFO DRT-0036] Metal1 guide region query size = 900.
[INFO DRT-0036] Via1 guide region query size = 0.
[INFO DRT-0036] Metal2 guide region query size = 680.
[INFO DRT-0036] Via2 guide region query size = 0.
[INFO DRT-0036] Metal3 guide region query size = 199.
[INFO DRT-0036] Via3 guide region query size = 0.
[INFO DRT-0036] Metal4 guide region query size = 0.
[INFO DRT-0036] Via4 guide region query size = 0.
[INFO DRT-0036] Metal5 guide region query size = 0.
[INFO DRT-0179] Init gr pin query.
[INFO DRT-0267] cpu time = 00:00:00, elapsed time = 00:00:00, memory = 332.19 (MB), peak = 343.99 (MB)
[INFO DRT-0245] skipped writing guide updates to database.
[INFO DRT-0181] Start track assignment.
[INFO DRT-0184] Done with 680 vertical wires in 1 frboxes and 1099 horizontal wires in 1 frboxes.
[INFO DRT-0186] Done with 126 vertical wires in 1 frboxes and 120 horizontal wires in 1 frboxes.
[INFO DRT-0182] Complete track assignment.
[INFO DRT-0267] cpu time = 00:00:02, elapsed time = 00:00:00, memory = 332.39 (MB), peak = 343.99 (MB)
[INFO DRT-0187] Start routing data preparation.
[INFO DRT-0267] cpu time = 00:00:00, elapsed time = 00:00:00, memory = 332.39 (MB), peak = 343.99 (MB)
[INFO DRT-0194] Start detail routing.
[INFO DRT-0195] Start 0th optimization iteration.
    Completing 10% with 0 violations.
    Completing 20% with 0 violations.
    Completing 30% with 19 violations.
    Completing 40% with 19 violations.
    Completing 50% with 19 violations.
    Completing 60% with 52 violations.
    Completing 70% with 52 violations.
    Completing 80% with 78 violations.
    Completing 90% with 78 violations.
    Completing 100% with 107 violations.
[INFO DRT-0199]   Number of violations = 141.
[INFO DRT-0267] cpu time = 00:00:39, elapsed time = 00:00:11, memory = 341.42 (MB), peak = 562.31 (MB)
[INFO DRT-0195] Start 1st optimization iteration.
    Completing 10% with 141 violations.
    Completing 20% with 141 violations.
    Completing 30% with 141 violations.
    Completing 40% with 135 violations.
    Completing 50% with 135 violations.
    Completing 60% with 135 violations.
    Completing 70% with 99 violations.
    Completing 80% with 99 violations.
    Completing 90% with 42 violations.
    Completing 100% with 24 violations.
[INFO DRT-0199]   Number of violations = 24.
[INFO DRT-0267] cpu time = 00:00:35, elapsed time = 00:00:09, memory = 339.82 (MB), peak = 563.99 (MB)
[INFO DRT-0195] Start 2nd optimization iteration.
    Completing 10% with 24 violations.
    Completing 20% with 24 violations.
    Completing 30% with 24 violations.
    Completing 40% with 26 violations.
    Completing 50% with 26 violations.
    Completing 60% with 26 violations.
    Completing 70% with 26 violations.
    Completing 80% with 26 violations.
    Completing 90% with 28 violations.
    Completing 100% with 26 violations.
[INFO DRT-0199]   Number of violations = 26.
[INFO DRT-0267] cpu time = 00:00:25, elapsed time = 00:00:03, memory = 344.38 (MB), peak = 564.25 (MB)
[INFO DRT-0195] Start 3rd guides tiles iteration.
    Completing 10% with 26 violations.
    Completing 20% with 26 violations.
    Completing 30% with 26 violations.
    Completing 40% with 26 violations.
    Completing 50% with 26 violations.
    Completing 60% with 26 violations.
    Completing 70% with 26 violations.
    Completing 80% with 0 violations.
    Completing 90% with 0 violations.
    Completing 100% with 0 violations.
[INFO DRT-0199]   Number of violations = 0.
[INFO DRT-0267] cpu time = 00:00:11, elapsed time = 00:00:00, memory = 567.75 (MB), peak = 564.38 (MB)
[WARNING DRT-0290] Warning: no DRC report specified, skipped writing DRC report
[INFO DRT-0198] Complete detail routing.
[INFO DRT-0267] cpu time = 00:01:51, elapsed time = 00:00:25, memory = 567.82 (MB), peak = 564.38 (MB)
[WARNING DRT-0701] Post-route verification found 1 violation(s) that the routing loop did not report (0 in-loop). The published result is the verified one.
[WARNING DRT-0290] Warning: no DRC report specified, skipped writing DRC report
[INFO DRT-0180] Post processing.
[INFO DRT-0501] Runtime: 26.65s
[INFO ANT-0002] Found 0 net violations.
[INFO ANT-0001] Found 0 pin violations.
ANTENNA_ALREADY_CLEAN: 0 net violations, skipping repair+reroute
[INFO ANT-0002] Found 0 net violations.
[INFO ANT-0001] Found 0 pin violations.
ANTENNA_ALREADY_CLEAN: 0 net violations, skipping repair+reroute
[INFO DRT-0178] Init guide query.
[INFO DRT-0036] Poly2 guide region query size = 0.
[INFO DRT-0036] CON guide region query size = 0.
[INFO DRT-0036] Metal1 guide region query size = 900.
[INFO DRT-0036] Via1 guide region query size = 0.
[INFO DRT-0036] Metal2 guide region query size = 680.
[INFO DRT-0036] Via2 guide region query size = 0.
[INFO DRT-0036] Metal3 guide region query size = 199.
[INFO DRT-0036] Via3 guide region query size = 0.
[INFO DRT-0036] Metal4 guide region query size = 0.
[INFO DRT-0036] Via4 guide region query size = 0.
[INFO DRT-0036] Metal5 guide region query size = 0.
[INFO DRT-0179] Init gr pin query.
[INFO DRT-0501] Runtime: 31.30s
[INFO RSZ-0098] No setup violations found
# === full openroad.log (last 3 KB, for reviewer context) ===
40 222040 427100)
MIN_AREA_PATCH_UNPATCHABLE: net=s[3] layer=Metal2 area=425600 need=577600 bbox=(258440 300900 259000 301660)
MIN_AREA_PATCH_UNPATCHABLE: net=net8 layer=Metal3 area=425600 need=577600 bbox=(291940 391720 292700 392280)
MIN_AREA_PATCH_UNPATCHABLE: net=net8 layer=Metal2 area=425600 need=577600 bbox=(224840 420740 225400 421500)
MIN_AREA_PATCH_UNPATCHABLE: net=net11 layer=Metal2 area=425600 need=577600 bbox=(242760 433060 243320 433820)
MIN_AREA_PATCH_UNPATCHABLE: net=net16 layer=Metal2 area=425600 need=577600 bbox=(223720 393860 224280 394620)
MIN_AREA_PATCH_UNPATCHABLE: net=net20 layer=Metal2 area=425600 need=577600 bbox=(212520 417380 213080 418140)
MIN_AREA_PATCH_UNPATCHABLE: net=net23 layer=Metal2 area=425600 need=577600 bbox=(231560 417380 232120 418140)
MIN_AREA_PATCH_UNPATCHABLE: net=net27 layer=Metal2 area=425600 need=577600 bbox=(232680 433060 233240 433820)
MIN_AREA_PATCH_UNPATCHABLE: net=net32 layer=Metal2 area=425600 need=577600 bbox=(266280 425220 266840 425980)
MIN_AREA_PATCH_UNPATCHABLE: net=net2 layer=Metal2 area=425600 need=577600 bbox=(204680 302020 205240 302780)
MIN_AREA_PATCH_UNPATCHABLE: net=net2 layer=Metal2 area=425600 need=577600 bbox=(124040 340100 124600 340860)
MIN_AREA_PATCH_UNPATCHABLE: net=net2 layer=Metal2 area=425600 need=577600 bbox=(116200 411780 116760 412540)
MIN_AREA_PATCH_UNPATCHABLE: net=x[12] layer=Metal2 area=425600 need=577600 bbox=(239400 381540 239960 382300)
MIN_AREA_PATCH_UNPATCHABLE: net=x[16] layer=Metal2 area=425600 need=577600 bbox=(239400 434180 239960 434940)
MIN_AREA_PATCH_UNPATCHABLE: net=x[28] layer=Metal2 area=425600 need=577600 bbox=(269640 396100 270200 396860)
MIN_AREA_PATCH_UNPATCHABLE: net=net37 layer=Metal3 area=425600 need=577600 bbox=(200100 409640 200860 410200)
MIN_AREA_PATCH_UNPATCHABLE: net=clknet_3_0__leaf_clk layer=Metal2 area=425600 need=577600 bbox=(70280 268420 70840 269180)
MIN_AREA_PATCH_DONE: deficient=107 patched=60 unpatchable=47 pin_merged_skipped=0
MIN_AREA_PATCH_VIAENCL_REQ: Via1|Metal1 {0 120} Via1|Metal2 {20 120} Via2|Metal2 {0 120} Via2|Metal3 {20 120} Via3|Metal3 {0 120} Via3|Metal4 {20 120} Via4|Metal4 {20 120} Via4|Metal5 {20 120}
MIN_AREA_PATCH_VIAENCL_DONE: deficient=0 patched=0 unpatchable=0
Design area 11696 um^2 27% utilization.
PNR_STAGE: postroute_setup_repair_estimate
SPEF_REPAIR_WNS_BEFORE: 16.133354664418984
Iteration |   Area    | Resized | Buffers | Nets repaired | Remaining
---------------------------------------------------------------------
        0 |     +0.0% |       0 |       0 |             0 |       361
    final |     +0.0% |       0 |       0 |             0 |         0
---------------------------------------------------------------------
[INFO RSZ-0504] Runtime: 0.04s
[INFO RSZ-0100] Repair move sequence: UnbufferMove SizeUpMove SwapPinsMove BufferMove CloneMove SplitLoadMove 
[INFO RSZ-0098] No setup violations found
[INFO RSZ-0505] Runtime: 0.05s
SPEF_REPAIR_WNS_AFTER: 16.133354664418984
SPEF_REPAIR_APPLIED_ON_ESTIMATE

# end of routed.drc.rpt
