
 /----------------------------------------------------------------------------\
 |  yosys -- Yosys Open SYnthesis Suite                                       |
 |  Copyright (C) 2012 - 2026  Claire Xenia Wolf <claire@yosyshq.com>         |
 |  Distributed under an ISC-like license, type "license" to see terms        |
 \----------------------------------------------------------------------------/
 Yosys 0.68+ (git sha1 41a01aece, Release, GNU /usr/bin/c++ 13.3.0) [github.com/vibeic/yosys at HEAD]

-- Executing script file `/home/reyerchu/spm3_run/gf180mcuD/reports/phase3/lec_post_chip_top.ys' --

1. Executing Liberty frontend: /foss/pdks/gf180mcuD/libs.ref/gf180mcu_fd_sc_mcu7t5v0/lib/gf180mcu_fd_sc_mcu7t5v0__tt_025C_5v00.lib
Imported 229 cell types from liberty file.
<suppressed ~18 debug messages>

2. Executing Verilog-2005 frontend: /foss/pdks/gf180mcuD/libs.ref/gf180mcu_fd_io/verilog/gf180mcu_ef_io__blackbox.v
Parsing Verilog input from `/foss/pdks/gf180mcuD/libs.ref/gf180mcu_fd_io/verilog/gf180mcu_ef_io__blackbox.v' to AST representation.
Generating RTLIL representation for module `\gf180mcu_ef_io__bi_t'.
Successfully finished Verilog frontend.

3. Executing Verilog-2005 frontend: /foss/pdks/gf180mcuD/libs.ref/gf180mcu_fd_io/verilog/gf180mcu_fd_io__blackbox.v
Parsing Verilog input from `/foss/pdks/gf180mcuD/libs.ref/gf180mcu_fd_io/verilog/gf180mcu_fd_io__blackbox.v' to AST representation.
Generating RTLIL representation for module `\gf180mcu_fd_io__asig_5p0'.
Generating RTLIL representation for module `\gf180mcu_fd_io__bi_24t'.
Generating RTLIL representation for module `\gf180mcu_fd_io__bi_t'.
Generating RTLIL representation for module `\gf180mcu_fd_io__brk2'.
Generating RTLIL representation for module `\gf180mcu_fd_io__brk5'.
Generating RTLIL representation for module `\gf180mcu_fd_io__cor'.
Generating RTLIL representation for module `\gf180mcu_fd_io__dvdd'.
Generating RTLIL representation for module `\gf180mcu_fd_io__dvss'.
Generating RTLIL representation for module `\gf180mcu_fd_io__fill1'.
Generating RTLIL representation for module `\gf180mcu_fd_io__fill5'.
Generating RTLIL representation for module `\gf180mcu_fd_io__fill10'.
Generating RTLIL representation for module `\gf180mcu_fd_io__fillnc'.
Generating RTLIL representation for module `\gf180mcu_fd_io__in_c'.
Generating RTLIL representation for module `\gf180mcu_fd_io__in_s'.
Successfully finished Verilog frontend.

4. Executing Verilog-2005 frontend: /foss/pdks/gf180mcuD/libs.ref/gf180mcu_fd_ip_sram/verilog/gf180mcu_fd_ip_sram__sram128x8m8wm1__blackbox.v
Parsing Verilog input from `/foss/pdks/gf180mcuD/libs.ref/gf180mcu_fd_ip_sram/verilog/gf180mcu_fd_ip_sram__sram128x8m8wm1__blackbox.v' to AST representation.
/foss/pdks/gf180mcuD/libs.ref/gf180mcu_fd_ip_sram/verilog/gf180mcu_fd_ip_sram__sram128x8m8wm1__blackbox.v:43: ERROR: Module port `\VDD' is not declared in module header.
