# Multi-corner SPEF STA (TAPEOUT-SIGNOFF P1)
# SETUP corner: max-RC   HOLD corner: min-RC
# corners_available: max,min,nom
# corner_liberty: max=/foss/pdks/gf180mcuD/libs.ref/gf180mcu_fd_sc_mcu7t5v0/lib/gf180mcu_fd_sc_mcu7t5v0__tt_025C_5v00.lib
# corner_liberty: min=/foss/pdks/gf180mcuD/libs.ref/gf180mcu_fd_sc_mcu7t5v0/lib/gf180mcu_fd_sc_mcu7t5v0__tt_025C_5v00.lib
# distinct_corner_libraries: 1 across 2 reported corner(s)
# axis: RC/parasitic — corners vary the SPEF, NOT the process library; process-corner sign-off is a separate axis
=== SETUP (max-RC corner, SPEF=max, liberty=/foss/pdks/gf180mcuD/libs.ref/gf180mcu_fd_sc_mcu7t5v0/lib/gf180mcu_fd_sc_mcu7t5v0__tt_025C_5v00.lib) ===
worst slack max 19.02
tns max 0.00
Startpoint: _395_ (rising edge-triggered flip-flop clocked by clk)
Endpoint: _402_ (rising edge-triggered flip-flop clocked by clk)
Path Group: clk
Path Type: max

    Cap    Slew   Delay    Time   Description
-----------------------------------------------------------------------
                   0.00    0.00   clock clk (rise edge)
                   0.61    0.61   clock network delay (propagated)
           0.13    0.00    0.61 ^ _395_/CLK (gf180mcu_fd_sc_mcu7t5v0__dffq_1)
   0.01    0.29    0.83    1.44 ^ _395_/Q (gf180mcu_fd_sc_mcu7t5v0__dffq_1)
   0.36    2.88    1.82    3.26 ^ place2/Z (gf180mcu_fd_sc_mcu7t5v0__buf_2)
   0.06    1.44    1.04    4.30 v _288_/ZN (gf180mcu_fd_sc_mcu7t5v0__nand2_1)
   0.01    0.48    0.84    5.14 v _291_/Z (gf180mcu_fd_sc_mcu7t5v0__xor3_1)
   0.01    0.31    0.27    5.41 ^ _292_/ZN (gf180mcu_fd_sc_mcu7t5v0__nor2_1)
           0.31    0.00    5.41 ^ _402_/D (gf180mcu_fd_sc_mcu7t5v0__dffq_1)
                           5.41   data arrival time

                  24.00   24.00   clock clk (rise edge)
                   0.65   24.65   clock network delay (propagated)
                   0.00   24.65   clock reconvergence pessimism
                          24.65 ^ _402_/CLK (gf180mcu_fd_sc_mcu7t5v0__dffq_1)
                  -0.23   24.42   library setup time
                          24.42   data required time
-----------------------------------------------------------------------
                          24.42   data required time
                          -5.41   data arrival time
-----------------------------------------------------------------------
                          19.02   slack (MET)


Startpoint: _395_ (rising edge-triggered flip-flop clocked by clk)
Endpoint: _396_ (rising edge-triggered flip-flop clocked by clk)
Path Group: clk
Path Type: max

    Cap    Slew   Delay    Time   Description
-----------------------------------------------------------------------
                   0.00    0.00   clock clk (rise edge)
                   0.61    0.61   clock network delay (propagated)
           0.13    0.00    0.61 ^ _395_/CLK (gf180mcu_fd_sc_mcu7t5v0__dffq_1)
   0.01    0.29    0.83    1.44 ^ _395_/Q (gf180mcu_fd_sc_mcu7t5v0__dffq_1)
   0.36    2.88    1.82    3.26 ^ place2/Z (gf180mcu_fd_sc_mcu7t5v0__buf_2)
   0.05    1.26    0.86    4.11 v _318_/ZN (gf180mcu_fd_sc_mcu7t5v0__nand2_1)
   0.01    0.36    0.75    4.86 v _321_/Z (gf180mcu_fd_sc_mcu7t5v0__xor3_1)
   0.01    0.35    0.28    5.14 ^ _322_/ZN (gf180mcu_fd_sc_mcu7t5v0__nor2_1)
           0.35    0.00    5.14 ^ _396_/D (gf180mcu_fd_sc_mcu7t5v0__dffq_1)
                           5.14   data arrival time

                  24.00   24.00   clock clk (rise edge)
                   0.61   24.61   clock network delay (propagated)
                   0.00   24.61   clock reconvergence pessimism
                          24.61 ^ _396_/CLK (gf180mcu_fd_sc_mcu7t5v0__dffq_1)
                  -0.24   24.38   library setup time
                          24.38   data required time
-----------------------------------------------------------------------
                          24.38   data required time
                          -5.14   data arrival time
-----------------------------------------------------------------------
                          19.24   slack (MET)


Startpoint: _395_ (rising edge-triggered flip-flop clocked by clk)
Endpoint: _434_ (rising edge-triggered flip-flop clocked by clk)
Path Group: clk
Path Type: max

    Cap    Slew   Delay    Time   Description
-----------------------------------------------------------------------
                   0.00    0.00   clock clk (rise edge)
                   0.61    0.61   clock network delay (propagated)
           0.13    0.00    0.61 ^ _395_/CLK (gf180mcu_fd_sc_mcu7t5v0__dffq_1)
   0.01    0.29    0.83    1.44 ^ _395_/Q (gf180mcu_fd_sc_mcu7t5v0__dffq_1)
   0.36    2.88    1.82    3.26 ^ place2/Z (gf180mcu_fd_sc_mcu7t5v0__buf_2)
   0.06    1.44    1.04    4.30 v _288_/ZN (gf180mcu_fd_sc_mcu7t5v0__nand2_1)
   0.01    0.81    0.80    5.09 ^ _356_/ZN (gf180mcu_fd_sc_mcu7t5v0__aoi211_1)
           0.81    0.00    5.09 ^ _434_/D (gf180mcu_fd_sc_mcu7t5v0__dffq_1)
                           5.09   data arrival time

                  24.00   24.00   clock clk (rise edge)
                   0.65   24.65   clock network delay (propagated)
                   0.00   24.65   clock reconvergence pessimism
                          24.65 ^ _434_/CLK (gf180mcu_fd_sc_mcu7t5v0__dffq_1)
                  -0.25   24.40   library setup time
                          24.40   data required time
-----------------------------------------------------------------------
                          24.40   data required time
                          -5.09   data arrival time
-----------------------------------------------------------------------
                          19.31   slack (MET)


SIGNOFF_WORST_PATHS_REPORTED path_delay=max group_path_count=3
Group                                  Slack
--------------------------------------------
No paths found.

SIGNOFF_CHECK_TYPES_REPORTED recovery removal max_slew min_pulse_width max_capacitance max_fanout
SIGNOFF_MAX_FANOUT_SEMANTICS an empty max-fanout table means no net exceeded a set_max_fanout limit; when the sign-off SDC declares NO set_max_fanout the table is empty BY CONSTRUCTION and MUST NOT be read as ZERO fanout violations (UNMEASURED is not ZERO)
=== HOLD (min-RC corner, SPEF=min, liberty=/foss/pdks/gf180mcuD/libs.ref/gf180mcu_fd_sc_mcu7t5v0/lib/gf180mcu_fd_sc_mcu7t5v0__tt_025C_5v00.lib) ===
worst slack min 0.97
tns max 0.00
Startpoint: _437_ (rising edge-triggered flip-flop clocked by clk)
Endpoint: _437_ (rising edge-triggered flip-flop clocked by clk)
Path Group: clk
Path Type: min

    Cap    Slew   Delay    Time   Description
-----------------------------------------------------------------------
                   0.00    0.00   clock clk (rise edge)
                   0.62    0.62   clock network delay (propagated)
           0.14    0.00    0.62 ^ _437_/CLK (gf180mcu_fd_sc_mcu7t5v0__dffq_1)
   0.02    0.23    0.76    1.37 v _437_/Q (gf180mcu_fd_sc_mcu7t5v0__dffq_1)
   0.01    0.17    0.16    1.54 ^ _274_/ZN (gf180mcu_fd_sc_mcu7t5v0__nand2_1)
   0.00    0.15    0.13    1.66 v _353_/ZN (gf180mcu_fd_sc_mcu7t5v0__aoi211_1)
           0.15    0.00    1.66 v _437_/D (gf180mcu_fd_sc_mcu7t5v0__dffq_1)
                           1.66   data arrival time

                   0.00    0.00   clock clk (rise edge)
                   0.62    0.62   clock network delay (propagated)
                   0.00    0.62   clock reconvergence pessimism
                           0.62 ^ _437_/CLK (gf180mcu_fd_sc_mcu7t5v0__dffq_1)
                   0.08    0.70   library hold time
                           0.70   data required time
-----------------------------------------------------------------------
                           0.70   data required time
                          -1.66   data arrival time
-----------------------------------------------------------------------
                           0.97   slack (MET)


Startpoint: _432_ (rising edge-triggered flip-flop clocked by clk)
Endpoint: _432_ (rising edge-triggered flip-flop clocked by clk)
Path Group: clk
Path Type: min

    Cap    Slew   Delay    Time   Description
-----------------------------------------------------------------------
                   0.00    0.00   clock clk (rise edge)
                   0.63    0.63   clock network delay (propagated)
           0.15    0.00    0.63 ^ _432_/CLK (gf180mcu_fd_sc_mcu7t5v0__dffq_1)
   0.02    0.24    0.76    1.40 v _432_/Q (gf180mcu_fd_sc_mcu7t5v0__dffq_1)
   0.01    0.19    0.17    1.57 ^ _299_/ZN (gf180mcu_fd_sc_mcu7t5v0__nand2_1)
   0.00    0.16    0.14    1.71 v _358_/ZN (gf180mcu_fd_sc_mcu7t5v0__aoi211_1)
           0.16    0.00    1.71 v _432_/D (gf180mcu_fd_sc_mcu7t5v0__dffq_1)
                           1.71   data arrival time

                   0.00    0.00   clock clk (rise edge)
                   0.63    0.63   clock network delay (propagated)
                   0.00    0.63   clock reconvergence pessimism
                           0.63 ^ _432_/CLK (gf180mcu_fd_sc_mcu7t5v0__dffq_1)
                   0.08    0.71   library hold time
                           0.71   data required time
-----------------------------------------------------------------------
                           0.71   data required time
                          -1.71   data arrival time
-----------------------------------------------------------------------
                           0.99   slack (MET)


Startpoint: _430_ (rising edge-triggered flip-flop clocked by clk)
Endpoint: _430_ (rising edge-triggered flip-flop clocked by clk)
Path Group: clk
Path Type: min

    Cap    Slew   Delay    Time   Description
-----------------------------------------------------------------------
                   0.00    0.00   clock clk (rise edge)
                   0.61    0.61   clock network delay (propagated)
           0.13    0.00    0.61 ^ _430_/CLK (gf180mcu_fd_sc_mcu7t5v0__dffq_1)
   0.02    0.26    0.77    1.39 v _430_/Q (gf180mcu_fd_sc_mcu7t5v0__dffq_1)
   0.01    0.18    0.17    1.56 ^ _309_/ZN (gf180mcu_fd_sc_mcu7t5v0__nand2_1)
   0.00    0.15    0.13    1.69 v _360_/ZN (gf180mcu_fd_sc_mcu7t5v0__aoi211_1)
           0.15    0.00    1.69 v _430_/D (gf180mcu_fd_sc_mcu7t5v0__dffq_1)
                           1.69   data arrival time

                   0.00    0.00   clock clk (rise edge)
                   0.61    0.61   clock network delay (propagated)
                   0.00    0.61   clock reconvergence pessimism
                           0.61 ^ _430_/CLK (gf180mcu_fd_sc_mcu7t5v0__dffq_1)
                   0.08    0.69   library hold time
                           0.69   data required time
-----------------------------------------------------------------------
                           0.69   data required time
                          -1.69   data arrival time
-----------------------------------------------------------------------
                           1.00   slack (MET)


SIGNOFF_WORST_PATHS_REPORTED path_delay=min group_path_count=3
Group                                  Slack
--------------------------------------------
No paths found.

SIGNOFF_CHECK_TYPES_REPORTED recovery removal max_slew min_pulse_width max_capacitance max_fanout
SIGNOFF_MAX_FANOUT_SEMANTICS an empty max-fanout table means no net exceeded a set_max_fanout limit; when the sign-off SDC declares NO set_max_fanout the table is empty BY CONSTRUCTION and MUST NOT be read as ZERO fanout violations (UNMEASURED is not ZERO)
