=== SETUP corner: process=SS liberty=/foss/pdks/gf180mcuD/libs.ref/gf180mcu_fd_sc_mcu7t5v0/lib/gf180mcu_fd_sc_mcu7t5v0__ss_125C_4v50.lib, SPEF=chip_top.max.spef ===
OCV_DERATE_APPLIED early=0.95 late=1.05 flat-OCV
worst slack max 14.56
tns max 0.00
Startpoint: _395_ (rising edge-triggered flip-flop clocked by clk)
Endpoint: _402_ (rising edge-triggered flip-flop clocked by clk)
Path Group: clk
Path Type: max

    Cap    Slew   Delay    Time   Description
-----------------------------------------------------------------------
                   0.00    0.00   clock clk (rise edge)
                   1.15    1.15   clock network delay (propagated)
           0.24    0.00    1.15 ^ _395_/CLK (gf180mcu_fd_sc_mcu7t5v0__dffq_1)
   0.01    0.50    1.63    2.77 ^ _395_/Q (gf180mcu_fd_sc_mcu7t5v0__dffq_1)
   0.36    4.96    3.28    6.05 ^ place2/Z (gf180mcu_fd_sc_mcu7t5v0__buf_2)
   0.06    2.53    1.96    8.01 v _288_/ZN (gf180mcu_fd_sc_mcu7t5v0__nand2_1)
   0.01    0.83    1.59    9.60 v _291_/Z (gf180mcu_fd_sc_mcu7t5v0__xor3_1)
   0.01    0.56    0.51   10.11 ^ _292_/ZN (gf180mcu_fd_sc_mcu7t5v0__nor2_1)
           0.56    0.00   10.11 ^ _402_/D (gf180mcu_fd_sc_mcu7t5v0__dffq_1)
                          10.11   data arrival time

                  24.00   24.00   clock clk (rise edge)
                   1.09   25.09   clock network delay (propagated)
                   0.06   25.15   clock reconvergence pessimism
                          25.15 ^ _402_/CLK (gf180mcu_fd_sc_mcu7t5v0__dffq_1)
                  -0.48   24.67   library setup time
                          24.67   data required time
-----------------------------------------------------------------------
                          24.67   data required time
                         -10.11   data arrival time
-----------------------------------------------------------------------
                          14.56   slack (MET)


Startpoint: _395_ (rising edge-triggered flip-flop clocked by clk)
Endpoint: _396_ (rising edge-triggered flip-flop clocked by clk)
Path Group: clk
Path Type: max

    Cap    Slew   Delay    Time   Description
-----------------------------------------------------------------------
                   0.00    0.00   clock clk (rise edge)
                   1.15    1.15   clock network delay (propagated)
           0.24    0.00    1.15 ^ _395_/CLK (gf180mcu_fd_sc_mcu7t5v0__dffq_1)
   0.01    0.50    1.63    2.77 ^ _395_/Q (gf180mcu_fd_sc_mcu7t5v0__dffq_1)
   0.36    4.96    3.28    6.05 ^ place2/Z (gf180mcu_fd_sc_mcu7t5v0__buf_2)
   0.05    2.19    1.62    7.67 v _318_/ZN (gf180mcu_fd_sc_mcu7t5v0__nand2_1)
   0.01    0.62    1.41    9.08 v _321_/Z (gf180mcu_fd_sc_mcu7t5v0__xor3_1)
   0.01    0.63    0.54    9.62 ^ _322_/ZN (gf180mcu_fd_sc_mcu7t5v0__nor2_1)
           0.63    0.00    9.62 ^ _396_/D (gf180mcu_fd_sc_mcu7t5v0__dffq_1)
                           9.62   data arrival time

                  24.00   24.00   clock clk (rise edge)
                   1.04   25.04   clock network delay (propagated)
                   0.11   25.15   clock reconvergence pessimism
                          25.15 ^ _396_/CLK (gf180mcu_fd_sc_mcu7t5v0__dffq_1)
                  -0.50   24.65   library setup time
                          24.65   data required time
-----------------------------------------------------------------------
                          24.65   data required time
                          -9.62   data arrival time
-----------------------------------------------------------------------
                          15.03   slack (MET)


Startpoint: _395_ (rising edge-triggered flip-flop clocked by clk)
Endpoint: _434_ (rising edge-triggered flip-flop clocked by clk)
Path Group: clk
Path Type: max

    Cap    Slew   Delay    Time   Description
-----------------------------------------------------------------------
                   0.00    0.00   clock clk (rise edge)
                   1.15    1.15   clock network delay (propagated)
           0.24    0.00    1.15 ^ _395_/CLK (gf180mcu_fd_sc_mcu7t5v0__dffq_1)
   0.01    0.50    1.63    2.77 ^ _395_/Q (gf180mcu_fd_sc_mcu7t5v0__dffq_1)
   0.36    4.96    3.28    6.05 ^ place2/Z (gf180mcu_fd_sc_mcu7t5v0__buf_2)
   0.06    2.53    1.96    8.01 v _288_/ZN (gf180mcu_fd_sc_mcu7t5v0__nand2_1)
   0.01    1.48    1.50    9.51 ^ _356_/ZN (gf180mcu_fd_sc_mcu7t5v0__aoi211_1)
           1.48    0.00    9.51 ^ _434_/D (gf180mcu_fd_sc_mcu7t5v0__dffq_1)
                           9.51   data arrival time

                  24.00   24.00   clock clk (rise edge)
                   1.10   25.10   clock network delay (propagated)
                   0.06   25.15   clock reconvergence pessimism
                          25.15 ^ _434_/CLK (gf180mcu_fd_sc_mcu7t5v0__dffq_1)
                  -0.52   24.63   library setup time
                          24.63   data required time
-----------------------------------------------------------------------
                          24.63   data required time
                          -9.51   data arrival time
-----------------------------------------------------------------------
                          15.12   slack (MET)


SIGNOFF_WORST_PATHS_REPORTED path_delay=max group_path_count=3
Group                                  Slack
--------------------------------------------
No paths found.

SIGNOFF_CHECK_TYPES_REPORTED recovery removal max_slew min_pulse_width max_capacitance max_fanout
SIGNOFF_MAX_FANOUT_SEMANTICS an empty max-fanout table means no net exceeded a set_max_fanout limit; when the sign-off SDC declares NO set_max_fanout the table is empty BY CONSTRUCTION and MUST NOT be read as ZERO fanout violations (UNMEASURED is not ZERO)
=== HOLD corner: process=FF liberty=/foss/pdks/gf180mcuD/libs.ref/gf180mcu_fd_sc_mcu7t5v0/lib/gf180mcu_fd_sc_mcu7t5v0__ff_n40C_5v50.lib, SPEF=chip_top.min.spef ===
OCV_DERATE_APPLIED early=0.95 late=1.05 flat-OCV
worst slack min 0.57
tns max 0.00
Startpoint: _437_ (rising edge-triggered flip-flop clocked by clk)
Endpoint: _437_ (rising edge-triggered flip-flop clocked by clk)
Path Group: clk
Path Type: min

    Cap    Slew   Delay    Time   Description
-----------------------------------------------------------------------
                   0.00    0.00   clock clk (rise edge)
                   0.38    0.38   clock network delay (propagated)
           0.09    0.00    0.38 ^ _437_/CLK (gf180mcu_fd_sc_mcu7t5v0__dffq_1)
   0.02    0.15    0.45    0.83 v _437_/Q (gf180mcu_fd_sc_mcu7t5v0__dffq_1)
   0.01    0.11    0.10    0.93 ^ _274_/ZN (gf180mcu_fd_sc_mcu7t5v0__nand2_1)
   0.00    0.09    0.08    1.01 v _353_/ZN (gf180mcu_fd_sc_mcu7t5v0__aoi211_1)
           0.09    0.00    1.01 v _437_/D (gf180mcu_fd_sc_mcu7t5v0__dffq_1)
                           1.01   data arrival time

                   0.00    0.00   clock clk (rise edge)
                   0.42    0.42   clock network delay (propagated)
                  -0.04    0.38   clock reconvergence pessimism
                           0.38 ^ _437_/CLK (gf180mcu_fd_sc_mcu7t5v0__dffq_1)
                   0.06    0.44   library hold time
                           0.44   data required time
-----------------------------------------------------------------------
                           0.44   data required time
                          -1.01   data arrival time
-----------------------------------------------------------------------
                           0.57   slack (MET)


Startpoint: _415_ (rising edge-triggered flip-flop clocked by clk)
Endpoint: _446_ (rising edge-triggered flip-flop clocked by clk)
Path Group: clk
Path Type: min

    Cap    Slew   Delay    Time   Description
-----------------------------------------------------------------------
                   0.00    0.00   clock clk (rise edge)
                   0.38    0.38   clock network delay (propagated)
           0.09    0.00    0.38 ^ _415_/CLK (gf180mcu_fd_sc_mcu7t5v0__dffq_1)
   0.02    0.15    0.45    0.82 v _415_/Q (gf180mcu_fd_sc_mcu7t5v0__dffq_1)
   0.01    0.12    0.12    0.94 ^ _229_/ZN (gf180mcu_fd_sc_mcu7t5v0__nand2_1)
   0.00    0.10    0.08    1.03 v _344_/ZN (gf180mcu_fd_sc_mcu7t5v0__aoi211_1)
           0.10    0.00    1.03 v _446_/D (gf180mcu_fd_sc_mcu7t5v0__dffq_1)
                           1.03   data arrival time

                   0.00    0.00   clock clk (rise edge)
                   0.41    0.41   clock network delay (propagated)
                  -0.02    0.39   clock reconvergence pessimism
                           0.39 ^ _446_/CLK (gf180mcu_fd_sc_mcu7t5v0__dffq_1)
                   0.06    0.45   library hold time
                           0.45   data required time
-----------------------------------------------------------------------
                           0.45   data required time
                          -1.03   data arrival time
-----------------------------------------------------------------------
                           0.58   slack (MET)


Startpoint: _432_ (rising edge-triggered flip-flop clocked by clk)
Endpoint: _432_ (rising edge-triggered flip-flop clocked by clk)
Path Group: clk
Path Type: min

    Cap    Slew   Delay    Time   Description
-----------------------------------------------------------------------
                   0.00    0.00   clock clk (rise edge)
                   0.39    0.39   clock network delay (propagated)
           0.10    0.00    0.39 ^ _432_/CLK (gf180mcu_fd_sc_mcu7t5v0__dffq_1)
   0.02    0.16    0.45    0.85 v _432_/Q (gf180mcu_fd_sc_mcu7t5v0__dffq_1)
   0.01    0.12    0.11    0.95 ^ _299_/ZN (gf180mcu_fd_sc_mcu7t5v0__nand2_1)
   0.00    0.10    0.08    1.03 v _358_/ZN (gf180mcu_fd_sc_mcu7t5v0__aoi211_1)
           0.10    0.00    1.03 v _432_/D (gf180mcu_fd_sc_mcu7t5v0__dffq_1)
                           1.03   data arrival time

                   0.00    0.00   clock clk (rise edge)
                   0.43    0.43   clock network delay (propagated)
                  -0.04    0.39   clock reconvergence pessimism
                           0.39 ^ _432_/CLK (gf180mcu_fd_sc_mcu7t5v0__dffq_1)
                   0.06    0.45   library hold time
                           0.45   data required time
-----------------------------------------------------------------------
                           0.45   data required time
                          -1.03   data arrival time
-----------------------------------------------------------------------
                           0.58   slack (MET)


SIGNOFF_WORST_PATHS_REPORTED path_delay=min group_path_count=3
Group                                  Slack
--------------------------------------------
No paths found.

SIGNOFF_CHECK_TYPES_REPORTED recovery removal max_slew min_pulse_width max_capacitance max_fanout
SIGNOFF_MAX_FANOUT_SEMANTICS an empty max-fanout table means no net exceeded a set_max_fanout limit; when the sign-off SDC declares NO set_max_fanout the table is empty BY CONSTRUCTION and MUST NOT be read as ZERO fanout violations (UNMEASURED is not ZERO)
