Startpoint: _395_ (rising edge-triggered flip-flop clocked by clk)
Endpoint: _402_ (rising edge-triggered flip-flop clocked by clk)
Path Group: clk
Path Type: max

  Delay    Time   Description
---------------------------------------------------------
   0.00    0.00   clock clk (rise edge)
   1.14    1.14   clock network delay (propagated)
   0.00    1.14 ^ _395_/CLK (gf180mcu_fd_sc_mcu7t5v0__dffq_1)
   1.59    2.73 ^ _395_/Q (gf180mcu_fd_sc_mcu7t5v0__dffq_1)
   2.84    5.57 ^ place2/Z (gf180mcu_fd_sc_mcu7t5v0__buf_2)
   1.38    6.95 v _288_/ZN (gf180mcu_fd_sc_mcu7t5v0__nand2_1)
   1.40    8.35 v _291_/Z (gf180mcu_fd_sc_mcu7t5v0__xor3_1)
   0.47    8.82 ^ _292_/ZN (gf180mcu_fd_sc_mcu7t5v0__nor2_1)
   0.00    8.82 ^ _402_/D (gf180mcu_fd_sc_mcu7t5v0__dffq_1)
           8.82   data arrival time

  24.00   24.00   clock clk (rise edge)
   1.07   25.07   clock network delay (propagated)
   0.06   25.13   clock reconvergence pessimism
          25.13 ^ _402_/CLK (gf180mcu_fd_sc_mcu7t5v0__dffq_1)
  -0.48   24.65   library setup time
          24.65   data required time
---------------------------------------------------------
          24.65   data required time
          -8.82   data arrival time
---------------------------------------------------------
          15.83   slack (MET)


tns max 0.00
wns max 0.00
worst slack max 15.83
STA_BASIS: POST_ROUTE_SPEF
STA_SIGNOFF_CORNER: SS
STA_BASIS_LIBERTY: /foss/pdks/gf180mcuD/libs.ref/gf180mcu_fd_sc_mcu7t5v0/lib/gf180mcu_fd_sc_mcu7t5v0__ss_125C_4v50.lib
STA_SIGNOFF_CORNER_COUNT: 1
STA_SIGNOFF_CORNER_SEMANTICS this report times ONE process corner; it is NOT by itself multi-corner sign-off evidence
OCV_DERATE_APPLIED early=0.95 late=1.05 flat-OCV
Group                                  Slack
--------------------------------------------
No paths found.

SIGNOFF_CHECK_TYPES_REPORTED recovery removal max_slew min_pulse_width max_capacitance max_fanout
SIGNOFF_MAX_FANOUT_SEMANTICS an empty max-fanout table means no net exceeded a set_max_fanout limit; when the sign-off SDC declares NO set_max_fanout the table is empty BY CONSTRUCTION and MUST NOT be read as ZERO fanout violations (UNMEASURED is not ZERO)
