OpenROAD 26Q3-1165-g58dbde489f 
Features included (+) or not (-): -GPU +GUI -Python
This program is licensed under the BSD-3 license. See the LICENSE file for details.
Components of this program may be licensed under more restrictive licenses which must be honored.
[INFO ODB-0227] LEF file: /foss/pdks/sky130A/libs.ref/sky130_fd_sc_hd/techlef/sky130_fd_sc_hd__nom.tlef, created 14 layers, 25 vias
[WARNING ODB-0220] WARNING (LEFPARS-2008): NOWIREEXTENSIONATPIN statement is obsolete in version 5.6 or later.
The NOWIREEXTENSIONATPIN statement will be ignored. See file /foss/pdks/sky130A/libs.ref/sky130_fd_sc_hd/lef/sky130_fd_sc_hd.lef at line 2.

[INFO ODB-0227] LEF file: /foss/pdks/sky130A/libs.ref/sky130_fd_sc_hd/lef/sky130_fd_sc_hd.lef, created 437 library cells
[INFO ODB-0127] Reading DEF file: /home/reyerchu/spm3_run/sky130A/phase3/stage3/pnr/chip_top.def
[INFO ODB-0128] Design: chip_top
[INFO ODB-0130]     Created 41 pins.
[INFO ODB-0131]     Created 2442 components and 11071 component-terminals.
[INFO ODB-0132]     Created 2 special nets and 9218 connections.
[INFO ODB-0133]     Created 590 nets and 1826 connections.
[INFO ODB-0134] Finished DEF file: /home/reyerchu/spm3_run/sky130A/phase3/stage3/pnr/chip_top.def
VIBEIC_INPUT_DELAY_PORTS 38 of 39 (clock port(s) excluded — OpenSTA rejects set_input_delay on the port its own clock is defined on)
[ERROR EST-0015] layer NULL not found.
[ERROR EST-0015] layer NULL not found.
[ERROR EST-0015] layer NULL not found.
=== DYN_IR PSM VPWR transient period=10.0ns ===
[INFO PSM-0040] All shapes on net VPWR are connected.
[INFO PSM-0073] Using bump pattern with x-pitch 140.0000um, y-pitch 140.0000um, and size 70.0000um with an reduction factor of 3x.
########## IR report #################
Net              : VPWR
Corner           : default
Total power      : 5.01e-04 W
Supply voltage   : 1.80e+00 V
Worstcase voltage: 1.80e+00 V
Average voltage  : 1.80e+00 V
Average IR drop  : 6.45e-05 V
Worstcase IR drop: 1.83e-04 V
Percentage drop  : 0.01 %
######################################
########## Dynamic (transient) IR report ##########
Net                    : VPWR
Corner                 : default
Supply voltage         : 1.80e+00 V
Timestep               : 1.00e-10 s
Steps                  : 100
Capacitance model      : quasi-static (no on-die cap supplied)
Worst static IR drop   : 1.83e-04 V
Worst dynamic IR drop  : 3.66e-04 V
Dynamic/static ratio   : 2.00
Current model          : vectorless (simultaneous worst case)
Worst droop time       : 5.00e-09 s (step 50)
###################################################
