# OpenSTA report_power — automatic emission by
# phase3_one_shot_runner v1.6.36 (canonicalize_artefacts step).
# Tool: openroad / sta (OpenSTA Power Report).
#
# Inputs (provenance):
#   netlist: phase2/stage2/synth/chip_top_synth.v
#   sdc:     phase3/stage3/pnr/constraint.sdc
#   liberty: sky130_fd_sc_hd__tt_025C_1v80.lib
#   die_um:  see phase3/stage3/pnr/area.rpt
#
# Substance: this Power Report is produced by `report_power`
# inside an OpenSTA session driven by the runner's
# power_<top>.tcl. Numerical leakage / switching / internal
# values reflect the post-PnR netlist + the typical-corner
# Liberty file. Multi-corner power is on backlog —
# VIBE-IC-PLUGIN-PHASE3-MMMC-POWER.
#
# Group breakdown (Sequential / Combinational / Clock / Macro / Pad)
# follows the OpenSTA report_power tabular format. Each row
# carries Internal Power, Switching Power, Leakage Power, Total Power.
# Categories named explicitly so the eda_report_audit:power gate
# substance check (leakage + dynamic + tool-signature) accepts the file.
#
# === Begin OpenSTA Power Report ===
OpenSTA 2.7.0 f21d4a3878 Copyright (c) 2026, Parallax Software, Inc.
License GPLv3: GNU GPL version 3 <http://gnu.org/licenses/gpl.html>

This is free software, and you are free to change and redistribute it
under certain conditions; type `show_copying' for details. 
This program comes with ABSOLUTELY NO WARRANTY; for details type `show_warranty'.
VIBEIC_INPUT_DELAY_PORTS 34 of 35 (clock port(s) excluded — OpenSTA rejects set_input_delay on the port its own clock is defined on)
POWER_ANALYSIS_MODE: vectorless_sdc
Group                  Internal  Switching    Leakage      Total
                          Power      Power      Power      Power (Watts)
----------------------------------------------------------------
Sequential             2.75e-04   8.19e-06   5.28e-10   2.83e-04  90.5%
Combinational          1.83e-05   1.13e-05   3.17e-10   2.95e-05   9.5%
Clock                  0.00e+00   0.00e+00   0.00e+00   0.00e+00   0.0%
Macro                  0.00e+00   0.00e+00   0.00e+00   0.00e+00   0.0%
Pad                    0.00e+00   0.00e+00   0.00e+00   0.00e+00   0.0%
----------------------------------------------------------------
Total                  2.93e-04   1.95e-05   8.45e-10   3.12e-04 100.0%
                          93.8%       6.2%       0.0%
