=== SETUP corner: process=SS liberty=/foss/pdks/sky130A/libs.ref/sky130_fd_sc_hd/lib/sky130_fd_sc_hd__ss_100C_1v60.lib, SPEF=chip_top.max.spef ===
OCV_DERATE_APPLIED early=0.95 late=1.05 flat-OCV
worst slack max 4.56
tns max 0.00
Startpoint: test (input port clocked by clk)
Endpoint: __uuf__._470_ (rising edge-triggered flip-flop clocked by clk)
Path Group: clk
Path Type: max

    Cap    Slew   Delay    Time   Description
-----------------------------------------------------------------------
                   0.00    0.00   clock clk (rise edge)
                   0.00    0.00   clock network delay (propagated)
                   2.00    2.00 ^ input external delay
   0.01    0.00    0.00    2.00 ^ test (in)
   0.15    0.47    0.45    2.45 ^ input5/X (sky130_fd_sc_hd__buf_6)
   0.26    0.46    0.65    3.10 ^ load_slew39/X (sky130_fd_sc_hd__buf_12)
   0.02    0.23    1.06    4.16 v _207_/X (sky130_fd_sc_hd__mux2_1)
   0.06    0.50    0.52    4.68 ^ __uuf__._231_/Y (sky130_fd_sc_hd__nand2_2)
   0.01    0.42    0.44    5.12 ^ __uuf__._235_/Y (sky130_fd_sc_hd__xnor2_1)
   0.01    0.21    0.28    5.39 v __uuf__._236_/Y (sky130_fd_sc_hd__nor2_1)
   0.01    0.15    0.78    6.17 v _160_/X (sky130_fd_sc_hd__mux2_1)
           0.15    0.00    6.17 v __uuf__._470_/D (sky130_fd_sc_hd__dfxtp_1)
                           6.17   data arrival time

                  10.00   10.00   clock clk (rise edge)
                   1.00   11.00   clock network delay (propagated)
                   0.00   11.00   clock reconvergence pessimism
                          11.00 ^ __uuf__._470_/CLK (sky130_fd_sc_hd__dfxtp_1)
                  -0.28   10.73   library setup time
                          10.73   data required time
-----------------------------------------------------------------------
                          10.73   data required time
                          -6.17   data arrival time
-----------------------------------------------------------------------
                           4.56   slack (MET)


Startpoint: test (input port clocked by clk)
Endpoint: __uuf__._456_ (rising edge-triggered flip-flop clocked by clk)
Path Group: clk
Path Type: max

    Cap    Slew   Delay    Time   Description
-----------------------------------------------------------------------
                   0.00    0.00   clock clk (rise edge)
                   0.00    0.00   clock network delay (propagated)
                   2.00    2.00 ^ input external delay
   0.01    0.00    0.00    2.00 ^ test (in)
   0.15    0.47    0.45    2.45 ^ input5/X (sky130_fd_sc_hd__buf_6)
   0.26    0.46    0.65    3.10 ^ load_slew39/X (sky130_fd_sc_hd__buf_12)
   0.04    0.43    1.26    4.36 v _221_/X (sky130_fd_sc_hd__mux2_1)
   0.02    0.32    0.46    4.82 ^ __uuf__._315_/Y (sky130_fd_sc_hd__nand2_1)
   0.01    0.38    0.37    5.19 ^ __uuf__._319_/Y (sky130_fd_sc_hd__xnor2_1)
   0.00    0.15    0.17    5.36 v __uuf__._320_/Y (sky130_fd_sc_hd__nor2_1)
   0.01    0.16    0.76    6.13 v _146_/X (sky130_fd_sc_hd__mux2_1)
           0.16    0.00    6.13 v __uuf__._456_/D (sky130_fd_sc_hd__dfxtp_1)
                           6.13   data arrival time

                  10.00   10.00   clock clk (rise edge)
                   0.98   10.98   clock network delay (propagated)
                   0.00   10.98   clock reconvergence pessimism
                          10.98 ^ __uuf__._456_/CLK (sky130_fd_sc_hd__dfxtp_1)
                  -0.29   10.69   library setup time
                          10.69   data required time
-----------------------------------------------------------------------
                          10.69   data required time
                          -6.13   data arrival time
-----------------------------------------------------------------------
                           4.57   slack (MET)


Startpoint: test (input port clocked by clk)
Endpoint: __uuf__._455_ (rising edge-triggered flip-flop clocked by clk)
Path Group: clk
Path Type: max

    Cap    Slew   Delay    Time   Description
-----------------------------------------------------------------------
                   0.00    0.00   clock clk (rise edge)
                   0.00    0.00   clock network delay (propagated)
                   2.00    2.00 ^ input external delay
   0.01    0.00    0.00    2.00 ^ test (in)
   0.15    0.47    0.45    2.45 ^ input5/X (sky130_fd_sc_hd__buf_6)
   0.26    0.46    0.65    3.10 ^ load_slew39/X (sky130_fd_sc_hd__buf_12)
   0.04    0.44    1.27    4.37 v _222_/X (sky130_fd_sc_hd__mux2_1)
   0.02    0.34    0.48    4.85 ^ __uuf__._321_/Y (sky130_fd_sc_hd__nand2_1)
   0.01    0.28    0.33    5.18 ^ __uuf__._325_/Y (sky130_fd_sc_hd__xnor2_1)
   0.01    0.18    0.18    5.36 v __uuf__._326_/Y (sky130_fd_sc_hd__nor2_1)
   0.00    0.13    0.74    6.10 v _145_/X (sky130_fd_sc_hd__mux2_1)
           0.13    0.00    6.10 v __uuf__._455_/D (sky130_fd_sc_hd__dfxtp_1)
                           6.10   data arrival time

                  10.00   10.00   clock clk (rise edge)
                   0.98   10.98   clock network delay (propagated)
                   0.00   10.98   clock reconvergence pessimism
                          10.98 ^ __uuf__._455_/CLK (sky130_fd_sc_hd__dfxtp_1)
                  -0.28   10.70   library setup time
                          10.70   data required time
-----------------------------------------------------------------------
                          10.70   data required time
                          -6.10   data arrival time
-----------------------------------------------------------------------
                           4.60   slack (MET)


SIGNOFF_WORST_PATHS_REPORTED path_delay=max group_path_count=3
Group                                  Slack
--------------------------------------------
No paths found.

SIGNOFF_CHECK_TYPES_REPORTED recovery removal max_slew min_pulse_width max_capacitance max_fanout
SIGNOFF_MAX_FANOUT_SEMANTICS an empty max-fanout table means no net exceeded a set_max_fanout limit; when the sign-off SDC declares NO set_max_fanout the table is empty BY CONSTRUCTION and MUST NOT be read as ZERO fanout violations (UNMEASURED is not ZERO)
=== HOLD corner: process=FF liberty=/foss/pdks/sky130A/libs.ref/sky130_fd_sc_hd/lib/sky130_fd_sc_hd__ff_n40C_1v95_ccsnoise.lib, SPEF=chip_top.min.spef ===
OCV_DERATE_APPLIED early=0.95 late=1.05 flat-OCV
worst slack min 0.38
tns max 0.00
Startpoint: __uuf__._506_ (rising edge-triggered flip-flop clocked by clk)
Endpoint: __uuf__._507_ (rising edge-triggered flip-flop clocked by clk)
Path Group: clk
Path Type: min

    Cap    Slew   Delay    Time   Description
-----------------------------------------------------------------------
                   0.00    0.00   clock clk (rise edge)
                   0.37    0.37   clock network delay (propagated)
           0.06    0.00    0.37 ^ __uuf__._506_/CLK (sky130_fd_sc_hd__dfxtp_1)
   0.02    0.15    0.27    0.64 ^ __uuf__._506_/Q (sky130_fd_sc_hd__dfxtp_1)
   0.00    0.03    0.09    0.73 ^ _197_/X (sky130_fd_sc_hd__mux2_1)
           0.03    0.00    0.73 ^ __uuf__._507_/D (sky130_fd_sc_hd__dfxtp_1)
                           0.73   data arrival time

                   0.00    0.00   clock clk (rise edge)
                   0.41    0.41   clock network delay (propagated)
                  -0.04    0.37   clock reconvergence pessimism
                           0.37 ^ __uuf__._507_/CLK (sky130_fd_sc_hd__dfxtp_1)
                  -0.02    0.36   library hold time
                           0.36   data required time
-----------------------------------------------------------------------
                           0.36   data required time
                          -0.73   data arrival time
-----------------------------------------------------------------------
                           0.38   slack (MET)


Startpoint: __uuf__._451_ (rising edge-triggered flip-flop clocked by clk)
Endpoint: __uuf__._452_ (rising edge-triggered flip-flop clocked by clk)
Path Group: clk
Path Type: min

    Cap    Slew   Delay    Time   Description
-----------------------------------------------------------------------
                   0.00    0.00   clock clk (rise edge)
                   0.38    0.38   clock network delay (propagated)
           0.07    0.00    0.38 ^ __uuf__._451_/CLK (sky130_fd_sc_hd__dfxtp_1)
   0.02    0.14    0.26    0.64 ^ __uuf__._451_/Q (sky130_fd_sc_hd__dfxtp_1)
   0.00    0.04    0.10    0.74 ^ _142_/X (sky130_fd_sc_hd__mux2_1)
           0.04    0.00    0.74 ^ __uuf__._452_/D (sky130_fd_sc_hd__dfxtp_1)
                           0.74   data arrival time

                   0.00    0.00   clock clk (rise edge)
                   0.42    0.42   clock network delay (propagated)
                  -0.04    0.38   clock reconvergence pessimism
                           0.38 ^ __uuf__._452_/CLK (sky130_fd_sc_hd__dfxtp_1)
                  -0.02    0.36   library hold time
                           0.36   data required time
-----------------------------------------------------------------------
                           0.36   data required time
                          -0.74   data arrival time
-----------------------------------------------------------------------
                           0.38   slack (MET)


Startpoint: __uuf__._477_ (rising edge-triggered flip-flop clocked by clk)
Endpoint: __uuf__._478_ (rising edge-triggered flip-flop clocked by clk)
Path Group: clk
Path Type: min

    Cap    Slew   Delay    Time   Description
-----------------------------------------------------------------------
                   0.00    0.00   clock clk (rise edge)
                   0.38    0.38   clock network delay (propagated)
           0.07    0.00    0.38 ^ __uuf__._477_/CLK (sky130_fd_sc_hd__dfxtp_1)
   0.02    0.16    0.27    0.65 ^ __uuf__._477_/Q (sky130_fd_sc_hd__dfxtp_1)
   0.01    0.05    0.11    0.76 ^ _168_/X (sky130_fd_sc_hd__mux2_1)
           0.05    0.00    0.76 ^ __uuf__._478_/D (sky130_fd_sc_hd__dfxtp_1)
                           0.76   data arrival time

                   0.00    0.00   clock clk (rise edge)
                   0.42    0.42   clock network delay (propagated)
                  -0.03    0.40   clock reconvergence pessimism
                           0.40 ^ __uuf__._478_/CLK (sky130_fd_sc_hd__dfxtp_1)
                  -0.02    0.38   library hold time
                           0.38   data required time
-----------------------------------------------------------------------
                           0.38   data required time
                          -0.76   data arrival time
-----------------------------------------------------------------------
                           0.38   slack (MET)


SIGNOFF_WORST_PATHS_REPORTED path_delay=min group_path_count=3
Group                                  Slack
--------------------------------------------
No paths found.

SIGNOFF_CHECK_TYPES_REPORTED recovery removal max_slew min_pulse_width max_capacitance max_fanout
SIGNOFF_MAX_FANOUT_SEMANTICS an empty max-fanout table means no net exceeded a set_max_fanout limit; when the sign-off SDC declares NO set_max_fanout the table is empty BY CONSTRUCTION and MUST NOT be read as ZERO fanout violations (UNMEASURED is not ZERO)
