Startpoint: test (input port clocked by clk)
Endpoint: __uuf__._456_ (rising edge-triggered flip-flop clocked by clk)
Path Group: clk
Path Type: max

  Delay    Time   Description
---------------------------------------------------------
   0.00    0.00   clock clk (rise edge)
   0.00    0.00   clock network delay (propagated)
   2.00    2.00 ^ input external delay
   0.00    2.00 ^ test (in)
   0.35    2.35 ^ input5/X (sky130_fd_sc_hd__buf_6)
   0.48    2.83 ^ load_slew39/X (sky130_fd_sc_hd__buf_12)
   1.05    3.88 v _221_/X (sky130_fd_sc_hd__mux2_1)
   0.32    4.21 ^ __uuf__._315_/Y (sky130_fd_sc_hd__nand2_1)
   0.30    4.51 ^ __uuf__._319_/Y (sky130_fd_sc_hd__xnor2_1)
   0.14    4.65 v __uuf__._320_/Y (sky130_fd_sc_hd__nor2_1)
   0.71    5.35 v _146_/X (sky130_fd_sc_hd__mux2_1)
   0.00    5.35 v __uuf__._456_/D (sky130_fd_sc_hd__dfxtp_1)
           5.35   data arrival time

  10.00   10.00   clock clk (rise edge)
   0.88   10.88   clock network delay (propagated)
   0.00   10.88   clock reconvergence pessimism
          10.88 ^ __uuf__._456_/CLK (sky130_fd_sc_hd__dfxtp_1)
  -0.29   10.60   library setup time
          10.60   data required time
---------------------------------------------------------
          10.60   data required time
          -5.35   data arrival time
---------------------------------------------------------
           5.24   slack (MET)


tns max 0.00
wns max 0.00
worst slack max 5.24
STA_BASIS: POST_ROUTE_SPEF
STA_SIGNOFF_CORNER: SS
STA_BASIS_LIBERTY: /foss/pdks/sky130A/libs.ref/sky130_fd_sc_hd/lib/sky130_fd_sc_hd__ss_100C_1v60.lib
STA_SIGNOFF_CORNER_COUNT: 1
STA_SIGNOFF_CORNER_SEMANTICS this report times ONE process corner; it is NOT by itself multi-corner sign-off evidence
OCV_DERATE_APPLIED early=0.95 late=1.05 flat-OCV
Group                                  Slack
--------------------------------------------
No paths found.

SIGNOFF_CHECK_TYPES_REPORTED recovery removal max_slew min_pulse_width max_capacitance max_fanout
SIGNOFF_MAX_FANOUT_SEMANTICS an empty max-fanout table means no net exceeded a set_max_fanout limit; when the sign-off SDC declares NO set_max_fanout the table is empty BY CONSTRUCTION and MUST NOT be read as ZERO fanout violations (UNMEASURED is not ZERO)
