Startpoint: __uuf__._444_ (rising edge-triggered flip-flop clocked by clk)
Endpoint: p (output port clocked by clk)
Path Group: clk
Path Type: max

    Delay      Time   Description
-------------------------------------------------------------
   0.0000    0.0000   clock clk (rise edge)
   0.0000    0.0000   clock network delay (ideal)
   0.0000    0.0000 ^ __uuf__._444_/CLK (sky130_fd_sc_hd__dfxtp_1)
   0.4090    0.4090 ^ __uuf__._444_/Q (sky130_fd_sc_hd__dfxtp_1)
   0.0009    0.4099 ^ p (out)
             0.4099   data arrival time

  10.0000   10.0000   clock clk (rise edge)
   0.0000   10.0000   clock network delay (ideal)
   0.0000   10.0000   clock reconvergence pessimism
  -2.0000    8.0000   output external delay
             8.0000   data required time
-------------------------------------------------------------
             8.0000   data required time
            -0.4099   data arrival time
-------------------------------------------------------------
             7.5901   slack (MET)


Startpoint: __uuf__._445_ (rising edge-triggered flip-flop clocked by clk)
Endpoint: __uuf__._444_ (rising edge-triggered flip-flop clocked by clk)
Path Group: clk
Path Type: max

    Delay      Time   Description
-------------------------------------------------------------
   0.0000    0.0000   clock clk (rise edge)
   0.0000    0.0000   clock network delay (ideal)
   0.0000    0.0000 ^ __uuf__._445_/CLK (sky130_fd_sc_hd__dfxtp_4)
   0.5202    0.5202 ^ __uuf__._445_/Q (sky130_fd_sc_hd__dfxtp_4)
   0.0026    0.5228 ^ load_slew44/A (sky130_fd_sc_hd__buf_12)
   0.2637    0.7865 ^ load_slew44/X (sky130_fd_sc_hd__buf_12)
   0.0083    0.7948 ^ __uuf__._423_/A (sky130_fd_sc_hd__nand2_1)
   0.1979    0.9928 v __uuf__._423_/Y (sky130_fd_sc_hd__nand2_1)
   0.0006    0.9934 v __uuf__._427_/A (sky130_fd_sc_hd__xnor2_4)
   0.2790    1.2724 ^ __uuf__._427_/Y (sky130_fd_sc_hd__xnor2_4)
   0.0013    1.2737 ^ __uuf__._428_/B (sky130_fd_sc_hd__nor2_2)
   0.0762    1.3498 v __uuf__._428_/Y (sky130_fd_sc_hd__nor2_2)
   0.0004    1.3502 v _134_/A0 (sky130_fd_sc_hd__mux2_1)
   0.2994    1.6496 v _134_/X (sky130_fd_sc_hd__mux2_1)
   0.0001    1.6498 v __uuf__._444_/D (sky130_fd_sc_hd__dfxtp_1)
             1.6498   data arrival time

  10.0000   10.0000   clock clk (rise edge)
   0.0000   10.0000   clock network delay (ideal)
   0.0000   10.0000   clock reconvergence pessimism
            10.0000 ^ __uuf__._444_/CLK (sky130_fd_sc_hd__dfxtp_1)
  -0.1281    9.8719   library setup time
             9.8719   data required time
-------------------------------------------------------------
             9.8719   data required time
            -1.6498   data arrival time
-------------------------------------------------------------
             8.2221   slack (MET)


Startpoint: __uuf__._445_ (rising edge-triggered flip-flop clocked by clk)
Endpoint: __uuf__._458_ (rising edge-triggered flip-flop clocked by clk)
Path Group: clk
Path Type: max

    Delay      Time   Description
-------------------------------------------------------------
   0.0000    0.0000   clock clk (rise edge)
   0.0000    0.0000   clock network delay (ideal)
   0.0000    0.0000 ^ __uuf__._445_/CLK (sky130_fd_sc_hd__dfxtp_4)
   0.5202    0.5202 ^ __uuf__._445_/Q (sky130_fd_sc_hd__dfxtp_4)
   0.0026    0.5228 ^ load_slew44/A (sky130_fd_sc_hd__buf_12)
   0.2637    0.7865 ^ load_slew44/X (sky130_fd_sc_hd__buf_12)
   0.0104    0.7969 ^ __uuf__._303_/A (sky130_fd_sc_hd__nand2_1)
   0.1667    0.9637 v __uuf__._303_/Y (sky130_fd_sc_hd__nand2_1)
   0.0006    0.9643 v __uuf__._307_/A (sky130_fd_sc_hd__xnor2_1)
   0.2209    1.1852 ^ __uuf__._307_/Y (sky130_fd_sc_hd__xnor2_1)
   0.0002    1.1853 ^ __uuf__._308_/B (sky130_fd_sc_hd__nor2_1)
   0.0739    1.2593 v __uuf__._308_/Y (sky130_fd_sc_hd__nor2_1)
   0.0002    1.2594 v _148_/A0 (sky130_fd_sc_hd__mux2_1)
   0.3157    1.5751 v _148_/X (sky130_fd_sc_hd__mux2_1)
   0.0002    1.5753 v __uuf__._458_/D (sky130_fd_sc_hd__dfxtp_1)
             1.5753   data arrival time

  10.0000   10.0000   clock clk (rise edge)
   0.0000   10.0000   clock network delay (ideal)
   0.0000   10.0000   clock reconvergence pessimism
            10.0000 ^ __uuf__._458_/CLK (sky130_fd_sc_hd__dfxtp_1)
  -0.1328    9.8672   library setup time
             9.8672   data required time
-------------------------------------------------------------
             9.8672   data required time
            -1.5753   data arrival time
-------------------------------------------------------------
             8.2918   slack (MET)


Startpoint: __uuf__._445_ (rising edge-triggered flip-flop clocked by clk)
Endpoint: __uuf__._449_ (rising edge-triggered flip-flop clocked by clk)
Path Group: clk
Path Type: max

    Delay      Time   Description
-------------------------------------------------------------
   0.0000    0.0000   clock clk (rise edge)
   0.0000    0.0000   clock network delay (ideal)
   0.0000    0.0000 ^ __uuf__._445_/CLK (sky130_fd_sc_hd__dfxtp_4)
   0.5202    0.5202 ^ __uuf__._445_/Q (sky130_fd_sc_hd__dfxtp_4)
   0.0026    0.5228 ^ load_slew44/A (sky130_fd_sc_hd__buf_12)
   0.2637    0.7865 ^ load_slew44/X (sky130_fd_sc_hd__buf_12)
   0.0118    0.7983 ^ __uuf__._357_/A (sky130_fd_sc_hd__nand2_1)
   0.1747    0.9730 v __uuf__._357_/Y (sky130_fd_sc_hd__nand2_1)
   0.0007    0.9737 v __uuf__._361_/A (sky130_fd_sc_hd__xnor2_1)
   0.2182    1.1919 ^ __uuf__._361_/Y (sky130_fd_sc_hd__xnor2_1)
   0.0001    1.1921 ^ __uuf__._362_/B (sky130_fd_sc_hd__nor2_1)
   0.0656    1.2577 v __uuf__._362_/Y (sky130_fd_sc_hd__nor2_1)
   0.0001    1.2579 v _139_/A0 (sky130_fd_sc_hd__mux2_1)
   0.3100    1.5678 v _139_/X (sky130_fd_sc_hd__mux2_1)
   0.0002    1.5680 v __uuf__._449_/D (sky130_fd_sc_hd__dfxtp_1)
             1.5680   data arrival time

  10.0000   10.0000   clock clk (rise edge)
   0.0000   10.0000   clock network delay (ideal)
   0.0000   10.0000   clock reconvergence pessimism
            10.0000 ^ __uuf__._449_/CLK (sky130_fd_sc_hd__dfxtp_1)
  -0.1317    9.8683   library setup time
             9.8683   data required time
-------------------------------------------------------------
             9.8683   data required time
            -1.5680   data arrival time
-------------------------------------------------------------
             8.3003   slack (MET)


Startpoint: __uuf__._445_ (rising edge-triggered flip-flop clocked by clk)
Endpoint: __uuf__._452_ (rising edge-triggered flip-flop clocked by clk)
Path Group: clk
Path Type: max

    Delay      Time   Description
-------------------------------------------------------------
   0.0000    0.0000   clock clk (rise edge)
   0.0000    0.0000   clock network delay (ideal)
   0.0000    0.0000 ^ __uuf__._445_/CLK (sky130_fd_sc_hd__dfxtp_4)
   0.5202    0.5202 ^ __uuf__._445_/Q (sky130_fd_sc_hd__dfxtp_4)
   0.0026    0.5228 ^ load_slew44/A (sky130_fd_sc_hd__buf_12)
   0.2637    0.7865 ^ load_slew44/X (sky130_fd_sc_hd__buf_12)
   0.0126    0.7991 ^ __uuf__._339_/A (sky130_fd_sc_hd__nand2_1)
   0.1620    0.9610 v __uuf__._339_/Y (sky130_fd_sc_hd__nand2_1)
   0.0006    0.9617 v __uuf__._343_/A (sky130_fd_sc_hd__xnor2_1)
   0.2501    1.2117 ^ __uuf__._343_/Y (sky130_fd_sc_hd__xnor2_1)
   0.0003    1.2120 ^ __uuf__._344_/B (sky130_fd_sc_hd__nor2_1)
   0.0657    1.2777 v __uuf__._344_/Y (sky130_fd_sc_hd__nor2_1)
   0.0001    1.2778 v _142_/A0 (sky130_fd_sc_hd__mux2_1)
   0.2899    1.5677 v _142_/X (sky130_fd_sc_hd__mux2_1)
   0.0001    1.5678 v __uuf__._452_/D (sky130_fd_sc_hd__dfxtp_1)
             1.5678   data arrival time

  10.0000   10.0000   clock clk (rise edge)
   0.0000   10.0000   clock network delay (ideal)
   0.0000   10.0000   clock reconvergence pessimism
            10.0000 ^ __uuf__._452_/CLK (sky130_fd_sc_hd__dfxtp_1)
  -0.1262    9.8738   library setup time
             9.8738   data required time
-------------------------------------------------------------
             9.8738   data required time
            -1.5678   data arrival time
-------------------------------------------------------------
             8.3060   slack (MET)


Startpoint: __uuf__._445_ (rising edge-triggered flip-flop clocked by clk)
Endpoint: __uuf__._454_ (rising edge-triggered flip-flop clocked by clk)
Path Group: clk
Path Type: max

    Delay      Time   Description
-------------------------------------------------------------
   0.0000    0.0000   clock clk (rise edge)
   0.0000    0.0000   clock network delay (ideal)
   0.0000    0.0000 ^ __uuf__._445_/CLK (sky130_fd_sc_hd__dfxtp_4)
   0.5202    0.5202 ^ __uuf__._445_/Q (sky130_fd_sc_hd__dfxtp_4)
   0.0026    0.5228 ^ load_slew44/A (sky130_fd_sc_hd__buf_12)
   0.2637    0.7865 ^ load_slew44/X (sky130_fd_sc_hd__buf_12)
   0.0126    0.7991 ^ __uuf__._327_/A (sky130_fd_sc_hd__nand2_1)
   0.1592    0.9584 v __uuf__._327_/Y (sky130_fd_sc_hd__nand2_1)
   0.0005    0.9588 v __uuf__._331_/A (sky130_fd_sc_hd__xnor2_1)
   0.2291    1.1879 ^ __uuf__._331_/Y (sky130_fd_sc_hd__xnor2_1)
   0.0002    1.1881 ^ __uuf__._332_/B (sky130_fd_sc_hd__nor2_1)
   0.0790    1.2671 v __uuf__._332_/Y (sky130_fd_sc_hd__nor2_1)
   0.0002    1.2672 v _144_/A0 (sky130_fd_sc_hd__mux2_1)
   0.2921    1.5593 v _144_/X (sky130_fd_sc_hd__mux2_1)
   0.0001    1.5594 v __uuf__._454_/D (sky130_fd_sc_hd__dfxtp_1)
             1.5594   data arrival time

  10.0000   10.0000   clock clk (rise edge)
   0.0000   10.0000   clock network delay (ideal)
   0.0000   10.0000   clock reconvergence pessimism
            10.0000 ^ __uuf__._454_/CLK (sky130_fd_sc_hd__dfxtp_1)
  -0.1255    9.8745   library setup time
             9.8745   data required time
-------------------------------------------------------------
             9.8745   data required time
            -1.5594   data arrival time
-------------------------------------------------------------
             8.3151   slack (MET)


Startpoint: __uuf__._445_ (rising edge-triggered flip-flop clocked by clk)
Endpoint: __uuf__._451_ (rising edge-triggered flip-flop clocked by clk)
Path Group: clk
Path Type: max

    Delay      Time   Description
-------------------------------------------------------------
   0.0000    0.0000   clock clk (rise edge)
   0.0000    0.0000   clock network delay (ideal)
   0.0000    0.0000 ^ __uuf__._445_/CLK (sky130_fd_sc_hd__dfxtp_4)
   0.5202    0.5202 ^ __uuf__._445_/Q (sky130_fd_sc_hd__dfxtp_4)
   0.0026    0.5228 ^ load_slew44/A (sky130_fd_sc_hd__buf_12)
   0.2637    0.7865 ^ load_slew44/X (sky130_fd_sc_hd__buf_12)
   0.0124    0.7989 ^ __uuf__._345_/A (sky130_fd_sc_hd__nand2_1)
   0.1696    0.9685 v __uuf__._345_/Y (sky130_fd_sc_hd__nand2_1)
   0.0006    0.9690 v __uuf__._349_/A (sky130_fd_sc_hd__xnor2_1)
   0.2239    1.1930 ^ __uuf__._349_/Y (sky130_fd_sc_hd__xnor2_1)
   0.0002    1.1931 ^ __uuf__._350_/B (sky130_fd_sc_hd__nor2_1)
   0.0557    1.2489 v __uuf__._350_/Y (sky130_fd_sc_hd__nor2_1)
   0.0001    1.2489 v _141_/A0 (sky130_fd_sc_hd__mux2_1)
   0.2913    1.5402 v _141_/X (sky130_fd_sc_hd__mux2_1)
   0.0001    1.5403 v __uuf__._451_/D (sky130_fd_sc_hd__dfxtp_1)
             1.5403   data arrival time

  10.0000   10.0000   clock clk (rise edge)
   0.0000   10.0000   clock network delay (ideal)
   0.0000   10.0000   clock reconvergence pessimism
            10.0000 ^ __uuf__._451_/CLK (sky130_fd_sc_hd__dfxtp_1)
  -0.1272    9.8728   library setup time
             9.8728   data required time
-------------------------------------------------------------
             9.8728   data required time
            -1.5403   data arrival time
-------------------------------------------------------------
             8.3325   slack (MET)


Startpoint: __uuf__._445_ (rising edge-triggered flip-flop clocked by clk)
Endpoint: __uuf__._450_ (rising edge-triggered flip-flop clocked by clk)
Path Group: clk
Path Type: max

    Delay      Time   Description
-------------------------------------------------------------
   0.0000    0.0000   clock clk (rise edge)
   0.0000    0.0000   clock network delay (ideal)
   0.0000    0.0000 ^ __uuf__._445_/CLK (sky130_fd_sc_hd__dfxtp_4)
   0.5202    0.5202 ^ __uuf__._445_/Q (sky130_fd_sc_hd__dfxtp_4)
   0.0026    0.5228 ^ load_slew44/A (sky130_fd_sc_hd__buf_12)
   0.2637    0.7865 ^ load_slew44/X (sky130_fd_sc_hd__buf_12)
   0.0122    0.7987 ^ __uuf__._351_/A (sky130_fd_sc_hd__nand2_1)
   0.1923    0.9910 v __uuf__._351_/Y (sky130_fd_sc_hd__nand2_1)
   0.0010    0.9920 v __uuf__._355_/A (sky130_fd_sc_hd__xnor2_1)
   0.1934    1.1853 ^ __uuf__._355_/Y (sky130_fd_sc_hd__xnor2_1)
   0.0001    1.1854 ^ __uuf__._356_/B (sky130_fd_sc_hd__nor2_1)
   0.0568    1.2422 v __uuf__._356_/Y (sky130_fd_sc_hd__nor2_1)
   0.0001    1.2423 v _140_/A0 (sky130_fd_sc_hd__mux2_1)
   0.2954    1.5376 v _140_/X (sky130_fd_sc_hd__mux2_1)
   0.0001    1.5377 v __uuf__._450_/D (sky130_fd_sc_hd__dfxtp_1)
             1.5377   data arrival time

  10.0000   10.0000   clock clk (rise edge)
   0.0000   10.0000   clock network delay (ideal)
   0.0000   10.0000   clock reconvergence pessimism
            10.0000 ^ __uuf__._450_/CLK (sky130_fd_sc_hd__dfxtp_1)
  -0.1277    9.8723   library setup time
             9.8723   data required time
-------------------------------------------------------------
             9.8723   data required time
            -1.5377   data arrival time
-------------------------------------------------------------
             8.3345   slack (MET)


Startpoint: __uuf__._445_ (rising edge-triggered flip-flop clocked by clk)
Endpoint: __uuf__._457_ (rising edge-triggered flip-flop clocked by clk)
Path Group: clk
Path Type: max

    Delay      Time   Description
-------------------------------------------------------------
   0.0000    0.0000   clock clk (rise edge)
   0.0000    0.0000   clock network delay (ideal)
   0.0000    0.0000 ^ __uuf__._445_/CLK (sky130_fd_sc_hd__dfxtp_4)
   0.5202    0.5202 ^ __uuf__._445_/Q (sky130_fd_sc_hd__dfxtp_4)
   0.0026    0.5228 ^ load_slew44/A (sky130_fd_sc_hd__buf_12)
   0.2637    0.7865 ^ load_slew44/X (sky130_fd_sc_hd__buf_12)
   0.0120    0.7985 ^ __uuf__._309_/A (sky130_fd_sc_hd__nand2_1)
   0.1561    0.9545 v __uuf__._309_/Y (sky130_fd_sc_hd__nand2_1)
   0.0004    0.9550 v __uuf__._313_/A (sky130_fd_sc_hd__xnor2_1)
   0.2126    1.1676 ^ __uuf__._313_/Y (sky130_fd_sc_hd__xnor2_1)
   0.0002    1.1678 ^ __uuf__._314_/B (sky130_fd_sc_hd__nor2_1)
   0.0638    1.2316 v __uuf__._314_/Y (sky130_fd_sc_hd__nor2_1)
   0.0001    1.2317 v _147_/A0 (sky130_fd_sc_hd__mux2_1)
   0.3000    1.5317 v _147_/X (sky130_fd_sc_hd__mux2_1)
   0.0001    1.5318 v __uuf__._457_/D (sky130_fd_sc_hd__dfxtp_1)
             1.5318   data arrival time

  10.0000   10.0000   clock clk (rise edge)
   0.0000   10.0000   clock network delay (ideal)
   0.0000   10.0000   clock reconvergence pessimism
            10.0000 ^ __uuf__._457_/CLK (sky130_fd_sc_hd__dfxtp_1)
  -0.1289    9.8711   library setup time
             9.8711   data required time
-------------------------------------------------------------
             9.8711   data required time
            -1.5318   data arrival time
-------------------------------------------------------------
             8.3393   slack (MET)


Startpoint: __uuf__._445_ (rising edge-triggered flip-flop clocked by clk)
Endpoint: __uuf__._456_ (rising edge-triggered flip-flop clocked by clk)
Path Group: clk
Path Type: max

    Delay      Time   Description
-------------------------------------------------------------
   0.0000    0.0000   clock clk (rise edge)
   0.0000    0.0000   clock network delay (ideal)
   0.0000    0.0000 ^ __uuf__._445_/CLK (sky130_fd_sc_hd__dfxtp_4)
   0.5202    0.5202 ^ __uuf__._445_/Q (sky130_fd_sc_hd__dfxtp_4)
   0.0026    0.5228 ^ load_slew44/A (sky130_fd_sc_hd__buf_12)
   0.2637    0.7865 ^ load_slew44/X (sky130_fd_sc_hd__buf_12)
   0.0124    0.7989 ^ __uuf__._315_/A (sky130_fd_sc_hd__nand2_1)
   0.1450    0.9440 v __uuf__._315_/Y (sky130_fd_sc_hd__nand2_1)
   0.0004    0.9443 v __uuf__._319_/A (sky130_fd_sc_hd__xnor2_1)
   0.2149    1.1593 ^ __uuf__._319_/Y (sky130_fd_sc_hd__xnor2_1)
   0.0002    1.1594 ^ __uuf__._320_/B (sky130_fd_sc_hd__nor2_1)
   0.0537    1.2132 v __uuf__._320_/Y (sky130_fd_sc_hd__nor2_1)
   0.0000    1.2132 v _146_/A0 (sky130_fd_sc_hd__mux2_1)
   0.2998    1.5130 v _146_/X (sky130_fd_sc_hd__mux2_1)
   0.0001    1.5132 v __uuf__._456_/D (sky130_fd_sc_hd__dfxtp_1)
             1.5132   data arrival time

  10.0000   10.0000   clock clk (rise edge)
   0.0000   10.0000   clock network delay (ideal)
   0.0000   10.0000   clock reconvergence pessimism
            10.0000 ^ __uuf__._456_/CLK (sky130_fd_sc_hd__dfxtp_1)
  -0.1298    9.8702   library setup time
             9.8702   data required time
-------------------------------------------------------------
             9.8702   data required time
            -1.5132   data arrival time
-------------------------------------------------------------
             8.3571   slack (MET)


Startpoint: __uuf__._445_ (rising edge-triggered flip-flop clocked by clk)
Endpoint: __uuf__._459_ (rising edge-triggered flip-flop clocked by clk)
Path Group: clk
Path Type: max

    Delay      Time   Description
-------------------------------------------------------------
   0.0000    0.0000   clock clk (rise edge)
   0.0000    0.0000   clock network delay (ideal)
   0.0000    0.0000 ^ __uuf__._445_/CLK (sky130_fd_sc_hd__dfxtp_4)
   0.5202    0.5202 ^ __uuf__._445_/Q (sky130_fd_sc_hd__dfxtp_4)
   0.0026    0.5228 ^ load_slew44/A (sky130_fd_sc_hd__buf_12)
   0.2637    0.7865 ^ load_slew44/X (sky130_fd_sc_hd__buf_12)
   0.0091    0.7956 ^ __uuf__._297_/A (sky130_fd_sc_hd__nand2_1)
   0.1462    0.9417 v __uuf__._297_/Y (sky130_fd_sc_hd__nand2_1)
   0.0004    0.9421 v __uuf__._301_/A (sky130_fd_sc_hd__xnor2_1)
   0.2108    1.1529 ^ __uuf__._301_/Y (sky130_fd_sc_hd__xnor2_1)
   0.0001    1.1530 ^ __uuf__._302_/B (sky130_fd_sc_hd__nor2_1)
   0.0756    1.2286 v __uuf__._302_/Y (sky130_fd_sc_hd__nor2_1)
   0.0001    1.2287 v _149_/A0 (sky130_fd_sc_hd__mux2_1)
   0.2856    1.5144 v _149_/X (sky130_fd_sc_hd__mux2_1)
   0.0001    1.5144 v __uuf__._459_/D (sky130_fd_sc_hd__dfxtp_2)
             1.5144   data arrival time

  10.0000   10.0000   clock clk (rise edge)
   0.0000   10.0000   clock network delay (ideal)
   0.0000   10.0000   clock reconvergence pessimism
            10.0000 ^ __uuf__._459_/CLK (sky130_fd_sc_hd__dfxtp_2)
  -0.1263    9.8737   library setup time
             9.8737   data required time
-------------------------------------------------------------
             9.8737   data required time
            -1.5144   data arrival time
-------------------------------------------------------------
             8.3592   slack (MET)


Startpoint: __uuf__._445_ (rising edge-triggered flip-flop clocked by clk)
Endpoint: __uuf__._462_ (rising edge-triggered flip-flop clocked by clk)
Path Group: clk
Path Type: max

    Delay      Time   Description
-------------------------------------------------------------
   0.0000    0.0000   clock clk (rise edge)
   0.0000    0.0000   clock network delay (ideal)
   0.0000    0.0000 ^ __uuf__._445_/CLK (sky130_fd_sc_hd__dfxtp_4)
   0.5202    0.5202 ^ __uuf__._445_/Q (sky130_fd_sc_hd__dfxtp_4)
   0.0026    0.5228 ^ load_slew44/A (sky130_fd_sc_hd__buf_12)
   0.2637    0.7865 ^ load_slew44/X (sky130_fd_sc_hd__buf_12)
   0.0048    0.7913 ^ __uuf__._279_/A (sky130_fd_sc_hd__nand2_1)
   0.1293    0.9206 v __uuf__._279_/Y (sky130_fd_sc_hd__nand2_1)
   0.0002    0.9208 v __uuf__._283_/A (sky130_fd_sc_hd__xnor2_1)
   0.2199    1.1406 ^ __uuf__._283_/Y (sky130_fd_sc_hd__xnor2_1)
   0.0002    1.1409 ^ __uuf__._284_/B (sky130_fd_sc_hd__nor2_1)
   0.0682    1.2091 v __uuf__._284_/Y (sky130_fd_sc_hd__nor2_1)
   0.0001    1.2091 v _152_/A0 (sky130_fd_sc_hd__mux2_1)
   0.2925    1.5016 v _152_/X (sky130_fd_sc_hd__mux2_1)
   0.0001    1.5017 v __uuf__._462_/D (sky130_fd_sc_hd__dfxtp_1)
             1.5017   data arrival time

  10.0000   10.0000   clock clk (rise edge)
   0.0000   10.0000   clock network delay (ideal)
   0.0000   10.0000   clock reconvergence pessimism
            10.0000 ^ __uuf__._462_/CLK (sky130_fd_sc_hd__dfxtp_1)
  -0.1269    9.8731   library setup time
             9.8731   data required time
-------------------------------------------------------------
             9.8731   data required time
            -1.5017   data arrival time
-------------------------------------------------------------
             8.3714   slack (MET)


Startpoint: __uuf__._445_ (rising edge-triggered flip-flop clocked by clk)
Endpoint: __uuf__._453_ (rising edge-triggered flip-flop clocked by clk)
Path Group: clk
Path Type: max

    Delay      Time   Description
-------------------------------------------------------------
   0.0000    0.0000   clock clk (rise edge)
   0.0000    0.0000   clock network delay (ideal)
   0.0000    0.0000 ^ __uuf__._445_/CLK (sky130_fd_sc_hd__dfxtp_4)
   0.5202    0.5202 ^ __uuf__._445_/Q (sky130_fd_sc_hd__dfxtp_4)
   0.0026    0.5228 ^ load_slew44/A (sky130_fd_sc_hd__buf_12)
   0.2637    0.7865 ^ load_slew44/X (sky130_fd_sc_hd__buf_12)
   0.0127    0.7992 ^ __uuf__._333_/A (sky130_fd_sc_hd__nand2_2)
   0.1374    0.9366 v __uuf__._333_/Y (sky130_fd_sc_hd__nand2_2)
   0.0009    0.9375 v __uuf__._337_/A (sky130_fd_sc_hd__xnor2_1)
   0.2034    1.1409 ^ __uuf__._337_/Y (sky130_fd_sc_hd__xnor2_1)
   0.0002    1.1411 ^ __uuf__._338_/B (sky130_fd_sc_hd__nor2_1)
   0.0620    1.2031 v __uuf__._338_/Y (sky130_fd_sc_hd__nor2_1)
   0.0001    1.2032 v _143_/A0 (sky130_fd_sc_hd__mux2_1)
   0.2959    1.4991 v _143_/X (sky130_fd_sc_hd__mux2_1)
   0.0001    1.4992 v __uuf__._453_/D (sky130_fd_sc_hd__dfxtp_1)
             1.4992   data arrival time

  10.0000   10.0000   clock clk (rise edge)
   0.0000   10.0000   clock network delay (ideal)
   0.0000   10.0000   clock reconvergence pessimism
            10.0000 ^ __uuf__._453_/CLK (sky130_fd_sc_hd__dfxtp_1)
  -0.1278    9.8722   library setup time
             9.8722   data required time
-------------------------------------------------------------
             9.8722   data required time
            -1.4992   data arrival time
-------------------------------------------------------------
             8.3730   slack (MET)


Startpoint: __uuf__._445_ (rising edge-triggered flip-flop clocked by clk)
Endpoint: __uuf__._455_ (rising edge-triggered flip-flop clocked by clk)
Path Group: clk
Path Type: max

    Delay      Time   Description
-------------------------------------------------------------
   0.0000    0.0000   clock clk (rise edge)
   0.0000    0.0000   clock network delay (ideal)
   0.0000    0.0000 ^ __uuf__._445_/CLK (sky130_fd_sc_hd__dfxtp_4)
   0.5202    0.5202 ^ __uuf__._445_/Q (sky130_fd_sc_hd__dfxtp_4)
   0.0026    0.5228 ^ load_slew44/A (sky130_fd_sc_hd__buf_12)
   0.2637    0.7865 ^ load_slew44/X (sky130_fd_sc_hd__buf_12)
   0.0126    0.7991 ^ __uuf__._321_/A (sky130_fd_sc_hd__nand2_1)
   0.1478    0.9469 v __uuf__._321_/Y (sky130_fd_sc_hd__nand2_1)
   0.0004    0.9473 v __uuf__._325_/A (sky130_fd_sc_hd__xnor2_1)
   0.1919    1.1392 ^ __uuf__._325_/Y (sky130_fd_sc_hd__xnor2_1)
   0.0001    1.1393 ^ __uuf__._326_/B (sky130_fd_sc_hd__nor2_1)
   0.0605    1.1998 v __uuf__._326_/Y (sky130_fd_sc_hd__nor2_1)
   0.0001    1.2000 v _145_/A0 (sky130_fd_sc_hd__mux2_1)
   0.2937    1.4936 v _145_/X (sky130_fd_sc_hd__mux2_1)
   0.0001    1.4937 v __uuf__._455_/D (sky130_fd_sc_hd__dfxtp_1)
             1.4937   data arrival time

  10.0000   10.0000   clock clk (rise edge)
   0.0000   10.0000   clock network delay (ideal)
   0.0000   10.0000   clock reconvergence pessimism
            10.0000 ^ __uuf__._455_/CLK (sky130_fd_sc_hd__dfxtp_1)
  -0.1271    9.8729   library setup time
             9.8729   data required time
-------------------------------------------------------------
             9.8729   data required time
            -1.4937   data arrival time
-------------------------------------------------------------
             8.3791   slack (MET)


Startpoint: __uuf__._445_ (rising edge-triggered flip-flop clocked by clk)
Endpoint: __uuf__._461_ (rising edge-triggered flip-flop clocked by clk)
Path Group: clk
Path Type: max

    Delay      Time   Description
-------------------------------------------------------------
   0.0000    0.0000   clock clk (rise edge)
   0.0000    0.0000   clock network delay (ideal)
   0.0000    0.0000 ^ __uuf__._445_/CLK (sky130_fd_sc_hd__dfxtp_4)
   0.5202    0.5202 ^ __uuf__._445_/Q (sky130_fd_sc_hd__dfxtp_4)
   0.0026    0.5228 ^ load_slew44/A (sky130_fd_sc_hd__buf_12)
   0.2637    0.7865 ^ load_slew44/X (sky130_fd_sc_hd__buf_12)
   0.0047    0.7912 ^ __uuf__._285_/A (sky130_fd_sc_hd__nand2_1)
   0.1308    0.9220 v __uuf__._285_/Y (sky130_fd_sc_hd__nand2_1)
   0.0003    0.9223 v __uuf__._289_/A (sky130_fd_sc_hd__xnor2_1)
   0.2058    1.1281 ^ __uuf__._289_/Y (sky130_fd_sc_hd__xnor2_1)
   0.0002    1.1282 ^ __uuf__._290_/B (sky130_fd_sc_hd__nor2_1)
   0.0650    1.1933 v __uuf__._290_/Y (sky130_fd_sc_hd__nor2_1)
   0.0001    1.1934 v _151_/A0 (sky130_fd_sc_hd__mux2_1)
   0.2881    1.4815 v _151_/X (sky130_fd_sc_hd__mux2_1)
   0.0001    1.4815 v __uuf__._461_/D (sky130_fd_sc_hd__dfxtp_1)
             1.4815   data arrival time

  10.0000   10.0000   clock clk (rise edge)
   0.0000   10.0000   clock network delay (ideal)
   0.0000   10.0000   clock reconvergence pessimism
            10.0000 ^ __uuf__._461_/CLK (sky130_fd_sc_hd__dfxtp_1)
  -0.1255    9.8745   library setup time
             9.8745   data required time
-------------------------------------------------------------
             9.8745   data required time
            -1.4815   data arrival time
-------------------------------------------------------------
             8.3930   slack (MET)


Startpoint: __uuf__._445_ (rising edge-triggered flip-flop clocked by clk)
Endpoint: __uuf__._460_ (rising edge-triggered flip-flop clocked by clk)
Path Group: clk
Path Type: max

    Delay      Time   Description
-------------------------------------------------------------
   0.0000    0.0000   clock clk (rise edge)
   0.0000    0.0000   clock network delay (ideal)
   0.0000    0.0000 ^ __uuf__._445_/CLK (sky130_fd_sc_hd__dfxtp_4)
   0.5202    0.5202 ^ __uuf__._445_/Q (sky130_fd_sc_hd__dfxtp_4)
   0.0026    0.5228 ^ load_slew44/A (sky130_fd_sc_hd__buf_12)
   0.2637    0.7865 ^ load_slew44/X (sky130_fd_sc_hd__buf_12)
   0.0063    0.7928 ^ __uuf__._291_/A (sky130_fd_sc_hd__nand2_1)
   0.1198    0.9126 v __uuf__._291_/Y (sky130_fd_sc_hd__nand2_1)
   0.0003    0.9128 v __uuf__._295_/A (sky130_fd_sc_hd__xnor2_1)
   0.2082    1.1210 ^ __uuf__._295_/Y (sky130_fd_sc_hd__xnor2_1)
   0.0002    1.1212 ^ __uuf__._296_/B (sky130_fd_sc_hd__nor2_1)
   0.0679    1.1891 v __uuf__._296_/Y (sky130_fd_sc_hd__nor2_1)
   0.0001    1.1892 v _150_/A0 (sky130_fd_sc_hd__mux2_1)
   0.2887    1.4778 v _150_/X (sky130_fd_sc_hd__mux2_1)
   0.0001    1.4779 v __uuf__._460_/D (sky130_fd_sc_hd__dfxtp_1)
             1.4779   data arrival time

  10.0000   10.0000   clock clk (rise edge)
   0.0000   10.0000   clock network delay (ideal)
   0.0000   10.0000   clock reconvergence pessimism
            10.0000 ^ __uuf__._460_/CLK (sky130_fd_sc_hd__dfxtp_1)
  -0.1254    9.8746   library setup time
             9.8746   data required time
-------------------------------------------------------------
             9.8746   data required time
            -1.4779   data arrival time
-------------------------------------------------------------
             8.3966   slack (MET)


Startpoint: __uuf__._445_ (rising edge-triggered flip-flop clocked by clk)
Endpoint: __uuf__._446_ (rising edge-triggered flip-flop clocked by clk)
Path Group: clk
Path Type: max

    Delay      Time   Description
-------------------------------------------------------------
   0.0000    0.0000   clock clk (rise edge)
   0.0000    0.0000   clock network delay (ideal)
   0.0000    0.0000 ^ __uuf__._445_/CLK (sky130_fd_sc_hd__dfxtp_4)
   0.5202    0.5202 ^ __uuf__._445_/Q (sky130_fd_sc_hd__dfxtp_4)
   0.0026    0.5228 ^ load_slew44/A (sky130_fd_sc_hd__buf_12)
   0.2637    0.7865 ^ load_slew44/X (sky130_fd_sc_hd__buf_12)
   0.0078    0.7943 ^ __uuf__._375_/A (sky130_fd_sc_hd__nand2_1)
   0.1413    0.9356 v __uuf__._375_/Y (sky130_fd_sc_hd__nand2_1)
   0.0003    0.9359 v __uuf__._379_/A (sky130_fd_sc_hd__xnor2_1)
   0.1873    1.1233 ^ __uuf__._379_/Y (sky130_fd_sc_hd__xnor2_1)
   0.0001    1.1234 ^ __uuf__._380_/B (sky130_fd_sc_hd__nor2_1)
   0.0555    1.1788 v __uuf__._380_/Y (sky130_fd_sc_hd__nor2_1)
   0.0001    1.1789 v _136_/A0 (sky130_fd_sc_hd__mux2_1)
   0.2870    1.4659 v _136_/X (sky130_fd_sc_hd__mux2_1)
   0.0001    1.4660 v __uuf__._446_/D (sky130_fd_sc_hd__dfxtp_1)
             1.4660   data arrival time

  10.0000   10.0000   clock clk (rise edge)
   0.0000   10.0000   clock network delay (ideal)
   0.0000   10.0000   clock reconvergence pessimism
            10.0000 ^ __uuf__._446_/CLK (sky130_fd_sc_hd__dfxtp_1)
  -0.1257    9.8743   library setup time
             9.8743   data required time
-------------------------------------------------------------
             9.8743   data required time
            -1.4660   data arrival time
-------------------------------------------------------------
             8.4084   slack (MET)


Startpoint: __uuf__._445_ (rising edge-triggered flip-flop clocked by clk)
Endpoint: __uuf__._448_ (rising edge-triggered flip-flop clocked by clk)
Path Group: clk
Path Type: max

    Delay      Time   Description
-------------------------------------------------------------
   0.0000    0.0000   clock clk (rise edge)
   0.0000    0.0000   clock network delay (ideal)
   0.0000    0.0000 ^ __uuf__._445_/CLK (sky130_fd_sc_hd__dfxtp_4)
   0.5202    0.5202 ^ __uuf__._445_/Q (sky130_fd_sc_hd__dfxtp_4)
   0.0026    0.5228 ^ load_slew44/A (sky130_fd_sc_hd__buf_12)
   0.2637    0.7865 ^ load_slew44/X (sky130_fd_sc_hd__buf_12)
   0.0115    0.7980 ^ __uuf__._363_/A (sky130_fd_sc_hd__nand2_2)
   0.1124    0.9103 v __uuf__._363_/Y (sky130_fd_sc_hd__nand2_2)
   0.0006    0.9109 v __uuf__._367_/A (sky130_fd_sc_hd__xnor2_1)
   0.2015    1.1124 ^ __uuf__._367_/Y (sky130_fd_sc_hd__xnor2_1)
   0.0002    1.1126 ^ __uuf__._368_/B (sky130_fd_sc_hd__nor2_1)
   0.0578    1.1704 v __uuf__._368_/Y (sky130_fd_sc_hd__nor2_1)
   0.0001    1.1705 v _138_/A0 (sky130_fd_sc_hd__mux2_1)
   0.2874    1.4578 v _138_/X (sky130_fd_sc_hd__mux2_1)
   0.0001    1.4579 v __uuf__._448_/D (sky130_fd_sc_hd__dfxtp_1)
             1.4579   data arrival time

  10.0000   10.0000   clock clk (rise edge)
   0.0000   10.0000   clock network delay (ideal)
   0.0000   10.0000   clock reconvergence pessimism
            10.0000 ^ __uuf__._448_/CLK (sky130_fd_sc_hd__dfxtp_1)
  -0.1258    9.8742   library setup time
             9.8742   data required time
-------------------------------------------------------------
             9.8742   data required time
            -1.4579   data arrival time
-------------------------------------------------------------
             8.4163   slack (MET)


Startpoint: __uuf__._445_ (rising edge-triggered flip-flop clocked by clk)
Endpoint: __uuf__._475_ (rising edge-triggered flip-flop clocked by clk)
Path Group: clk
Path Type: max

    Delay      Time   Description
-------------------------------------------------------------
   0.0000    0.0000   clock clk (rise edge)
   0.0000    0.0000   clock network delay (ideal)
   0.0000    0.0000 ^ __uuf__._445_/CLK (sky130_fd_sc_hd__dfxtp_4)
   0.5202    0.5202 ^ __uuf__._445_/Q (sky130_fd_sc_hd__dfxtp_4)
   0.0026    0.5228 ^ load_slew44/A (sky130_fd_sc_hd__buf_12)
   0.2637    0.7865 ^ load_slew44/X (sky130_fd_sc_hd__buf_12)
   0.0124    0.7989 ^ __uuf__._435_/B (sky130_fd_sc_hd__and3_1)
   0.2675    1.0664 ^ __uuf__._435_/X (sky130_fd_sc_hd__and3_1)
   0.0005    1.0670 ^ __uuf__._436_/C (sky130_fd_sc_hd__nor3_4)
   0.0635    1.1305 v __uuf__._436_/Y (sky130_fd_sc_hd__nor3_4)
   0.0006    1.1310 v _165_/A0 (sky130_fd_sc_hd__mux2_1)
   0.3177    1.4487 v _165_/X (sky130_fd_sc_hd__mux2_1)
   0.0002    1.4490 v __uuf__._475_/D (sky130_fd_sc_hd__dfxtp_1)
             1.4490   data arrival time

  10.0000   10.0000   clock clk (rise edge)
   0.0000   10.0000   clock network delay (ideal)
   0.0000   10.0000   clock reconvergence pessimism
            10.0000 ^ __uuf__._475_/CLK (sky130_fd_sc_hd__dfxtp_1)
  -0.1333    9.8667   library setup time
             9.8667   data required time
-------------------------------------------------------------
             9.8667   data required time
            -1.4490   data arrival time
-------------------------------------------------------------
             8.4178   slack (MET)


Startpoint: __uuf__._445_ (rising edge-triggered flip-flop clocked by clk)
Endpoint: __uuf__._447_ (rising edge-triggered flip-flop clocked by clk)
Path Group: clk
Path Type: max

    Delay      Time   Description
-------------------------------------------------------------
   0.0000    0.0000   clock clk (rise edge)
   0.0000    0.0000   clock network delay (ideal)
   0.0000    0.0000 ^ __uuf__._445_/CLK (sky130_fd_sc_hd__dfxtp_4)
   0.5202    0.5202 ^ __uuf__._445_/Q (sky130_fd_sc_hd__dfxtp_4)
   0.0026    0.5228 ^ load_slew44/A (sky130_fd_sc_hd__buf_12)
   0.2637    0.7865 ^ load_slew44/X (sky130_fd_sc_hd__buf_12)
   0.0080    0.7945 ^ __uuf__._369_/A (sky130_fd_sc_hd__nand2_1)
   0.1466    0.9412 v __uuf__._369_/Y (sky130_fd_sc_hd__nand2_1)
   0.0004    0.9416 v __uuf__._373_/A (sky130_fd_sc_hd__xnor2_1)
   0.1783    1.1198 ^ __uuf__._373_/Y (sky130_fd_sc_hd__xnor2_1)
   0.0001    1.1199 ^ __uuf__._374_/B (sky130_fd_sc_hd__nor2_1)
   0.0495    1.1694 v __uuf__._374_/Y (sky130_fd_sc_hd__nor2_1)
   0.0001    1.1694 v _137_/A0 (sky130_fd_sc_hd__mux2_1)
   0.2865    1.4559 v _137_/X (sky130_fd_sc_hd__mux2_1)
   0.0001    1.4560 v __uuf__._447_/D (sky130_fd_sc_hd__dfxtp_1)
             1.4560   data arrival time

  10.0000   10.0000   clock clk (rise edge)
   0.0000   10.0000   clock network delay (ideal)
   0.0000   10.0000   clock reconvergence pessimism
            10.0000 ^ __uuf__._447_/CLK (sky130_fd_sc_hd__dfxtp_1)
  -0.1260    9.8740   library setup time
             9.8740   data required time
-------------------------------------------------------------
             9.8740   data required time
            -1.4560   data arrival time
-------------------------------------------------------------
             8.4180   slack (MET)


Startpoint: __uuf__._445_ (rising edge-triggered flip-flop clocked by clk)
Endpoint: __uuf__._486_ (rising edge-triggered flip-flop clocked by clk)
Path Group: clk
Path Type: max

    Delay      Time   Description
-------------------------------------------------------------
   0.0000    0.0000   clock clk (rise edge)
   0.0000    0.0000   clock network delay (ideal)
   0.0000    0.0000 ^ __uuf__._445_/CLK (sky130_fd_sc_hd__dfxtp_4)
   0.5202    0.5202 ^ __uuf__._445_/Q (sky130_fd_sc_hd__dfxtp_4)
   0.0026    0.5228 ^ load_slew44/A (sky130_fd_sc_hd__buf_12)
   0.2637    0.7865 ^ load_slew44/X (sky130_fd_sc_hd__buf_12)
   0.0126    0.7991 ^ __uuf__._327_/A (sky130_fd_sc_hd__nand2_1)
   0.1592    0.9584 v __uuf__._327_/Y (sky130_fd_sc_hd__nand2_1)
   0.0004    0.9588 v __uuf__._412_/A1 (sky130_fd_sc_hd__a211oi_1)
   0.3095    1.2683 ^ __uuf__._412_/Y (sky130_fd_sc_hd__a211oi_1)
   0.0002    1.2685 ^ _176_/A0 (sky130_fd_sc_hd__mux2_1)
   0.1984    1.4669 ^ _176_/X (sky130_fd_sc_hd__mux2_1)
   0.0001    1.4670 ^ __uuf__._486_/D (sky130_fd_sc_hd__dfxtp_1)
             1.4670   data arrival time

  10.0000   10.0000   clock clk (rise edge)
   0.0000   10.0000   clock network delay (ideal)
   0.0000   10.0000   clock reconvergence pessimism
            10.0000 ^ __uuf__._486_/CLK (sky130_fd_sc_hd__dfxtp_1)
  -0.0651    9.9349   library setup time
             9.9349   data required time
-------------------------------------------------------------
             9.9349   data required time
            -1.4670   data arrival time
-------------------------------------------------------------
             8.4679   slack (MET)


Startpoint: __uuf__._445_ (rising edge-triggered flip-flop clocked by clk)
Endpoint: __uuf__._476_ (rising edge-triggered flip-flop clocked by clk)
Path Group: clk
Path Type: max

    Delay      Time   Description
-------------------------------------------------------------
   0.0000    0.0000   clock clk (rise edge)
   0.0000    0.0000   clock network delay (ideal)
   0.0000    0.0000 ^ __uuf__._445_/CLK (sky130_fd_sc_hd__dfxtp_4)
   0.5202    0.5202 ^ __uuf__._445_/Q (sky130_fd_sc_hd__dfxtp_4)
   0.0026    0.5228 ^ load_slew44/A (sky130_fd_sc_hd__buf_12)
   0.2637    0.7865 ^ load_slew44/X (sky130_fd_sc_hd__buf_12)
   0.0115    0.7980 ^ __uuf__._419_/A (sky130_fd_sc_hd__and3_1)
   0.2357    1.0337 ^ __uuf__._419_/X (sky130_fd_sc_hd__and3_1)
   0.0002    1.0340 ^ __uuf__._421_/B (sky130_fd_sc_hd__nor3_2)
   0.0725    1.1065 v __uuf__._421_/Y (sky130_fd_sc_hd__nor3_2)
   0.0002    1.1067 v _166_/A0 (sky130_fd_sc_hd__mux2_1)
   0.2889    1.3956 v _166_/X (sky130_fd_sc_hd__mux2_1)
   0.0001    1.3956 v __uuf__._476_/D (sky130_fd_sc_hd__dfxtp_2)
             1.3956   data arrival time

  10.0000   10.0000   clock clk (rise edge)
   0.0000   10.0000   clock network delay (ideal)
   0.0000   10.0000   clock reconvergence pessimism
            10.0000 ^ __uuf__._476_/CLK (sky130_fd_sc_hd__dfxtp_2)
  -0.1268    9.8732   library setup time
             9.8732   data required time
-------------------------------------------------------------
             9.8732   data required time
            -1.3956   data arrival time
-------------------------------------------------------------
             8.4776   slack (MET)


Startpoint: __uuf__._445_ (rising edge-triggered flip-flop clocked by clk)
Endpoint: __uuf__._474_ (rising edge-triggered flip-flop clocked by clk)
Path Group: clk
Path Type: max

    Delay      Time   Description
-------------------------------------------------------------
   0.0000    0.0000   clock clk (rise edge)
   0.0000    0.0000   clock network delay (ideal)
   0.0000    0.0000 ^ __uuf__._445_/CLK (sky130_fd_sc_hd__dfxtp_4)
   0.5202    0.5202 ^ __uuf__._445_/Q (sky130_fd_sc_hd__dfxtp_4)
   0.0026    0.5228 ^ load_slew44/A (sky130_fd_sc_hd__buf_12)
   0.2637    0.7865 ^ load_slew44/X (sky130_fd_sc_hd__buf_12)
   0.0127    0.7992 ^ __uuf__._439_/A (sky130_fd_sc_hd__and3_1)
   0.2350    1.0342 ^ __uuf__._439_/X (sky130_fd_sc_hd__and3_1)
   0.0003    1.0345 ^ __uuf__._440_/C (sky130_fd_sc_hd__nor3_4)
   0.0570    1.0915 v __uuf__._440_/Y (sky130_fd_sc_hd__nor3_4)
   0.0003    1.0918 v _164_/A0 (sky130_fd_sc_hd__mux2_1)
   0.2918    1.3836 v _164_/X (sky130_fd_sc_hd__mux2_1)
   0.0001    1.3837 v __uuf__._474_/D (sky130_fd_sc_hd__dfxtp_1)
             1.3837   data arrival time

  10.0000   10.0000   clock clk (rise edge)
   0.0000   10.0000   clock network delay (ideal)
   0.0000   10.0000   clock reconvergence pessimism
            10.0000 ^ __uuf__._474_/CLK (sky130_fd_sc_hd__dfxtp_1)
  -0.1257    9.8743   library setup time
             9.8743   data required time
-------------------------------------------------------------
             9.8743   data required time
            -1.3837   data arrival time
-------------------------------------------------------------
             8.4906   slack (MET)


Startpoint: __uuf__._445_ (rising edge-triggered flip-flop clocked by clk)
Endpoint: __uuf__._470_ (rising edge-triggered flip-flop clocked by clk)
Path Group: clk
Path Type: max

    Delay      Time   Description
-------------------------------------------------------------
   0.0000    0.0000   clock clk (rise edge)
   0.0000    0.0000   clock network delay (ideal)
   0.0000    0.0000 ^ __uuf__._445_/CLK (sky130_fd_sc_hd__dfxtp_4)
   0.5202    0.5202 ^ __uuf__._445_/Q (sky130_fd_sc_hd__dfxtp_4)
   0.0082    0.5284 ^ __uuf__._231_/A (sky130_fd_sc_hd__nand2_2)
   0.2134    0.7418 v __uuf__._231_/Y (sky130_fd_sc_hd__nand2_2)
   0.0011    0.7430 v __uuf__._235_/A (sky130_fd_sc_hd__xnor2_1)
   0.2461    0.9891 ^ __uuf__._235_/Y (sky130_fd_sc_hd__xnor2_1)
   0.0002    0.9893 ^ __uuf__._236_/B (sky130_fd_sc_hd__nor2_1)
   0.0820    1.0712 v __uuf__._236_/Y (sky130_fd_sc_hd__nor2_1)
   0.0002    1.0715 v _160_/A0 (sky130_fd_sc_hd__mux2_1)
   0.3057    1.3772 v _160_/X (sky130_fd_sc_hd__mux2_1)
   0.0001    1.3773 v __uuf__._470_/D (sky130_fd_sc_hd__dfxtp_1)
             1.3773   data arrival time

  10.0000   10.0000   clock clk (rise edge)
   0.0000   10.0000   clock network delay (ideal)
   0.0000   10.0000   clock reconvergence pessimism
            10.0000 ^ __uuf__._470_/CLK (sky130_fd_sc_hd__dfxtp_1)
  -0.1292    9.8708   library setup time
             9.8708   data required time
-------------------------------------------------------------
             9.8708   data required time
            -1.3773   data arrival time
-------------------------------------------------------------
             8.4935   slack (MET)


Startpoint: __uuf__._445_ (rising edge-triggered flip-flop clocked by clk)
Endpoint: __uuf__._487_ (rising edge-triggered flip-flop clocked by clk)
Path Group: clk
Path Type: max

    Delay      Time   Description
-------------------------------------------------------------
   0.0000    0.0000   clock clk (rise edge)
   0.0000    0.0000   clock network delay (ideal)
   0.0000    0.0000 ^ __uuf__._445_/CLK (sky130_fd_sc_hd__dfxtp_4)
   0.5202    0.5202 ^ __uuf__._445_/Q (sky130_fd_sc_hd__dfxtp_4)
   0.0026    0.5228 ^ load_slew44/A (sky130_fd_sc_hd__buf_12)
   0.2637    0.7865 ^ load_slew44/X (sky130_fd_sc_hd__buf_12)
   0.0126    0.7991 ^ __uuf__._321_/A (sky130_fd_sc_hd__nand2_1)
   0.1478    0.9469 v __uuf__._321_/Y (sky130_fd_sc_hd__nand2_1)
   0.0004    0.9473 v __uuf__._411_/A1 (sky130_fd_sc_hd__a211oi_1)
   0.2951    1.2424 ^ __uuf__._411_/Y (sky130_fd_sc_hd__a211oi_1)
   0.0002    1.2426 ^ _177_/A0 (sky130_fd_sc_hd__mux2_1)
   0.1962    1.4388 ^ _177_/X (sky130_fd_sc_hd__mux2_1)
   0.0002    1.4389 ^ __uuf__._487_/D (sky130_fd_sc_hd__dfxtp_1)
             1.4389   data arrival time

  10.0000   10.0000   clock clk (rise edge)
   0.0000   10.0000   clock network delay (ideal)
   0.0000   10.0000   clock reconvergence pessimism
            10.0000 ^ __uuf__._487_/CLK (sky130_fd_sc_hd__dfxtp_1)
  -0.0651    9.9349   library setup time
             9.9349   data required time
-------------------------------------------------------------
             9.9349   data required time
            -1.4389   data arrival time
-------------------------------------------------------------
             8.4959   slack (MET)


Startpoint: __uuf__._445_ (rising edge-triggered flip-flop clocked by clk)
Endpoint: __uuf__._482_ (rising edge-triggered flip-flop clocked by clk)
Path Group: clk
Path Type: max

    Delay      Time   Description
-------------------------------------------------------------
   0.0000    0.0000   clock clk (rise edge)
   0.0000    0.0000   clock network delay (ideal)
   0.0000    0.0000 ^ __uuf__._445_/CLK (sky130_fd_sc_hd__dfxtp_4)
   0.5202    0.5202 ^ __uuf__._445_/Q (sky130_fd_sc_hd__dfxtp_4)
   0.0026    0.5228 ^ load_slew44/A (sky130_fd_sc_hd__buf_12)
   0.2637    0.7865 ^ load_slew44/X (sky130_fd_sc_hd__buf_12)
   0.0122    0.7987 ^ __uuf__._351_/A (sky130_fd_sc_hd__nand2_1)
   0.1923    0.9910 v __uuf__._351_/Y (sky130_fd_sc_hd__nand2_1)
   0.0010    0.9920 v __uuf__._416_/A1 (sky130_fd_sc_hd__a211oi_1)
   0.2578    1.2498 ^ __uuf__._416_/Y (sky130_fd_sc_hd__a211oi_1)
   0.0001    1.2499 ^ _172_/A0 (sky130_fd_sc_hd__mux2_1)
   0.1834    1.4333 ^ _172_/X (sky130_fd_sc_hd__mux2_1)
   0.0002    1.4335 ^ __uuf__._482_/D (sky130_fd_sc_hd__dfxtp_1)
             1.4335   data arrival time

  10.0000   10.0000   clock clk (rise edge)
   0.0000   10.0000   clock network delay (ideal)
   0.0000   10.0000   clock reconvergence pessimism
            10.0000 ^ __uuf__._482_/CLK (sky130_fd_sc_hd__dfxtp_1)
  -0.0659    9.9341   library setup time
             9.9341   data required time
-------------------------------------------------------------
             9.9341   data required time
            -1.4335   data arrival time
-------------------------------------------------------------
             8.5006   slack (MET)


Startpoint: __uuf__._445_ (rising edge-triggered flip-flop clocked by clk)
Endpoint: __uuf__._477_ (rising edge-triggered flip-flop clocked by clk)
Path Group: clk
Path Type: max

    Delay      Time   Description
-------------------------------------------------------------
   0.0000    0.0000   clock clk (rise edge)
   0.0000    0.0000   clock network delay (ideal)
   0.0000    0.0000 ^ __uuf__._445_/CLK (sky130_fd_sc_hd__dfxtp_4)
   0.5202    0.5202 ^ __uuf__._445_/Q (sky130_fd_sc_hd__dfxtp_4)
   0.0026    0.5228 ^ load_slew44/A (sky130_fd_sc_hd__buf_12)
   0.2637    0.7865 ^ load_slew44/X (sky130_fd_sc_hd__buf_12)
   0.0083    0.7948 ^ __uuf__._423_/A (sky130_fd_sc_hd__nand2_1)
   0.1979    0.9928 v __uuf__._423_/Y (sky130_fd_sc_hd__nand2_1)
   0.0003    0.9931 v __uuf__._432_/A1 (sky130_fd_sc_hd__a211oi_1)
   0.2819    1.2750 ^ __uuf__._432_/Y (sky130_fd_sc_hd__a211oi_1)
   0.0001    1.2751 ^ _167_/A0 (sky130_fd_sc_hd__mux2_1)
   0.1640    1.4392 ^ _167_/X (sky130_fd_sc_hd__mux2_1)
   0.0001    1.4392 ^ __uuf__._477_/D (sky130_fd_sc_hd__dfxtp_1)
             1.4392   data arrival time

  10.0000   10.0000   clock clk (rise edge)
   0.0000   10.0000   clock network delay (ideal)
   0.0000   10.0000   clock reconvergence pessimism
            10.0000 ^ __uuf__._477_/CLK (sky130_fd_sc_hd__dfxtp_1)
  -0.0601    9.9399   library setup time
             9.9399   data required time
-------------------------------------------------------------
             9.9399   data required time
            -1.4392   data arrival time
-------------------------------------------------------------
             8.5007   slack (MET)


Startpoint: __uuf__._445_ (rising edge-triggered flip-flop clocked by clk)
Endpoint: __uuf__._491_ (rising edge-triggered flip-flop clocked by clk)
Path Group: clk
Path Type: max

    Delay      Time   Description
-------------------------------------------------------------
   0.0000    0.0000   clock clk (rise edge)
   0.0000    0.0000   clock network delay (ideal)
   0.0000    0.0000 ^ __uuf__._445_/CLK (sky130_fd_sc_hd__dfxtp_4)
   0.5202    0.5202 ^ __uuf__._445_/Q (sky130_fd_sc_hd__dfxtp_4)
   0.0026    0.5228 ^ load_slew44/A (sky130_fd_sc_hd__buf_12)
   0.2637    0.7865 ^ load_slew44/X (sky130_fd_sc_hd__buf_12)
   0.0091    0.7956 ^ __uuf__._297_/A (sky130_fd_sc_hd__nand2_1)
   0.1462    0.9417 v __uuf__._297_/Y (sky130_fd_sc_hd__nand2_1)
   0.0004    0.9421 v __uuf__._407_/A1 (sky130_fd_sc_hd__a211oi_1)
   0.2737    1.2158 ^ __uuf__._407_/Y (sky130_fd_sc_hd__a211oi_1)
   0.0002    1.2160 ^ _181_/A0 (sky130_fd_sc_hd__mux2_1)
   0.1803    1.3963 ^ _181_/X (sky130_fd_sc_hd__mux2_1)
   0.0001    1.3964 ^ __uuf__._491_/D (sky130_fd_sc_hd__dfxtp_1)
             1.3964   data arrival time

  10.0000   10.0000   clock clk (rise edge)
   0.0000   10.0000   clock network delay (ideal)
   0.0000   10.0000   clock reconvergence pessimism
            10.0000 ^ __uuf__._491_/CLK (sky130_fd_sc_hd__dfxtp_1)
  -0.0627    9.9373   library setup time
             9.9373   data required time
-------------------------------------------------------------
             9.9373   data required time
            -1.3964   data arrival time
-------------------------------------------------------------
             8.5409   slack (MET)


Startpoint: __uuf__._445_ (rising edge-triggered flip-flop clocked by clk)
Endpoint: __uuf__._484_ (rising edge-triggered flip-flop clocked by clk)
Path Group: clk
Path Type: max

    Delay      Time   Description
-------------------------------------------------------------
   0.0000    0.0000   clock clk (rise edge)
   0.0000    0.0000   clock network delay (ideal)
   0.0000    0.0000 ^ __uuf__._445_/CLK (sky130_fd_sc_hd__dfxtp_4)
   0.5202    0.5202 ^ __uuf__._445_/Q (sky130_fd_sc_hd__dfxtp_4)
   0.0026    0.5228 ^ load_slew44/A (sky130_fd_sc_hd__buf_12)
   0.2637    0.7865 ^ load_slew44/X (sky130_fd_sc_hd__buf_12)
   0.0126    0.7991 ^ __uuf__._339_/A (sky130_fd_sc_hd__nand2_1)
   0.1620    0.9610 v __uuf__._339_/Y (sky130_fd_sc_hd__nand2_1)
   0.0005    0.9616 v __uuf__._414_/A1 (sky130_fd_sc_hd__a211oi_1)
   0.2448    1.2063 ^ __uuf__._414_/Y (sky130_fd_sc_hd__a211oi_1)
   0.0001    1.2064 ^ _174_/A0 (sky130_fd_sc_hd__mux2_1)
   0.1854    1.3918 ^ _174_/X (sky130_fd_sc_hd__mux2_1)
   0.0002    1.3920 ^ __uuf__._484_/D (sky130_fd_sc_hd__dfxtp_1)
             1.3920   data arrival time

  10.0000   10.0000   clock clk (rise edge)
   0.0000   10.0000   clock network delay (ideal)
   0.0000   10.0000   clock reconvergence pessimism
            10.0000 ^ __uuf__._484_/CLK (sky130_fd_sc_hd__dfxtp_1)
  -0.0665    9.9335   library setup time
             9.9335   data required time
-------------------------------------------------------------
             9.9335   data required time
            -1.3920   data arrival time
-------------------------------------------------------------
             8.5415   slack (MET)


Startpoint: __uuf__._445_ (rising edge-triggered flip-flop clocked by clk)
Endpoint: __uuf__._508_ (rising edge-triggered flip-flop clocked by clk)
Path Group: clk
Path Type: max

    Delay      Time   Description
-------------------------------------------------------------
   0.0000    0.0000   clock clk (rise edge)
   0.0000    0.0000   clock network delay (ideal)
   0.0000    0.0000 ^ __uuf__._445_/CLK (sky130_fd_sc_hd__dfxtp_4)
   0.4247    0.4247 v __uuf__._445_/Q (sky130_fd_sc_hd__dfxtp_4)
   0.0025    0.4272 v load_slew44/A (sky130_fd_sc_hd__buf_12)
   0.2239    0.6511 v load_slew44/X (sky130_fd_sc_hd__buf_12)
   0.0111    0.6622 v __uuf__._419_/A (sky130_fd_sc_hd__and3_1)
   0.1938    0.8560 v __uuf__._419_/X (sky130_fd_sc_hd__and3_1)
   0.0001    0.8561 v __uuf__._429_/B_N (sky130_fd_sc_hd__nor2b_1)
   0.1428    0.9990 v __uuf__._429_/Y (sky130_fd_sc_hd__nor2b_1)
   0.0002    0.9991 v _198_/A0 (sky130_fd_sc_hd__mux2_1)
   0.3116    1.3107 v _198_/X (sky130_fd_sc_hd__mux2_1)
   0.0002    1.3109 v __uuf__._508_/D (sky130_fd_sc_hd__dfxtp_1)
             1.3109   data arrival time

  10.0000   10.0000   clock clk (rise edge)
   0.0000   10.0000   clock network delay (ideal)
   0.0000   10.0000   clock reconvergence pessimism
            10.0000 ^ __uuf__._508_/CLK (sky130_fd_sc_hd__dfxtp_1)
  -0.1319    9.8681   library setup time
             9.8681   data required time
-------------------------------------------------------------
             9.8681   data required time
            -1.3109   data arrival time
-------------------------------------------------------------
             8.5572   slack (MET)


Startpoint: __uuf__._445_ (rising edge-triggered flip-flop clocked by clk)
Endpoint: __uuf__._485_ (rising edge-triggered flip-flop clocked by clk)
Path Group: clk
Path Type: max

    Delay      Time   Description
-------------------------------------------------------------
   0.0000    0.0000   clock clk (rise edge)
   0.0000    0.0000   clock network delay (ideal)
   0.0000    0.0000 ^ __uuf__._445_/CLK (sky130_fd_sc_hd__dfxtp_4)
   0.5202    0.5202 ^ __uuf__._445_/Q (sky130_fd_sc_hd__dfxtp_4)
   0.0026    0.5228 ^ load_slew44/A (sky130_fd_sc_hd__buf_12)
   0.2637    0.7865 ^ load_slew44/X (sky130_fd_sc_hd__buf_12)
   0.0127    0.7992 ^ __uuf__._333_/A (sky130_fd_sc_hd__nand2_2)
   0.1374    0.9366 v __uuf__._333_/Y (sky130_fd_sc_hd__nand2_2)
   0.0009    0.9375 v __uuf__._413_/A1 (sky130_fd_sc_hd__a211oi_1)
   0.2639    1.2014 ^ __uuf__._413_/Y (sky130_fd_sc_hd__a211oi_1)
   0.0001    1.2015 ^ _175_/A0 (sky130_fd_sc_hd__mux2_1)
   0.1757    1.3773 ^ _175_/X (sky130_fd_sc_hd__mux2_1)
   0.0001    1.3774 ^ __uuf__._485_/D (sky130_fd_sc_hd__dfxtp_1)
             1.3774   data arrival time

  10.0000   10.0000   clock clk (rise edge)
   0.0000   10.0000   clock network delay (ideal)
   0.0000   10.0000   clock reconvergence pessimism
            10.0000 ^ __uuf__._485_/CLK (sky130_fd_sc_hd__dfxtp_1)
  -0.0621    9.9379   library setup time
             9.9379   data required time
-------------------------------------------------------------
             9.9379   data required time
            -1.3774   data arrival time
-------------------------------------------------------------
             8.5606   slack (MET)


Startpoint: __uuf__._445_ (rising edge-triggered flip-flop clocked by clk)
Endpoint: __uuf__._481_ (rising edge-triggered flip-flop clocked by clk)
Path Group: clk
Path Type: max

    Delay      Time   Description
-------------------------------------------------------------
   0.0000    0.0000   clock clk (rise edge)
   0.0000    0.0000   clock network delay (ideal)
   0.0000    0.0000 ^ __uuf__._445_/CLK (sky130_fd_sc_hd__dfxtp_4)
   0.5202    0.5202 ^ __uuf__._445_/Q (sky130_fd_sc_hd__dfxtp_4)
   0.0026    0.5228 ^ load_slew44/A (sky130_fd_sc_hd__buf_12)
   0.2637    0.7865 ^ load_slew44/X (sky130_fd_sc_hd__buf_12)
   0.0118    0.7983 ^ __uuf__._357_/A (sky130_fd_sc_hd__nand2_1)
   0.1747    0.9730 v __uuf__._357_/Y (sky130_fd_sc_hd__nand2_1)
   0.0006    0.9737 v __uuf__._417_/A1 (sky130_fd_sc_hd__a211oi_1)
   0.2413    1.2150 ^ __uuf__._417_/Y (sky130_fd_sc_hd__a211oi_1)
   0.0001    1.2151 ^ _171_/A0 (sky130_fd_sc_hd__mux2_1)
   0.1606    1.3757 ^ _171_/X (sky130_fd_sc_hd__mux2_1)
   0.0001    1.3758 ^ __uuf__._481_/D (sky130_fd_sc_hd__dfxtp_1)
             1.3758   data arrival time

  10.0000   10.0000   clock clk (rise edge)
   0.0000   10.0000   clock network delay (ideal)
   0.0000   10.0000   clock reconvergence pessimism
            10.0000 ^ __uuf__._481_/CLK (sky130_fd_sc_hd__dfxtp_1)
  -0.0608    9.9392   library setup time
             9.9392   data required time
-------------------------------------------------------------
             9.9392   data required time
            -1.3758   data arrival time
-------------------------------------------------------------
             8.5634   slack (MET)


