
 /----------------------------------------------------------------------------\
 |  yosys -- Yosys Open SYnthesis Suite                                       |
 |  Copyright (C) 2012 - 2026  Claire Xenia Wolf <claire@yosyshq.com>         |
 |  Distributed under an ISC-like license, type "license" to see terms        |
 \----------------------------------------------------------------------------/
 Yosys 0.67+ (git sha1 330b3eb19, Release, GNU /usr/bin/c++ 13.3.0) [github.com/vibeic/yosys at HEAD]

-- Executing script file `/home/reyerchu/campaign_v1566/spm/converge_1.5.66_gf180mcuD/reports/lec_equiv.ys' --

1. Executing Verilog-2005 frontend: /home/reyerchu/campaign_v1566/spm/converge_1.5.66_gf180mcuD/phase2/stage1/rtl/spm.v
Parsing SystemVerilog input from `/home/reyerchu/campaign_v1566/spm/converge_1.5.66_gf180mcuD/phase2/stage1/rtl/spm.v' to AST representation.
Generating RTLIL representation for module `\spm'.
Successfully finished Verilog frontend.

2. Executing PREP pass.

2.1. Executing HIERARCHY pass (managing design hierarchy).

2.1.1. Analyzing design hierarchy..
Top module:  \spm

2.1.2. Analyzing design hierarchy..
Top module:  \spm
Removed 0 unused modules.

2.2. Executing PROC pass (convert processes to netlists).

2.2.1. Executing PROC_CLEAN pass (remove empty switches from decision trees).
Cleaned up 0 empty switches.

2.2.2. Executing PROC_RMDEAD pass (remove dead branches from decision trees).
Marked 1 switch rules as full_case in process $proc$/home/reyerchu/campaign_v1566/spm/converge_1.5.66_gf180mcuD/phase2/stage1/rtl/spm.v:93$8 in module spm.
Removed a total of 0 dead cases.

2.2.3. Executing PROC_PRUNE pass (remove redundant assignments in processes).
Removed 4 redundant assignments.
Promoted 0 assignments to connections.

2.2.4. Executing PROC_INIT pass (extract init attributes).

2.2.5. Executing PROC_ARST pass (detect async resets in processes).

2.2.6. Executing PROC_ROM pass (convert switches to ROMs).
Converted 0 switches.
<suppressed ~1 debug messages>

2.2.7. Executing PROC_MUX pass (convert decision trees to multiplexers).
Creating decoders for process `\spm.$proc$/home/reyerchu/campaign_v1566/spm/converge_1.5.66_gf180mcuD/phase2/stage1/rtl/spm.v:93$8'.
     1/4: $0\p_reg[0:0]
     2/4: $0\c[31:0]
     3/4: $0\s[31:0]
     4/4: $0\y_rep[3:0]

2.2.8. Executing PROC_DLATCH pass (convert process syncs to latches).

2.2.9. Executing PROC_DFF pass (convert process syncs to FFs).
Creating register for signal `\spm.\c' using process `\spm.$proc$/home/reyerchu/campaign_v1566/spm/converge_1.5.66_gf180mcuD/phase2/stage1/rtl/spm.v:93$8'.
  created $dff cell `$procdff$53' with positive edge clock.
Creating register for signal `\spm.\y_rep' using process `\spm.$proc$/home/reyerchu/campaign_v1566/spm/converge_1.5.66_gf180mcuD/phase2/stage1/rtl/spm.v:93$8'.
  created $dff cell `$procdff$54' with positive edge clock.
Creating register for signal `\spm.\s' using process `\spm.$proc$/home/reyerchu/campaign_v1566/spm/converge_1.5.66_gf180mcuD/phase2/stage1/rtl/spm.v:93$8'.
  created $dff cell `$procdff$55' with positive edge clock.
Creating register for signal `\spm.\p_reg' using process `\spm.$proc$/home/reyerchu/campaign_v1566/spm/converge_1.5.66_gf180mcuD/phase2/stage1/rtl/spm.v:93$8'.
  created $dff cell `$procdff$56' with positive edge clock.

2.2.10. Executing PROC_MEMWR pass (convert process memory writes to cells).

2.2.11. Executing PROC_CLEAN pass (remove empty switches from decision trees).
Found and cleaned up 1 empty switch in `\spm.$proc$/home/reyerchu/campaign_v1566/spm/converge_1.5.66_gf180mcuD/phase2/stage1/rtl/spm.v:93$8'.
Removing empty process `spm.$proc$/home/reyerchu/campaign_v1566/spm/converge_1.5.66_gf180mcuD/phase2/stage1/rtl/spm.v:93$8'.
Cleaned up 1 empty switch.

2.2.12. Executing OPT_EXPR pass (perform const folding).
Optimizing module spm.

2.3. Executing FUTURE pass.

2.4. Executing OPT_EXPR pass (perform const folding).
Optimizing module spm.

2.5. Executing OPT_CLEAN pass (remove unused cells and wires).
Finding unused cells or wires in module \spm..
Removed 0 unused cells and 42 unused wires.
<suppressed ~1 debug messages>

2.6. Executing CHECK pass (checking for obvious problems).
Checking module spm...
Found and reported 0 problems.

2.7. Executing OPT pass (performing simple optimizations).

2.7.1. Executing OPT_EXPR pass (perform const folding).
Optimizing module spm.

2.7.2. Executing OPT_MERGE pass (detect identical cells).
Finding identical cells in module `\spm'.
Computing hashes of 47 cells of `\spm'.
Finding duplicate cells in `\spm'.
Removed a total of 0 cells.

2.7.3. Executing OPT_MUXTREE pass (detect dead branches in mux trees).
Running muxtree optimizer on module \spm..
  Creating internal representation of mux trees.
  Evaluating internal representation of mux trees.
  Analyzing evaluation results.
Removed 0 multiplexer ports.
<suppressed ~8 debug messages>

2.7.4. Executing OPT_REDUCE pass (consolidate $*mux and $reduce_* inputs).
  Optimizing cells in module \spm.
Performed a total of 0 changes.

2.7.5. Executing OPT_MERGE pass (detect identical cells).
Finding identical cells in module `\spm'.
Computing hashes of 47 cells of `\spm'.
Finding duplicate cells in `\spm'.
Removed a total of 0 cells.

2.7.6. Executing OPT_CLEAN pass (remove unused cells and wires).
Finding unused cells or wires in module \spm..

2.7.7. Executing OPT_EXPR pass (perform const folding).
Optimizing module spm.

2.7.8. Finished fast OPT passes. (There is nothing left to do.)

2.8. Executing WREDUCE pass (reducing word size of cells).
Removed top 1 bits (of 32) from mux cell spm.$procmux$48 ($mux).
Removed top 1 bits (of 32) from wire spm.$0\s[31:0].

2.9. Executing OPT_CLEAN pass (remove unused cells and wires).
Finding unused cells or wires in module \spm..
Removed 0 unused cells and 1 unused wires.
<suppressed ~1 debug messages>

2.10. Executing MEMORY_COLLECT pass (generating $mem cells).

2.11. Executing OPT pass (performing simple optimizations).

2.11.1. Executing OPT_EXPR pass (perform const folding).
Optimizing module spm.

2.11.2. Executing OPT_MERGE pass (detect identical cells).
Finding identical cells in module `\spm'.
Computing hashes of 47 cells of `\spm'.
Finding duplicate cells in `\spm'.
Removed a total of 0 cells.

2.11.3. Executing OPT_CLEAN pass (remove unused cells and wires).
Finding unused cells or wires in module \spm..

2.11.4. Finished fast OPT passes.

2.12. Executing SORT pass.

2.13. Printing statistics.

=== spm ===

        +----------Local Count, excluding submodules.
        | 
       21 wires
      429 wire bits
       12 public wires
      201 public wire bits
        5 ports
       36 port bits
       47 cells
       35   $and
        4   $dff
        4   $mux
        2   $or
        2   $xor

2.14. Executing CHECK pass (checking for obvious problems).
Checking module spm...
Found and reported 0 problems.

3. Executing MEMORY_MAP pass (converting memories to logic and flip-flops).

4. Executing FLATTEN pass (flatten design).

5. Executing ASYNC2SYNC pass.

6. Executing OPT_CLEAN pass (remove unused cells and wires).
Finding unused cells or wires in module \spm..

7. Executing SPLITNETS pass (splitting up multi-bit signals).

8. Executing Verilog-2005 frontend: /home/reyerchu/campaign_v1566/spm/converge_1.5.66_gf180mcuD/phase2/stage2/synth/post_dft_netlist.v
Parsing Verilog input from `/home/reyerchu/campaign_v1566/spm/converge_1.5.66_gf180mcuD/phase2/stage2/synth/post_dft_netlist.v' to AST representation.
Generating RTLIL representation for module `\spm'.
Successfully finished Verilog frontend.

9. Executing HIERARCHY pass (managing design hierarchy).

9.1. Analyzing design hierarchy..
Top module:  \spm

9.2. Analyzing design hierarchy..
Top module:  \spm
Removed 0 unused modules.

10. Executing MEMORY_MAP pass (converting memories to logic and flip-flops).

11. Executing FLATTEN pass (flatten design).

12. Executing ASYNC2SYNC pass.

13. Executing OPT_CLEAN pass (remove unused cells and wires).
Finding unused cells or wires in module \spm..

14. Executing SPLITNETS pass (splitting up multi-bit signals).

15. Executing EQUIV_MAKE pass (creating equiv checking module).
Presumably equivalent wires: x[31]_gold (\x[31]_gold), x[31]_gate (\x[31]_gate) -> x[31]
Presumably equivalent wires: x[30]_gold (\x[30]_gold), x[30]_gate (\x[30]_gate) -> x[30]
Presumably equivalent wires: x[29]_gold (\x[29]_gold), x[29]_gate (\x[29]_gate) -> x[29]
Presumably equivalent wires: x[28]_gold (\x[28]_gold), x[28]_gate (\x[28]_gate) -> x[28]
Presumably equivalent wires: x[27]_gold (\x[27]_gold), x[27]_gate (\x[27]_gate) -> x[27]
Presumably equivalent wires: x[26]_gold (\x[26]_gold), x[26]_gate (\x[26]_gate) -> x[26]
Presumably equivalent wires: x[25]_gold (\x[25]_gold), x[25]_gate (\x[25]_gate) -> x[25]
Presumably equivalent wires: x[24]_gold (\x[24]_gold), x[24]_gate (\x[24]_gate) -> x[24]
Presumably equivalent wires: x[23]_gold (\x[23]_gold), x[23]_gate (\x[23]_gate) -> x[23]
Presumably equivalent wires: x[22]_gold (\x[22]_gold), x[22]_gate (\x[22]_gate) -> x[22]
Presumably equivalent wires: x[21]_gold (\x[21]_gold), x[21]_gate (\x[21]_gate) -> x[21]
Presumably equivalent wires: x[20]_gold (\x[20]_gold), x[20]_gate (\x[20]_gate) -> x[20]
Presumably equivalent wires: x[19]_gold (\x[19]_gold), x[19]_gate (\x[19]_gate) -> x[19]
Presumably equivalent wires: x[18]_gold (\x[18]_gold), x[18]_gate (\x[18]_gate) -> x[18]
Presumably equivalent wires: x[17]_gold (\x[17]_gold), x[17]_gate (\x[17]_gate) -> x[17]
Presumably equivalent wires: x[16]_gold (\x[16]_gold), x[16]_gate (\x[16]_gate) -> x[16]
Presumably equivalent wires: x[15]_gold (\x[15]_gold), x[15]_gate (\x[15]_gate) -> x[15]
Presumably equivalent wires: x[14]_gold (\x[14]_gold), x[14]_gate (\x[14]_gate) -> x[14]
Presumably equivalent wires: x[13]_gold (\x[13]_gold), x[13]_gate (\x[13]_gate) -> x[13]
Presumably equivalent wires: x[12]_gold (\x[12]_gold), x[12]_gate (\x[12]_gate) -> x[12]
Presumably equivalent wires: x[11]_gold (\x[11]_gold), x[11]_gate (\x[11]_gate) -> x[11]
Presumably equivalent wires: x[10]_gold (\x[10]_gold), x[10]_gate (\x[10]_gate) -> x[10]
Presumably equivalent wires: x[9]_gold (\x[9]_gold), x[9]_gate (\x[9]_gate) -> x[9]
Presumably equivalent wires: x[8]_gold (\x[8]_gold), x[8]_gate (\x[8]_gate) -> x[8]
Presumably equivalent wires: x[7]_gold (\x[7]_gold), x[7]_gate (\x[7]_gate) -> x[7]
Presumably equivalent wires: x[6]_gold (\x[6]_gold), x[6]_gate (\x[6]_gate) -> x[6]
Presumably equivalent wires: x[5]_gold (\x[5]_gold), x[5]_gate (\x[5]_gate) -> x[5]
Presumably equivalent wires: x[4]_gold (\x[4]_gold), x[4]_gate (\x[4]_gate) -> x[4]
Presumably equivalent wires: x[3]_gold (\x[3]_gold), x[3]_gate (\x[3]_gate) -> x[3]
Presumably equivalent wires: x[2]_gold (\x[2]_gold), x[2]_gate (\x[2]_gate) -> x[2]
Presumably equivalent wires: x[1]_gold (\x[1]_gold), x[1]_gate (\x[1]_gate) -> x[1]
Presumably equivalent wires: x[0]_gold (\x[0]_gold), x[0]_gate (\x[0]_gate) -> x[0]
Presumably equivalent wires: clk_gold (\clk_gold), clk_gate (\clk_gate) -> clk
Presumably equivalent wires: p_gold (\p_reg_gold), p_gate (\p_gate) -> p
Presumably equivalent wires: rst_gold (\rst_gold), rst_gate (\rst_gate) -> rst
Presumably equivalent wires: y_gold (\y_gold), y_gate (\y_gate) -> y

16. Executing HIERARCHY pass (managing design hierarchy).

16.1. Analyzing design hierarchy..
Top module:  \equiv

16.2. Analyzing design hierarchy..
Top module:  \equiv
Removing unused module `\gate'.
Removing unused module `\gold'.
Removed 2 unused modules.

17. Executing EQUIV_SIMPLE pass.
Found 1 unproven $equiv cells (1 groups) in equiv:
  Trying to prove $equiv for \p:ezsat
ezsat
 failed.
Proved 0 previously unproven $equiv cells.

18. Executing EQUIV_INDUCT pass.
Found 1 unproven $equiv cells in module equiv:
  Proving existence of base case for step 1. (9694 clauses over 3873 variables)
  Proving induction step 1. (20722 clauses over 8145 variables)
  Proof for induction step failed. Extending to next time step.
  Proving existence of base case for step 2. (20723 clauses over 8145 variables)
  Proving induction step 2. (31751 clauses over 12417 variables)
  Proof for induction step failed. Extending to next time step.
  Proving existence of base case for step 3. (31752 clauses over 12417 variables)
  Proving induction step 3. (42780 clauses over 16689 variables)
  Proof for induction step failed. Extending to next time step.
  Proving existence of base case for step 4. (42781 clauses over 16689 variables)
  Proving induction step 4. (53809 clauses over 20961 variables)
  Proof for induction step failed. Trying to prove individual $equiv from workset.
  Trying to prove $equiv for \p: failed.
Proved 0 previously unproven $equiv cells.

19. Executing EQUIV_INDUCT pass.
Found 1 unproven $equiv cells in module equiv:
  Proving existence of base case for step 1. (9694 clauses over 3873 variables)
  Proving induction step 1. (20722 clauses over 8145 variables)
  Proof for induction step failed. Extending to next time step.
  Proving existence of base case for step 2. (20723 clauses over 8145 variables)
  Proving induction step 2. (31751 clauses over 12417 variables)
  Proof for induction step failed. Extending to next time step.
  Proving existence of base case for step 3. (31752 clauses over 12417 variables)
  Proving induction step 3. (42780 clauses over 16689 variables)
  Proof for induction step failed. Extending to next time step.
  Proving existence of base case for step 4. (42781 clauses over 16689 variables)
  Proving induction step 4. (53809 clauses over 20961 variables)
  Proof for induction step failed. Extending to next time step.
  Proving existence of base case for step 5. (53810 clauses over 20961 variables)
  Proving induction step 5. (64838 clauses over 25233 variables)
  Proof for induction step failed. Extending to next time step.
  Proving existence of base case for step 6. (64839 clauses over 25233 variables)
  Proving induction step 6. (75867 clauses over 29505 variables)
  Proof for induction step failed. Extending to next time step.
  Proving existence of base case for step 7. (75868 clauses over 29505 variables)
  Proving induction step 7. (86896 clauses over 33777 variables)
  Proof for induction step failed. Extending to next time step.
  Proving existence of base case for step 8. (86897 clauses over 33777 variables)
  Proving induction step 8. (97925 clauses over 38049 variables)
  Proof for induction step failed. Extending to next time step.
  Proving existence of base case for step 9. (97926 clauses over 38049 variables)
  Proving induction step 9. (108954 clauses over 42321 variables)
  Proof for induction step failed. Extending to next time step.
  Proving existence of base case for step 10. (108955 clauses over 42321 variables)
  Proving induction step 10. (119983 clauses over 46593 variables)
  Proof for induction step failed. Extending to next time step.
  Proving existence of base case for step 11. (119984 clauses over 46593 variables)
  Proving induction step 11. (131012 clauses over 50865 variables)
  Proof for induction step failed. Extending to next time step.
  Proving existence of base case for step 12. (131013 clauses over 50865 variables)
  Proving induction step 12. (142041 clauses over 55137 variables)
  Proof for induction step failed. Extending to next time step.
  Proving existence of base case for step 13. (142042 clauses over 55137 variables)
  Proving induction step 13. (153070 clauses over 59409 variables)
  Proof for induction step failed. Extending to next time step.
  Proving existence of base case for step 14. (153071 clauses over 59409 variables)
  Proving induction step 14. (164099 clauses over 63681 variables)
  Proof for induction step failed. Extending to next time step.
  Proving existence of base case for step 15. (164100 clauses over 63681 variables)
  Proving induction step 15. (175128 clauses over 67953 variables)
  Proof for induction step failed. Extending to next time step.
  Proving existence of base case for step 16. (175129 clauses over 67953 variables)
  Proving induction step 16. (186157 clauses over 72225 variables)
  Proof for induction step failed. Trying to prove individual $equiv from workset.
  Trying to prove $equiv for \p: failed.
Proved 0 previously unproven $equiv cells.

20. Executing EQUIV_INDUCT pass.
Found 1 unproven $equiv cells in module equiv:
  Proving existence of base case for step 1. (9694 clauses over 3873 variables)
  Proving induction step 1. (20722 clauses over 8145 variables)
  Proof for induction step failed. Extending to next time step.
  Proving existence of base case for step 2. (20723 clauses over 8145 variables)
  Proving induction step 2. (31751 clauses over 12417 variables)
  Proof for induction step failed. Extending to next time step.
  Proving existence of base case for step 3. (31752 clauses over 12417 variables)
  Proving induction step 3. (42780 clauses over 16689 variables)
  Proof for induction step failed. Extending to next time step.
  Proving existence of base case for step 4. (42781 clauses over 16689 variables)
  Proving induction step 4. (53809 clauses over 20961 variables)
  Proof for induction step failed. Extending to next time step.
  Proving existence of base case for step 5. (53810 clauses over 20961 variables)
  Proving induction step 5. (64838 clauses over 25233 variables)
  Proof for induction step failed. Extending to next time step.
  Proving existence of base case for step 6. (64839 clauses over 25233 variables)
  Proving induction step 6. (75867 clauses over 29505 variables)
  Proof for induction step failed. Extending to next time step.
  Proving existence of base case for step 7. (75868 clauses over 29505 variables)
  Proving induction step 7. (86896 clauses over 33777 variables)
  Proof for induction step failed. Extending to next time step.
  Proving existence of base case for step 8. (86897 clauses over 33777 variables)
  Proving induction step 8. (97925 clauses over 38049 variables)
  Proof for induction step failed. Extending to next time step.
  Proving existence of base case for step 9. (97926 clauses over 38049 variables)
  Proving induction step 9. (108954 clauses over 42321 variables)
  Proof for induction step failed. Extending to next time step.
  Proving existence of base case for step 10. (108955 clauses over 42321 variables)
  Proving induction step 10. (119983 clauses over 46593 variables)
  Proof for induction step failed. Extending to next time step.
  Proving existence of base case for step 11. (119984 clauses over 46593 variables)
  Proving induction step 11. (131012 clauses over 50865 variables)
  Proof for induction step failed. Extending to next time step.
  Proving existence of base case for step 12. (131013 clauses over 50865 variables)
  Proving induction step 12. (142041 clauses over 55137 variables)
  Proof for induction step failed. Extending to next time step.
  Proving existence of base case for step 13. (142042 clauses over 55137 variables)
  Proving induction step 13. (153070 clauses over 59409 variables)
  Proof for induction step failed. Extending to next time step.
  Proving existence of base case for step 14. (153071 clauses over 59409 variables)
  Proving induction step 14. (164099 clauses over 63681 variables)
  Proof for induction step failed. Extending to next time step.
  Proving existence of base case for step 15. (164100 clauses over 63681 variables)
  Proving induction step 15. (175128 clauses over 67953 variables)
  Proof for induction step failed. Extending to next time step.
  Proving existence of base case for step 16. (175129 clauses over 67953 variables)
  Proving induction step 16. (186157 clauses over 72225 variables)
  Proof for induction step failed. Extending to next time step.
  Proving existence of base case for step 17. (186158 clauses over 72225 variables)
  Proving induction step 17. (197186 clauses over 76497 variables)
  Proof for induction step failed. Extending to next time step.
  Proving existence of base case for step 18. (197187 clauses over 76497 variables)
  Proving induction step 18. (208215 clauses over 80769 variables)
  Proof for induction step failed. Extending to next time step.
  Proving existence of base case for step 19. (208216 clauses over 80769 variables)
  Proving induction step 19. (219244 clauses over 85041 variables)
  Proof for induction step failed. Extending to next time step.
  P
[lec_run] ERROR: yosys equiv exceeded its time budget after 7200s