OpenROAD 26Q3-155-g1bade74e72 
Features included (+) or not (-): +GPU +GUI +Python
This program is licensed under the BSD-3 license. See the LICENSE file for details.
Components of this program may be licensed under more restrictive licenses which must be honored.
[INFO ODB-0227] LEF file: /foss/pdks/ihp-sg13g2/libs.ref/sg13g2_stdcell/lef/sg13g2_tech.lef, created 19 layers, 70 vias
[INFO ODB-0227] LEF file: /foss/pdks/ihp-sg13g2/libs.ref/sg13g2_stdcell/lef/sg13g2_stdcell.lef, created 84 library cells
[INFO ODB-0127] Reading DEF file: /home/reyerchu/campaign_v1558/spm/converge_1.5.58_ihp-sg13g2/phase3/stage3/pnr/filled.def
[INFO ODB-0128] Design: spm
[INFO ODB-0130]     Created 36 pins.
[INFO ODB-0131]     Created 1826 components and 5024 component-terminals.
[INFO ODB-0132]     Created 2 special nets and 3652 connections.
[INFO ODB-0133]     Created 466 nets and 1331 connections.
[INFO ODB-0134] Finished DEF file: /home/reyerchu/campaign_v1558/spm/converge_1.5.58_ihp-sg13g2/phase3/stage3/pnr/filled.def
[WARNING STA-0441] set_input_delay relative to a clock defined on the same port/pin not allowed.
[ERROR EST-0015] layer NULL not found.
[ERROR EST-0015] layer NULL not found.
[ERROR EST-0015] layer NULL not found.
=== DYN_IR PSM VDD transient period=10.0ns ===
[INFO PSM-0040] All shapes on net VDD are connected.
[INFO PSM-0073] Using bump pattern with x-pitch 140.0000um, y-pitch 140.0000um, and size 70.0000um with an reduction factor of 3x.
########## IR report #################
Net              : VDD
Corner           : default
Total power      : 5.21e-04 W
Supply voltage   : 1.20e+00 V
Worstcase voltage: 1.20e+00 V
Average voltage  : 1.20e+00 V
Average IR drop  : 7.73e-04 V
Worstcase IR drop: 1.10e-03 V
Percentage drop  : 0.09 %
######################################
########## Dynamic (transient) IR report ##########
Net                    : VDD
Corner                 : default
Supply voltage         : 1.20e+00 V
Timestep               : 1.00e-10 s
Steps                  : 100
Capacitance model      : quasi-static (no on-die cap supplied)
Worst static IR drop   : 1.10e-03 V
Worst dynamic IR drop  : 2.21e-03 V
Dynamic/static ratio   : 2.00
Current model          : vectorless (simultaneous worst case)
Worst droop time       : 5.00e-09 s (step 50)
###################################################
