# Electrical Rule Check (ERC) — OpenROAD open-source path
# (ORGANIC-20260531 Step 31 sub-item). Tool: openroad.
# sky130 ships only a Calibre PERC deck; this is the open-source
# electrical-rule screen (floating nets + ERC metrics) on the
# routed DEF. Full PERC (latch-up / ESD topology) needs Calibre.
#
ERC floating nets: 0
ERC clean: YES

# === report_floating_nets / report_erc_metrics stdout ===
[INFO ODB-0127] Reading DEF file: /home/reyerchu/campaign_v1558/spm/converge_1.5.58_ihp-sg13g2/phase3/stage3/pnr/spm.def
[INFO ODB-0134] Finished DEF file: /home/reyerchu/campaign_v1558/spm/converge_1.5.58_ihp-sg13g2/phase3/stage3/pnr/spm.def
=== ERC: floating nets ===
[WARNING RSZ-0095] found 17 floating pins.
 spare_aoi_0/B1
 spare_aoi_0/A2
 spare_aoi_0/A1
 spare_dff_0/RESET_B
 spare_dff_0/D
 spare_dff_0/CLK
 spare_inverter_0/A
 spare_inverter_1/A
 spare_mux2_0/A0
 spare_mux2_0/A1
 spare_mux2_0/S
 spare_nand2_0/A
 spare_nand2_0/B
 spare_nand2_1/A
 spare_nand2_1/B
 spare_nor2_0/A
 spare_nor2_0/B
=== ERC metrics ===

# === full ERC log (last 2 KB) ===
OpenROAD 26Q3-155-g1bade74e72 
Features included (+) or not (-): +GPU +GUI +Python
This program is licensed under the BSD-3 license. See the LICENSE file for details.
Components of this program may be licensed under more restrictive licenses which must be honored.
[INFO ODB-0227] LEF file: /foss/pdks/ihp-sg13g2/libs.ref/sg13g2_stdcell/lef/sg13g2_tech.lef, created 19 layers, 70 vias
[INFO ODB-0227] LEF file: /foss/pdks/ihp-sg13g2/libs.ref/sg13g2_stdcell/lef/sg13g2_stdcell.lef, created 84 library cells
[INFO ODB-0127] Reading DEF file: /home/reyerchu/campaign_v1558/spm/converge_1.5.58_ihp-sg13g2/phase3/stage3/pnr/spm.def
[INFO ODB-0128] Design: spm
[INFO ODB-0130]     Created 36 pins.
[INFO ODB-0131]     Created 1826 components and 5024 component-terminals.
[INFO ODB-0132]     Created 2 special nets and 3652 connections.
[INFO ODB-0133]     Created 466 nets and 1331 connections.
[INFO ODB-0134] Finished DEF file: /home/reyerchu/campaign_v1558/spm/converge_1.5.58_ihp-sg13g2/phase3/stage3/pnr/spm.def
=== ERC: floating nets ===
[WARNING RSZ-0095] found 17 floating pins.
 spare_aoi_0/B1
 spare_aoi_0/A2
 spare_aoi_0/A1
 spare_dff_0/RESET_B
 spare_dff_0/D
 spare_dff_0/CLK
 spare_inverter_0/A
 spare_inverter_1/A
 spare_mux2_0/A0
 spare_mux2_0/A1
 spare_mux2_0/S
 spare_nand2_0/A
 spare_nand2_0/B
 spare_nand2_1/A
 spare_nand2_1/B
 spare_nor2_0/A
 spare_nor2_0/B
=== ERC metrics ===


# end of erc.rpt
