
Cell sg13g2_nor2_1 (0) disconnected node: A
Cell sg13g2_nor2_1 (0) disconnected node: B
Cell sg13g2_nor2_1 (0) disconnected node: Y
Cell sg13g2_nor2_1 (0) disconnected node: VDD
Cell sg13g2_nor2_1 (0) disconnected node: VSS
Warning: Equate pins:  cell sg13g2_nor2_1 is a placeholder, treated as a black box.

Subcircuit pins:
Circuit 1: sg13g2_nor2_1                   |Circuit 2: sg13g2_nor2_1                   
-------------------------------------------|-------------------------------------------
A                                          |A                                          
B                                          |B                                          
Y                                          |Y                                          
VDD                                        |VDD                                        
VSS                                        |VSS                                        
---------------------------------------------------------------------------------------
Cell pin lists are equivalent.
Device classes sg13g2_nor2_1 and sg13g2_nor2_1 are equivalent.

Cell sg13g2_xor2_1 (0) disconnected node: B
Cell sg13g2_xor2_1 (0) disconnected node: A
Cell sg13g2_xor2_1 (0) disconnected node: X
Cell sg13g2_xor2_1 (0) disconnected node: VDD
Cell sg13g2_xor2_1 (0) disconnected node: VSS
Warning: Equate pins:  cell sg13g2_xor2_1 is a placeholder, treated as a black box.

Subcircuit pins:
Circuit 1: sg13g2_xor2_1                   |Circuit 2: sg13g2_xor2_1                   
-------------------------------------------|-------------------------------------------
B                                          |B                                          
A                                          |A                                          
X                                          |X                                          
VDD                                        |VDD                                        
VSS                                        |VSS                                        
---------------------------------------------------------------------------------------
Cell pin lists are equivalent.
Device classes sg13g2_xor2_1 and sg13g2_xor2_1 are equivalent.

Cell sg13g2_nor3_1 (0) disconnected node: A
Cell sg13g2_nor3_1 (0) disconnected node: B
Cell sg13g2_nor3_1 (0) disconnected node: C
Cell sg13g2_nor3_1 (0) disconnected node: Y
Cell sg13g2_nor3_1 (0) disconnected node: VDD
Cell sg13g2_nor3_1 (0) disconnected node: VSS
Warning: Equate pins:  cell sg13g2_nor3_1 is a placeholder, treated as a black box.

Subcircuit pins:
Circuit 1: sg13g2_nor3_1                   |Circuit 2: sg13g2_nor3_1                   
-------------------------------------------|-------------------------------------------
A                                          |A                                          
B                                          |B                                          
C                                          |C                                          
Y                                          |Y                                          
VDD                                        |VDD                                        
VSS                                        |VSS                                        
---------------------------------------------------------------------------------------
Cell pin lists are equivalent.
Device classes sg13g2_nor3_1 and sg13g2_nor3_1 are equivalent.

Cell sg13g2_a22oi_1 (0) disconnected node: Y
Cell sg13g2_a22oi_1 (0) disconnected node: B1
Cell sg13g2_a22oi_1 (0) disconnected node: B2
Cell sg13g2_a22oi_1 (0) disconnected node: A2
Cell sg13g2_a22oi_1 (0) disconnected node: A1
Cell sg13g2_a22oi_1 (0) disconnected node: VDD
Cell sg13g2_a22oi_1 (0) disconnected node: VSS
Warning: Equate pins:  cell sg13g2_a22oi_1 is a placeholder, treated as a black box.

Subcircuit pins:
Circuit 1: sg13g2_a22oi_1                  |Circuit 2: sg13g2_a22oi_1                  
-------------------------------------------|-------------------------------------------
Y                                          |Y                                          
B1                                         |B1                                         
B2                                         |B2                                         
A2                                         |A2                                         
A1                                         |A1                                         
VDD                                        |VDD                                        
VSS                                        |VSS                                        
---------------------------------------------------------------------------------------
Cell pin lists are equivalent.
Device classes sg13g2_a22oi_1 and sg13g2_a22oi_1 are equivalent.

Cell sg13g2_buf_4 (0) disconnected node: X
Cell sg13g2_buf_4 (0) disconnected node: A
Cell sg13g2_buf_4 (0) disconnected node: VDD
Cell sg13g2_buf_4 (0) disconnected node: VSS
Warning: Equate pins:  cell sg13g2_buf_4 is a placeholder, treated as a black box.

Subcircuit pins:
Circuit 1: sg13g2_buf_4                    |Circuit 2: sg13g2_buf_4                    
-------------------------------------------|-------------------------------------------
X                                          |X                                          
A                                          |A                                          
VDD                                        |VDD                                        
VSS                                        |VSS                                        
---------------------------------------------------------------------------------------
Cell pin lists are equivalent.
Device classes sg13g2_buf_4 and sg13g2_buf_4 are equivalent.

Cell sg13g2_tiehi (0) disconnected node: VDD
Cell sg13g2_tiehi (0) disconnected node: VSS
Cell sg13g2_tiehi (0) disconnected node: L_HI
Warning: Equate pins:  cell sg13g2_tiehi is a placeholder, treated as a black box.

Subcircuit pins:
Circuit 1: sg13g2_tiehi                    |Circuit 2: sg13g2_tiehi                    
-------------------------------------------|-------------------------------------------
VDD                                        |VDD                                        
VSS                                        |VSS                                        
L_HI                                       |L_HI                                       
---------------------------------------------------------------------------------------
Cell pin lists are equivalent.
Device classes sg13g2_tiehi and sg13g2_tiehi are equivalent.

Cell sg13g2_nand2_1 (0) disconnected node: Y
Cell sg13g2_nand2_1 (0) disconnected node: A
Cell sg13g2_nand2_1 (0) disconnected node: B
Cell sg13g2_nand2_1 (0) disconnected node: VDD
Cell sg13g2_nand2_1 (0) disconnected node: VSS
Warning: Equate pins:  cell sg13g2_nand2_1 is a placeholder, treated as a black box.

Subcircuit pins:
Circuit 1: sg13g2_nand2_1                  |Circuit 2: sg13g2_nand2_1                  
-------------------------------------------|-------------------------------------------
Y                                          |Y                                          
A                                          |A                                          
B                                          |B                                          
VDD                                        |VDD                                        
VSS                                        |VSS                                        
---------------------------------------------------------------------------------------
Cell pin lists are equivalent.
Device classes sg13g2_nand2_1 and sg13g2_nand2_1 are equivalent.

Cell sg13g2_and3_1 (0) disconnected node: X
Cell sg13g2_and3_1 (0) disconnected node: A
Cell sg13g2_and3_1 (0) disconnected node: B
Cell sg13g2_and3_1 (0) disconnected node: C
Cell sg13g2_and3_1 (0) disconnected node: VDD
Cell sg13g2_and3_1 (0) disconnected node: VSS
Warning: Equate pins:  cell sg13g2_and3_1 is a placeholder, treated as a black box.

Subcircuit pins:
Circuit 1: sg13g2_and3_1                   |Circuit 2: sg13g2_and3_1                   
-------------------------------------------|-------------------------------------------
X                                          |X                                          
A                                          |A                                          
B                                          |B                                          
C                                          |C                                          
VDD                                        |VDD                                        
VSS                                        |VSS                                        
---------------------------------------------------------------------------------------
Cell pin lists are equivalent.
Device classes sg13g2_and3_1 and sg13g2_and3_1 are equivalent.

Cell sg13g2_xnor2_1 (0) disconnected node: Y
Cell sg13g2_xnor2_1 (0) disconnected node: A
Cell sg13g2_xnor2_1 (0) disconnected node: B
Cell sg13g2_xnor2_1 (0) disconnected node: VDD
Cell sg13g2_xnor2_1 (0) disconnected node: VSS
Warning: Equate pins:  cell sg13g2_xnor2_1 is a placeholder, treated as a black box.

Subcircuit pins:
Circuit 1: sg13g2_xnor2_1                  |Circuit 2: sg13g2_xnor2_1                  
-------------------------------------------|-------------------------------------------
Y                                          |Y                                          
A                                          |A                                          
B                                          |B                                          
VDD                                        |VDD                                        
VSS                                        |VSS                                        
---------------------------------------------------------------------------------------
Cell pin lists are equivalent.
Device classes sg13g2_xnor2_1 and sg13g2_xnor2_1 are equivalent.

Cell sg13g2_a21oi_1 (0) disconnected node: VSS
Cell sg13g2_a21oi_1 (0) disconnected node: VDD
Cell sg13g2_a21oi_1 (0) disconnected node: A1
Cell sg13g2_a21oi_1 (0) disconnected node: A2
Cell sg13g2_a21oi_1 (0) disconnected node: Y
Cell sg13g2_a21oi_1 (0) disconnected node: B1
Warning: Equate pins:  cell sg13g2_a21oi_1 is a placeholder, treated as a black box.

Subcircuit pins:
Circuit 1: sg13g2_a21oi_1                  |Circuit 2: sg13g2_a21oi_1                  
-------------------------------------------|-------------------------------------------
VSS                                        |VSS                                        
VDD                                        |VDD                                        
A1                                         |A1                                         
A2                                         |A2                                         
Y                                          |Y                                          
B1                                         |B1                                         
---------------------------------------------------------------------------------------
Cell pin lists are equivalent.
Device classes sg13g2_a21oi_1 and sg13g2_a21oi_1 are equivalent.

Cell sg13g2_dfrbpq_1 (0) disconnected node: RESET_B
Cell sg13g2_dfrbpq_1 (0) disconnected node: VSS
Cell sg13g2_dfrbpq_1 (0) disconnected node: VDD
Cell sg13g2_dfrbpq_1 (0) disconnected node: D
Cell sg13g2_dfrbpq_1 (0) disconnected node: Q
Cell sg13g2_dfrbpq_1 (0) disconnected node: CLK
Warning: Equate pins:  cell sg13g2_dfrbpq_1 is a placeholder, treated as a black box.

Subcircuit pins:
Circuit 1: sg13g2_dfrbpq_1                 |Circuit 2: sg13g2_dfrbpq_1                 
-------------------------------------------|-------------------------------------------
RESET_B                                    |RESET_B                                    
VSS                                        |VSS                                        
VDD                                        |VDD                                        
D                                          |D                                          
Q                                          |Q                                          
CLK                                        |CLK                                        
---------------------------------------------------------------------------------------
Cell pin lists are equivalent.
Device classes sg13g2_dfrbpq_1 and sg13g2_dfrbpq_1 are equivalent.

Cell sg13g2_inv_1 (0) disconnected node: VDD
Cell sg13g2_inv_1 (0) disconnected node: Y
Cell sg13g2_inv_1 (0) disconnected node: A
Cell sg13g2_inv_1 (0) disconnected node: VSS
Warning: Equate pins:  cell sg13g2_inv_1 is a placeholder, treated as a black box.

Subcircuit pins:
Circuit 1: sg13g2_inv_1                    |Circuit 2: sg13g2_inv_1                    
-------------------------------------------|-------------------------------------------
VDD                                        |VDD                                        
A                                          |A                                          
VSS                                        |VSS                                        
Y                                          |(no matching pin)                          
---------------------------------------------------------------------------------------
Cell pin lists are equivalent.
Device classes sg13g2_inv_1 and sg13g2_inv_1 are equivalent.

Cell sg13g2_buf_1 (0) disconnected node: A
Cell sg13g2_buf_1 (0) disconnected node: X
Cell sg13g2_buf_1 (0) disconnected node: VDD
Cell sg13g2_buf_1 (0) disconnected node: VSS
Warning: Equate pins:  cell sg13g2_buf_1 is a placeholder, treated as a black box.

Subcircuit pins:
Circuit 1: sg13g2_buf_1                    |Circuit 2: sg13g2_buf_1                    
-------------------------------------------|-------------------------------------------
A                                          |A                                          
X                                          |X                                          
VDD                                        |VDD                                        
VSS                                        |VSS                                        
---------------------------------------------------------------------------------------
Cell pin lists are equivalent.
Device classes sg13g2_buf_1 and sg13g2_buf_1 are equivalent.

Cell sg13g2_buf_16 (0) disconnected node: X
Cell sg13g2_buf_16 (0) disconnected node: A
Cell sg13g2_buf_16 (0) disconnected node: VDD
Cell sg13g2_buf_16 (0) disconnected node: VSS
Warning: Equate pins:  cell sg13g2_buf_16 is a placeholder, treated as a black box.

Subcircuit pins:
Circuit 1: sg13g2_buf_16                   |Circuit 2: sg13g2_buf_16                   
-------------------------------------------|-------------------------------------------
X                                          |X                                          
A                                          |A                                          
VDD                                        |VDD                                        
VSS                                        |VSS                                        
---------------------------------------------------------------------------------------
Cell pin lists are equivalent.
Device classes sg13g2_buf_16 and sg13g2_buf_16 are equivalent.

Cell sg13g2_nor2b_1 (0) disconnected node: A
Cell sg13g2_nor2b_1 (0) disconnected node: B_N
Cell sg13g2_nor2b_1 (0) disconnected node: Y
Cell sg13g2_nor2b_1 (0) disconnected node: VDD
Cell sg13g2_nor2b_1 (0) disconnected node: VSS
Warning: Equate pins:  cell sg13g2_nor2b_1 is a placeholder, treated as a black box.

Subcircuit pins:
Circuit 1: sg13g2_nor2b_1                  |Circuit 2: sg13g2_nor2b_1                  
-------------------------------------------|-------------------------------------------
A                                          |A                                          
B_N                                        |B_N                                        
Y                                          |Y                                          
VDD                                        |VDD                                        
VSS                                        |VSS                                        
---------------------------------------------------------------------------------------
Cell pin lists are equivalent.
Device classes sg13g2_nor2b_1 and sg13g2_nor2b_1 are equivalent.

Cell sg13g2_buf_8 (0) disconnected node: A
Cell sg13g2_buf_8 (0) disconnected node: X
Cell sg13g2_buf_8 (0) disconnected node: VDD
Cell sg13g2_buf_8 (0) disconnected node: VSS
Warning: Equate pins:  cell sg13g2_buf_8 is a placeholder, treated as a black box.

Subcircuit pins:
Circuit 1: sg13g2_buf_8                    |Circuit 2: sg13g2_buf_8                    
-------------------------------------------|-------------------------------------------
A                                          |A                                          
X                                          |X                                          
VDD                                        |VDD                                        
VSS                                        |VSS                                        
---------------------------------------------------------------------------------------
Cell pin lists are equivalent.
Device classes sg13g2_buf_8 and sg13g2_buf_8 are equivalent.

Subcircuit summary:
Circuit 1: spm                             |Circuit 2: spm                             
-------------------------------------------|-------------------------------------------
sg13g2_nor2_1 (38)                         |sg13g2_nor2_1 (38)                         
sg13g2_xor2_1 (24)                         |sg13g2_xor2_1 (24)                         
sg13g2_nor3_1 (56)                         |sg13g2_nor3_1 (56)                         
sg13g2_a22oi_1 (31)                        |sg13g2_a22oi_1 (31)                        
sg13g2_buf_4 (16)                          |sg13g2_buf_4 (16)                          
sg13g2_tiehi (65)                          |sg13g2_tiehi (65)                          
sg13g2_nand2_1 (7)                         |sg13g2_nand2_1 (7)                         
sg13g2_and3_1 (25)                         |sg13g2_and3_1 (25)                         
sg13g2_xnor2_1 (14)                        |sg13g2_xnor2_1 (14)                        
sg13g2_a21oi_1 (25)                        |sg13g2_a21oi_1 (25)                        
sg13g2_dfrbpq_1 (65)                       |sg13g2_dfrbpq_1 (65)                       
sg13g2_inv_1 (17)                          |sg13g2_inv_1 (17)                          
sg13g2_buf_1 (60)                          |sg13g2_buf_1 (60)                          
sg13g2_buf_16 (1)                          |sg13g2_buf_16 (1)                          
sg13g2_nor2b_1 (2)                         |sg13g2_nor2b_1 (2)                         
sg13g2_buf_8 (1)                           |sg13g2_buf_8 (1)                           
Number of devices: 447                     |Number of devices: 447                     
Number of nets: 469                        |Number of nets: 469                        
---------------------------------------------------------------------------------------
Resolving symmetries by property value.
Resolving symmetries by pin name.
Resolving symmetries by net name.
Netlists match with 2 symmetries.

Subcircuit pins:
Circuit 1: spm                             |Circuit 2: spm                             
-------------------------------------------|-------------------------------------------
p                                          |p                                          
clk                                        |clk                                        
x[0]                                       |x[0]                                       
rst                                        |rst                                        
x[27]                                      |x[27]                                      
x[26]                                      |x[26]                                      
x[25]                                      |x[25]                                      
x[31]                                      |x[31]                                      
x[29]                                      |x[29]                                      
x[28]                                      |x[28]                                      
x[30]                                      |x[30]                                      
x[18]                                      |x[18]                                      
x[19]                                      |x[19]                                      
x[20]                                      |x[20]                                      
x[14]                                      |x[14]                                      
x[17]                                      |x[17]                                      
x[1]                                       |x[1]                                       
x[24]                                      |x[24]                                      
x[23]                                      |x[23]                                      
x[11]                                      |x[11]                                      
x[10]                                      |x[10]                                      
x[15]                                      |x[15]                                      
x[2]                                       |x[2]                                       
x[4]                                       |x[4]                                       
x[3]                                       |x[3]                                       
x[5]                                       |x[5]                                       
x[7]                                       |x[7]                                       
x[16]                                      |x[16]                                      
x[13]                                      |x[13]                                      
x[6]                                       |x[6]                                       
x[12]                                      |x[12]                                      
x[9]                                       |x[9]                                       
x[8]                                       |x[8]                                       
x[22]                                      |x[22]                                      
x[21]                                      |x[21]                                      
y                                          |y                                          
VDD                                        |VDD                                        
VSS                                        |VSS                                        
---------------------------------------------------------------------------------------
Cell pin lists are equivalent.
Device classes spm and spm are equivalent.

Final result: Circuits match uniquely.
.
