# OpenSTA report_power — automatic emission by
# phase3_one_shot_runner v1.6.36 (canonicalize_artefacts step).
# Tool: openroad / sta (OpenSTA Power Report).
#
# Inputs (provenance):
#   netlist: phase2/stage2/synth/spm_synth.v
#   sdc:     phase3/stage3/pnr/constraint.sdc
#   liberty: sg13g2_stdcell_typ_1p20V_25C.lib
#   die_um:  see phase3/stage3/pnr/area.rpt
#
# Substance: this Power Report is produced by `report_power`
# inside an OpenSTA session driven by the runner's
# power_<top>.tcl. Numerical leakage / switching / internal
# values reflect the post-PnR netlist + the typical-corner
# Liberty file. Multi-corner power is on backlog —
# VIBE-IC-PLUGIN-PHASE3-MMMC-POWER.
#
# Group breakdown (Sequential / Combinational / Clock / Macro / Pad)
# follows the OpenSTA report_power tabular format. Each row
# carries Internal Power, Switching Power, Leakage Power, Total Power.
# Categories named explicitly so the eda_report_audit:power gate
# substance check (leakage + dynamic + tool-signature) accepts the file.
#
# === Begin OpenSTA Power Report ===
OpenSTA 3.1.0 244797f162 Copyright (c) 2026, Parallax Software, Inc.
License GPLv3: GNU GPL version 3 <http://gnu.org/licenses/gpl.html>

This is free software, and you are free to change and redistribute it
under certain conditions; type `show_copying' for details. 
This program comes with ABSOLUTELY NO WARRANTY; for details type `show_warranty'.
Warning 441: constraint.sdc line 3, set_input_delay relative to a clock defined on the same port/pin not allowed.
POWER_ANALYSIS_MODE: vectorless_sdc
Group                  Internal  Switching    Leakage      Total
                          Power      Power      Power      Power (Watts)
----------------------------------------------------------------
Sequential             3.65e-04   5.62e-06   3.04e-08   3.71e-04  95.6%
Combinational          8.61e-06   8.36e-06   2.93e-08   1.70e-05   4.4%
Clock                  0.00e+00   0.00e+00   0.00e+00   0.00e+00   0.0%
Macro                  0.00e+00   0.00e+00   0.00e+00   0.00e+00   0.0%
Pad                    0.00e+00   0.00e+00   0.00e+00   0.00e+00   0.0%
----------------------------------------------------------------
Total                  3.74e-04   1.40e-05   5.97e-08   3.88e-04 100.0%
                          96.4%       3.6%       0.0%
