=== SETUP corner: process=SS liberty=/foss/pdks/ihp-sg13g2/libs.ref/sg13g2_stdcell/lib/sg13g2_stdcell_slow_1p08V_125C.lib, SPEF=spm.spef ===
OCV_DERATE_APPLIED early=0.95 late=1.05 flat-OCV
worst slack max 6.14
tns max 0.00
Group                                  Slack
--------------------------------------------
No paths found.

max slew

Pin                                    Limit    Slew   Slack
------------------------------------------------------------
_310_/A                                 2.51    0.26    2.25 (MET)

max capacitance

Pin                                    Limit     Cap   Slack
------------------------------------------------------------
fanout81/X                              0.30    0.04    0.26 (MET)

                                     Required  Actual
Pin                                    Width   Width   Slack
------------------------------------------------------------
_562_/CLK (low)                         0.27    4.99    4.72 (MET)

SIGNOFF_CHECK_TYPES_REPORTED recovery removal max_slew min_pulse_width max_capacitance
=== HOLD corner: process=FF liberty=/foss/pdks/ihp-sg13g2/libs.ref/sg13g2_stdcell/lib/sg13g2_stdcell_fast_1p32V_m40C.lib, SPEF=spm.spef ===
OCV_DERATE_APPLIED early=0.95 late=1.05 flat-OCV
worst slack min 0.17
tns max 0.00
Group                                  Slack
--------------------------------------------
No paths found.

max slew

Pin                                    Limit    Slew   Slack
------------------------------------------------------------
_310_/A                                 2.51    0.12    2.38 (MET)

max capacitance

Pin                                    Limit     Cap   Slack
------------------------------------------------------------
fanout88/X                              0.30    0.05    0.25 (MET)

                                     Required  Actual
Pin                                    Width   Width   Slack
------------------------------------------------------------
_553_/CLK (low)                         0.10    4.99    4.89 (MET)

SIGNOFF_CHECK_TYPES_REPORTED recovery removal max_slew min_pulse_width max_capacitance
