=========== N=8 ===========
ok   [x=0,y=0] N=8 x=00 y=00 p=00
ok   [x=0,y=-1] N=8 x=00 y=ff p=00
ok   [x=-1,y=0] N=8 x=ff y=00 p=00
ok   [x=MAXP,y=-1] N=8 x=7f y=ff p=81
ok   [x=MINN,y=-1] N=8 x=80 y=ff p=80
ok   [x=MAXP,y=MAXP] N=8 x=7f y=7f p=01
ok   [x=MINN,y=MINN] N=8 x=80 y=80 p=00
ok   [x=-1,y=-1] N=8 x=ff y=ff p=01
ok   [x=1,y=-1] N=8 x=01 y=ff p=ff
ok   [x=-1,y=1] N=8 x=ff y=01 p=ff
ok   [enc-id] N=8 signed/unsigned bit-pattern identical p=f1
ok   [rst-during] p held 0 under sustained rst
ok   [b2b-1] N=8 x=34 y=f0 p=c0
ok   [b2b-2] N=8 x=cd y=33 p=d7
ok   [mid-rst] N=8 recovery correct p=82
RESULT: PASS  (N=8 all directed/corner/reset/encoding checks match golden)
tb_func.v:156: $finish called at 1610000 (1ps)
=========== N=16 ===========
ok   [x=0,y=0] N=16 x=0000 y=0000 p=0000
ok   [x=0,y=-1] N=16 x=0000 y=ffff p=0000
ok   [x=-1,y=0] N=16 x=ffff y=0000 p=0000
ok   [x=MAXP,y=-1] N=16 x=7fff y=ffff p=8001
ok   [x=MINN,y=-1] N=16 x=8000 y=ffff p=8000
ok   [x=MAXP,y=MAXP] N=16 x=7fff y=7fff p=0001
ok   [x=MINN,y=MINN] N=16 x=8000 y=8000 p=0000
ok   [x=-1,y=-1] N=16 x=ffff y=ffff p=0001
ok   [x=1,y=-1] N=16 x=0001 y=ffff p=ffff
ok   [x=-1,y=1] N=16 x=ffff y=0001 p=ffff
ok   [enc-id] N=16 signed/unsigned bit-pattern identical p=fff1
ok   [rst-during] p held 0 under sustained rst
ok   [b2b-1] N=16 x=1234 y=00f0 p=10c0
ok   [b2b-2] N=16 x=abcd y=0033 p=39d7
ok   [mid-rst] N=16 recovery correct p=8f82
RESULT: PASS  (N=16 all directed/corner/reset/encoding checks match golden)
tb_func.v:156: $finish called at 2850000 (1ps)
=========== N=32 ===========
ok   [x=0,y=0] N=32 x=00000000 y=00000000 p=00000000
ok   [x=0,y=-1] N=32 x=00000000 y=ffffffff p=00000000
ok   [x=-1,y=0] N=32 x=ffffffff y=00000000 p=00000000
ok   [x=MAXP,y=-1] N=32 x=7fffffff y=ffffffff p=80000001
ok   [x=MINN,y=-1] N=32 x=80000000 y=ffffffff p=80000000
ok   [x=MAXP,y=MAXP] N=32 x=7fffffff y=7fffffff p=00000001
ok   [x=MINN,y=MINN] N=32 x=80000000 y=80000000 p=00000000
ok   [x=-1,y=-1] N=32 x=ffffffff y=ffffffff p=00000001
ok   [x=1,y=-1] N=32 x=00000001 y=ffffffff p=ffffffff
ok   [x=-1,y=1] N=32 x=ffffffff y=00000001 p=ffffffff
ok   [enc-id] N=32 signed/unsigned bit-pattern identical p=fffffff1
ok   [rst-during] p held 0 under sustained rst
ok   [b2b-1] N=32 x=00001234 y=000000f0 p=001110c0
ok   [b2b-2] N=32 x=0000abcd y=00000033 p=002239d7
ok   [mid-rst] N=32 recovery correct p=5cd58f82
RESULT: PASS  (N=32 all directed/corner/reset/encoding checks match golden)
tb_func.v:156: $finish called at 5330000 (1ps)
