Startpoint: _464_ (rising edge-triggered flip-flop clocked by clk)
Endpoint: _446_ (rising edge-triggered flip-flop clocked by clk)
Path Group: clk
Path Type: max
Corner: ss

  Delay    Time   Description
---------------------------------------------------------
   0.00    0.00   clock clk (rise edge)
   1.07    1.07   clock network delay (propagated)
   0.00    1.07 ^ _464_/CLK (gf180mcu_fd_sc_mcu7t5v0__dffq_2)
   3.27    4.35 ^ _464_/Q (gf180mcu_fd_sc_mcu7t5v0__dffq_2)
   1.11    5.46 ^ place6/Z (gf180mcu_fd_sc_mcu7t5v0__buf_2)
   0.94    6.40 ^ _406_/Z (gf180mcu_fd_sc_mcu7t5v0__and3_1)
   0.32    6.72 v _407_/ZN (gf180mcu_fd_sc_mcu7t5v0__nor3_1)
   0.00    6.72 v _446_/D (gf180mcu_fd_sc_mcu7t5v0__dffq_1)
           6.72   data arrival time

  10.00   10.00   clock clk (rise edge)
   1.06   11.06   clock network delay (propagated)
   0.00   11.06   clock reconvergence pessimism
          11.06 ^ _446_/CLK (gf180mcu_fd_sc_mcu7t5v0__dffq_1)
  -0.52   10.53   library setup time
          10.53   data required time
---------------------------------------------------------
          10.53   data required time
          -6.72   data arrival time
---------------------------------------------------------
           3.81   slack (MET)


