
 /----------------------------------------------------------------------------\
 |  yosys -- Yosys Open SYnthesis Suite                                       |
 |  Copyright (C) 2012 - 2026  Claire Xenia Wolf <claire@yosyshq.com>         |
 |  Distributed under an ISC-like license, type "license" to see terms        |
 \----------------------------------------------------------------------------/
 Yosys 0.68+ (git sha1 41a01aece, Release, GNU /usr/bin/c++ 13.3.0) [github.com/vibeic/yosys at HEAD]

-- Executing script file `/work/phase2/stage2/dft/pdf/_pdf_batch.ys' --

1. Executing Verilog-2005 frontend: /work/phase2/stage2/dft/tdf/flat_core.v
Parsing Verilog input from `/work/phase2/stage2/dft/tdf/flat_core.v' to AST representation.
Generating RTLIL representation for module `\chip_top'.
Successfully finished Verilog frontend.

2. Executing Verilog-2005 frontend: /work/phase2/stage2/dft/pdf/pdf_miters.v
Parsing Verilog input from `/work/phase2/stage2/dft/pdf/pdf_miters.v' to AST representation.
Generating RTLIL representation for module `\pdf_0_nr'.
Generating RTLIL representation for module `\pdf_0_r'.
Generating RTLIL representation for module `\pdf_1_nr'.
Generating RTLIL representation for module `\pdf_1_r'.
Generating RTLIL representation for module `\pdf_2_nr'.
Generating RTLIL representation for module `\pdf_2_r'.
Generating RTLIL representation for module `\pdf_3_nr'.
Generating RTLIL representation for module `\pdf_3_r'.
Generating RTLIL representation for module `\pdf_4_nr'.
Generating RTLIL representation for module `\pdf_4_r'.
Generating RTLIL representation for module `\pdf_5_nr'.
Generating RTLIL representation for module `\pdf_5_r'.
Generating RTLIL representation for module `\pdf_6_nr'.
Generating RTLIL representation for module `\pdf_6_r'.
Generating RTLIL representation for module `\pdf_7_nr'.
Generating RTLIL representation for module `\pdf_7_r'.
Generating RTLIL representation for module `\pdf_8_nr'.
Generating RTLIL representation for module `\pdf_8_r'.
Generating RTLIL representation for module `\pdf_9_nr'.
Generating RTLIL representation for module `\pdf_9_r'.
Generating RTLIL representation for module `\pdf_10_nr'.
Generating RTLIL representation for module `\pdf_10_r'.
Generating RTLIL representation for module `\pdf_11_nr'.
Generating RTLIL representation for module `\pdf_11_r'.
Generating RTLIL representation for module `\pdf_12_nr'.
Generating RTLIL representation for module `\pdf_12_r'.
Generating RTLIL representation for module `\pdf_13_nr'.
Generating RTLIL representation for module `\pdf_13_r'.
Generating RTLIL representation for module `\pdf_14_nr'.
Generating RTLIL representation for module `\pdf_14_r'.
Generating RTLIL representation for module `\pdf_15_nr'.
Generating RTLIL representation for module `\pdf_15_r'.
Successfully finished Verilog frontend.

3. Executing HIERARCHY pass (managing design hierarchy).

3.1. Analyzing design hierarchy..
Top module:  \pdf_0_nr
Used module:     \chip_top

3.2. Analyzing design hierarchy..
Top module:  \pdf_0_nr
Used module:     \chip_top
Removing unused module `\pdf_15_r'.
Removing unused module `\pdf_15_nr'.
Removing unused module `\pdf_14_r'.
Removing unused module `\pdf_14_nr'.
Removing unused module `\pdf_13_r'.
Removing unused module `\pdf_13_nr'.
Removing unused module `\pdf_12_r'.
Removing unused module `\pdf_12_nr'.
Removing unused module `\pdf_11_r'.
Removing unused module `\pdf_11_nr'.
Removing unused module `\pdf_10_r'.
Removing unused module `\pdf_10_nr'.
Removing unused module `\pdf_9_r'.
Removing unused module `\pdf_9_nr'.
Removing unused module `\pdf_8_r'.
Removing unused module `\pdf_8_nr'.
Removing unused module `\pdf_7_r'.
Removing unused module `\pdf_7_nr'.
Removing unused module `\pdf_6_r'.
Removing unused module `\pdf_6_nr'.
Removing unused module `\pdf_5_r'.
Removing unused module `\pdf_5_nr'.
Removing unused module `\pdf_4_r'.
Removing unused module `\pdf_4_nr'.
Removing unused module `\pdf_3_r'.
Removing unused module `\pdf_3_nr'.
Removing unused module `\pdf_2_r'.
Removing unused module `\pdf_2_nr'.
Removing unused module `\pdf_1_r'.
Removing unused module `\pdf_1_nr'.
Removing unused module `\pdf_0_r'.
Removed 31 unused modules.

4. Executing FLATTEN pass (flatten design).
Deleting now unused module chip_top.
<suppressed ~2 debug messages>
VIBEICPDF 0 nr

5. Executing SAT pass (solving SAT problems in the circuit).
Using SAT solver `kissat`.

Setting up SAT problem:
Final constraint equation: { } = { }
Imported 1720 cells to SAT database.
Import proof-constraint: \ok = 1'0
Final proof equation: \ok = 1'0
Import show expression: \clk
Import show expression: \rst
Import show expression: \x
Import show expression: \y

Solving problem with 7977 variables and 20199 clauses..
SAT proof finished - model found: FAIL!

   ______                   ___       ___       _ _            _ _ 
  (_____ \                 / __)     / __)     (_) |          | | |
   _____) )___ ___   ___ _| |__    _| |__ _____ _| | _____  __| | |
  |  ____/ ___) _ \ / _ (_   __)  (_   __|____ | | || ___ |/ _  |_|
  | |   | |  | |_| | |_| || |       | |  / ___ | | || ____( (_| |_ 
  |_|   |_|   \___/ \___/ |_|       |_|  \_____|_|\_)_____)\____|_|


  Signal Name             Dec       Hex                                 Bin
  --------------- ----------- --------- -----------------------------------
  \clk                      1         1                                   1
  \rst                      0         0                                   0
  \x               2147483647  7fffffff    01111111111111111111111111111111
  \y                        1         1                                   1

6. Executing HIERARCHY pass (managing design hierarchy).

6.1. Analyzing design hierarchy..
Top module:  \pdf_0_r
Used module:     \chip_top

6.2. Analyzing design hierarchy..
Top module:  \pdf_0_r
Used module:     \chip_top
Removing unused module `\pdf_15_r'.
Removing unused module `\pdf_15_nr'.
Removing unused module `\pdf_14_r'.
Removing unused module `\pdf_14_nr'.
Removing unused module `\pdf_13_r'.
Removing unused module `\pdf_13_nr'.
Removing unused module `\pdf_12_r'.
Removing unused module `\pdf_12_nr'.
Removing unused module `\pdf_11_r'.
Removing unused module `\pdf_11_nr'.
Removing unused module `\pdf_10_r'.
Removing unused module `\pdf_10_nr'.
Removing unused module `\pdf_9_r'.
Removing unused module `\pdf_9_nr'.
Removing unused module `\pdf_8_r'.
Removing unused module `\pdf_8_nr'.
Removing unused module `\pdf_7_r'.
Removing unused module `\pdf_7_nr'.
Removing unused module `\pdf_6_r'.
Removing unused module `\pdf_6_nr'.
Removing unused module `\pdf_5_r'.
Removing unused module `\pdf_5_nr'.
Removing unused module `\pdf_4_r'.
Removing unused module `\pdf_4_nr'.
Removing unused module `\pdf_3_r'.
Removing unused module `\pdf_3_nr'.
Removing unused module `\pdf_2_r'.
Removing unused module `\pdf_2_nr'.
Removing unused module `\pdf_1_r'.
Removing unused module `\pdf_1_nr'.
Removing unused module `\pdf_0_nr'.
Removed 31 unused modules.

7. Executing FLATTEN pass (flatten design).
Deleting now unused module chip_top.
<suppressed ~2 debug messages>
VIBEICPDF 0 r

8. Executing SAT pass (solving SAT problems in the circuit).
Using SAT solver `kissat`.

Setting up SAT problem:
Final constraint equation: { } = { }
Imported 1720 cells to SAT database.
Import proof-constraint: \ok = 1'0
Final proof equation: \ok = 1'0
Import show expression: \clk
Import show expression: \rst
Import show expression: \x
Import show expression: \y

Solving problem with 7884 variables and 19920 clauses..
SAT proof finished - model found: FAIL!

   ______                   ___       ___       _ _            _ _ 
  (_____ \                 / __)     / __)     (_) |          | | |
   _____) )___ ___   ___ _| |__    _| |__ _____ _| | _____  __| | |
  |  ____/ ___) _ \ / _ (_   __)  (_   __|____ | | || ___ |/ _  |_|
  | |   | |  | |_| | |_| || |       | |  / ___ | | || ____( (_| |_ 
  |_|   |_|   \___/ \___/ |_|       |_|  \_____|_|\_)_____)\____|_|


  Signal Name             Dec       Hex                                 Bin
  --------------- ----------- --------- -----------------------------------
  \clk                      1         1                                   1
  \rst                      0         0                                   0
  \x               2147483647  7fffffff    01111111111111111111111111111111
  \y                        1         1                                   1

9. Executing HIERARCHY pass (managing design hierarchy).

9.1. Analyzing design hierarchy..
Top module:  \pdf_1_nr
Used module:     \chip_top

9.2. Analyzing design hierarchy..
Top module:  \pdf_1_nr
Used module:     \chip_top
Removing unused module `\pdf_15_r'.
Removing unused module `\pdf_15_nr'.
Removing unused module `\pdf_14_r'.
Removing unused module `\pdf_14_nr'.
Removing unused module `\pdf_13_r'.
Removing unused module `\pdf_13_nr'.
Removing unused module `\pdf_12_r'.
Removing unused module `\pdf_12_nr'.
Removing unused module `\pdf_11_r'.
Removing unused module `\pdf_11_nr'.
Removing unused module `\pdf_10_r'.
Removing unused module `\pdf_10_nr'.
Removing unused module `\pdf_9_r'.
Removing unused module `\pdf_9_nr'.
Removing unused module `\pdf_8_r'.
Removing unused module `\pdf_8_nr'.
Removing unused module `\pdf_7_r'.
Removing unused module `\pdf_7_nr'.
Removing unused module `\pdf_6_r'.
Removing unused module `\pdf_6_nr'.
Removing unused module `\pdf_5_r'.
Removing unused module `\pdf_5_nr'.
Removing unused module `\pdf_4_r'.
Removing unused module `\pdf_4_nr'.
Removing unused module `\pdf_3_r'.
Removing unused module `\pdf_3_nr'.
Removing unused module `\pdf_2_r'.
Removing unused module `\pdf_2_nr'.
Removing unused module `\pdf_1_r'.
Removing unused module `\pdf_0_r'.
Removing unused module `\pdf_0_nr'.
Removed 31 unused modules.

10. Executing FLATTEN pass (flatten design).
Deleting now unused module chip_top.
<suppressed ~2 debug messages>
VIBEICPDF 1 nr

11. Executing SAT pass (solving SAT problems in the circuit).
Using SAT solver `kissat`.

Setting up SAT problem:
Final constraint equation: { } = { }
Imported 1720 cells to SAT database.
Import proof-constraint: \ok = 1'0
Final proof equation: \ok = 1'0
Import show expression: \clk
Import show expression: \rst
Import show expression: \x
Import show expression: \y

Solving problem with 7977 variables and 20199 clauses..
SAT proof finished - model found: FAIL!

   ______                   ___       ___       _ _            _ _ 
  (_____ \                 / __)     / __)     (_) |          | | |
   _____) )___ ___   ___ _| |__    _| |__ _____ _| | _____  __| | |
  |  ____/ ___) _ \ / _ (_   __)  (_   __|____ | | || ___ |/ _  |_|
  | |   | |  | |_| | |_| || |       | |  / ___ | | || ____( (_| |_ 
  |_|   |_|   \___/ \___/ |_|       |_|  \_____|_|\_)_____)\____|_|


  Signal Name             Dec       Hex                                 Bin
  --------------- ----------- --------- -----------------------------------
  \clk                      1         1                                   1
  \rst                      0         0                                   0
  \x               2147483647  7fffffff    01111111111111111111111111111111
  \y                        1         1                                   1

12. Executing HIERARCHY pass (managing design hierarchy).

12.1. Analyzing design hierarchy..
Top module:  \pdf_1_r
Used module:     \chip_top

12.2. Analyzing design hierarchy..
Top module:  \pdf_1_r
Used module:     \chip_top
Removing unused module `\pdf_15_r'.
Removing unused module `\pdf_15_nr'.
Removing unused module `\pdf_14_r'.
Removing unused module `\pdf_14_nr'.
Removing unused module `\pdf_13_r'.
Removing unused module `\pdf_13_nr'.
Removing unused module `\pdf_12_r'.
Removing unused module `\pdf_12_nr'.
Removing unused module `\pdf_11_r'.
Removing unused module `\pdf_11_nr'.
Removing unused module `\pdf_10_r'.
Removing unused module `\pdf_10_nr'.
Removing unused module `\pdf_9_r'.
Removing unused module `\pdf_9_nr'.
Removing unused module `\pdf_8_r'.
Removing unused module `\pdf_8_nr'.
Removing unused module `\pdf_7_r'.
Removing unused module `\pdf_7_nr'.
Removing unused module `\pdf_6_r'.
Removing unused module `\pdf_6_nr'.
Removing unused module `\pdf_5_r'.
Removing unused module `\pdf_5_nr'.
Removing unused module `\pdf_4_r'.
Removing unused module `\pdf_4_nr'.
Removing unused module `\pdf_3_r'.
Removing unused module `\pdf_3_nr'.
Removing unused module `\pdf_2_r'.
Removing unused module `\pdf_2_nr'.
Removing unused module `\pdf_1_nr'.
Removing unused module `\pdf_0_r'.
Removing unused module `\pdf_0_nr'.
Removed 31 unused modules.

13. Executing FLATTEN pass (flatten design).
Deleting now unused module chip_top.
<suppressed ~2 debug messages>
VIBEICPDF 1 r

14. Executing SAT pass (solving SAT problems in the circuit).
Using SAT solver `kissat`.

Setting up SAT problem:
Final constraint equation: { } = { }
Imported 1720 cells to SAT database.
Import proof-constraint: \ok = 1'0
Final proof equation: \ok = 1'0
Import show expression: \clk
Import show expression: \rst
Import show expression: \x
Import show expression: \y

Solving problem with 7884 variables and 19920 clauses..
SAT proof finished - model found: FAIL!

   ______                   ___       ___       _ _            _ _ 
  (_____ \                 / __)     / __)     (_) |          | | |
   _____) )___ ___   ___ _| |__    _| |__ _____ _| | _____  __| | |
  |  ____/ ___) _ \ / _ (_   __)  (_   __|____ | | || ___ |/ _  |_|
  | |   | |  | |_| | |_| || |       | |  / ___ | | || ____( (_| |_ 
  |_|   |_|   \___/ \___/ |_|       |_|  \_____|_|\_)_____)\____|_|


  Signal Name             Dec       Hex                                 Bin
  --------------- ----------- --------- -----------------------------------
  \clk                      1         1                                   1
  \rst                      0         0                                   0
  \x               2147483647  7fffffff    01111111111111111111111111111111
  \y                        1         1                                   1

15. Executing HIERARCHY pass (managing design hierarchy).

15.1. Analyzing design hierarchy..
Top module:  \pdf_2_nr
Used module:     \chip_top

15.2. Analyzing design hierarchy..
Top module:  \pdf_2_nr
Used module:     \chip_top
Removing unused module `\pdf_15_r'.
Removing unused module `\pdf_15_nr'.
Removing unused module `\pdf_14_r'.
Removing unused module `\pdf_14_nr'.
Removing unused module `\pdf_13_r'.
Removing unused module `\pdf_13_nr'.
Removing unused module `\pdf_12_r'.
Removing unused module `\pdf_12_nr'.
Removing unused module `\pdf_11_r'.
Removing unused module `\pdf_11_nr'.
Removing unused module `\pdf_10_r'.
Removing unused module `\pdf_10_nr'.
Removing unused module `\pdf_9_r'.
Removing unused module `\pdf_9_nr'.
Removing unused module `\pdf_8_r'.
Removing unused module `\pdf_8_nr'.
Removing unused module `\pdf_7_r'.
Removing unused module `\pdf_7_nr'.
Removing unused module `\pdf_6_r'.
Removing unused module `\pdf_6_nr'.
Removing unused module `\pdf_5_r'.
Removing unused module `\pdf_5_nr'.
Removing unused module `\pdf_4_r'.
Removing unused module `\pdf_4_nr'.
Removing unused module `\pdf_3_r'.
Removing unused module `\pdf_3_nr'.
Removing unused module `\pdf_2_r'.
Removing unused module `\pdf_1_r'.
Removing unused module `\pdf_1_nr'.
Removing unused module `\pdf_0_r'.
Removing unused module `\pdf_0_nr'.
Removed 31 unused modules.

16. Executing FLATTEN pass (flatten design).
Deleting now unused module chip_top.
<suppressed ~2 debug messages>
VIBEICPDF 2 nr

17. Executing SAT pass (solving SAT problems in the circuit).
Using SAT solver `kissat`.

Setting up SAT problem:
Final constraint equation: { } = { }
Imported 1720 cells to SAT database.
Import proof-constraint: \ok = 1'0
Final proof equation: \ok = 1'0
Import show expression: \clk
Import show expression: \rst
Import show expression: \x
Import show expression: \y

Solving problem with 7977 variables and 20199 clauses..
SAT proof finished - model found: FAIL!

   ______                   ___       ___       _ _            _ _ 
  (_____ \                 / __)     / __)     (_) |          | | |
   _____) )___ ___   ___ _| |__    _| |__ _____ _| | _____  __| | |
  |  ____/ ___) _ \ / _ (_   __)  (_   __|____ | | || ___ |/ _  |_|
  | |   | |  | |_| | |_| || |       | |  / ___ | | || ____( (_| |_ 
  |_|   |_|   \___/ \___/ |_|       |_|  \_____|_|\_)_____)\____|_|


  Signal Name             Dec       Hex                                 Bin
  --------------- ----------- --------- -----------------------------------
  \clk                      1         1                                   1
  \rst                      0         0                                   0
  \x               2147483647  7fffffff    01111111111111111111111111111111
  \y                        1         1                                   1

18. Executing HIERARCHY pass (managing design hierarchy).

18.1. Analyzing design hierarchy..
Top module:  \pdf_2_r
Used module:     \chip_top

18.2. Analyzing design hierarchy..
Top module:  \pdf_2_r
Used module:     \chip_top
Removing unused module `\pdf_15_r'.
Removing unused module `\pdf_15_nr'.
Removing unused module `\pdf_14_r'.
Removing unused module `\pdf_14_nr'.
Removing unused module `\pdf_13_r'.
Removing unused module `\pdf_13_nr'.
Removing unused module `\pdf_12_r'.
Removing unused module `\pdf_12_nr'.
Removing unused module `\pdf_11_r'.
Removing unused module `\pdf_11_nr'.
Removing unused module `\pdf_10_r'.
Removing unused module `\pdf_10_nr'.
Removing unused module `\pdf_9_r'.
Removing unused module `\pdf_9_nr'.
Removing unused module `\pdf_8_r'.
Removing unused module `\pdf_8_nr'.
Removing unused module `\pdf_7_r'.
Removing unused module `\pdf_7_nr'.
Removing unused module `\pdf_6_r'.
Removing unused module `\pdf_6_nr'.
Removing unused module `\pdf_5_r'.
Removing unused module `\pdf_5_nr'.
Removing unused module `\pdf_4_r'.
Removing unused module `\pdf_4_nr'.
Removing unused module `\pdf_3_r'.
Removing unused module `\pdf_3_nr'.
Removing unused module `\pdf_2_nr'.
Removing unused module `\pdf_1_r'.
Removing unused module `\pdf_1_nr'.
Removing unused module `\pdf_0_r'.
Removing unused module `\pdf_0_nr'.
Removed 31 unused modules.

19. Executing FLATTEN pass (flatten design).
Deleting now unused module chip_top.
<suppressed ~2 debug messages>
VIBEICPDF 2 r

20. Executing SAT pass (solving SAT problems in the circuit).
Using SAT solver `kissat`.

Setting up SAT problem:
Final constraint equation: { } = { }
Imported 1720 cells to SAT database.
Import proof-constraint: \ok = 1'0
Final proof equation: \ok = 1'0
Import show expression: \clk
Import show expression: \rst
Import show expression: \x
Import show expression: \y

Solving problem with 7884 variables and 19920 clauses..
SAT proof finished - model found: FAIL!

   ______                   ___       ___       _ _            _ _ 
  (_____ \                 / __)     / __)     (_) |          | | |
   _____) )___ ___   ___ _| |__    _| |__ _____ _| | _____  __| | |
  |  ____/ ___) _ \ / _ (_   __)  (_   __|____ | | || ___ |/ _  |_|
  | |   | |  | |_| | |_| || |       | |  / ___ | | || ____( (_| |_ 
  |_|   |_|   \___/ \___/ |_|       |_|  \_____|_|\_)_____)\____|_|


  Signal Name             Dec       Hex                                 Bin
  --------------- ----------- --------- -----------------------------------
  \clk                      1         1                                   1
  \rst                      0         0                                   0
  \x               2147483647  7fffffff    01111111111111111111111111111111
  \y                        1         1                                   1

21. Executing HIERARCHY pass (managing design hierarchy).

21.1. Analyzing design hierarchy..
Top module:  \pdf_3_nr
Used module:     \chip_top

21.2. Analyzing design hierarchy..
Top module:  \pdf_3_nr
Used module:     \chip_top
Removing unused module `\pdf_15_r'.
Removing unused module `\pdf_15_nr'.
Removing unused module `\pdf_14_r'.
Removing unused module `\pdf_14_nr'.
Removing unused module `\pdf_13_r'.
Removing unused module `\pdf_13_nr'.
Removing unused module `\pdf_12_r'.
Removing unused module `\pdf_12_nr'.
Removing unused module `\pdf_11_r'.
Removing unused module `\pdf_11_nr'.
Removing unused module `\pdf_10_r'.
Removing unused module `\pdf_10_nr'.
Removing unused module `\pdf_9_r'.
Removing unused module `\pdf_9_nr'.
Removing unused module `\pdf_8_r'.
Removing unused module `\pdf_8_nr'.
Removing unused module `\pdf_7_r'.
Removing unused module `\pdf_7_nr'.
Removing unused module `\pdf_6_r'.
Removing unused module `\pdf_6_nr'.
Removing unused module `\pdf_5_r'.
Removing unused module `\pdf_5_nr'.
Removing unused module `\pdf_4_r'.
Removing unused module `\pdf_4_nr'.
Removing unused module `\pdf_3_r'.
Removing unused module `\pdf_2_r'.
Removing unused module `\pdf_2_nr'.
Removing unused module `\pdf_1_r'.
Removing unused module `\pdf_1_nr'.
Removing unused module `\pdf_0_r'.
Removing unused module `\pdf_0_nr'.
Removed 31 unused modules.

22. Executing FLATTEN pass (flatten design).
Deleting now unused module chip_top.
<suppressed ~2 debug messages>
VIBEICPDF 3 nr

23. Executing SAT pass (solving SAT problems in the circuit).
Using SAT solver `kissat`.

Setting up SAT problem:
Final constraint equation: { } = { }
Imported 1720 cells to SAT database.
Import proof-constraint: \ok = 1'0
Final proof equation: \ok = 1'0
Import show expression: \clk
Import show expression: \rst
Import show expression: \x
Import show expression: \y

Solving problem with 7977 variables and 20199 clauses..
SAT proof finished - model found: FAIL!

   ______                   ___       ___       _ _            _ _ 
  (_____ \                 / __)     / __)     (_) |          | | |
   _____) )___ ___   ___ _| |__    _| |__ _____ _| | _____  __| | |
  |  ____/ ___) _ \ / _ (_   __)  (_   __|____ | | || ___ |/ _  |_|
  | |   | |  | |_| | |_| || |       | |  / ___ | | || ____( (_| |_ 
  |_|   |_|   \___/ \___/ |_|       |_|  \_____|_|\_)_____)\____|_|


  Signal Name             Dec       Hex                                 Bin
  --------------- ----------- --------- -----------------------------------
  \clk                      1         1                                   1
  \rst                      0         0                                   0
  \x               2147483647  7fffffff    01111111111111111111111111111111
  \y                        1         1                                   1

24. Executing HIERARCHY pass (managing design hierarchy).

24.1. Analyzing design hierarchy..
Top module:  \pdf_3_r
Used module:     \chip_top

24.2. Analyzing design hierarchy..
Top module:  \pdf_3_r
Used module:     \chip_top
Removing unused module `\pdf_15_r'.
Removing unused module `\pdf_15_nr'.
Removing unused module `\pdf_14_r'.
Removing unused module `\pdf_14_nr'.
Removing unused module `\pdf_13_r'.
Removing unused module `\pdf_13_nr'.
Removing unused module `\pdf_12_r'.
Removing unused module `\pdf_12_nr'.
Removing unused module `\pdf_11_r'.
Removing unused module `\pdf_11_nr'.
Removing unused module `\pdf_10_r'.
Removing unused module `\pdf_10_nr'.
Removing unused module `\pdf_9_r'.
Removing unused module `\pdf_9_nr'.
Removing unused module `\pdf_8_r'.
Removing unused module `\pdf_8_nr'.
Removing unused module `\pdf_7_r'.
Removing unused module `\pdf_7_nr'.
Removing unused module `\pdf_6_r'.
Removing unused module `\pdf_6_nr'.
Removing unused module `\pdf_5_r'.
Removing unused module `\pdf_5_nr'.
Removing unused module `\pdf_4_r'.
Removing unused module `\pdf_4_nr'.
Removing unused module `\pdf_3_nr'.
Removing unused module `\pdf_2_r'.
Removing unused module `\pdf_2_nr'.
Removing unused module `\pdf_1_r'.
Removing unused module `\pdf_1_nr'.
Removing unused module `\pdf_0_r'.
Removing unused module `\pdf_0_nr'.
Removed 31 unused modules.

25. Executing FLATTEN pass (flatten design).
Deleting now unused module chip_top.
<suppressed ~2 debug messages>
VIBEICPDF 3 r

26. Executing SAT pass (solving SAT problems in the circuit).
Using SAT solver `kissat`.

Setting up SAT problem:
Final constraint equation: { } = { }
Imported 1720 cells to SAT database.
Import proof-constraint: \ok = 1'0
Final proof equation: \ok = 1'0
Import show expression: \clk
Import show expression: \rst
Import show expression: \x
Import show expression: \y

Solving problem with 7884 variables and 19920 clauses..
SAT proof finished - model found: FAIL!

   ______                   ___       ___       _ _            _ _ 
  (_____ \                 / __)     / __)     (_) |          | | |
   _____) )___ ___   ___ _| |__    _| |__ _____ _| | _____  __| | |
  |  ____/ ___) _ \ / _ (_   __)  (_   __|____ | | || ___ |/ _  |_|
  | |   | |  | |_| | |_| || |       | |  / ___ | | || ____( (_| |_ 
  |_|   |_|   \___/ \___/ |_|       |_|  \_____|_|\_)_____)\____|_|


  Signal Name             Dec       Hex                                 Bin
  --------------- ----------- --------- -----------------------------------
  \clk                      1         1                                   1
  \rst                      0         0                                   0
  \x               2147483647  7fffffff    01111111111111111111111111111111
  \y                        1         1                                   1

27. Executing HIERARCHY pass (managing design hierarchy).

27.1. Analyzing design hierarchy..
Top module:  \pdf_4_nr
Used module:     \chip_top

27.2. Analyzing design hierarchy..
Top module:  \pdf_4_nr
Used module:     \chip_top
Removing unused module `\pdf_15_r'.
Removing unused module `\pdf_15_nr'.
Removing unused module `\pdf_14_r'.
Removing unused module `\pdf_14_nr'.
Removing unused module `\pdf_13_r'.
Removing unused module `\pdf_13_nr'.
Removing unused module `\pdf_12_r'.
Removing unused module `\pdf_12_nr'.
Removing unused module `\pdf_11_r'.
Removing unused module `\pdf_11_nr'.
Removing unused module `\pdf_10_r'.
Removing unused module `\pdf_10_nr'.
Removing unused module `\pdf_9_r'.
Removing unused module `\pdf_9_nr'.
Removing unused module `\pdf_8_r'.
Removing unused module `\pdf_8_nr'.
Removing unused module `\pdf_7_r'.
Removing unused module `\pdf_7_nr'.
Removing unused module `\pdf_6_r'.
Removing unused module `\pdf_6_nr'.
Removing unused module `\pdf_5_r'.
Removing unused module `\pdf_5_nr'.
Removing unused module `\pdf_4_r'.
Removing unused module `\pdf_3_r'.
Removing unused module `\pdf_3_nr'.
Removing unused module `\pdf_2_r'.
Removing unused module `\pdf_2_nr'.
Removing unused module `\pdf_1_r'.
Removing unused module `\pdf_1_nr'.
Removing unused module `\pdf_0_r'.
Removing unused module `\pdf_0_nr'.
Removed 31 unused modules.

28. Executing FLATTEN pass (flatten design).
Deleting now unused module chip_top.
<suppressed ~2 debug messages>
VIBEICPDF 4 nr

29. Executing SAT pass (solving SAT problems in the circuit).
Using SAT solver `kissat`.

Setting up SAT problem:
Final constraint equation: { } = { }
Imported 1720 cells to SAT database.
Import proof-constraint: \ok = 1'0
Final proof equation: \ok = 1'0
Import show expression: \clk
Import show expression: \rst
Import show expression: \x
Import show expression: \y

Solving problem with 7977 variables and 20199 clauses..
SAT proof finished - model found: FAIL!

   ______                   ___       ___       _ _            _ _ 
  (_____ \                 / __)     / __)     (_) |          | | |
   _____) )___ ___   ___ _| |__    _| |__ _____ _| | _____  __| | |
  |  ____/ ___) _ \ / _ (_   __)  (_   __|____ | | || ___ |/ _  |_|
  | |   | |  | |_| | |_| || |       | |  / ___ | | || ____( (_| |_ 
  |_|   |_|   \___/ \___/ |_|       |_|  \_____|_|\_)_____)\____|_|


  Signal Name             Dec       Hex                                 Bin
  --------------- ----------- --------- -----------------------------------
  \clk                      1         1                                   1
  \rst                      0         0                                   0
  \x               2147483647  7fffffff    01111111111111111111111111111111
  \y                        1         1                                   1

30. Executing HIERARCHY pass (managing design hierarchy).

30.1. Analyzing design hierarchy..
Top module:  \pdf_4_r
Used module:     \chip_top

30.2. Analyzing design hierarchy..
Top module:  \pdf_4_r
Used module:     \chip_top
Removing unused module `\pdf_15_r'.
Removing unused module `\pdf_15_nr'.
Removing unused module `\pdf_14_r'.
Removing unused module `\pdf_14_nr'.
Removing unused module `\pdf_13_r'.
Removing unused module `\pdf_13_nr'.
Removing unused module `\pdf_12_r'.
Removing unused module `\pdf_12_nr'.
Removing unused module `\pdf_11_r'.
Removing unused module `\pdf_11_nr'.
Removing unused module `\pdf_10_r'.
Removing unused module `\pdf_10_nr'.
Removing unused module `\pdf_9_r'.
Removing unused module `\pdf_9_nr'.
Removing unused module `\pdf_8_r'.
Removing unused module `\pdf_8_nr'.
Removing unused module `\pdf_7_r'.
Removing unused module `\pdf_7_nr'.
Removing unused module `\pdf_6_r'.
Removing unused module `\pdf_6_nr'.
Removing unused module `\pdf_5_r'.
Removing unused module `\pdf_5_nr'.
Removing unused module `\pdf_4_nr'.
Removing unused module `\pdf_3_r'.
Removing unused module `\pdf_3_nr'.
Removing unused module `\pdf_2_r'.
Removing unused module `\pdf_2_nr'.
Removing unused module `\pdf_1_r'.
Removing unused module `\pdf_1_nr'.
Removing unused module `\pdf_0_r'.
Removing unused module `\pdf_0_nr'.
Removed 31 unused modules.

31. Executing FLATTEN pass (flatten design).
Deleting now unused module chip_top.
<suppressed ~2 debug messages>
VIBEICPDF 4 r

32. Executing SAT pass (solving SAT problems in the circuit).
Using SAT solver `kissat`.

Setting up SAT problem:
Final constraint equation: { } = { }
Imported 1720 cells to SAT database.
Import proof-constraint: \ok = 1'0
Final proof equation: \ok = 1'0
Import show expression: \clk
Import show expression: \rst
Import show expression: \x
Import show expression: \y

Solving problem with 7884 variables and 19920 clauses..
SAT proof finished - model found: FAIL!

   ______                   ___       ___       _ _            _ _ 
  (_____ \                 / __)     / __)     (_) |          | | |
   _____) )___ ___   ___ _| |__    _| |__ _____ _| | _____  __| | |
  |  ____/ ___) _ \ / _ (_   __)  (_   __|____ | | || ___ |/ _  |_|
  | |   | |  | |_| | |_| || |       | |  / ___ | | || ____( (_| |_ 
  |_|   |_|   \___/ \___/ |_|       |_|  \_____|_|\_)_____)\____|_|


  Signal Name             Dec       Hex                                 Bin
  --------------- ----------- --------- -----------------------------------
  \clk                      1         1                                   1
  \rst                      0         0                                   0
  \x               2147483647  7fffffff    01111111111111111111111111111111
  \y                        1         1                                   1

33. Executing HIERARCHY pass (managing design hierarchy).

33.1. Analyzing design hierarchy..
Top module:  \pdf_5_nr
Used module:     \chip_top

33.2. Analyzing design hierarchy..
Top module:  \pdf_5_nr
Used module:     \chip_top
Removing unused module `\pdf_15_r'.
Removing unused module `\pdf_15_nr'.
Removing unused module `\pdf_14_r'.
Removing unused module `\pdf_14_nr'.
Removing unused module `\pdf_13_r'.
Removing unused module `\pdf_13_nr'.
Removing unused module `\pdf_12_r'.
Removing unused module `\pdf_12_nr'.
Removing unused module `\pdf_11_r'.
Removing unused module `\pdf_11_nr'.
Removing unused module `\pdf_10_r'.
Removing unused module `\pdf_10_nr'.
Removing unused module `\pdf_9_r'.
Removing unused module `\pdf_9_nr'.
Removing unused module `\pdf_8_r'.
Removing unused module `\pdf_8_nr'.
Removing unused module `\pdf_7_r'.
Removing unused module `\pdf_7_nr'.
Removing unused module `\pdf_6_r'.
Removing unused module `\pdf_6_nr'.
Removing unused module `\pdf_5_r'.
Removing unused module `\pdf_4_r'.
Removing unused module `\pdf_4_nr'.
Removing unused module `\pdf_3_r'.
Removing unused module `\pdf_3_nr'.
Removing unused module `\pdf_2_r'.
Removing unused module `\pdf_2_nr'.
Removing unused module `\pdf_1_r'.
Removing unused module `\pdf_1_nr'.
Removing unused module `\pdf_0_r'.
Removing unused module `\pdf_0_nr'.
Removed 31 unused modules.

34. Executing FLATTEN pass (flatten design).
Deleting now unused module chip_top.
<suppressed ~2 debug messages>
VIBEICPDF 5 nr

35. Executing SAT pass (solving SAT problems in the circuit).
Using SAT solver `kissat`.

Setting up SAT problem:
Final constraint equation: { } = { }
Imported 1720 cells to SAT database.
Import proof-constraint: \ok = 1'0
Final proof equation: \ok = 1'0
Import show expression: \clk
Import show expression: \rst
Import show expression: \x
Import show expression: \y

Solving problem with 7977 variables and 20199 clauses..
SAT proof finished - model found: FAIL!

   ______                   ___       ___       _ _            _ _ 
  (_____ \                 / __)     / __)     (_) |          | | |
   _____) )___ ___   ___ _| |__    _| |__ _____ _| | _____  __| | |
  |  ____/ ___) _ \ / _ (_   __)  (_   __|____ | | || ___ |/ _  |_|
  | |   | |  | |_| | |_| || |       | |  / ___ | | || ____( (_| |_ 
  |_|   |_|   \___/ \___/ |_|       |_|  \_____|_|\_)_____)\____|_|


  Signal Name             Dec       Hex                                 Bin
  --------------- ----------- --------- -----------------------------------
  \clk                      1         1                                   1
  \rst                      0         0                                   0
  \x               2147483647  7fffffff    01111111111111111111111111111111
  \y                        1         1                                   1

36. Executing HIERARCHY pass (managing design hierarchy).

36.1. Analyzing design hierarchy..
Top module:  \pdf_5_r
Used module:     \chip_top

36.2. Analyzing design hierarchy..
Top module:  \pdf_5_r
Used module:     \chip_top
Removing unused module `\pdf_15_r'.
Removing unused module `\pdf_15_nr'.
Removing unused module `\pdf_14_r'.
Removing unused module `\pdf_14_nr'.
Removing unused module `\pdf_13_r'.
Removing unused module `\pdf_13_nr'.
Removing unused module `\pdf_12_r'.
Removing unused module `\pdf_12_nr'.
Removing unused module `\pdf_11_r'.
Removing unused module `\pdf_11_nr'.
Removing unused module `\pdf_10_r'.
Removing unused module `\pdf_10_nr'.
Removing unused module `\pdf_9_r'.
Removing unused module `\pdf_9_nr'.
Removing unused module `\pdf_8_r'.
Removing unused module `\pdf_8_nr'.
Removing unused module `\pdf_7_r'.
Removing unused module `\pdf_7_nr'.
Removing unused module `\pdf_6_r'.
Removing unused module `\pdf_6_nr'.
Removing unused module `\pdf_5_nr'.
Removing unused module `\pdf_4_r'.
Removing unused module `\pdf_4_nr'.
Removing unused module `\pdf_3_r'.
Removing unused module `\pdf_3_nr'.
Removing unused module `\pdf_2_r'.
Removing unused module `\pdf_2_nr'.
Removing unused module `\pdf_1_r'.
Removing unused module `\pdf_1_nr'.
Removing unused module `\pdf_0_r'.
Removing unused module `\pdf_0_nr'.
Removed 31 unused modules.

37. Executing FLATTEN pass (flatten design).
Deleting now unused module chip_top.
<suppressed ~2 debug messages>
VIBEICPDF 5 r

38. Executing SAT pass (solving SAT problems in the circuit).
Using SAT solver `kissat`.

Setting up SAT problem:
Final constraint equation: { } = { }
Imported 1720 cells to SAT database.
Import proof-constraint: \ok = 1'0
Final proof equation: \ok = 1'0
Import show expression: \clk
Import show expression: \rst
Import show expression: \x
Import show expression: \y

Solving problem with 7884 variables and 19920 clauses..
SAT proof finished - model found: FAIL!

   ______                   ___       ___       _ _            _ _ 
  (_____ \                 / __)     / __)     (_) |          | | |
   _____) )___ ___   ___ _| |__    _| |__ _____ _| | _____  __| | |
  |  ____/ ___) _ \ / _ (_   __)  (_   __|____ | | || ___ |/ _  |_|
  | |   | |  | |_| | |_| || |       | |  / ___ | | || ____( (_| |_ 
  |_|   |_|   \___/ \___/ |_|       |_|  \_____|_|\_)_____)\____|_|


  Signal Name             Dec       Hex                                 Bin
  --------------- ----------- --------- -----------------------------------
  \clk                      1         1                                   1
  \rst                      0         0                                   0
  \x               2147483647  7fffffff    01111111111111111111111111111111
  \y                        1         1                                   1

39. Executing HIERARCHY pass (managing design hierarchy).

39.1. Analyzing design hierarchy..
Top module:  \pdf_6_nr
Used module:     \chip_top

39.2. Analyzing design hierarchy..
Top module:  \pdf_6_nr
Used module:     \chip_top
Removing unused module `\pdf_15_r'.
Removing unused module `\pdf_15_nr'.
Removing unused module `\pdf_14_r'.
Removing unused module `\pdf_14_nr'.
Removing unused module `\pdf_13_r'.
Removing unused module `\pdf_13_nr'.
Removing unused module `\pdf_12_r'.
Removing unused module `\pdf_12_nr'.
Removing unused module `\pdf_11_r'.
Removing unused module `\pdf_11_nr'.
Removing unused module `\pdf_10_r'.
Removing unused module `\pdf_10_nr'.
Removing unused module `\pdf_9_r'.
Removing unused module `\pdf_9_nr'.
Removing unused module `\pdf_8_r'.
Removing unused module `\pdf_8_nr'.
Removing unused module `\pdf_7_r'.
Removing unused module `\pdf_7_nr'.
Removing unused module `\pdf_6_r'.
Removing unused module `\pdf_5_r'.
Removing unused module `\pdf_5_nr'.
Removing unused module `\pdf_4_r'.
Removing unused module `\pdf_4_nr'.
Removing unused module `\pdf_3_r'.
Removing unused module `\pdf_3_nr'.
Removing unused module `\pdf_2_r'.
Removing unused module `\pdf_2_nr'.
Removing unused module `\pdf_1_r'.
Removing unused module `\pdf_1_nr'.
Removing unused module `\pdf_0_r'.
Removing unused module `\pdf_0_nr'.
Removed 31 unused modules.

40. Executing FLATTEN pass (flatten design).
Deleting now unused module chip_top.
<suppressed ~2 debug messages>
VIBEICPDF 6 nr

41. Executing SAT pass (solving SAT problems in the circuit).
Using SAT solver `kissat`.

Setting up SAT problem:
Final constraint equation: { } = { }
Imported 1720 cells to SAT database.
Import proof-constraint: \ok = 1'0
Final proof equation: \ok = 1'0
Import show expression: \clk
Import show expression: \rst
Import show expression: \x
Import show expression: \y

Solving problem with 7977 variables and 20199 clauses..
SAT proof finished - model found: FAIL!

   ______                   ___       ___       _ _            _ _ 
  (_____ \                 / __)     / __)     (_) |          | | |
   _____) )___ ___   ___ _| |__    _| |__ _____ _| | _____  __| | |
  |  ____/ ___) _ \ / _ (_   __)  (_   __|____ | | || ___ |/ _  |_|
  | |   | |  | |_| | |_| || |       | |  / ___ | | || ____( (_| |_ 
  |_|   |_|   \___/ \___/ |_|       |_|  \_____|_|\_)_____)\____|_|


  Signal Name             Dec       Hex                                 Bin
  --------------- ----------- --------- -----------------------------------
  \clk                      1         1                                   1
  \rst                      0         0                                   0
  \x               2147483647  7fffffff    01111111111111111111111111111111
  \y                        1         1                                   1

42. Executing HIERARCHY pass (managing design hierarchy).

42.1. Analyzing design hierarchy..
Top module:  \pdf_6_r
Used module:     \chip_top

42.2. Analyzing design hierarchy..
Top module:  \pdf_6_r
Used module:     \chip_top
Removing unused module `\pdf_15_r'.
Removing unused module `\pdf_15_nr'.
Removing unused module `\pdf_14_r'.
Removing unused module `\pdf_14_nr'.
Removing unused module `\pdf_13_r'.
Removing unused module `\pdf_13_nr'.
Removing unused module `\pdf_12_r'.
Removing unused module `\pdf_12_nr'.
Removing unused module `\pdf_11_r'.
Removing unused module `\pdf_11_nr'.
Removing unused module `\pdf_10_r'.
Removing unused module `\pdf_10_nr'.
Removing unused module `\pdf_9_r'.
Removing unused module `\pdf_9_nr'.
Removing unused module `\pdf_8_r'.
Removing unused module `\pdf_8_nr'.
Removing unused module `\pdf_7_r'.
Removing unused module `\pdf_7_nr'.
Removing unused module `\pdf_6_nr'.
Removing unused module `\pdf_5_r'.
Removing unused module `\pdf_5_nr'.
Removing unused module `\pdf_4_r'.
Removing unused module `\pdf_4_nr'.
Removing unused module `\pdf_3_r'.
Removing unused module `\pdf_3_nr'.
Removing unused module `\pdf_2_r'.
Removing unused module `\pdf_2_nr'.
Removing unused module `\pdf_1_r'.
Removing unused module `\pdf_1_nr'.
Removing unused module `\pdf_0_r'.
Removing unused module `\pdf_0_nr'.
Removed 31 unused modules.

43. Executing FLATTEN pass (flatten design).
Deleting now unused module chip_top.
<suppressed ~2 debug messages>
VIBEICPDF 6 r

44. Executing SAT pass (solving SAT problems in the circuit).
Using SAT solver `kissat`.

Setting up SAT problem:
Final constraint equation: { } = { }
Imported 1720 cells to SAT database.
Import proof-constraint: \ok = 1'0
Final proof equation: \ok = 1'0
Import show expression: \clk
Import show expression: \rst
Import show expression: \x
Import show expression: \y

Solving problem with 7884 variables and 19920 clauses..
SAT proof finished - model found: FAIL!

   ______                   ___       ___       _ _            _ _ 
  (_____ \                 / __)     / __)     (_) |          | | |
   _____) )___ ___   ___ _| |__    _| |__ _____ _| | _____  __| | |
  |  ____/ ___) _ \ / _ (_   __)  (_   __|____ | | || ___ |/ _  |_|
  | |   | |  | |_| | |_| || |       | |  / ___ | | || ____( (_| |_ 
  |_|   |_|   \___/ \___/ |_|       |_|  \_____|_|\_)_____)\____|_|


  Signal Name             Dec       Hex                                 Bin
  --------------- ----------- --------- -----------------------------------
  \clk                      1         1                                   1
  \rst                      0         0                                   0
  \x               2147483647  7fffffff    01111111111111111111111111111111
  \y                        1         1                                   1

45. Executing HIERARCHY pass (managing design hierarchy).

45.1. Analyzing design hierarchy..
Top module:  \pdf_7_nr
Used module:     \chip_top

45.2. Analyzing design hierarchy..
Top module:  \pdf_7_nr
Used module:     \chip_top
Removing unused module `\pdf_15_r'.
Removing unused module `\pdf_15_nr'.
Removing unused module `\pdf_14_r'.
Removing unused module `\pdf_14_nr'.
Removing unused module `\pdf_13_r'.
Removing unused module `\pdf_13_nr'.
Removing unused module `\pdf_12_r'.
Removing unused module `\pdf_12_nr'.
Removing unused module `\pdf_11_r'.
Removing unused module `\pdf_11_nr'.
Removing unused module `\pdf_10_r'.
Removing unused module `\pdf_10_nr'.
Removing unused module `\pdf_9_r'.
Removing unused module `\pdf_9_nr'.
Removing unused module `\pdf_8_r'.
Removing unused module `\pdf_8_nr'.
Removing unused module `\pdf_7_r'.
Removing unused module `\pdf_6_r'.
Removing unused module `\pdf_6_nr'.
Removing unused module `\pdf_5_r'.
Removing unused module `\pdf_5_nr'.
Removing unused module `\pdf_4_r'.
Removing unused module `\pdf_4_nr'.
Removing unused module `\pdf_3_r'.
Removing unused module `\pdf_3_nr'.
Removing unused module `\pdf_2_r'.
Removing unused module `\pdf_2_nr'.
Removing unused module `\pdf_1_r'.
Removing unused module `\pdf_1_nr'.
Removing unused module `\pdf_0_r'.
Removing unused module `\pdf_0_nr'.
Removed 31 unused modules.

46. Executing FLATTEN pass (flatten design).
Deleting now unused module chip_top.
<suppressed ~2 debug messages>
VIBEICPDF 7 nr

47. Executing SAT pass (solving SAT problems in the circuit).
Using SAT solver `kissat`.

Setting up SAT problem:
Final constraint equation: { } = { }
Imported 1720 cells to SAT database.
Import proof-constraint: \ok = 1'0
Final proof equation: \ok = 1'0
Import show expression: \clk
Import show expression: \rst
Import show expression: \x
Import show expression: \y

Solving problem with 7977 variables and 20199 clauses..
SAT proof finished - model found: FAIL!

   ______                   ___       ___       _ _            _ _ 
  (_____ \                 / __)     / __)     (_) |          | | |
   _____) )___ ___   ___ _| |__    _| |__ _____ _| | _____  __| | |
  |  ____/ ___) _ \ / _ (_   __)  (_   __|____ | | || ___ |/ _  |_|
  | |   | |  | |_| | |_| || |       | |  / ___ | | || ____( (_| |_ 
  |_|   |_|   \___/ \___/ |_|       |_|  \_____|_|\_)_____)\____|_|


  Signal Name             Dec       Hex                                 Bin
  --------------- ----------- --------- -----------------------------------
  \clk                      1         1                                   1
  \rst                      0         0                                   0
  \x               2147483647  7fffffff    01111111111111111111111111111111
  \y                        1         1                                   1

48. Executing HIERARCHY pass (managing design hierarchy).

48.1. Analyzing design hierarchy..
Top module:  \pdf_7_r
Used module:     \chip_top

48.2. Analyzing design hierarchy..
Top module:  \pdf_7_r
Used module:     \chip_top
Removing unused module `\pdf_15_r'.
Removing unused module `\pdf_15_nr'.
Removing unused module `\pdf_14_r'.
Removing unused module `\pdf_14_nr'.
Removing unused module `\pdf_13_r'.
Removing unused module `\pdf_13_nr'.
Removing unused module `\pdf_12_r'.
Removing unused module `\pdf_12_nr'.
Removing unused module `\pdf_11_r'.
Removing unused module `\pdf_11_nr'.
Removing unused module `\pdf_10_r'.
Removing unused module `\pdf_10_nr'.
Removing unused module `\pdf_9_r'.
Removing unused module `\pdf_9_nr'.
Removing unused module `\pdf_8_r'.
Removing unused module `\pdf_8_nr'.
Removing unused module `\pdf_7_nr'.
Removing unused module `\pdf_6_r'.
Removing unused module `\pdf_6_nr'.
Removing unused module `\pdf_5_r'.
Removing unused module `\pdf_5_nr'.
Removing unused module `\pdf_4_r'.
Removing unused module `\pdf_4_nr'.
Removing unused module `\pdf_3_r'.
Removing unused module `\pdf_3_nr'.
Removing unused module `\pdf_2_r'.
Removing unused module `\pdf_2_nr'.
Removing unused module `\pdf_1_r'.
Removing unused module `\pdf_1_nr'.
Removing unused module `\pdf_0_r'.
Removing unused module `\pdf_0_nr'.
Removed 31 unused modules.

49. Executing FLATTEN pass (flatten design).
Deleting now unused module chip_top.
<suppressed ~2 debug messages>
VIBEICPDF 7 r

50. Executing SAT pass (solving SAT problems in the circuit).
Using SAT solver `kissat`.

Setting up SAT problem:
Final constraint equation: { } = { }
Imported 1720 cells to SAT database.
Import proof-constraint: \ok = 1'0
Final proof equation: \ok = 1'0
Import show expression: \clk
Import show expression: \rst
Import show expression: \x
Import show expression: \y

Solving problem with 7884 variables and 19920 clauses..
SAT proof finished - model found: FAIL!

   ______                   ___       ___       _ _            _ _ 
  (_____ \                 / __)     / __)     (_) |          | | |
   _____) )___ ___   ___ _| |__    _| |__ _____ _| | _____  __| | |
  |  ____/ ___) _ \ / _ (_   __)  (_   __|____ | | || ___ |/ _  |_|
  | |   | |  | |_| | |_| || |       | |  / ___ | | || ____( (_| |_ 
  |_|   |_|   \___/ \___/ |_|       |_|  \_____|_|\_)_____)\____|_|


  Signal Name             Dec       Hex                                 Bin
  --------------- ----------- --------- -----------------------------------
  \clk                      1         1                                   1
  \rst                      0         0                                   0
  \x               2147483647  7fffffff    01111111111111111111111111111111
  \y                        1         1                                   1

51. Executing HIERARCHY pass (managing design hierarchy).

51.1. Analyzing design hierarchy..
Top module:  \pdf_8_nr
Used module:     \chip_top

51.2. Analyzing design hierarchy..
Top module:  \pdf_8_nr
Used module:     \chip_top
Removing unused module `\pdf_15_r'.
Removing unused module `\pdf_15_nr'.
Removing unused module `\pdf_14_r'.
Removing unused module `\pdf_14_nr'.
Removing unused module `\pdf_13_r'.
Removing unused module `\pdf_13_nr'.
Removing unused module `\pdf_12_r'.
Removing unused module `\pdf_12_nr'.
Removing unused module `\pdf_11_r'.
Removing unused module `\pdf_11_nr'.
Removing unused module `\pdf_10_r'.
Removing unused module `\pdf_10_nr'.
Removing unused module `\pdf_9_r'.
Removing unused module `\pdf_9_nr'.
Removing unused module `\pdf_8_r'.
Removing unused module `\pdf_7_r'.
Removing unused module `\pdf_7_nr'.
Removing unused module `\pdf_6_r'.
Removing unused module `\pdf_6_nr'.
Removing unused module `\pdf_5_r'.
Removing unused module `\pdf_5_nr'.
Removing unused module `\pdf_4_r'.
Removing unused module `\pdf_4_nr'.
Removing unused module `\pdf_3_r'.
Removing unused module `\pdf_3_nr'.
Removing unused module `\pdf_2_r'.
Removing unused module `\pdf_2_nr'.
Removing unused module `\pdf_1_r'.
Removing unused module `\pdf_1_nr'.
Removing unused module `\pdf_0_r'.
Removing unused module `\pdf_0_nr'.
Removed 31 unused modules.

52. Executing FLATTEN pass (flatten design).
Deleting now unused module chip_top.
<suppressed ~2 debug messages>
VIBEICPDF 8 nr

53. Executing SAT pass (solving SAT problems in the circuit).
Using SAT solver `kissat`.

Setting up SAT problem:
Final constraint equation: { } = { }
Imported 1720 cells to SAT database.
Import proof-constraint: \ok = 1'0
Final proof equation: \ok = 1'0
Import show expression: \clk
Import show expression: \rst
Import show expression: \x
Import show expression: \y

Solving problem with 7977 variables and 20199 clauses..
SAT proof finished - model found: FAIL!

   ______                   ___       ___       _ _            _ _ 
  (_____ \                 / __)     / __)     (_) |          | | |
   _____) )___ ___   ___ _| |__    _| |__ _____ _| | _____  __| | |
  |  ____/ ___) _ \ / _ (_   __)  (_   __|____ | | || ___ |/ _  |_|
  | |   | |  | |_| | |_| || |       | |  / ___ | | || ____( (_| |_ 
  |_|   |_|   \___/ \___/ |_|       |_|  \_____|_|\_)_____)\____|_|


  Signal Name             Dec       Hex                                 Bin
  --------------- ----------- --------- -----------------------------------
  \clk                      1         1                                   1
  \rst                      0         0                                   0
  \x               2147483647  7fffffff    01111111111111111111111111111111
  \y                        1         1                                   1

54. Executing HIERARCHY pass (managing design hierarchy).

54.1. Analyzing design hierarchy..
Top module:  \pdf_8_r
Used module:     \chip_top

54.2. Analyzing design hierarchy..
Top module:  \pdf_8_r
Used module:     \chip_top
Removing unused module `\pdf_15_r'.
Removing unused module `\pdf_15_nr'.
Removing unused module `\pdf_14_r'.
Removing unused module `\pdf_14_nr'.
Removing unused module `\pdf_13_r'.
Removing unused module `\pdf_13_nr'.
Removing unused module `\pdf_12_r'.
Removing unused module `\pdf_12_nr'.
Removing unused module `\pdf_11_r'.
Removing unused module `\pdf_11_nr'.
Removing unused module `\pdf_10_r'.
Removing unused module `\pdf_10_nr'.
Removing unused module `\pdf_9_r'.
Removing unused module `\pdf_9_nr'.
Removing unused module `\pdf_8_nr'.
Removing unused module `\pdf_7_r'.
Removing unused module `\pdf_7_nr'.
Removing unused module `\pdf_6_r'.
Removing unused module `\pdf_6_nr'.
Removing unused module `\pdf_5_r'.
Removing unused module `\pdf_5_nr'.
Removing unused module `\pdf_4_r'.
Removing unused module `\pdf_4_nr'.
Removing unused module `\pdf_3_r'.
Removing unused module `\pdf_3_nr'.
Removing unused module `\pdf_2_r'.
Removing unused module `\pdf_2_nr'.
Removing unused module `\pdf_1_r'.
Removing unused module `\pdf_1_nr'.
Removing unused module `\pdf_0_r'.
Removing unused module `\pdf_0_nr'.
Removed 31 unused modules.

55. Executing FLATTEN pass (flatten design).
Deleting now unused module chip_top.
<suppressed ~2 debug messages>
VIBEICPDF 8 r

56. Executing SAT pass (solving SAT problems in the circuit).
Using SAT solver `kissat`.

Setting up SAT problem:
Final constraint equation: { } = { }
Imported 1720 cells to SAT database.
Import proof-constraint: \ok = 1'0
Final proof equation: \ok = 1'0
Import show expression: \clk
Import show expression: \rst
Import show expression: \x
Import show expression: \y

Solving problem with 7884 variables and 19920 clauses..
SAT proof finished - model found: FAIL!

   ______                   ___       ___       _ _            _ _ 
  (_____ \                 / __)     / __)     (_) |          | | |
   _____) )___ ___   ___ _| |__    _| |__ _____ _| | _____  __| | |
  |  ____/ ___) _ \ / _ (_   __)  (_   __|____ | | || ___ |/ _  |_|
  | |   | |  | |_| | |_| || |       | |  / ___ | | || ____( (_| |_ 
  |_|   |_|   \___/ \___/ |_|       |_|  \_____|_|\_)_____)\____|_|


  Signal Name             Dec       Hex                                 Bin
  --------------- ----------- --------- -----------------------------------
  \clk                      1         1                                   1
  \rst                      0         0                                   0
  \x               2147483647  7fffffff    01111111111111111111111111111111
  \y                        1         1                                   1

57. Executing HIERARCHY pass (managing design hierarchy).

57.1. Analyzing design hierarchy..
Top module:  \pdf_9_nr
Used module:     \chip_top

57.2. Analyzing design hierarchy..
Top module:  \pdf_9_nr
Used module:     \chip_top
Removing unused module `\pdf_15_r'.
Removing unused module `\pdf_15_nr'.
Removing unused module `\pdf_14_r'.
Removing unused module `\pdf_14_nr'.
Removing unused module `\pdf_13_r'.
Removing unused module `\pdf_13_nr'.
Removing unused module `\pdf_12_r'.
Removing unused module `\pdf_12_nr'.
Removing unused module `\pdf_11_r'.
Removing unused module `\pdf_11_nr'.
Removing unused module `\pdf_10_r'.
Removing unused module `\pdf_10_nr'.
Removing unused module `\pdf_9_r'.
Removing unused module `\pdf_8_r'.
Removing unused module `\pdf_8_nr'.
Removing unused module `\pdf_7_r'.
Removing unused module `\pdf_7_nr'.
Removing unused module `\pdf_6_r'.
Removing unused module `\pdf_6_nr'.
Removing unused module `\pdf_5_r'.
Removing unused module `\pdf_5_nr'.
Removing unused module `\pdf_4_r'.
Removing unused module `\pdf_4_nr'.
Removing unused module `\pdf_3_r'.
Removing unused module `\pdf_3_nr'.
Removing unused module `\pdf_2_r'.
Removing unused module `\pdf_2_nr'.
Removing unused module `\pdf_1_r'.
Removing unused module `\pdf_1_nr'.
Removing unused module `\pdf_0_r'.
Removing unused module `\pdf_0_nr'.
Removed 31 unused modules.

58. Executing FLATTEN pass (flatten design).
Deleting now unused module chip_top.
<suppressed ~2 debug messages>
VIBEICPDF 9 nr

59. Executing SAT pass (solving SAT problems in the circuit).
Using SAT solver `kissat`.

Setting up SAT problem:
Final constraint equation: { } = { }
Imported 1720 cells to SAT database.
Import proof-constraint: \ok = 1'0
Final proof equation: \ok = 1'0
Import show expression: \clk
Import show expression: \rst
Import show expression: \x
Import show expression: \y

Solving problem with 7977 variables and 20199 clauses..
SAT proof finished - model found: FAIL!

   ______                   ___       ___       _ _            _ _ 
  (_____ \                 / __)     / __)     (_) |          | | |
   _____) )___ ___   ___ _| |__    _| |__ _____ _| | _____  __| | |
  |  ____/ ___) _ \ / _ (_   __)  (_   __|____ | | || ___ |/ _  |_|
  | |   | |  | |_| | |_| || |       | |  / ___ | | || ____( (_| |_ 
  |_|   |_|   \___/ \___/ |_|       |_|  \_____|_|\_)_____)\____|_|


  Signal Name             Dec       Hex                                 Bin
  --------------- ----------- --------- -----------------------------------
  \clk                      1         1                                   1
  \rst                      0         0                                   0
  \x               2147483647  7fffffff    01111111111111111111111111111111
  \y                        1         1                                   1

60. Executing HIERARCHY pass (managing design hierarchy).

60.1. Analyzing design hierarchy..
Top module:  \pdf_9_r
Used module:     \chip_top

60.2. Analyzing design hierarchy..
Top module:  \pdf_9_r
Used module:     \chip_top
Removing unused module `\pdf_15_r'.
Removing unused module `\pdf_15_nr'.
Removing unused module `\pdf_14_r'.
Removing unused module `\pdf_14_nr'.
Removing unused module `\pdf_13_r'.
Removing unused module `\pdf_13_nr'.
Removing unused module `\pdf_12_r'.
Removing unused module `\pdf_12_nr'.
Removing unused module `\pdf_11_r'.
Removing unused module `\pdf_11_nr'.
Removing unused module `\pdf_10_r'.
Removing unused module `\pdf_10_nr'.
Removing unused module `\pdf_9_nr'.
Removing unused module `\pdf_8_r'.
Removing unused module `\pdf_8_nr'.
Removing unused module `\pdf_7_r'.
Removing unused module `\pdf_7_nr'.
Removing unused module `\pdf_6_r'.
Removing unused module `\pdf_6_nr'.
Removing unused module `\pdf_5_r'.
Removing unused module `\pdf_5_nr'.
Removing unused module `\pdf_4_r'.
Removing unused module `\pdf_4_nr'.
Removing unused module `\pdf_3_r'.
Removing unused module `\pdf_3_nr'.
Removing unused module `\pdf_2_r'.
Removing unused module `\pdf_2_nr'.
Removing unused module `\pdf_1_r'.
Removing unused module `\pdf_1_nr'.
Removing unused module `\pdf_0_r'.
Removing unused module `\pdf_0_nr'.
Removed 31 unused modules.

61. Executing FLATTEN pass (flatten design).
Deleting now unused module chip_top.
<suppressed ~2 debug messages>
VIBEICPDF 9 r

62. Executing SAT pass (solving SAT problems in the circuit).
Using SAT solver `kissat`.

Setting up SAT problem:
Final constraint equation: { } = { }
Imported 1720 cells to SAT database.
Import proof-constraint: \ok = 1'0
Final proof equation: \ok = 1'0
Import show expression: \clk
Import show expression: \rst
Import show expression: \x
Import show expression: \y

Solving problem with 7884 variables and 19920 clauses..
SAT proof finished - model found: FAIL!

   ______                   ___       ___       _ _            _ _ 
  (_____ \                 / __)     / __)     (_) |          | | |
   _____) )___ ___   ___ _| |__    _| |__ _____ _| | _____  __| | |
  |  ____/ ___) _ \ / _ (_   __)  (_   __|____ | | || ___ |/ _  |_|
  | |   | |  | |_| | |_| || |       | |  / ___ | | || ____( (_| |_ 
  |_|   |_|   \___/ \___/ |_|       |_|  \_____|_|\_)_____)\____|_|


  Signal Name             Dec       Hex                                 Bin
  --------------- ----------- --------- -----------------------------------
  \clk                      1         1                                   1
  \rst                      0         0                                   0
  \x               2147483647  7fffffff    01111111111111111111111111111111
  \y                        1         1                                   1

63. Executing HIERARCHY pass (managing design hierarchy).

63.1. Analyzing design hierarchy..
Top module:  \pdf_10_nr
Used module:     \chip_top

63.2. Analyzing design hierarchy..
Top module:  \pdf_10_nr
Used module:     \chip_top
Removing unused module `\pdf_15_r'.
Removing unused module `\pdf_15_nr'.
Removing unused module `\pdf_14_r'.
Removing unused module `\pdf_14_nr'.
Removing unused module `\pdf_13_r'.
Removing unused module `\pdf_13_nr'.
Removing unused module `\pdf_12_r'.
Removing unused module `\pdf_12_nr'.
Removing unused module `\pdf_11_r'.
Removing unused module `\pdf_11_nr'.
Removing unused module `\pdf_10_r'.
Removing unused module `\pdf_9_r'.
Removing unused module `\pdf_9_nr'.
Removing unused module `\pdf_8_r'.
Removing unused module `\pdf_8_nr'.
Removing unused module `\pdf_7_r'.
Removing unused module `\pdf_7_nr'.
Removing unused module `\pdf_6_r'.
Removing unused module `\pdf_6_nr'.
Removing unused module `\pdf_5_r'.
Removing unused module `\pdf_5_nr'.
Removing unused module `\pdf_4_r'.
Removing unused module `\pdf_4_nr'.
Removing unused module `\pdf_3_r'.
Removing unused module `\pdf_3_nr'.
Removing unused module `\pdf_2_r'.
Removing unused module `\pdf_2_nr'.
Removing unused module `\pdf_1_r'.
Removing unused module `\pdf_1_nr'.
Removing unused module `\pdf_0_r'.
Removing unused module `\pdf_0_nr'.
Removed 31 unused modules.

64. Executing FLATTEN pass (flatten design).
Deleting now unused module chip_top.
<suppressed ~2 debug messages>
VIBEICPDF 10 nr

65. Executing SAT pass (solving SAT problems in the circuit).
Using SAT solver `kissat`.

Setting up SAT problem:
Final constraint equation: { } = { }
Imported 1720 cells to SAT database.
Import proof-constraint: \ok = 1'0
Final proof equation: \ok = 1'0
Import show expression: \clk
Import show expression: \rst
Import show expression: \x
Import show expression: \y

Solving problem with 7977 variables and 20199 clauses..
SAT proof finished - model found: FAIL!

   ______                   ___       ___       _ _            _ _ 
  (_____ \                 / __)     / __)     (_) |          | | |
   _____) )___ ___   ___ _| |__    _| |__ _____ _| | _____  __| | |
  |  ____/ ___) _ \ / _ (_   __)  (_   __|____ | | || ___ |/ _  |_|
  | |   | |  | |_| | |_| || |       | |  / ___ | | || ____( (_| |_ 
  |_|   |_|   \___/ \___/ |_|       |_|  \_____|_|\_)_____)\____|_|


  Signal Name             Dec       Hex                                 Bin
  --------------- ----------- --------- -----------------------------------
  \clk                      1         1                                   1
  \rst                      0         0                                   0
  \x               2147483647  7fffffff    01111111111111111111111111111111
  \y                        1         1                                   1

66. Executing HIERARCHY pass (managing design hierarchy).

66.1. Analyzing design hierarchy..
Top module:  \pdf_10_r
Used module:     \chip_top

66.2. Analyzing design hierarchy..
Top module:  \pdf_10_r
Used module:     \chip_top
Removing unused module `\pdf_15_r'.
Removing unused module `\pdf_15_nr'.
Removing unused module `\pdf_14_r'.
Removing unused module `\pdf_14_nr'.
Removing unused module `\pdf_13_r'.
Removing unused module `\pdf_13_nr'.
Removing unused module `\pdf_12_r'.
Removing unused module `\pdf_12_nr'.
Removing unused module `\pdf_11_r'.
Removing unused module `\pdf_11_nr'.
Removing unused module `\pdf_10_nr'.
Removing unused module `\pdf_9_r'.
Removing unused module `\pdf_9_nr'.
Removing unused module `\pdf_8_r'.
Removing unused module `\pdf_8_nr'.
Removing unused module `\pdf_7_r'.
Removing unused module `\pdf_7_nr'.
Removing unused module `\pdf_6_r'.
Removing unused module `\pdf_6_nr'.
Removing unused module `\pdf_5_r'.
Removing unused module `\pdf_5_nr'.
Removing unused module `\pdf_4_r'.
Removing unused module `\pdf_4_nr'.
Removing unused module `\pdf_3_r'.
Removing unused module `\pdf_3_nr'.
Removing unused module `\pdf_2_r'.
Removing unused module `\pdf_2_nr'.
Removing unused module `\pdf_1_r'.
Removing unused module `\pdf_1_nr'.
Removing unused module `\pdf_0_r'.
Removing unused module `\pdf_0_nr'.
Removed 31 unused modules.

67. Executing FLATTEN pass (flatten design).
Deleting now unused module chip_top.
<suppressed ~2 debug messages>
VIBEICPDF 10 r

68. Executing SAT pass (solving SAT problems in the circuit).
Using SAT solver `kissat`.

Setting up SAT problem:
Final constraint equation: { } = { }
Imported 1720 cells to SAT database.
Import proof-constraint: \ok = 1'0
Final proof equation: \ok = 1'0
Import show expression: \clk
Import show expression: \rst
Import show expression: \x
Import show expression: \y

Solving problem with 7884 variables and 19920 clauses..
SAT proof finished - model found: FAIL!

   ______                   ___       ___       _ _            _ _ 
  (_____ \                 / __)     / __)     (_) |          | | |
   _____) )___ ___   ___ _| |__    _| |__ _____ _| | _____  __| | |
  |  ____/ ___) _ \ / _ (_   __)  (_   __|____ | | || ___ |/ _  |_|
  | |   | |  | |_| | |_| || |       | |  / ___ | | || ____( (_| |_ 
  |_|   |_|   \___/ \___/ |_|       |_|  \_____|_|\_)_____)\____|_|


  Signal Name             Dec       Hex                                 Bin
  --------------- ----------- --------- -----------------------------------
  \clk                      1         1                                   1
  \rst                      0         0                                   0
  \x               2147483647  7fffffff    01111111111111111111111111111111
  \y                        1         1                                   1

69. Executing HIERARCHY pass (managing design hierarchy).

69.1. Analyzing design hierarchy..
Top module:  \pdf_11_nr
Used module:     \chip_top

69.2. Analyzing design hierarchy..
Top module:  \pdf_11_nr
Used module:     \chip_top
Removing unused module `\pdf_15_r'.
Removing unused module `\pdf_15_nr'.
Removing unused module `\pdf_14_r'.
Removing unused module `\pdf_14_nr'.
Removing unused module `\pdf_13_r'.
Removing unused module `\pdf_13_nr'.
Removing unused module `\pdf_12_r'.
Removing unused module `\pdf_12_nr'.
Removing unused module `\pdf_11_r'.
Removing unused module `\pdf_10_r'.
Removing unused module `\pdf_10_nr'.
Removing unused module `\pdf_9_r'.
Removing unused module `\pdf_9_nr'.
Removing unused module `\pdf_8_r'.
Removing unused module `\pdf_8_nr'.
Removing unused module `\pdf_7_r'.
Removing unused module `\pdf_7_nr'.
Removing unused module `\pdf_6_r'.
Removing unused module `\pdf_6_nr'.
Removing unused module `\pdf_5_r'.
Removing unused module `\pdf_5_nr'.
Removing unused module `\pdf_4_r'.
Removing unused module `\pdf_4_nr'.
Removing unused module `\pdf_3_r'.
Removing unused module `\pdf_3_nr'.
Removing unused module `\pdf_2_r'.
Removing unused module `\pdf_2_nr'.
Removing unused module `\pdf_1_r'.
Removing unused module `\pdf_1_nr'.
Removing unused module `\pdf_0_r'.
Removing unused module `\pdf_0_nr'.
Removed 31 unused modules.

70. Executing FLATTEN pass (flatten design).
Deleting now unused module chip_top.
<suppressed ~2 debug messages>
VIBEICPDF 11 nr

71. Executing SAT pass (solving SAT problems in the circuit).
Using SAT solver `kissat`.

Setting up SAT problem:
Final constraint equation: { } = { }
Imported 1720 cells to SAT database.
Import proof-constraint: \ok = 1'0
Final proof equation: \ok = 1'0
Import show expression: \clk
Import show expression: \rst
Import show expression: \x
Import show expression: \y

Solving problem with 7977 variables and 20199 clauses..
SAT proof finished - model found: FAIL!

   ______                   ___       ___       _ _            _ _ 
  (_____ \                 / __)     / __)     (_) |          | | |
   _____) )___ ___   ___ _| |__    _| |__ _____ _| | _____  __| | |
  |  ____/ ___) _ \ / _ (_   __)  (_   __|____ | | || ___ |/ _  |_|
  | |   | |  | |_| | |_| || |       | |  / ___ | | || ____( (_| |_ 
  |_|   |_|   \___/ \___/ |_|       |_|  \_____|_|\_)_____)\____|_|


  Signal Name             Dec       Hex                                 Bin
  --------------- ----------- --------- -----------------------------------
  \clk                      1         1                                   1
  \rst                      0         0                                   0
  \x               2147483647  7fffffff    01111111111111111111111111111111
  \y                        1         1                                   1

72. Executing HIERARCHY pass (managing design hierarchy).

72.1. Analyzing design hierarchy..
Top module:  \pdf_11_r
Used module:     \chip_top

72.2. Analyzing design hierarchy..
Top module:  \pdf_11_r
Used module:     \chip_top
Removing unused module `\pdf_15_r'.
Removing unused module `\pdf_15_nr'.
Removing unused module `\pdf_14_r'.
Removing unused module `\pdf_14_nr'.
Removing unused module `\pdf_13_r'.
Removing unused module `\pdf_13_nr'.
Removing unused module `\pdf_12_r'.
Removing unused module `\pdf_12_nr'.
Removing unused module `\pdf_11_nr'.
Removing unused module `\pdf_10_r'.
Removing unused module `\pdf_10_nr'.
Removing unused module `\pdf_9_r'.
Removing unused module `\pdf_9_nr'.
Removing unused module `\pdf_8_r'.
Removing unused module `\pdf_8_nr'.
Removing unused module `\pdf_7_r'.
Removing unused module `\pdf_7_nr'.
Removing unused module `\pdf_6_r'.
Removing unused module `\pdf_6_nr'.
Removing unused module `\pdf_5_r'.
Removing unused module `\pdf_5_nr'.
Removing unused module `\pdf_4_r'.
Removing unused module `\pdf_4_nr'.
Removing unused module `\pdf_3_r'.
Removing unused module `\pdf_3_nr'.
Removing unused module `\pdf_2_r'.
Removing unused module `\pdf_2_nr'.
Removing unused module `\pdf_1_r'.
Removing unused module `\pdf_1_nr'.
Removing unused module `\pdf_0_r'.
Removing unused module `\pdf_0_nr'.
Removed 31 unused modules.

73. Executing FLATTEN pass (flatten design).
Deleting now unused module chip_top.
<suppressed ~2 debug messages>
VIBEICPDF 11 r

74. Executing SAT pass (solving SAT problems in the circuit).
Using SAT solver `kissat`.

Setting up SAT problem:
Final constraint equation: { } = { }
Imported 1720 cells to SAT database.
Import proof-constraint: \ok = 1'0
Final proof equation: \ok = 1'0
Import show expression: \clk
Import show expression: \rst
Import show expression: \x
Import show expression: \y

Solving problem with 7884 variables and 19920 clauses..
SAT proof finished - model found: FAIL!

   ______                   ___       ___       _ _            _ _ 
  (_____ \                 / __)     / __)     (_) |          | | |
   _____) )___ ___   ___ _| |__    _| |__ _____ _| | _____  __| | |
  |  ____/ ___) _ \ / _ (_   __)  (_   __|____ | | || ___ |/ _  |_|
  | |   | |  | |_| | |_| || |       | |  / ___ | | || ____( (_| |_ 
  |_|   |_|   \___/ \___/ |_|       |_|  \_____|_|\_)_____)\____|_|


  Signal Name             Dec       Hex                                 Bin
  --------------- ----------- --------- -----------------------------------
  \clk                      1         1                                   1
  \rst                      0         0                                   0
  \x               2147483647  7fffffff    01111111111111111111111111111111
  \y                        1         1                                   1

75. Executing HIERARCHY pass (managing design hierarchy).

75.1. Analyzing design hierarchy..
Top module:  \pdf_12_nr
Used module:     \chip_top

75.2. Analyzing design hierarchy..
Top module:  \pdf_12_nr
Used module:     \chip_top
Removing unused module `\pdf_15_r'.
Removing unused module `\pdf_15_nr'.
Removing unused module `\pdf_14_r'.
Removing unused module `\pdf_14_nr'.
Removing unused module `\pdf_13_r'.
Removing unused module `\pdf_13_nr'.
Removing unused module `\pdf_12_r'.
Removing unused module `\pdf_11_r'.
Removing unused module `\pdf_11_nr'.
Removing unused module `\pdf_10_r'.
Removing unused module `\pdf_10_nr'.
Removing unused module `\pdf_9_r'.
Removing unused module `\pdf_9_nr'.
Removing unused module `\pdf_8_r'.
Removing unused module `\pdf_8_nr'.
Removing unused module `\pdf_7_r'.
Removing unused module `\pdf_7_nr'.
Removing unused module `\pdf_6_r'.
Removing unused module `\pdf_6_nr'.
Removing unused module `\pdf_5_r'.
Removing unused module `\pdf_5_nr'.
Removing unused module `\pdf_4_r'.
Removing unused module `\pdf_4_nr'.
Removing unused module `\pdf_3_r'.
Removing unused module `\pdf_3_nr'.
Removing unused module `\pdf_2_r'.
Removing unused module `\pdf_2_nr'.
Removing unused module `\pdf_1_r'.
Removing unused module `\pdf_1_nr'.
Removing unused module `\pdf_0_r'.
Removing unused module `\pdf_0_nr'.
Removed 31 unused modules.

76. Executing FLATTEN pass (flatten design).
Deleting now unused module chip_top.
<suppressed ~2 debug messages>
VIBEICPDF 12 nr

77. Executing SAT pass (solving SAT problems in the circuit).
Using SAT solver `kissat`.

Setting up SAT problem:
Final constraint equation: { } = { }
Imported 1720 cells to SAT database.
Import proof-constraint: \ok = 1'0
Final proof equation: \ok = 1'0
Import show expression: \clk
Import show expression: \rst
Import show expression: \x
Import show expression: \y

Solving problem with 7977 variables and 20199 clauses..
SAT proof finished - model found: FAIL!

   ______                   ___       ___       _ _            _ _ 
  (_____ \                 / __)     / __)     (_) |          | | |
   _____) )___ ___   ___ _| |__    _| |__ _____ _| | _____  __| | |
  |  ____/ ___) _ \ / _ (_   __)  (_   __|____ | | || ___ |/ _  |_|
  | |   | |  | |_| | |_| || |       | |  / ___ | | || ____( (_| |_ 
  |_|   |_|   \___/ \___/ |_|       |_|  \_____|_|\_)_____)\____|_|


  Signal Name             Dec       Hex                                 Bin
  --------------- ----------- --------- -----------------------------------
  \clk                      1         1                                   1
  \rst                      0         0                                   0
  \x              -2147483648  80000000    10000000000000000000000000000000
  \y                        1         1                                   1

78. Executing HIERARCHY pass (managing design hierarchy).

78.1. Analyzing design hierarchy..
Top module:  \pdf_12_r
Used module:     \chip_top

78.2. Analyzing design hierarchy..
Top module:  \pdf_12_r
Used module:     \chip_top
Removing unused module `\pdf_15_r'.
Removing unused module `\pdf_15_nr'.
Removing unused module `\pdf_14_r'.
Removing unused module `\pdf_14_nr'.
Removing unused module `\pdf_13_r'.
Removing unused module `\pdf_13_nr'.
Removing unused module `\pdf_12_nr'.
Removing unused module `\pdf_11_r'.
Removing unused module `\pdf_11_nr'.
Removing unused module `\pdf_10_r'.
Removing unused module `\pdf_10_nr'.
Removing unused module `\pdf_9_r'.
Removing unused module `\pdf_9_nr'.
Removing unused module `\pdf_8_r'.
Removing unused module `\pdf_8_nr'.
Removing unused module `\pdf_7_r'.
Removing unused module `\pdf_7_nr'.
Removing unused module `\pdf_6_r'.
Removing unused module `\pdf_6_nr'.
Removing unused module `\pdf_5_r'.
Removing unused module `\pdf_5_nr'.
Removing unused module `\pdf_4_r'.
Removing unused module `\pdf_4_nr'.
Removing unused module `\pdf_3_r'.
Removing unused module `\pdf_3_nr'.
Removing unused module `\pdf_2_r'.
Removing unused module `\pdf_2_nr'.
Removing unused module `\pdf_1_r'.
Removing unused module `\pdf_1_nr'.
Removing unused module `\pdf_0_r'.
Removing unused module `\pdf_0_nr'.
Removed 31 unused modules.

79. Executing FLATTEN pass (flatten design).
Deleting now unused module chip_top.
<suppressed ~2 debug messages>
VIBEICPDF 12 r

80. Executing SAT pass (solving SAT problems in the circuit).
Using SAT solver `kissat`.

Setting up SAT problem:
Final constraint equation: { } = { }
Imported 1720 cells to SAT database.
Import proof-constraint: \ok = 1'0
Final proof equation: \ok = 1'0
Import show expression: \clk
Import show expression: \rst
Import show expression: \x
Import show expression: \y

Solving problem with 7884 variables and 19920 clauses..
SAT proof finished - model found: FAIL!

   ______                   ___       ___       _ _            _ _ 
  (_____ \                 / __)     / __)     (_) |          | | |
   _____) )___ ___   ___ _| |__    _| |__ _____ _| | _____  __| | |
  |  ____/ ___) _ \ / _ (_   __)  (_   __|____ | | || ___ |/ _  |_|
  | |   | |  | |_| | |_| || |       | |  / ___ | | || ____( (_| |_ 
  |_|   |_|   \___/ \___/ |_|       |_|  \_____|_|\_)_____)\____|_|


  Signal Name             Dec       Hex                                 Bin
  --------------- ----------- --------- -----------------------------------
  \clk                      1         1                                   1
  \rst                      0         0                                   0
  \x               2147483647  7fffffff    01111111111111111111111111111111
  \y                        1         1                                   1

81. Executing HIERARCHY pass (managing design hierarchy).

81.1. Analyzing design hierarchy..
Top module:  \pdf_13_nr
Used module:     \chip_top

81.2. Analyzing design hierarchy..
Top module:  \pdf_13_nr
Used module:     \chip_top
Removing unused module `\pdf_15_r'.
Removing unused module `\pdf_15_nr'.
Removing unused module `\pdf_14_r'.
Removing unused module `\pdf_14_nr'.
Removing unused module `\pdf_13_r'.
Removing unused module `\pdf_12_r'.
Removing unused module `\pdf_12_nr'.
Removing unused module `\pdf_11_r'.
Removing unused module `\pdf_11_nr'.
Removing unused module `\pdf_10_r'.
Removing unused module `\pdf_10_nr'.
Removing unused module `\pdf_9_r'.
Removing unused module `\pdf_9_nr'.
Removing unused module `\pdf_8_r'.
Removing unused module `\pdf_8_nr'.
Removing unused module `\pdf_7_r'.
Removing unused module `\pdf_7_nr'.
Removing unused module `\pdf_6_r'.
Removing unused module `\pdf_6_nr'.
Removing unused module `\pdf_5_r'.
Removing unused module `\pdf_5_nr'.
Removing unused module `\pdf_4_r'.
Removing unused module `\pdf_4_nr'.
Removing unused module `\pdf_3_r'.
Removing unused module `\pdf_3_nr'.
Removing unused module `\pdf_2_r'.
Removing unused module `\pdf_2_nr'.
Removing unused module `\pdf_1_r'.
Removing unused module `\pdf_1_nr'.
Removing unused module `\pdf_0_r'.
Removing unused module `\pdf_0_nr'.
Removed 31 unused modules.

82. Executing FLATTEN pass (flatten design).
Deleting now unused module chip_top.
<suppressed ~2 debug messages>
VIBEICPDF 13 nr

83. Executing SAT pass (solving SAT problems in the circuit).
Using SAT solver `kissat`.

Setting up SAT problem:
Final constraint equation: { } = { }
Imported 1720 cells to SAT database.
Import proof-constraint: \ok = 1'0
Final proof equation: \ok = 1'0
Import show expression: \clk
Import show expression: \rst
Import show expression: \x
Import show expression: \y

Solving problem with 7977 variables and 20199 clauses..
SAT proof finished - model found: FAIL!

   ______                   ___       ___       _ _            _ _ 
  (_____ \                 / __)     / __)     (_) |          | | |
   _____) )___ ___   ___ _| |__    _| |__ _____ _| | _____  __| | |
  |  ____/ ___) _ \ / _ (_   __)  (_   __|____ | | || ___ |/ _  |_|
  | |   | |  | |_| | |_| || |       | |  / ___ | | || ____( (_| |_ 
  |_|   |_|   \___/ \___/ |_|       |_|  \_____|_|\_)_____)\____|_|


  Signal Name             Dec       Hex                                 Bin
  --------------- ----------- --------- -----------------------------------
  \clk                      1         1                                   1
  \rst                      0         0                                   0
  \x               2147483647  7fffffff    01111111111111111111111111111111
  \y                        1         1                                   1

84. Executing HIERARCHY pass (managing design hierarchy).

84.1. Analyzing design hierarchy..
Top module:  \pdf_13_r
Used module:     \chip_top

84.2. Analyzing design hierarchy..
Top module:  \pdf_13_r
Used module:     \chip_top
Removing unused module `\pdf_15_r'.
Removing unused module `\pdf_15_nr'.
Removing unused module `\pdf_14_r'.
Removing unused module `\pdf_14_nr'.
Removing unused module `\pdf_13_nr'.
Removing unused module `\pdf_12_r'.
Removing unused module `\pdf_12_nr'.
Removing unused module `\pdf_11_r'.
Removing unused module `\pdf_11_nr'.
Removing unused module `\pdf_10_r'.
Removing unused module `\pdf_10_nr'.
Removing unused module `\pdf_9_r'.
Removing unused module `\pdf_9_nr'.
Removing unused module `\pdf_8_r'.
Removing unused module `\pdf_8_nr'.
Removing unused module `\pdf_7_r'.
Removing unused module `\pdf_7_nr'.
Removing unused module `\pdf_6_r'.
Removing unused module `\pdf_6_nr'.
Removing unused module `\pdf_5_r'.
Removing unused module `\pdf_5_nr'.
Removing unused module `\pdf_4_r'.
Removing unused module `\pdf_4_nr'.
Removing unused module `\pdf_3_r'.
Removing unused module `\pdf_3_nr'.
Removing unused module `\pdf_2_r'.
Removing unused module `\pdf_2_nr'.
Removing unused module `\pdf_1_r'.
Removing unused module `\pdf_1_nr'.
Removing unused module `\pdf_0_r'.
Removing unused module `\pdf_0_nr'.
Removed 31 unused modules.

85. Executing FLATTEN pass (flatten design).
Deleting now unused module chip_top.
<suppressed ~2 debug messages>
VIBEICPDF 13 r

86. Executing SAT pass (solving SAT problems in the circuit).
Using SAT solver `kissat`.

Setting up SAT problem:
Final constraint equation: { } = { }
Imported 1720 cells to SAT database.
Import proof-constraint: \ok = 1'0
Final proof equation: \ok = 1'0
Import show expression: \clk
Import show expression: \rst
Import show expression: \x
Import show expression: \y

Solving problem with 7884 variables and 19920 clauses..
SAT proof finished - model found: FAIL!

   ______                   ___       ___       _ _            _ _ 
  (_____ \                 / __)     / __)     (_) |          | | |
   _____) )___ ___   ___ _| |__    _| |__ _____ _| | _____  __| | |
  |  ____/ ___) _ \ / _ (_   __)  (_   __|____ | | || ___ |/ _  |_|
  | |   | |  | |_| | |_| || |       | |  / ___ | | || ____( (_| |_ 
  |_|   |_|   \___/ \___/ |_|       |_|  \_____|_|\_)_____)\____|_|


  Signal Name             Dec       Hex                                 Bin
  --------------- ----------- --------- -----------------------------------
  \clk                      1         1                                   1
  \rst                      0         0                                   0
  \x               2147483647  7fffffff    01111111111111111111111111111111
  \y                        1         1                                   1

87. Executing HIERARCHY pass (managing design hierarchy).

87.1. Analyzing design hierarchy..
Top module:  \pdf_14_nr
Used module:     \chip_top

87.2. Analyzing design hierarchy..
Top module:  \pdf_14_nr
Used module:     \chip_top
Removing unused module `\pdf_15_r'.
Removing unused module `\pdf_15_nr'.
Removing unused module `\pdf_14_r'.
Removing unused module `\pdf_13_r'.
Removing unused module `\pdf_13_nr'.
Removing unused module `\pdf_12_r'.
Removing unused module `\pdf_12_nr'.
Removing unused module `\pdf_11_r'.
Removing unused module `\pdf_11_nr'.
Removing unused module `\pdf_10_r'.
Removing unused module `\pdf_10_nr'.
Removing unused module `\pdf_9_r'.
Removing unused module `\pdf_9_nr'.
Removing unused module `\pdf_8_r'.
Removing unused module `\pdf_8_nr'.
Removing unused module `\pdf_7_r'.
Removing unused module `\pdf_7_nr'.
Removing unused module `\pdf_6_r'.
Removing unused module `\pdf_6_nr'.
Removing unused module `\pdf_5_r'.
Removing unused module `\pdf_5_nr'.
Removing unused module `\pdf_4_r'.
Removing unused module `\pdf_4_nr'.
Removing unused module `\pdf_3_r'.
Removing unused module `\pdf_3_nr'.
Removing unused module `\pdf_2_r'.
Removing unused module `\pdf_2_nr'.
Removing unused module `\pdf_1_r'.
Removing unused module `\pdf_1_nr'.
Removing unused module `\pdf_0_r'.
Removing unused module `\pdf_0_nr'.
Removed 31 unused modules.

88. Executing FLATTEN pass (flatten design).
Deleting now unused module chip_top.
<suppressed ~2 debug messages>
VIBEICPDF 14 nr

89. Executing SAT pass (solving SAT problems in the circuit).
Using SAT solver `kissat`.

Setting up SAT problem:
Final constraint equation: { } = { }
Imported 1720 cells to SAT database.
Import proof-constraint: \ok = 1'0
Final proof equation: \ok = 1'0
Import show expression: \clk
Import show expression: \rst
Import show expression: \x
Import show expression: \y

Solving problem with 7977 variables and 20199 clauses..
SAT proof finished - model found: FAIL!

   ______                   ___       ___       _ _            _ _ 
  (_____ \                 / __)     / __)     (_) |          | | |
   _____) )___ ___   ___ _| |__    _| |__ _____ _| | _____  __| | |
  |  ____/ ___) _ \ / _ (_   __)  (_   __|____ | | || ___ |/ _  |_|
  | |   | |  | |_| | |_| || |       | |  / ___ | | || ____( (_| |_ 
  |_|   |_|   \___/ \___/ |_|       |_|  \_____|_|\_)_____)\____|_|


  Signal Name             Dec       Hex                                 Bin
  --------------- ----------- --------- -----------------------------------
  \clk                      1         1                                   1
  \rst                      0         0                                   0
  \x               2147483647  7fffffff    01111111111111111111111111111111
  \y                        1         1                                   1

90. Executing HIERARCHY pass (managing design hierarchy).

90.1. Analyzing design hierarchy..
Top module:  \pdf_14_r
Used module:     \chip_top

90.2. Analyzing design hierarchy..
Top module:  \pdf_14_r
Used module:     \chip_top
Removing unused module `\pdf_15_r'.
Removing unused module `\pdf_15_nr'.
Removing unused module `\pdf_14_nr'.
Removing unused module `\pdf_13_r'.
Removing unused module `\pdf_13_nr'.
Removing unused module `\pdf_12_r'.
Removing unused module `\pdf_12_nr'.
Removing unused module `\pdf_11_r'.
Removing unused module `\pdf_11_nr'.
Removing unused module `\pdf_10_r'.
Removing unused module `\pdf_10_nr'.
Removing unused module `\pdf_9_r'.
Removing unused module `\pdf_9_nr'.
Removing unused module `\pdf_8_r'.
Removing unused module `\pdf_8_nr'.
Removing unused module `\pdf_7_r'.
Removing unused module `\pdf_7_nr'.
Removing unused module `\pdf_6_r'.
Removing unused module `\pdf_6_nr'.
Removing unused module `\pdf_5_r'.
Removing unused module `\pdf_5_nr'.
Removing unused module `\pdf_4_r'.
Removing unused module `\pdf_4_nr'.
Removing unused module `\pdf_3_r'.
Removing unused module `\pdf_3_nr'.
Removing unused module `\pdf_2_r'.
Removing unused module `\pdf_2_nr'.
Removing unused module `\pdf_1_r'.
Removing unused module `\pdf_1_nr'.
Removing unused module `\pdf_0_r'.
Removing unused module `\pdf_0_nr'.
Removed 31 unused modules.

91. Executing FLATTEN pass (flatten design).
Deleting now unused module chip_top.
<suppressed ~2 debug messages>
VIBEICPDF 14 r

92. Executing SAT pass (solving SAT problems in the circuit).
Using SAT solver `kissat`.

Setting up SAT problem:
Final constraint equation: { } = { }
Imported 1720 cells to SAT database.
Import proof-constraint: \ok = 1'0
Final proof equation: \ok = 1'0
Import show expression: \clk
Import show expression: \rst
Import show expression: \x
Import show expression: \y

Solving problem with 7884 variables and 19920 clauses..
SAT proof finished - model found: FAIL!

   ______                   ___       ___       _ _            _ _ 
  (_____ \                 / __)     / __)     (_) |          | | |
   _____) )___ ___   ___ _| |__    _| |__ _____ _| | _____  __| | |
  |  ____/ ___) _ \ / _ (_   __)  (_   __|____ | | || ___ |/ _  |_|
  | |   | |  | |_| | |_| || |       | |  / ___ | | || ____( (_| |_ 
  |_|   |_|   \___/ \___/ |_|       |_|  \_____|_|\_)_____)\____|_|


  Signal Name             Dec       Hex                                 Bin
  --------------- ----------- --------- -----------------------------------
  \clk                      1         1                                   1
  \rst                      0         0                                   0
  \x               2147483647  7fffffff    01111111111111111111111111111111
  \y                        1         1                                   1

93. Executing HIERARCHY pass (managing design hierarchy).

93.1. Analyzing design hierarchy..
Top module:  \pdf_15_nr
Used module:     \chip_top

93.2. Analyzing design hierarchy..
Top module:  \pdf_15_nr
Used module:     \chip_top
Removing unused module `\pdf_15_r'.
Removing unused module `\pdf_14_r'.
Removing unused module `\pdf_14_nr'.
Removing unused module `\pdf_13_r'.
Removing unused module `\pdf_13_nr'.
Removing unused module `\pdf_12_r'.
Removing unused module `\pdf_12_nr'.
Removing unused module `\pdf_11_r'.
Removing unused module `\pdf_11_nr'.
Removing unused module `\pdf_10_r'.
Removing unused module `\pdf_10_nr'.
Removing unused module `\pdf_9_r'.
Removing unused module `\pdf_9_nr'.
Removing unused module `\pdf_8_r'.
Removing unused module `\pdf_8_nr'.
Removing unused module `\pdf_7_r'.
Removing unused module `\pdf_7_nr'.
Removing unused module `\pdf_6_r'.
Removing unused module `\pdf_6_nr'.
Removing unused module `\pdf_5_r'.
Removing unused module `\pdf_5_nr'.
Removing unused module `\pdf_4_r'.
Removing unused module `\pdf_4_nr'.
Removing unused module `\pdf_3_r'.
Removing unused module `\pdf_3_nr'.
Removing unused module `\pdf_2_r'.
Removing unused module `\pdf_2_nr'.
Removing unused module `\pdf_1_r'.
Removing unused module `\pdf_1_nr'.
Removing unused module `\pdf_0_r'.
Removing unused module `\pdf_0_nr'.
Removed 31 unused modules.

94. Executing FLATTEN pass (flatten design).
Deleting now unused module chip_top.
<suppressed ~2 debug messages>
VIBEICPDF 15 nr

95. Executing SAT pass (solving SAT problems in the circuit).
Using SAT solver `kissat`.

Setting up SAT problem:
Final constraint equation: { } = { }
Imported 1720 cells to SAT database.
Import proof-constraint: \ok = 1'0
Final proof equation: \ok = 1'0
Import show expression: \clk
Import show expression: \rst
Import show expression: \x
Import show expression: \y

Solving problem with 7977 variables and 20199 clauses..
SAT proof finished - model found: FAIL!

   ______                   ___       ___       _ _            _ _ 
  (_____ \                 / __)     / __)     (_) |          | | |
   _____) )___ ___   ___ _| |__    _| |__ _____ _| | _____  __| | |
  |  ____/ ___) _ \ / _ (_   __)  (_   __|____ | | || ___ |/ _  |_|
  | |   | |  | |_| | |_| || |       | |  / ___ | | || ____( (_| |_ 
  |_|   |_|   \___/ \___/ |_|       |_|  \_____|_|\_)_____)\____|_|


  Signal Name             Dec       Hex                                 Bin
  --------------- ----------- --------- -----------------------------------
  \clk                      1         1                                   1
  \rst                      0         0                                   0
  \x               2147483647  7fffffff    01111111111111111111111111111111
  \y                        1         1                                   1

96. Executing HIERARCHY pass (managing design hierarchy).

96.1. Analyzing design hierarchy..
Top module:  \pdf_15_r
Used module:     \chip_top

96.2. Analyzing design hierarchy..
Top module:  \pdf_15_r
Used module:     \chip_top
Removing unused module `\pdf_15_nr'.
Removing unused module `\pdf_14_r'.
Removing unused module `\pdf_14_nr'.
Removing unused module `\pdf_13_r'.
Removing unused module `\pdf_13_nr'.
Removing unused module `\pdf_12_r'.
Removing unused module `\pdf_12_nr'.
Removing unused module `\pdf_11_r'.
Removing unused module `\pdf_11_nr'.
Removing unused module `\pdf_10_r'.
Removing unused module `\pdf_10_nr'.
Removing unused module `\pdf_9_r'.
Removing unused module `\pdf_9_nr'.
Removing unused module `\pdf_8_r'.
Removing unused module `\pdf_8_nr'.
Removing unused module `\pdf_7_r'.
Removing unused module `\pdf_7_nr'.
Removing unused module `\pdf_6_r'.
Removing unused module `\pdf_6_nr'.
Removing unused module `\pdf_5_r'.
Removing unused module `\pdf_5_nr'.
Removing unused module `\pdf_4_r'.
Removing unused module `\pdf_4_nr'.
Removing unused module `\pdf_3_r'.
Removing unused module `\pdf_3_nr'.
Removing unused module `\pdf_2_r'.
Removing unused module `\pdf_2_nr'.
Removing unused module `\pdf_1_r'.
Removing unused module `\pdf_1_nr'.
Removing unused module `\pdf_0_r'.
Removing unused module `\pdf_0_nr'.
Removed 31 unused modules.

97. Executing FLATTEN pass (flatten design).
Deleting now unused module chip_top.
<suppressed ~2 debug messages>
VIBEICPDF 15 r

98. Executing SAT pass (solving SAT problems in the circuit).
Using SAT solver `kissat`.

Setting up SAT problem:
Final constraint equation: { } = { }
Imported 1720 cells to SAT database.
Import proof-constraint: \ok = 1'0
Final proof equation: \ok = 1'0
Import show expression: \clk
Import show expression: \rst
Import show expression: \x
Import show expression: \y

Solving problem with 7884 variables and 19920 clauses..
SAT proof finished - model found: FAIL!

   ______                   ___       ___       _ _            _ _ 
  (_____ \                 / __)     / __)     (_) |          | | |
   _____) )___ ___   ___ _| |__    _| |__ _____ _| | _____  __| | |
  |  ____/ ___) _ \ / _ (_   __)  (_   __|____ | | || ___ |/ _  |_|
  | |   | |  | |_| | |_| || |       | |  / ___ | | || ____( (_| |_ 
  |_|   |_|   \___/ \___/ |_|       |_|  \_____|_|\_)_____)\____|_|


  Signal Name             Dec       Hex                                 Bin
  --------------- ----------- --------- -----------------------------------
  \clk                      1         1                                   1
  \rst                      0         0                                   0
  \x               2147483647  7fffffff    01111111111111111111111111111111
  \y                        1         1                                   1

End of script. Logfile hash: 906d5dbeaa, time: 1.44s, user: 1.10s, system: 0.11s, MEM: 54.80 MB peak
Yosys 0.68+ (git sha1 41a01aece, Release, GNU /usr/bin/c++ 13.3.0) [github.com/vibeic/yosys at HEAD]
Time spent: 58% 32x sat (0 sec), 14% 33x design (0 sec), ...

