Startpoint: _395_ (rising edge-triggered flip-flop clocked by clk)
Endpoint: _402_ (rising edge-triggered flip-flop clocked by clk)
Path Group: clk
Path Type: max

    Delay      Time   Description
-------------------------------------------------------------
   0.0000    0.0000   clock clk (rise edge)
   0.0000    0.0000   clock network delay (ideal)
   0.0000    0.0000 ^ _395_/CLK (gf180mcu_fd_sc_mcu7t5v0__dffq_1)
   0.7804    0.7804 ^ _395_/Q (gf180mcu_fd_sc_mcu7t5v0__dffq_1)
   0.0002    0.7806 ^ place2/I (gf180mcu_fd_sc_mcu7t5v0__buf_2)
   1.5733    2.3539 ^ place2/Z (gf180mcu_fd_sc_mcu7t5v0__buf_2)
   0.0265    2.3804 ^ _288_/A1 (gf180mcu_fd_sc_mcu7t5v0__nand2_1)
   0.7032    3.0836 v _288_/ZN (gf180mcu_fd_sc_mcu7t5v0__nand2_1)
   0.0017    3.0853 v _291_/A3 (gf180mcu_fd_sc_mcu7t5v0__xor3_1)
   0.7338    3.8191 v _291_/Z (gf180mcu_fd_sc_mcu7t5v0__xor3_1)
   0.0003    3.8194 v _292_/A2 (gf180mcu_fd_sc_mcu7t5v0__nor2_1)
   0.2462    4.0655 ^ _292_/ZN (gf180mcu_fd_sc_mcu7t5v0__nor2_1)
   0.0001    4.0656 ^ _402_/D (gf180mcu_fd_sc_mcu7t5v0__dffq_1)
             4.0656   data arrival time

  24.0000   24.0000   clock clk (rise edge)
   0.0000   24.0000   clock network delay (ideal)
   0.0000   24.0000   clock reconvergence pessimism
            24.0000 ^ _402_/CLK (gf180mcu_fd_sc_mcu7t5v0__dffq_1)
  -0.2640   23.7360   library setup time
            23.7360   data required time
-------------------------------------------------------------
            23.7360   data required time
            -4.0656   data arrival time
-------------------------------------------------------------
            19.6704   slack (MET)


Startpoint: _395_ (rising edge-triggered flip-flop clocked by clk)
Endpoint: _396_ (rising edge-triggered flip-flop clocked by clk)
Path Group: clk
Path Type: max

    Delay      Time   Description
-------------------------------------------------------------
   0.0000    0.0000   clock clk (rise edge)
   0.0000    0.0000   clock network delay (ideal)
   0.0000    0.0000 ^ _395_/CLK (gf180mcu_fd_sc_mcu7t5v0__dffq_1)
   0.7804    0.7804 ^ _395_/Q (gf180mcu_fd_sc_mcu7t5v0__dffq_1)
   0.0002    0.7806 ^ place2/I (gf180mcu_fd_sc_mcu7t5v0__buf_2)
   1.5733    2.3539 ^ place2/Z (gf180mcu_fd_sc_mcu7t5v0__buf_2)
   0.0255    2.3794 ^ _318_/A1 (gf180mcu_fd_sc_mcu7t5v0__nand2_1)
   0.6741    3.0534 v _318_/ZN (gf180mcu_fd_sc_mcu7t5v0__nand2_1)
   0.0017    3.0551 v _321_/A3 (gf180mcu_fd_sc_mcu7t5v0__xor3_1)
   0.6872    3.7423 v _321_/Z (gf180mcu_fd_sc_mcu7t5v0__xor3_1)
   0.0001    3.7425 v _322_/A2 (gf180mcu_fd_sc_mcu7t5v0__nor2_1)
   0.2547    3.9971 ^ _322_/ZN (gf180mcu_fd_sc_mcu7t5v0__nor2_1)
   0.0001    3.9973 ^ _396_/D (gf180mcu_fd_sc_mcu7t5v0__dffq_1)
             3.9973   data arrival time

  24.0000   24.0000   clock clk (rise edge)
   0.0000   24.0000   clock network delay (ideal)
   0.0000   24.0000   clock reconvergence pessimism
            24.0000 ^ _396_/CLK (gf180mcu_fd_sc_mcu7t5v0__dffq_1)
  -0.2658   23.7342   library setup time
            23.7342   data required time
-------------------------------------------------------------
            23.7342   data required time
            -3.9973   data arrival time
-------------------------------------------------------------
            19.7369   slack (MET)


Startpoint: _395_ (rising edge-triggered flip-flop clocked by clk)
Endpoint: _410_ (rising edge-triggered flip-flop clocked by clk)
Path Group: clk
Path Type: max

    Delay      Time   Description
-------------------------------------------------------------
   0.0000    0.0000   clock clk (rise edge)
   0.0000    0.0000   clock network delay (ideal)
   0.0000    0.0000 ^ _395_/CLK (gf180mcu_fd_sc_mcu7t5v0__dffq_1)
   0.7804    0.7804 ^ _395_/Q (gf180mcu_fd_sc_mcu7t5v0__dffq_1)
   0.0002    0.7806 ^ place2/I (gf180mcu_fd_sc_mcu7t5v0__buf_2)
   1.5733    2.3539 ^ place2/Z (gf180mcu_fd_sc_mcu7t5v0__buf_2)
   0.0171    2.3710 ^ _248_/A1 (gf180mcu_fd_sc_mcu7t5v0__nand2_1)
   0.5690    2.9400 v _248_/ZN (gf180mcu_fd_sc_mcu7t5v0__nand2_1)
   0.0008    2.9408 v _251_/A3 (gf180mcu_fd_sc_mcu7t5v0__xor3_1)
   0.6629    3.6037 v _251_/Z (gf180mcu_fd_sc_mcu7t5v0__xor3_1)
   0.0001    3.6038 v _252_/A2 (gf180mcu_fd_sc_mcu7t5v0__nor2_1)
   0.2218    3.8256 ^ _252_/ZN (gf180mcu_fd_sc_mcu7t5v0__nor2_1)
   0.0001    3.8256 ^ _410_/D (gf180mcu_fd_sc_mcu7t5v0__dffq_1)
             3.8256   data arrival time

  24.0000   24.0000   clock clk (rise edge)
   0.0000   24.0000   clock network delay (ideal)
   0.0000   24.0000   clock reconvergence pessimism
            24.0000 ^ _410_/CLK (gf180mcu_fd_sc_mcu7t5v0__dffq_1)
  -0.2661   23.7339   library setup time
            23.7339   data required time
-------------------------------------------------------------
            23.7339   data required time
            -3.8256   data arrival time
-------------------------------------------------------------
            19.9083   slack (MET)


Startpoint: _395_ (rising edge-triggered flip-flop clocked by clk)
Endpoint: _419_ (rising edge-triggered flip-flop clocked by clk)
Path Group: clk
Path Type: max

    Delay      Time   Description
-------------------------------------------------------------
   0.0000    0.0000   clock clk (rise edge)
   0.0000    0.0000   clock network delay (ideal)
   0.0000    0.0000 ^ _395_/CLK (gf180mcu_fd_sc_mcu7t5v0__dffq_1)
   0.7804    0.7804 ^ _395_/Q (gf180mcu_fd_sc_mcu7t5v0__dffq_1)
   0.0002    0.7806 ^ place2/I (gf180mcu_fd_sc_mcu7t5v0__buf_2)
   1.5733    2.3539 ^ place2/Z (gf180mcu_fd_sc_mcu7t5v0__buf_2)
   0.0254    2.3793 ^ _203_/A1 (gf180mcu_fd_sc_mcu7t5v0__nand2_1)
   0.4110    2.7903 v _203_/ZN (gf180mcu_fd_sc_mcu7t5v0__nand2_1)
   0.0004    2.7906 v _206_/A3 (gf180mcu_fd_sc_mcu7t5v0__xor3_1)
   0.6667    3.4573 v _206_/Z (gf180mcu_fd_sc_mcu7t5v0__xor3_1)
   0.0003    3.4577 v _207_/A2 (gf180mcu_fd_sc_mcu7t5v0__nor2_1)
   0.3409    3.7986 ^ _207_/ZN (gf180mcu_fd_sc_mcu7t5v0__nor2_1)
   0.0003    3.7988 ^ _419_/D (gf180mcu_fd_sc_mcu7t5v0__dffq_1)
             3.7988   data arrival time

  24.0000   24.0000   clock clk (rise edge)
   0.0000   24.0000   clock network delay (ideal)
   0.0000   24.0000   clock reconvergence pessimism
            24.0000 ^ _419_/CLK (gf180mcu_fd_sc_mcu7t5v0__dffq_1)
  -0.2776   23.7224   library setup time
            23.7224   data required time
-------------------------------------------------------------
            23.7224   data required time
            -3.7988   data arrival time
-------------------------------------------------------------
            19.9236   slack (MET)


Startpoint: _395_ (rising edge-triggered flip-flop clocked by clk)
Endpoint: _405_ (rising edge-triggered flip-flop clocked by clk)
Path Group: clk
Path Type: max

    Delay      Time   Description
-------------------------------------------------------------
   0.0000    0.0000   clock clk (rise edge)
   0.0000    0.0000   clock network delay (ideal)
   0.0000    0.0000 ^ _395_/CLK (gf180mcu_fd_sc_mcu7t5v0__dffq_1)
   0.7804    0.7804 ^ _395_/Q (gf180mcu_fd_sc_mcu7t5v0__dffq_1)
   0.0002    0.7806 ^ place2/I (gf180mcu_fd_sc_mcu7t5v0__buf_2)
   1.5733    2.3539 ^ place2/Z (gf180mcu_fd_sc_mcu7t5v0__buf_2)
   0.0193    2.3731 ^ _273_/A1 (gf180mcu_fd_sc_mcu7t5v0__nand2_1)
   0.5841    2.9572 v _273_/ZN (gf180mcu_fd_sc_mcu7t5v0__nand2_1)
   0.0010    2.9582 v _276_/A3 (gf180mcu_fd_sc_mcu7t5v0__xor3_1)
   0.6500    3.6082 v _276_/Z (gf180mcu_fd_sc_mcu7t5v0__xor3_1)
   0.0001    3.6083 v _277_/A2 (gf180mcu_fd_sc_mcu7t5v0__nor2_1)
   0.1959    3.8042 ^ _277_/ZN (gf180mcu_fd_sc_mcu7t5v0__nor2_1)
   0.0000    3.8042 ^ _405_/D (gf180mcu_fd_sc_mcu7t5v0__dffq_1)
             3.8042   data arrival time

  24.0000   24.0000   clock clk (rise edge)
   0.0000   24.0000   clock network delay (ideal)
   0.0000   24.0000   clock reconvergence pessimism
            24.0000 ^ _405_/CLK (gf180mcu_fd_sc_mcu7t5v0__dffq_1)
  -0.2639   23.7361   library setup time
            23.7361   data required time
-------------------------------------------------------------
            23.7361   data required time
            -3.8042   data arrival time
-------------------------------------------------------------
            19.9319   slack (MET)


Startpoint: _395_ (rising edge-triggered flip-flop clocked by clk)
Endpoint: _409_ (rising edge-triggered flip-flop clocked by clk)
Path Group: clk
Path Type: max

    Delay      Time   Description
-------------------------------------------------------------
   0.0000    0.0000   clock clk (rise edge)
   0.0000    0.0000   clock network delay (ideal)
   0.0000    0.0000 ^ _395_/CLK (gf180mcu_fd_sc_mcu7t5v0__dffq_1)
   0.7804    0.7804 ^ _395_/Q (gf180mcu_fd_sc_mcu7t5v0__dffq_1)
   0.0002    0.7806 ^ place2/I (gf180mcu_fd_sc_mcu7t5v0__buf_2)
   1.5733    2.3539 ^ place2/Z (gf180mcu_fd_sc_mcu7t5v0__buf_2)
   0.0194    2.3733 ^ _253_/A1 (gf180mcu_fd_sc_mcu7t5v0__nand2_1)
   0.4969    2.8701 v _253_/ZN (gf180mcu_fd_sc_mcu7t5v0__nand2_1)
   0.0008    2.8709 v _256_/A3 (gf180mcu_fd_sc_mcu7t5v0__xor3_1)
   0.6557    3.5266 v _256_/Z (gf180mcu_fd_sc_mcu7t5v0__xor3_1)
   0.0001    3.5267 v _257_/A2 (gf180mcu_fd_sc_mcu7t5v0__nor2_1)
   0.2633    3.7900 ^ _257_/ZN (gf180mcu_fd_sc_mcu7t5v0__nor2_1)
   0.0001    3.7901 ^ _409_/D (gf180mcu_fd_sc_mcu7t5v0__dffq_1)
             3.7901   data arrival time

  24.0000   24.0000   clock clk (rise edge)
   0.0000   24.0000   clock network delay (ideal)
   0.0000   24.0000   clock reconvergence pessimism
            24.0000 ^ _409_/CLK (gf180mcu_fd_sc_mcu7t5v0__dffq_1)
  -0.2714   23.7286   library setup time
            23.7286   data required time
-------------------------------------------------------------
            23.7286   data required time
            -3.7901   data arrival time
-------------------------------------------------------------
            19.9385   slack (MET)


Startpoint: _395_ (rising edge-triggered flip-flop clocked by clk)
Endpoint: _406_ (rising edge-triggered flip-flop clocked by clk)
Path Group: clk
Path Type: max

    Delay      Time   Description
-------------------------------------------------------------
   0.0000    0.0000   clock clk (rise edge)
   0.0000    0.0000   clock network delay (ideal)
   0.0000    0.0000 ^ _395_/CLK (gf180mcu_fd_sc_mcu7t5v0__dffq_1)
   0.7804    0.7804 ^ _395_/Q (gf180mcu_fd_sc_mcu7t5v0__dffq_1)
   0.0002    0.7806 ^ place2/I (gf180mcu_fd_sc_mcu7t5v0__buf_2)
   1.5733    2.3539 ^ place2/Z (gf180mcu_fd_sc_mcu7t5v0__buf_2)
   0.0193    2.3732 ^ _268_/A1 (gf180mcu_fd_sc_mcu7t5v0__nand2_1)
   0.5608    2.9339 v _268_/ZN (gf180mcu_fd_sc_mcu7t5v0__nand2_1)
   0.0013    2.9352 v _271_/A3 (gf180mcu_fd_sc_mcu7t5v0__xor3_1)
   0.6448    3.5800 v _271_/Z (gf180mcu_fd_sc_mcu7t5v0__xor3_1)
   0.0001    3.5801 v _272_/A2 (gf180mcu_fd_sc_mcu7t5v0__nor2_1)
   0.2130    3.7931 ^ _272_/ZN (gf180mcu_fd_sc_mcu7t5v0__nor2_1)
   0.0000    3.7931 ^ _406_/D (gf180mcu_fd_sc_mcu7t5v0__dffq_1)
             3.7931   data arrival time

  24.0000   24.0000   clock clk (rise edge)
   0.0000   24.0000   clock network delay (ideal)
   0.0000   24.0000   clock reconvergence pessimism
            24.0000 ^ _406_/CLK (gf180mcu_fd_sc_mcu7t5v0__dffq_1)
  -0.2659   23.7341   library setup time
            23.7341   data required time
-------------------------------------------------------------
            23.7341   data required time
            -3.7931   data arrival time
-------------------------------------------------------------
            19.9410   slack (MET)


Startpoint: _395_ (rising edge-triggered flip-flop clocked by clk)
Endpoint: _403_ (rising edge-triggered flip-flop clocked by clk)
Path Group: clk
Path Type: max

    Delay      Time   Description
-------------------------------------------------------------
   0.0000    0.0000   clock clk (rise edge)
   0.0000    0.0000   clock network delay (ideal)
   0.0000    0.0000 ^ _395_/CLK (gf180mcu_fd_sc_mcu7t5v0__dffq_1)
   0.7804    0.7804 ^ _395_/Q (gf180mcu_fd_sc_mcu7t5v0__dffq_1)
   0.0002    0.7806 ^ place2/I (gf180mcu_fd_sc_mcu7t5v0__buf_2)
   1.5733    2.3539 ^ place2/Z (gf180mcu_fd_sc_mcu7t5v0__buf_2)
   0.0256    2.3795 ^ _283_/A1 (gf180mcu_fd_sc_mcu7t5v0__nand2_1)
   0.5144    2.8938 v _283_/ZN (gf180mcu_fd_sc_mcu7t5v0__nand2_1)
   0.0007    2.8946 v _286_/A3 (gf180mcu_fd_sc_mcu7t5v0__xor3_1)
   0.6331    3.5276 v _286_/Z (gf180mcu_fd_sc_mcu7t5v0__xor3_1)
   0.0001    3.5277 v _287_/A2 (gf180mcu_fd_sc_mcu7t5v0__nor2_1)
   0.2038    3.7315 ^ _287_/ZN (gf180mcu_fd_sc_mcu7t5v0__nor2_1)
   0.0000    3.7316 ^ _403_/D (gf180mcu_fd_sc_mcu7t5v0__dffq_1)
             3.7316   data arrival time

  24.0000   24.0000   clock clk (rise edge)
   0.0000   24.0000   clock network delay (ideal)
   0.0000   24.0000   clock reconvergence pessimism
            24.0000 ^ _403_/CLK (gf180mcu_fd_sc_mcu7t5v0__dffq_1)
  -0.2650   23.7350   library setup time
            23.7350   data required time
-------------------------------------------------------------
            23.7350   data required time
            -3.7316   data arrival time
-------------------------------------------------------------
            20.0034   slack (MET)


Startpoint: _395_ (rising edge-triggered flip-flop clocked by clk)
Endpoint: _412_ (rising edge-triggered flip-flop clocked by clk)
Path Group: clk
Path Type: max

    Delay      Time   Description
-------------------------------------------------------------
   0.0000    0.0000   clock clk (rise edge)
   0.0000    0.0000   clock network delay (ideal)
   0.0000    0.0000 ^ _395_/CLK (gf180mcu_fd_sc_mcu7t5v0__dffq_1)
   0.7804    0.7804 ^ _395_/Q (gf180mcu_fd_sc_mcu7t5v0__dffq_1)
   0.0002    0.7806 ^ place2/I (gf180mcu_fd_sc_mcu7t5v0__buf_2)
   1.5733    2.3539 ^ place2/Z (gf180mcu_fd_sc_mcu7t5v0__buf_2)
   0.0191    2.3730 ^ _238_/A1 (gf180mcu_fd_sc_mcu7t5v0__nand2_1)
   0.4872    2.8602 v _238_/ZN (gf180mcu_fd_sc_mcu7t5v0__nand2_1)
   0.0007    2.8609 v _241_/A3 (gf180mcu_fd_sc_mcu7t5v0__xor3_1)
   0.6404    3.5013 v _241_/Z (gf180mcu_fd_sc_mcu7t5v0__xor3_1)
   0.0001    3.5015 v _242_/A2 (gf180mcu_fd_sc_mcu7t5v0__nor2_1)
   0.2221    3.7235 ^ _242_/ZN (gf180mcu_fd_sc_mcu7t5v0__nor2_1)
   0.0001    3.7236 ^ _412_/D (gf180mcu_fd_sc_mcu7t5v0__dffq_1)
             3.7236   data arrival time

  24.0000   24.0000   clock clk (rise edge)
   0.0000   24.0000   clock network delay (ideal)
   0.0000   24.0000   clock reconvergence pessimism
            24.0000 ^ _412_/CLK (gf180mcu_fd_sc_mcu7t5v0__dffq_1)
  -0.2624   23.7376   library setup time
            23.7376   data required time
-------------------------------------------------------------
            23.7376   data required time
            -3.7236   data arrival time
-------------------------------------------------------------
            20.0140   slack (MET)


Startpoint: _395_ (rising edge-triggered flip-flop clocked by clk)
Endpoint: _407_ (rising edge-triggered flip-flop clocked by clk)
Path Group: clk
Path Type: max

    Delay      Time   Description
-------------------------------------------------------------
   0.0000    0.0000   clock clk (rise edge)
   0.0000    0.0000   clock network delay (ideal)
   0.0000    0.0000 ^ _395_/CLK (gf180mcu_fd_sc_mcu7t5v0__dffq_1)
   0.7804    0.7804 ^ _395_/Q (gf180mcu_fd_sc_mcu7t5v0__dffq_1)
   0.0002    0.7806 ^ place2/I (gf180mcu_fd_sc_mcu7t5v0__buf_2)
   1.5733    2.3539 ^ place2/Z (gf180mcu_fd_sc_mcu7t5v0__buf_2)
   0.0193    2.3732 ^ _263_/A1 (gf180mcu_fd_sc_mcu7t5v0__nand2_1)
   0.4571    2.8302 v _263_/ZN (gf180mcu_fd_sc_mcu7t5v0__nand2_1)
   0.0006    2.8308 v _266_/A3 (gf180mcu_fd_sc_mcu7t5v0__xor3_1)
   0.6285    3.4593 v _266_/Z (gf180mcu_fd_sc_mcu7t5v0__xor3_1)
   0.0001    3.4594 v _267_/A2 (gf180mcu_fd_sc_mcu7t5v0__nor2_1)
   0.2425    3.7018 ^ _267_/ZN (gf180mcu_fd_sc_mcu7t5v0__nor2_1)
   0.0001    3.7019 ^ _407_/D (gf180mcu_fd_sc_mcu7t5v0__dffq_1)
             3.7019   data arrival time

  24.0000   24.0000   clock clk (rise edge)
   0.0000   24.0000   clock network delay (ideal)
   0.0000   24.0000   clock reconvergence pessimism
            24.0000 ^ _407_/CLK (gf180mcu_fd_sc_mcu7t5v0__dffq_1)
  -0.2694   23.7305   library setup time
            23.7305   data required time
-------------------------------------------------------------
            23.7305   data required time
            -3.7019   data arrival time
-------------------------------------------------------------
            20.0286   slack (MET)


Startpoint: _395_ (rising edge-triggered flip-flop clocked by clk)
Endpoint: _434_ (rising edge-triggered flip-flop clocked by clk)
Path Group: clk
Path Type: max

    Delay      Time   Description
-------------------------------------------------------------
   0.0000    0.0000   clock clk (rise edge)
   0.0000    0.0000   clock network delay (ideal)
   0.0000    0.0000 ^ _395_/CLK (gf180mcu_fd_sc_mcu7t5v0__dffq_1)
   0.7804    0.7804 ^ _395_/Q (gf180mcu_fd_sc_mcu7t5v0__dffq_1)
   0.0002    0.7806 ^ place2/I (gf180mcu_fd_sc_mcu7t5v0__buf_2)
   1.5733    2.3539 ^ place2/Z (gf180mcu_fd_sc_mcu7t5v0__buf_2)
   0.0265    2.3804 ^ _288_/A1 (gf180mcu_fd_sc_mcu7t5v0__nand2_1)
   0.7032    3.0836 v _288_/ZN (gf180mcu_fd_sc_mcu7t5v0__nand2_1)
   0.0013    3.0849 v _356_/A1 (gf180mcu_fd_sc_mcu7t5v0__aoi211_1)
   0.5936    3.6786 ^ _356_/ZN (gf180mcu_fd_sc_mcu7t5v0__aoi211_1)
   0.0001    3.6786 ^ _434_/D (gf180mcu_fd_sc_mcu7t5v0__dffq_1)
             3.6786   data arrival time

  24.0000   24.0000   clock clk (rise edge)
   0.0000   24.0000   clock network delay (ideal)
   0.0000   24.0000   clock reconvergence pessimism
            24.0000 ^ _434_/CLK (gf180mcu_fd_sc_mcu7t5v0__dffq_1)
  -0.2920   23.7080   library setup time
            23.7080   data required time
-------------------------------------------------------------
            23.7080   data required time
            -3.6786   data arrival time
-------------------------------------------------------------
            20.0294   slack (MET)


Startpoint: _395_ (rising edge-triggered flip-flop clocked by clk)
Endpoint: _397_ (rising edge-triggered flip-flop clocked by clk)
Path Group: clk
Path Type: max

    Delay      Time   Description
-------------------------------------------------------------
   0.0000    0.0000   clock clk (rise edge)
   0.0000    0.0000   clock network delay (ideal)
   0.0000    0.0000 ^ _395_/CLK (gf180mcu_fd_sc_mcu7t5v0__dffq_1)
   0.7804    0.7804 ^ _395_/Q (gf180mcu_fd_sc_mcu7t5v0__dffq_1)
   0.0002    0.7806 ^ place2/I (gf180mcu_fd_sc_mcu7t5v0__buf_2)
   1.5733    2.3539 ^ place2/Z (gf180mcu_fd_sc_mcu7t5v0__buf_2)
   0.0139    2.3677 ^ _313_/A1 (gf180mcu_fd_sc_mcu7t5v0__nand2_1)
   0.4427    2.8104 v _313_/ZN (gf180mcu_fd_sc_mcu7t5v0__nand2_1)
   0.0005    2.8110 v _316_/A3 (gf180mcu_fd_sc_mcu7t5v0__xor3_1)
   0.6625    3.4734 v _316_/Z (gf180mcu_fd_sc_mcu7t5v0__xor3_1)
   0.0003    3.4737 v _317_/A2 (gf180mcu_fd_sc_mcu7t5v0__nor2_1)
   0.2126    3.6863 ^ _317_/ZN (gf180mcu_fd_sc_mcu7t5v0__nor2_1)
   0.0000    3.6864 ^ _397_/D (gf180mcu_fd_sc_mcu7t5v0__dffq_1)
             3.6864   data arrival time

  24.0000   24.0000   clock clk (rise edge)
   0.0000   24.0000   clock network delay (ideal)
   0.0000   24.0000   clock reconvergence pessimism
            24.0000 ^ _397_/CLK (gf180mcu_fd_sc_mcu7t5v0__dffq_1)
  -0.2611   23.7389   library setup time
            23.7389   data required time
-------------------------------------------------------------
            23.7389   data required time
            -3.6864   data arrival time
-------------------------------------------------------------
            20.0525   slack (MET)


Startpoint: _395_ (rising edge-triggered flip-flop clocked by clk)
Endpoint: _401_ (rising edge-triggered flip-flop clocked by clk)
Path Group: clk
Path Type: max

    Delay      Time   Description
-------------------------------------------------------------
   0.0000    0.0000   clock clk (rise edge)
   0.0000    0.0000   clock network delay (ideal)
   0.0000    0.0000 ^ _395_/CLK (gf180mcu_fd_sc_mcu7t5v0__dffq_1)
   0.7804    0.7804 ^ _395_/Q (gf180mcu_fd_sc_mcu7t5v0__dffq_1)
   0.0002    0.7806 ^ place2/I (gf180mcu_fd_sc_mcu7t5v0__buf_2)
   1.5733    2.3539 ^ place2/Z (gf180mcu_fd_sc_mcu7t5v0__buf_2)
   0.0264    2.3802 ^ _293_/A1 (gf180mcu_fd_sc_mcu7t5v0__nand2_1)
   0.4771    2.8573 v _293_/ZN (gf180mcu_fd_sc_mcu7t5v0__nand2_1)
   0.0006    2.8579 v _296_/A3 (gf180mcu_fd_sc_mcu7t5v0__xor3_1)
   0.6222    3.4801 v _296_/Z (gf180mcu_fd_sc_mcu7t5v0__xor3_1)
   0.0000    3.4802 v _297_/A2 (gf180mcu_fd_sc_mcu7t5v0__nor2_1)
   0.2003    3.6805 ^ _297_/ZN (gf180mcu_fd_sc_mcu7t5v0__nor2_1)
   0.0000    3.6805 ^ _401_/D (gf180mcu_fd_sc_mcu7t5v0__dffq_1)
             3.6805   data arrival time

  24.0000   24.0000   clock clk (rise edge)
   0.0000   24.0000   clock network delay (ideal)
   0.0000   24.0000   clock reconvergence pessimism
            24.0000 ^ _401_/CLK (gf180mcu_fd_sc_mcu7t5v0__dffq_1)
  -0.2602   23.7398   library setup time
            23.7398   data required time
-------------------------------------------------------------
            23.7398   data required time
            -3.6805   data arrival time
-------------------------------------------------------------
            20.0592   slack (MET)


Startpoint: _395_ (rising edge-triggered flip-flop clocked by clk)
Endpoint: _428_ (rising edge-triggered flip-flop clocked by clk)
Path Group: clk
Path Type: max

    Delay      Time   Description
-------------------------------------------------------------
   0.0000    0.0000   clock clk (rise edge)
   0.0000    0.0000   clock network delay (ideal)
   0.0000    0.0000 ^ _395_/CLK (gf180mcu_fd_sc_mcu7t5v0__dffq_1)
   0.7804    0.7804 ^ _395_/Q (gf180mcu_fd_sc_mcu7t5v0__dffq_1)
   0.0002    0.7806 ^ place2/I (gf180mcu_fd_sc_mcu7t5v0__buf_2)
   1.5733    2.3539 ^ place2/Z (gf180mcu_fd_sc_mcu7t5v0__buf_2)
   0.0255    2.3794 ^ _318_/A1 (gf180mcu_fd_sc_mcu7t5v0__nand2_1)
   0.6741    3.0534 v _318_/ZN (gf180mcu_fd_sc_mcu7t5v0__nand2_1)
   0.0017    3.0551 v _372_/A1 (gf180mcu_fd_sc_mcu7t5v0__aoi211_1)
   0.5778    3.6329 ^ _372_/ZN (gf180mcu_fd_sc_mcu7t5v0__aoi211_1)
   0.0001    3.6330 ^ _428_/D (gf180mcu_fd_sc_mcu7t5v0__dffq_1)
             3.6330   data arrival time

  24.0000   24.0000   clock clk (rise edge)
   0.0000   24.0000   clock network delay (ideal)
   0.0000   24.0000   clock reconvergence pessimism
            24.0000 ^ _428_/CLK (gf180mcu_fd_sc_mcu7t5v0__dffq_1)
  -0.2916   23.7084   library setup time
            23.7084   data required time
-------------------------------------------------------------
            23.7084   data required time
            -3.6330   data arrival time
-------------------------------------------------------------
            20.0755   slack (MET)


Startpoint: _395_ (rising edge-triggered flip-flop clocked by clk)
Endpoint: _411_ (rising edge-triggered flip-flop clocked by clk)
Path Group: clk
Path Type: max

    Delay      Time   Description
-------------------------------------------------------------
   0.0000    0.0000   clock clk (rise edge)
   0.0000    0.0000   clock network delay (ideal)
   0.0000    0.0000 ^ _395_/CLK (gf180mcu_fd_sc_mcu7t5v0__dffq_1)
   0.7804    0.7804 ^ _395_/Q (gf180mcu_fd_sc_mcu7t5v0__dffq_1)
   0.0002    0.7806 ^ place2/I (gf180mcu_fd_sc_mcu7t5v0__buf_2)
   1.5733    2.3539 ^ place2/Z (gf180mcu_fd_sc_mcu7t5v0__buf_2)
   0.0188    2.3727 ^ _243_/A1 (gf180mcu_fd_sc_mcu7t5v0__nand2_1)
   0.4321    2.8048 v _243_/ZN (gf180mcu_fd_sc_mcu7t5v0__nand2_1)
   0.0004    2.8052 v _246_/A3 (gf180mcu_fd_sc_mcu7t5v0__xor3_1)
   0.6292    3.4345 v _246_/Z (gf180mcu_fd_sc_mcu7t5v0__xor3_1)
   0.0001    3.4346 v _247_/A2 (gf180mcu_fd_sc_mcu7t5v0__nor2_1)
   0.2252    3.6598 ^ _247_/ZN (gf180mcu_fd_sc_mcu7t5v0__nor2_1)
   0.0001    3.6599 ^ _411_/D (gf180mcu_fd_sc_mcu7t5v0__dffq_1)
             3.6599   data arrival time

  24.0000   24.0000   clock clk (rise edge)
   0.0000   24.0000   clock network delay (ideal)
   0.0000   24.0000   clock reconvergence pessimism
            24.0000 ^ _411_/CLK (gf180mcu_fd_sc_mcu7t5v0__dffq_1)
  -0.2628   23.7372   library setup time
            23.7372   data required time
-------------------------------------------------------------
            23.7372   data required time
            -3.6599   data arrival time
-------------------------------------------------------------
            20.0773   slack (MET)


Startpoint: _395_ (rising edge-triggered flip-flop clocked by clk)
Endpoint: _399_ (rising edge-triggered flip-flop clocked by clk)
Path Group: clk
Path Type: max

    Delay      Time   Description
-------------------------------------------------------------
   0.0000    0.0000   clock clk (rise edge)
   0.0000    0.0000   clock network delay (ideal)
   0.0000    0.0000 ^ _395_/CLK (gf180mcu_fd_sc_mcu7t5v0__dffq_1)
   0.7804    0.7804 ^ _395_/Q (gf180mcu_fd_sc_mcu7t5v0__dffq_1)
   0.0002    0.7806 ^ place2/I (gf180mcu_fd_sc_mcu7t5v0__buf_2)
   1.5733    2.3539 ^ place2/Z (gf180mcu_fd_sc_mcu7t5v0__buf_2)
   0.0194    2.3733 ^ _303_/A1 (gf180mcu_fd_sc_mcu7t5v0__nand2_1)
   0.4392    2.8125 v _303_/ZN (gf180mcu_fd_sc_mcu7t5v0__nand2_1)
   0.0005    2.8130 v _306_/A3 (gf180mcu_fd_sc_mcu7t5v0__xor3_1)
   0.6254    3.4384 v _306_/Z (gf180mcu_fd_sc_mcu7t5v0__xor3_1)
   0.0001    3.4385 v _307_/A2 (gf180mcu_fd_sc_mcu7t5v0__nor2_1)
   0.1982    3.6367 ^ _307_/ZN (gf180mcu_fd_sc_mcu7t5v0__nor2_1)
   0.0000    3.6367 ^ _399_/D (gf180mcu_fd_sc_mcu7t5v0__dffq_1)
             3.6367   data arrival time

  24.0000   24.0000   clock clk (rise edge)
   0.0000   24.0000   clock network delay (ideal)
   0.0000   24.0000   clock reconvergence pessimism
            24.0000 ^ _399_/CLK (gf180mcu_fd_sc_mcu7t5v0__dffq_1)
  -0.2643   23.7357   library setup time
            23.7357   data required time
-------------------------------------------------------------
            23.7357   data required time
            -3.6367   data arrival time
-------------------------------------------------------------
            20.0990   slack (MET)


Startpoint: _395_ (rising edge-triggered flip-flop clocked by clk)
Endpoint: _418_ (rising edge-triggered flip-flop clocked by clk)
Path Group: clk
Path Type: max

    Delay      Time   Description
-------------------------------------------------------------
   0.0000    0.0000   clock clk (rise edge)
   0.0000    0.0000   clock network delay (ideal)
   0.0000    0.0000 ^ _395_/CLK (gf180mcu_fd_sc_mcu7t5v0__dffq_1)
   0.7804    0.7804 ^ _395_/Q (gf180mcu_fd_sc_mcu7t5v0__dffq_1)
   0.0002    0.7806 ^ place2/I (gf180mcu_fd_sc_mcu7t5v0__buf_2)
   1.5733    2.3539 ^ place2/Z (gf180mcu_fd_sc_mcu7t5v0__buf_2)
   0.0045    2.3584 ^ _208_/A1 (gf180mcu_fd_sc_mcu7t5v0__nand2_1)
   0.3886    2.7470 v _208_/ZN (gf180mcu_fd_sc_mcu7t5v0__nand2_1)
   0.0003    2.7473 v _211_/A3 (gf180mcu_fd_sc_mcu7t5v0__xor3_1)
   0.6696    3.4169 v _211_/Z (gf180mcu_fd_sc_mcu7t5v0__xor3_1)
   0.0005    3.4174 v _212_/A2 (gf180mcu_fd_sc_mcu7t5v0__nor2_1)
   0.2217    3.6391 ^ _212_/ZN (gf180mcu_fd_sc_mcu7t5v0__nor2_1)
   0.0001    3.6392 ^ _418_/D (gf180mcu_fd_sc_mcu7t5v0__dffq_1)
             3.6392   data arrival time

  24.0000   24.0000   clock clk (rise edge)
   0.0000   24.0000   clock network delay (ideal)
   0.0000   24.0000   clock reconvergence pessimism
            24.0000 ^ _418_/CLK (gf180mcu_fd_sc_mcu7t5v0__dffq_1)
  -0.2617   23.7383   library setup time
            23.7383   data required time
-------------------------------------------------------------
            23.7383   data required time
            -3.6392   data arrival time
-------------------------------------------------------------
            20.0992   slack (MET)


Startpoint: _395_ (rising edge-triggered flip-flop clocked by clk)
Endpoint: _398_ (rising edge-triggered flip-flop clocked by clk)
Path Group: clk
Path Type: max

    Delay      Time   Description
-------------------------------------------------------------
   0.0000    0.0000   clock clk (rise edge)
   0.0000    0.0000   clock network delay (ideal)
   0.0000    0.0000 ^ _395_/CLK (gf180mcu_fd_sc_mcu7t5v0__dffq_1)
   0.7804    0.7804 ^ _395_/Q (gf180mcu_fd_sc_mcu7t5v0__dffq_1)
   0.0002    0.7806 ^ place2/I (gf180mcu_fd_sc_mcu7t5v0__buf_2)
   1.5733    2.3539 ^ place2/Z (gf180mcu_fd_sc_mcu7t5v0__buf_2)
   0.0194    2.3732 ^ _308_/A1 (gf180mcu_fd_sc_mcu7t5v0__nand2_1)
   0.3850    2.7582 v _308_/ZN (gf180mcu_fd_sc_mcu7t5v0__nand2_1)
   0.0001    2.7584 v _311_/A3 (gf180mcu_fd_sc_mcu7t5v0__xor3_1)
   0.6541    3.4125 v _311_/Z (gf180mcu_fd_sc_mcu7t5v0__xor3_1)
   0.0003    3.4127 v _312_/A2 (gf180mcu_fd_sc_mcu7t5v0__nor2_1)
   0.2209    3.6336 ^ _312_/ZN (gf180mcu_fd_sc_mcu7t5v0__nor2_1)
   0.0001    3.6337 ^ _398_/D (gf180mcu_fd_sc_mcu7t5v0__dffq_1)
             3.6337   data arrival time

  24.0000   24.0000   clock clk (rise edge)
   0.0000   24.0000   clock network delay (ideal)
   0.0000   24.0000   clock reconvergence pessimism
            24.0000 ^ _398_/CLK (gf180mcu_fd_sc_mcu7t5v0__dffq_1)
  -0.2617   23.7383   library setup time
            23.7383   data required time
-------------------------------------------------------------
            23.7383   data required time
            -3.6337   data arrival time
-------------------------------------------------------------
            20.1046   slack (MET)


Startpoint: _395_ (rising edge-triggered flip-flop clocked by clk)
Endpoint: _413_ (rising edge-triggered flip-flop clocked by clk)
Path Group: clk
Path Type: max

    Delay      Time   Description
-------------------------------------------------------------
   0.0000    0.0000   clock clk (rise edge)
   0.0000    0.0000   clock network delay (ideal)
   0.0000    0.0000 ^ _395_/CLK (gf180mcu_fd_sc_mcu7t5v0__dffq_1)
   0.7804    0.7804 ^ _395_/Q (gf180mcu_fd_sc_mcu7t5v0__dffq_1)
   0.0002    0.7806 ^ place2/I (gf180mcu_fd_sc_mcu7t5v0__buf_2)
   1.5733    2.3539 ^ place2/Z (gf180mcu_fd_sc_mcu7t5v0__buf_2)
   0.0157    2.3696 ^ _233_/A1 (gf180mcu_fd_sc_mcu7t5v0__nand2_1)
   0.4280    2.7976 v _233_/ZN (gf180mcu_fd_sc_mcu7t5v0__nand2_1)
   0.0005    2.7981 v _236_/A3 (gf180mcu_fd_sc_mcu7t5v0__xor3_1)
   0.6256    3.4237 v _236_/Z (gf180mcu_fd_sc_mcu7t5v0__xor3_1)
   0.0001    3.4239 v _237_/A2 (gf180mcu_fd_sc_mcu7t5v0__nor2_1)
   0.1958    3.6197 ^ _237_/ZN (gf180mcu_fd_sc_mcu7t5v0__nor2_1)
   0.0000    3.6197 ^ _413_/D (gf180mcu_fd_sc_mcu7t5v0__dffq_1)
             3.6197   data arrival time

  24.0000   24.0000   clock clk (rise edge)
   0.0000   24.0000   clock network delay (ideal)
   0.0000   24.0000   clock reconvergence pessimism
            24.0000 ^ _413_/CLK (gf180mcu_fd_sc_mcu7t5v0__dffq_1)
  -0.2597   23.7403   library setup time
            23.7403   data required time
-------------------------------------------------------------
            23.7403   data required time
            -3.6197   data arrival time
-------------------------------------------------------------
            20.1206   slack (MET)


Startpoint: _395_ (rising edge-triggered flip-flop clocked by clk)
Endpoint: _404_ (rising edge-triggered flip-flop clocked by clk)
Path Group: clk
Path Type: max

    Delay      Time   Description
-------------------------------------------------------------
   0.0000    0.0000   clock clk (rise edge)
   0.0000    0.0000   clock network delay (ideal)
   0.0000    0.0000 ^ _395_/CLK (gf180mcu_fd_sc_mcu7t5v0__dffq_1)
   0.7804    0.7804 ^ _395_/Q (gf180mcu_fd_sc_mcu7t5v0__dffq_1)
   0.0002    0.7806 ^ place2/I (gf180mcu_fd_sc_mcu7t5v0__buf_2)
   1.5733    2.3539 ^ place2/Z (gf180mcu_fd_sc_mcu7t5v0__buf_2)
   0.0196    2.3735 ^ _278_/A1 (gf180mcu_fd_sc_mcu7t5v0__nand2_1)
   0.4283    2.8018 v _278_/ZN (gf180mcu_fd_sc_mcu7t5v0__nand2_1)
   0.0006    2.8024 v _281_/A3 (gf180mcu_fd_sc_mcu7t5v0__xor3_1)
   0.6182    3.4206 v _281_/Z (gf180mcu_fd_sc_mcu7t5v0__xor3_1)
   0.0001    3.4207 v _282_/A2 (gf180mcu_fd_sc_mcu7t5v0__nor2_1)
   0.1913    3.6120 ^ _282_/ZN (gf180mcu_fd_sc_mcu7t5v0__nor2_1)
   0.0000    3.6120 ^ _404_/D (gf180mcu_fd_sc_mcu7t5v0__dffq_1)
             3.6120   data arrival time

  24.0000   24.0000   clock clk (rise edge)
   0.0000   24.0000   clock network delay (ideal)
   0.0000   24.0000   clock reconvergence pessimism
            24.0000 ^ _404_/CLK (gf180mcu_fd_sc_mcu7t5v0__dffq_1)
  -0.2636   23.7364   library setup time
            23.7364   data required time
-------------------------------------------------------------
            23.7364   data required time
            -3.6120   data arrival time
-------------------------------------------------------------
            20.1244   slack (MET)


Startpoint: _395_ (rising edge-triggered flip-flop clocked by clk)
Endpoint: _420_ (rising edge-triggered flip-flop clocked by clk)
Path Group: clk
Path Type: max

    Delay      Time   Description
-------------------------------------------------------------
   0.0000    0.0000   clock clk (rise edge)
   0.0000    0.0000   clock network delay (ideal)
   0.0000    0.0000 ^ _395_/CLK (gf180mcu_fd_sc_mcu7t5v0__dffq_1)
   0.7804    0.7804 ^ _395_/Q (gf180mcu_fd_sc_mcu7t5v0__dffq_1)
   0.0002    0.7806 ^ place2/I (gf180mcu_fd_sc_mcu7t5v0__buf_2)
   1.5733    2.3539 ^ place2/Z (gf180mcu_fd_sc_mcu7t5v0__buf_2)
   0.0253    2.3792 ^ _198_/A1 (gf180mcu_fd_sc_mcu7t5v0__nand2_1)
   0.3647    2.7439 v _198_/ZN (gf180mcu_fd_sc_mcu7t5v0__nand2_1)
   0.0004    2.7443 v _201_/A3 (gf180mcu_fd_sc_mcu7t5v0__xor3_1)
   0.6027    3.3470 v _201_/Z (gf180mcu_fd_sc_mcu7t5v0__xor3_1)
   0.0001    3.3471 v _202_/A2 (gf180mcu_fd_sc_mcu7t5v0__nor2_1)
   0.2280    3.5752 ^ _202_/ZN (gf180mcu_fd_sc_mcu7t5v0__nor2_1)
   0.0001    3.5753 ^ _420_/D (gf180mcu_fd_sc_mcu7t5v0__dffq_1)
             3.5753   data arrival time

  24.0000   24.0000   clock clk (rise edge)
   0.0000   24.0000   clock network delay (ideal)
   0.0000   24.0000   clock reconvergence pessimism
            24.0000 ^ _420_/CLK (gf180mcu_fd_sc_mcu7t5v0__dffq_1)
  -0.2633   23.7367   library setup time
            23.7367   data required time
-------------------------------------------------------------
            23.7367   data required time
            -3.5753   data arrival time
-------------------------------------------------------------
            20.1614   slack (MET)


Startpoint: _395_ (rising edge-triggered flip-flop clocked by clk)
Endpoint: _416_ (rising edge-triggered flip-flop clocked by clk)
Path Group: clk
Path Type: max

    Delay      Time   Description
-------------------------------------------------------------
   0.0000    0.0000   clock clk (rise edge)
   0.0000    0.0000   clock network delay (ideal)
   0.0000    0.0000 ^ _395_/CLK (gf180mcu_fd_sc_mcu7t5v0__dffq_1)
   0.7804    0.7804 ^ _395_/Q (gf180mcu_fd_sc_mcu7t5v0__dffq_1)
   0.0002    0.7806 ^ place2/I (gf180mcu_fd_sc_mcu7t5v0__buf_2)
   1.5733    2.3539 ^ place2/Z (gf180mcu_fd_sc_mcu7t5v0__buf_2)
   0.0043    2.3582 ^ _218_/A1 (gf180mcu_fd_sc_mcu7t5v0__nand2_1)
   0.3771    2.7352 v _218_/ZN (gf180mcu_fd_sc_mcu7t5v0__nand2_1)
   0.0003    2.7355 v _221_/A3 (gf180mcu_fd_sc_mcu7t5v0__xor3_1)
   0.6081    3.3436 v _221_/Z (gf180mcu_fd_sc_mcu7t5v0__xor3_1)
   0.0001    3.3437 v _222_/A2 (gf180mcu_fd_sc_mcu7t5v0__nor2_1)
   0.2279    3.5717 ^ _222_/ZN (gf180mcu_fd_sc_mcu7t5v0__nor2_1)
   0.0001    3.5717 ^ _416_/D (gf180mcu_fd_sc_mcu7t5v0__dffq_1)
             3.5717   data arrival time

  24.0000   24.0000   clock clk (rise edge)
   0.0000   24.0000   clock network delay (ideal)
   0.0000   24.0000   clock reconvergence pessimism
            24.0000 ^ _416_/CLK (gf180mcu_fd_sc_mcu7t5v0__dffq_1)
  -0.2633   23.7367   library setup time
            23.7367   data required time
-------------------------------------------------------------
            23.7367   data required time
            -3.5717   data arrival time
-------------------------------------------------------------
            20.1650   slack (MET)


Startpoint: _395_ (rising edge-triggered flip-flop clocked by clk)
Endpoint: _417_ (rising edge-triggered flip-flop clocked by clk)
Path Group: clk
Path Type: max

    Delay      Time   Description
-------------------------------------------------------------
   0.0000    0.0000   clock clk (rise edge)
   0.0000    0.0000   clock network delay (ideal)
   0.0000    0.0000 ^ _395_/CLK (gf180mcu_fd_sc_mcu7t5v0__dffq_1)
   0.7804    0.7804 ^ _395_/Q (gf180mcu_fd_sc_mcu7t5v0__dffq_1)
   0.0002    0.7806 ^ place2/I (gf180mcu_fd_sc_mcu7t5v0__buf_2)
   1.5733    2.3539 ^ place2/Z (gf180mcu_fd_sc_mcu7t5v0__buf_2)
   0.0044    2.3583 ^ _213_/A1 (gf180mcu_fd_sc_mcu7t5v0__nand2_1)
   0.4035    2.7619 v _213_/ZN (gf180mcu_fd_sc_mcu7t5v0__nand2_1)
   0.0005    2.7623 v _216_/A3 (gf180mcu_fd_sc_mcu7t5v0__xor3_1)
   0.6128    3.3752 v _216_/Z (gf180mcu_fd_sc_mcu7t5v0__xor3_1)
   0.0001    3.3753 v _217_/A2 (gf180mcu_fd_sc_mcu7t5v0__nor2_1)
   0.1912    3.5664 ^ _217_/ZN (gf180mcu_fd_sc_mcu7t5v0__nor2_1)
   0.0000    3.5665 ^ _417_/D (gf180mcu_fd_sc_mcu7t5v0__dffq_1)
             3.5665   data arrival time

  24.0000   24.0000   clock clk (rise edge)
   0.0000   24.0000   clock network delay (ideal)
   0.0000   24.0000   clock reconvergence pessimism
            24.0000 ^ _417_/CLK (gf180mcu_fd_sc_mcu7t5v0__dffq_1)
  -0.2593   23.7407   library setup time
            23.7407   data required time
-------------------------------------------------------------
            23.7407   data required time
            -3.5665   data arrival time
-------------------------------------------------------------
            20.1742   slack (MET)


Startpoint: _395_ (rising edge-triggered flip-flop clocked by clk)
Endpoint: _408_ (rising edge-triggered flip-flop clocked by clk)
Path Group: clk
Path Type: max

    Delay      Time   Description
-------------------------------------------------------------
   0.0000    0.0000   clock clk (rise edge)
   0.0000    0.0000   clock network delay (ideal)
   0.0000    0.0000 ^ _395_/CLK (gf180mcu_fd_sc_mcu7t5v0__dffq_1)
   0.7804    0.7804 ^ _395_/Q (gf180mcu_fd_sc_mcu7t5v0__dffq_1)
   0.0002    0.7806 ^ place2/I (gf180mcu_fd_sc_mcu7t5v0__buf_2)
   1.5733    2.3539 ^ place2/Z (gf180mcu_fd_sc_mcu7t5v0__buf_2)
   0.0196    2.3735 ^ _258_/A1 (gf180mcu_fd_sc_mcu7t5v0__nand2_1)
   0.3526    2.7261 v _258_/ZN (gf180mcu_fd_sc_mcu7t5v0__nand2_1)
   0.0001    2.7263 v _261_/A3 (gf180mcu_fd_sc_mcu7t5v0__xor3_1)
   0.6148    3.3411 v _261_/Z (gf180mcu_fd_sc_mcu7t5v0__xor3_1)
   0.0001    3.3412 v _262_/A2 (gf180mcu_fd_sc_mcu7t5v0__nor2_1)
   0.2176    3.5588 ^ _262_/ZN (gf180mcu_fd_sc_mcu7t5v0__nor2_1)
   0.0000    3.5589 ^ _408_/D (gf180mcu_fd_sc_mcu7t5v0__dffq_1)
             3.5589   data arrival time

  24.0000   24.0000   clock clk (rise edge)
   0.0000   24.0000   clock network delay (ideal)
   0.0000   24.0000   clock reconvergence pessimism
            24.0000 ^ _408_/CLK (gf180mcu_fd_sc_mcu7t5v0__dffq_1)
  -0.2663   23.7337   library setup time
            23.7337   data required time
-------------------------------------------------------------
            23.7337   data required time
            -3.5589   data arrival time
-------------------------------------------------------------
            20.1749   slack (MET)


Startpoint: _395_ (rising edge-triggered flip-flop clocked by clk)
Endpoint: _400_ (rising edge-triggered flip-flop clocked by clk)
Path Group: clk
Path Type: max

    Delay      Time   Description
-------------------------------------------------------------
   0.0000    0.0000   clock clk (rise edge)
   0.0000    0.0000   clock network delay (ideal)
   0.0000    0.0000 ^ _395_/CLK (gf180mcu_fd_sc_mcu7t5v0__dffq_1)
   0.7804    0.7804 ^ _395_/Q (gf180mcu_fd_sc_mcu7t5v0__dffq_1)
   0.0002    0.7806 ^ place2/I (gf180mcu_fd_sc_mcu7t5v0__buf_2)
   1.5733    2.3539 ^ place2/Z (gf180mcu_fd_sc_mcu7t5v0__buf_2)
   0.0256    2.3795 ^ _298_/A1 (gf180mcu_fd_sc_mcu7t5v0__nand2_1)
   0.3742    2.7537 v _298_/ZN (gf180mcu_fd_sc_mcu7t5v0__nand2_1)
   0.0004    2.7540 v _301_/A3 (gf180mcu_fd_sc_mcu7t5v0__xor3_1)
   0.6145    3.3686 v _301_/Z (gf180mcu_fd_sc_mcu7t5v0__xor3_1)
   0.0001    3.3687 v _302_/A2 (gf180mcu_fd_sc_mcu7t5v0__nor2_1)
   0.1894    3.5581 ^ _302_/ZN (gf180mcu_fd_sc_mcu7t5v0__nor2_1)
   0.0000    3.5581 ^ _400_/D (gf180mcu_fd_sc_mcu7t5v0__dffq_1)
             3.5581   data arrival time

  24.0000   24.0000   clock clk (rise edge)
   0.0000   24.0000   clock network delay (ideal)
   0.0000   24.0000   clock reconvergence pessimism
            24.0000 ^ _400_/CLK (gf180mcu_fd_sc_mcu7t5v0__dffq_1)
  -0.2631   23.7369   library setup time
            23.7369   data required time
-------------------------------------------------------------
            23.7369   data required time
            -3.5581   data arrival time
-------------------------------------------------------------
            20.1788   slack (MET)


Startpoint: _395_ (rising edge-triggered flip-flop clocked by clk)
Endpoint: _415_ (rising edge-triggered flip-flop clocked by clk)
Path Group: clk
Path Type: max

    Delay      Time   Description
-------------------------------------------------------------
   0.0000    0.0000   clock clk (rise edge)
   0.0000    0.0000   clock network delay (ideal)
   0.0000    0.0000 ^ _395_/CLK (gf180mcu_fd_sc_mcu7t5v0__dffq_1)
   0.7804    0.7804 ^ _395_/Q (gf180mcu_fd_sc_mcu7t5v0__dffq_1)
   0.0002    0.7806 ^ place2/I (gf180mcu_fd_sc_mcu7t5v0__buf_2)
   1.5733    2.3539 ^ place2/Z (gf180mcu_fd_sc_mcu7t5v0__buf_2)
   0.0030    2.3569 ^ _223_/A1 (gf180mcu_fd_sc_mcu7t5v0__nand2_1)
   0.4052    2.7621 v _223_/ZN (gf180mcu_fd_sc_mcu7t5v0__nand2_1)
   0.0004    2.7625 v _226_/A3 (gf180mcu_fd_sc_mcu7t5v0__xor3_1)
   0.6076    3.3701 v _226_/Z (gf180mcu_fd_sc_mcu7t5v0__xor3_1)
   0.0001    3.3701 v _227_/A2 (gf180mcu_fd_sc_mcu7t5v0__nor2_1)
   0.1882    3.5583 ^ _227_/ZN (gf180mcu_fd_sc_mcu7t5v0__nor2_1)
   0.0000    3.5584 ^ _415_/D (gf180mcu_fd_sc_mcu7t5v0__dffq_1)
             3.5584   data arrival time

  24.0000   24.0000   clock clk (rise edge)
   0.0000   24.0000   clock network delay (ideal)
   0.0000   24.0000   clock reconvergence pessimism
            24.0000 ^ _415_/CLK (gf180mcu_fd_sc_mcu7t5v0__dffq_1)
  -0.2590   23.7410   library setup time
            23.7410   data required time
-------------------------------------------------------------
            23.7410   data required time
            -3.5584   data arrival time
-------------------------------------------------------------
            20.1826   slack (MET)


Startpoint: _395_ (rising edge-triggered flip-flop clocked by clk)
Endpoint: _414_ (rising edge-triggered flip-flop clocked by clk)
Path Group: clk
Path Type: max

    Delay      Time   Description
-------------------------------------------------------------
   0.0000    0.0000   clock clk (rise edge)
   0.0000    0.0000   clock network delay (ideal)
   0.0000    0.0000 ^ _395_/CLK (gf180mcu_fd_sc_mcu7t5v0__dffq_1)
   0.7804    0.7804 ^ _395_/Q (gf180mcu_fd_sc_mcu7t5v0__dffq_1)
   0.0002    0.7806 ^ place2/I (gf180mcu_fd_sc_mcu7t5v0__buf_2)
   1.5733    2.3539 ^ place2/Z (gf180mcu_fd_sc_mcu7t5v0__buf_2)
   0.0063    2.3602 ^ _228_/A1 (gf180mcu_fd_sc_mcu7t5v0__nand2_1)
   0.3648    2.7250 v _228_/ZN (gf180mcu_fd_sc_mcu7t5v0__nand2_1)
   0.0001    2.7251 v _231_/A3 (gf180mcu_fd_sc_mcu7t5v0__xor3_1)
   0.6017    3.3269 v _231_/Z (gf180mcu_fd_sc_mcu7t5v0__xor3_1)
   0.0001    3.3270 v _232_/A2 (gf180mcu_fd_sc_mcu7t5v0__nor2_1)
   0.1902    3.5171 ^ _232_/ZN (gf180mcu_fd_sc_mcu7t5v0__nor2_1)
   0.0000    3.5172 ^ _414_/D (gf180mcu_fd_sc_mcu7t5v0__dffq_1)
             3.5172   data arrival time

  24.0000   24.0000   clock clk (rise edge)
   0.0000   24.0000   clock network delay (ideal)
   0.0000   24.0000   clock reconvergence pessimism
            24.0000 ^ _414_/CLK (gf180mcu_fd_sc_mcu7t5v0__dffq_1)
  -0.2592   23.7408   library setup time
            23.7408   data required time
-------------------------------------------------------------
            23.7408   data required time
            -3.5172   data arrival time
-------------------------------------------------------------
            20.2237   slack (MET)


Startpoint: _395_ (rising edge-triggered flip-flop clocked by clk)
Endpoint: _442_ (rising edge-triggered flip-flop clocked by clk)
Path Group: clk
Path Type: max

    Delay      Time   Description
-------------------------------------------------------------
   0.0000    0.0000   clock clk (rise edge)
   0.0000    0.0000   clock network delay (ideal)
   0.0000    0.0000 ^ _395_/CLK (gf180mcu_fd_sc_mcu7t5v0__dffq_1)
   0.7804    0.7804 ^ _395_/Q (gf180mcu_fd_sc_mcu7t5v0__dffq_1)
   0.0002    0.7806 ^ place2/I (gf180mcu_fd_sc_mcu7t5v0__buf_2)
   1.5733    2.3539 ^ place2/Z (gf180mcu_fd_sc_mcu7t5v0__buf_2)
   0.0171    2.3710 ^ _248_/A1 (gf180mcu_fd_sc_mcu7t5v0__nand2_1)
   0.5690    2.9400 v _248_/ZN (gf180mcu_fd_sc_mcu7t5v0__nand2_1)
   0.0007    2.9407 v _348_/A1 (gf180mcu_fd_sc_mcu7t5v0__aoi211_1)
   0.5379    3.4786 ^ _348_/ZN (gf180mcu_fd_sc_mcu7t5v0__aoi211_1)
   0.0001    3.4787 ^ _442_/D (gf180mcu_fd_sc_mcu7t5v0__dffq_1)
             3.4787   data arrival time

  24.0000   24.0000   clock clk (rise edge)
   0.0000   24.0000   clock network delay (ideal)
   0.0000   24.0000   clock reconvergence pessimism
            24.0000 ^ _442_/CLK (gf180mcu_fd_sc_mcu7t5v0__dffq_1)
  -0.2921   23.7079   library setup time
            23.7079   data required time
-------------------------------------------------------------
            23.7079   data required time
            -3.4787   data arrival time
-------------------------------------------------------------
            20.2291   slack (MET)


Startpoint: _395_ (rising edge-triggered flip-flop clocked by clk)
Endpoint: _438_ (rising edge-triggered flip-flop clocked by clk)
Path Group: clk
Path Type: max

    Delay      Time   Description
-------------------------------------------------------------
   0.0000    0.0000   clock clk (rise edge)
   0.0000    0.0000   clock network delay (ideal)
   0.0000    0.0000 ^ _395_/CLK (gf180mcu_fd_sc_mcu7t5v0__dffq_1)
   0.7804    0.7804 ^ _395_/Q (gf180mcu_fd_sc_mcu7t5v0__dffq_1)
   0.0002    0.7806 ^ place2/I (gf180mcu_fd_sc_mcu7t5v0__buf_2)
   1.5733    2.3539 ^ place2/Z (gf180mcu_fd_sc_mcu7t5v0__buf_2)
   0.0193    2.3732 ^ _268_/A1 (gf180mcu_fd_sc_mcu7t5v0__nand2_1)
   0.5608    2.9339 v _268_/ZN (gf180mcu_fd_sc_mcu7t5v0__nand2_1)
   0.0011    2.9351 v _352_/A1 (gf180mcu_fd_sc_mcu7t5v0__aoi211_1)
   0.5195    3.4546 ^ _352_/ZN (gf180mcu_fd_sc_mcu7t5v0__aoi211_1)
   0.0001    3.4547 ^ _438_/D (gf180mcu_fd_sc_mcu7t5v0__dffq_1)
             3.4547   data arrival time

  24.0000   24.0000   clock clk (rise edge)
   0.0000   24.0000   clock network delay (ideal)
   0.0000   24.0000   clock reconvergence pessimism
            24.0000 ^ _438_/CLK (gf180mcu_fd_sc_mcu7t5v0__dffq_1)
  -0.2908   23.7092   library setup time
            23.7092   data required time
-------------------------------------------------------------
            23.7092   data required time
            -3.4547   data arrival time
-------------------------------------------------------------
            20.2545   slack (MET)


Startpoint: _395_ (rising edge-triggered flip-flop clocked by clk)
Endpoint: _437_ (rising edge-triggered flip-flop clocked by clk)
Path Group: clk
Path Type: max

    Delay      Time   Description
-------------------------------------------------------------
   0.0000    0.0000   clock clk (rise edge)
   0.0000    0.0000   clock network delay (ideal)
   0.0000    0.0000 ^ _395_/CLK (gf180mcu_fd_sc_mcu7t5v0__dffq_1)
   0.7804    0.7804 ^ _395_/Q (gf180mcu_fd_sc_mcu7t5v0__dffq_1)
   0.0002    0.7806 ^ place2/I (gf180mcu_fd_sc_mcu7t5v0__buf_2)
   1.5733    2.3539 ^ place2/Z (gf180mcu_fd_sc_mcu7t5v0__buf_2)
   0.0193    2.3731 ^ _273_/A1 (gf180mcu_fd_sc_mcu7t5v0__nand2_1)
   0.5841    2.9572 v _273_/ZN (gf180mcu_fd_sc_mcu7t5v0__nand2_1)
   0.0010    2.9582 v _353_/A1 (gf180mcu_fd_sc_mcu7t5v0__aoi211_1)
   0.4813    3.4395 ^ _353_/ZN (gf180mcu_fd_sc_mcu7t5v0__aoi211_1)
   0.0000    3.4396 ^ _437_/D (gf180mcu_fd_sc_mcu7t5v0__dffq_1)
             3.4396   data arrival time

  24.0000   24.0000   clock clk (rise edge)
   0.0000   24.0000   clock network delay (ideal)
   0.0000   24.0000   clock reconvergence pessimism
            24.0000 ^ _437_/CLK (gf180mcu_fd_sc_mcu7t5v0__dffq_1)
  -0.2842   23.7158   library setup time
            23.7158   data required time
-------------------------------------------------------------
            23.7158   data required time
            -3.4396   data arrival time
-------------------------------------------------------------
            20.2762   slack (MET)


Startpoint: _395_ (rising edge-triggered flip-flop clocked by clk)
Endpoint: _435_ (rising edge-triggered flip-flop clocked by clk)
Path Group: clk
Path Type: max

    Delay      Time   Description
-------------------------------------------------------------
   0.0000    0.0000   clock clk (rise edge)
   0.0000    0.0000   clock network delay (ideal)
   0.0000    0.0000 ^ _395_/CLK (gf180mcu_fd_sc_mcu7t5v0__dffq_1)
   0.7804    0.7804 ^ _395_/Q (gf180mcu_fd_sc_mcu7t5v0__dffq_1)
   0.0002    0.7806 ^ place2/I (gf180mcu_fd_sc_mcu7t5v0__buf_2)
   1.5733    2.3539 ^ place2/Z (gf180mcu_fd_sc_mcu7t5v0__buf_2)
   0.0256    2.3795 ^ _283_/A1 (gf180mcu_fd_sc_mcu7t5v0__nand2_1)
   0.5144    2.8938 v _283_/ZN (gf180mcu_fd_sc_mcu7t5v0__nand2_1)
   0.0006    2.8945 v _355_/A1 (gf180mcu_fd_sc_mcu7t5v0__aoi211_1)
   0.5215    3.4160 ^ _355_/ZN (gf180mcu_fd_sc_mcu7t5v0__aoi211_1)
   0.0001    3.4161 ^ _435_/D (gf180mcu_fd_sc_mcu7t5v0__dffq_1)
             3.4161   data arrival time

  24.0000   24.0000   clock clk (rise edge)
   0.0000   24.0000   clock network delay (ideal)
   0.0000   24.0000   clock reconvergence pessimism
            24.0000 ^ _435_/CLK (gf180mcu_fd_sc_mcu7t5v0__dffq_1)
  -0.2909   23.7091   library setup time
            23.7091   data required time
-------------------------------------------------------------
            23.7091   data required time
            -3.4161   data arrival time
-------------------------------------------------------------
            20.2930   slack (MET)


Startpoint: _395_ (rising edge-triggered flip-flop clocked by clk)
Endpoint: _433_ (rising edge-triggered flip-flop clocked by clk)
Path Group: clk
Path Type: max

    Delay      Time   Description
-------------------------------------------------------------
   0.0000    0.0000   clock clk (rise edge)
   0.0000    0.0000   clock network delay (ideal)
   0.0000    0.0000 ^ _395_/CLK (gf180mcu_fd_sc_mcu7t5v0__dffq_1)
   0.7804    0.7804 ^ _395_/Q (gf180mcu_fd_sc_mcu7t5v0__dffq_1)
   0.0002    0.7806 ^ place2/I (gf180mcu_fd_sc_mcu7t5v0__buf_2)
   1.5733    2.3539 ^ place2/Z (gf180mcu_fd_sc_mcu7t5v0__buf_2)
   0.0264    2.3802 ^ _293_/A1 (gf180mcu_fd_sc_mcu7t5v0__nand2_1)
   0.4771    2.8573 v _293_/ZN (gf180mcu_fd_sc_mcu7t5v0__nand2_1)
   0.0005    2.8578 v _357_/A1 (gf180mcu_fd_sc_mcu7t5v0__aoi211_1)
   0.5581    3.4159 ^ _357_/ZN (gf180mcu_fd_sc_mcu7t5v0__aoi211_1)
   0.0001    3.4160 ^ _433_/D (gf180mcu_fd_sc_mcu7t5v0__dffq_1)
             3.4160   data arrival time

  24.0000   24.0000   clock clk (rise edge)
   0.0000   24.0000   clock network delay (ideal)
   0.0000   24.0000   clock reconvergence pessimism
            24.0000 ^ _433_/CLK (gf180mcu_fd_sc_mcu7t5v0__dffq_1)
  -0.2906   23.7094   library setup time
            23.7094   data required time
-------------------------------------------------------------
            23.7094   data required time
            -3.4160   data arrival time
-------------------------------------------------------------
            20.2933   slack (MET)


