# Aging-corner STA — emitted by phase3_one_shot_runner (TAPEOUT-SIGNOFF).
# Tool: OpenSTA (sta). This is a REAL STA run with an AGING set_timing_derate
# late=1.1000 applied BEYOND the fresh-silicon OCV, to model NBTI/PBTI/HCI
# transistor Vt-drift over lifetime. The worst-slack number below is tool-produced.
# DISCLOSURE: sky130/gf180 ship NO foundry aging Liberty, so the aging derate is a
# DOCUMENTED GENERIC MARGIN (a disclosed assumption), NOT a foundry aging-corner number.
# STA_BASIS: POST_ROUTE_SPEF
# STA_BASIS_NETLIST: spm_pnr.v
# STA_BASIS_SPEF: spm.max.spef (max-RC / late-path corner)
# STA_BASIS_LIBERTY: sky130_fd_sc_hd__ss_100C_1v60.lib (SS)
# routed netlist spm_pnr.v + extracted parasitics (*->spm.spef, FF->spm.min.spef, SS->spm.max.spef, TT->spm.nom.spef) — post-route multi-corner timing; each liberty corner is annotated with its own RC corner where one was extracted, else the nominal extraction
# aging nbti pbti hci lifetime end-of-life eol degradation vt-shift (evidence tokens)
#
OpenSTA 2.7.0 f21d4a3878 Copyright (c) 2026, Parallax Software, Inc.
License GPLv3: GNU GPL version 3 <http://gnu.org/licenses/gpl.html>

This is free software, and you are free to change and redistribute it
under certain conditions; type `show_copying' for details. 
This program comes with ABSOLUTELY NO WARRANTY; for details type `show_warranty'.
Warning 198: /home/reyerchu/_c14b_spm_sky130A/phase3/stage3/pnr/spm_pnr.v line 580, module sky130_fd_sc_hd__fill_1 not found. Creating black box for FILLER_0_119.
Warning 198: /home/reyerchu/_c14b_spm_sky130A/phase3/stage3/pnr/spm_pnr.v line 643, module sky130_fd_sc_hd__fill_2 not found. Creating black box for FILLER_10_315.
Warning 198: /home/reyerchu/_c14b_spm_sky130A/phase3/stage3/pnr/spm_pnr.v line 2175, module sky130_fd_sc_hd__tapvpwrvgnd_1 not found. Creating black box for TAP_TAPCELL_ROW_0_0.
VIBEIC_INPUT_DELAY_PORTS 40 of 41 (clock port(s) excluded — OpenSTA rejects set_input_delay on the port its own clock is defined on)
STA_BASIS: POST_ROUTE_SPEF
STA_BASIS_NETLIST: spm_pnr.v
STA_BASIS_SPEF: spm.max.spef (max-RC / late-path corner)
STA_BASIS_LIBERTY: sky130_fd_sc_hd__ss_100C_1v60.lib (SS)
AGING_DERATE_APPLIED late=1.1000 (generic lifetime margin, no foundry aging Liberty)
worst slack max 3.31
Warning 168: aging_sta_spm.tcl line 1, unknown field slack.
Startpoint: test (input port clocked by clk)
Endpoint: __uuf__._470_ (rising edge-triggered flip-flop clocked by clk)
Path Group: clk
Path Type: max

  Delay    Time   Description
---------------------------------------------------------
   0.00    0.00   clock clk (rise edge)
   0.00    0.00   clock network delay (ideal)
   2.00    2.00 ^ input external delay
   0.00    2.00 ^ test (in)
   0.47    2.47 ^ input5/X (sky130_fd_sc_hd__buf_6)
   0.68    3.15 ^ load_slew39/X (sky130_fd_sc_hd__buf_12)
   1.11    4.26 v _207_/X (sky130_fd_sc_hd__mux2_1)
   0.54    4.80 ^ __uuf__._231_/Y (sky130_fd_sc_hd__nand2_2)
   0.46    5.26 ^ __uuf__._235_/Y (sky130_fd_sc_hd__xnor2_1)
   0.29    5.55 v __uuf__._236_/Y (sky130_fd_sc_hd__nor2_1)
   0.82    6.37 v _160_/X (sky130_fd_sc_hd__mux2_1)
   0.00    6.37 v __uuf__._470_/D (sky130_fd_sc_hd__dfxtp_1)
           6.37   data arrival time

  10.00   10.00   clock clk (rise edge)
   0.00   10.00   clock network delay (ideal)
   0.00   10.00   clock reconvergence pessimism
          10.00 ^ __uuf__._470_/CLK (sky130_fd_sc_hd__dfxtp_1)
  -0.32    9.68   library setup time
           9.68   data required time
---------------------------------------------------------
           9.68   data required time
          -6.37   data arrival time
---------------------------------------------------------
           3.31   slack (MET)


