# OpenROAD detailed_route DRC summary -- emitted by
# phase3_one_shot_runner v1.6.36 (canonicalize_artefacts step).
# Tool: openroad detailed_route (drt)
# Source log: phase3/stage3/pnr/openroad.log
#
# This report is the runner-side projection of OpenROAD
# detailed_route output. Tool signature is `openroad` /
# `detailed_route`; `violation report` line + per-violation
# detail (when present) populate the substance check.
#
# Substance: post-route DRC count derived from openroad
# detailed_route's per-net congestion/violation log lines. This is
# the router's own in-loop DRC pass.
# Sign-off DRC runs SEPARATELY at Step 31: when the PDK ships a
# Calibre/Assura `.rule` deck (input/pdk/calibre/), the runner
# executes that foundry deck NATIVELY via the vibeic KLayout SVRF
# engine (_try_svrf_native_drc) — NO Calibre license/binary
# required; that IS the sign-off-grade verdict. A KLayout `.lydrc`
# or `magic` deck is only the fallback when no SVRF deck exists.
#
openroad / drt-pass: detailed_route invoked
violation report: 0
violation count summary: 0 violation(s) found
drc source: final [INFO DRT-0199] count
DRC clean: YES
tool: openroad

# === detailed_route + global_route summary lines from openroad.log ===
Total wire length on LAYER met2 = 7570 um.
Total wire length on LAYER met3 = 288 um.
Total wire length on LAYER met4 = 0 um.
Total wire length on LAYER met5 = 0 um.
[INFO DRT-0195] Start 2nd optimization iteration.
[INFO DRT-0199]   Number of violations = 2.
[INFO DRT-0267] cpu time = 00:00:15, elapsed time = 00:00:01, memory = 647.31 (MB), peak = 686.90 (MB)
Total wire length = 13269 um.
Total wire length on LAYER li1 = 0 um.
Total wire length on LAYER met1 = 5447 um.
Total wire length on LAYER met2 = 7531 um.
Total wire length on LAYER met3 = 289 um.
Total wire length on LAYER met4 = 0 um.
Total wire length on LAYER met5 = 0 um.
[INFO DRT-0195] Start 3rd guides tiles iteration.
[INFO DRT-0199]   Number of violations = 0.
[INFO DRT-0267] cpu time = 00:00:04, elapsed time = 00:00:00, memory = 654.86 (MB), peak = 686.90 (MB)
Total wire length = 13268 um.
Total wire length on LAYER li1 = 0 um.
Total wire length on LAYER met1 = 5447 um.
Total wire length on LAYER met2 = 7531 um.
Total wire length on LAYER met3 = 289 um.
Total wire length on LAYER met4 = 0 um.
Total wire length on LAYER met5 = 0 um.
[WARNING DRT-0290] Warning: no DRC report specified, skipped writing DRC report
[INFO DRT-0198] Complete detail routing.
Total wire length = 13268 um.
Total wire length on LAYER li1 = 0 um.
Total wire length on LAYER met1 = 5447 um.
Total wire length on LAYER met2 = 7531 um.
Total wire length on LAYER met3 = 289 um.
Total wire length on LAYER met4 = 0 um.
Total wire length on LAYER met5 = 0 um.
[INFO DRT-0267] cpu time = 00:01:24, elapsed time = 00:00:08, memory = 654.86 (MB), peak = 686.90 (MB)
[INFO DRT-0702] Post-route verification: 0 violation(s).
[WARNING DRT-0290] Warning: no DRC report specified, skipped writing DRC report
[INFO DRT-0180] Post processing.
[INFO DRT-0501] Runtime: 11.00s
[INFO DRT-0024]   Complete FR_MASTERSLICE.
[INFO DRT-0024]   Complete licon.
[INFO DRT-0024]   Complete li1.
[INFO DRT-0024]   Complete mcon.
[INFO DRT-0024]   Complete met1.
[INFO DRT-0024]   Complete via.
[INFO DRT-0024]   Complete met2.
[INFO DRT-0024]   Complete via2.
[INFO DRT-0024]   Complete met3.
[INFO DRT-0024]   Complete via3.
[INFO DRT-0024]   Complete met4.
[INFO DRT-0024]   Complete via4.
[INFO DRT-0024]   Complete met5.
[INFO DRT-0165] Start pin access.
[INFO DRT-0078]   Complete 450 pins.
[INFO DRT-0081]   Complete 65 unique inst patterns.
[INFO DRT-0084]   Complete 447 groups.
[INFO DRT-0166] Complete pin access.
[INFO DRT-0267] cpu time = 00:00:35, elapsed time = 00:00:01, memory = 677.76 (MB), peak = 686.90 (MB)
[INFO DRT-0157] Number of guides:     4014
[INFO DRT-0169] Post process guides.
[INFO DRT-0176] GCELLGRID X 0 DO 25 STEP 6900 ;
[INFO DRT-0177] GCELLGRID Y 0 DO 25 STEP 6900 ;
[INFO DRT-0028]   Complete FR_MASTERSLICE.
[INFO DRT-0028]   Complete licon.
[INFO DRT-0028]   Complete li1.
[INFO DRT-0028]   Complete mcon.
[INFO DRT-0028]   Complete met1.
[INFO DRT-0028]   Complete via.
[INFO DRT-0028]   Complete met2.
[INFO DRT-0028]   Complete via2.
[INFO DRT-0028]   Complete met3.
[INFO DRT-0028]   Complete via3.
[INFO DRT-0028]   Complete met4.
[INFO DRT-0028]   Complete via4.
[INFO DRT-0028]   Complete met5.
[INFO DRT-0178] Init guide query.
[INFO DRT-0035]   Complete FR_MASTERSLICE (guide).
[INFO DRT-0035]   Complete licon (guide).
[INFO DRT-0035]   Complete li1 (guide).
[INFO DRT-0035]   Complete mcon (guide).
[INFO DRT-0035]   Complete met1 (guide).
[INFO DRT-0035]   Complete via (guide).
[INFO DRT-0035]   Complete met2 (guide).
[INFO DRT-0035]   Complete via2 (guide).
[INFO DRT-0035]   Complete met3 (guide).
[INFO DRT-0035]   Complete via3 (guide).
[INFO DRT-0035]   Complete met4 (guide).
[INFO DRT-0035]   Complete via4 (guide).
[INFO DRT-0035]   Complete met5 (guide).
[INFO DRT-0036] FR_MASTERSLICE guide region query size = 0.
[INFO DRT-0036] licon guide region query size = 0.
[INFO DRT-0036] li1 guide region query size = 1470.
[INFO DRT-0036] mcon guide region query size = 0.
[INFO DRT-0036] met1 guide region query size = 1279.
[INFO DRT-0036] via guide region query size = 0.
[INFO DRT-0036] met2 guide region query size = 667.
[INFO DRT-0036] via2 guide region query size = 0.
[INFO DRT-0036] met3 guide region query size = 10.
[INFO DRT-0036] via3 guide region query size = 0.
[INFO DRT-0036] met4 guide region query size = 0.
[INFO DRT-0036] via4 guide region query size = 0.
[INFO DRT-0036] met5 guide region query size = 0.
[INFO DRT-0179] Init gr pin query.
[INFO DRT-0267] cpu time = 00:00:00, elapsed time = 00:00:00, memory = 677.76 (MB), peak = 686.90 (MB)
[INFO DRT-0245] skipped writing guide updates to database.
[INFO DRT-0181] Start track assignment.
[INFO DRT-0184] Done with 2137 vertical wires in 1 frboxes and 1289 horizontal wires in 1 frboxes.
[INFO DRT-0186] Done with 204 vertical wires in 1 frboxes and 255 horizontal wires in 1 frboxes.
[INFO DRT-0182] Complete track assignment.
[INFO DRT-0267] cpu time = 00:00:04, elapsed time = 00:00:00, memory = 677.76 (MB), peak = 686.90 (MB)
[INFO DRT-0187] Start routing data preparation.
[INFO DRT-0267] cpu time = 00:00:00, elapsed time = 00:00:00, memory = 677.76 (MB), peak = 686.90 (MB)
[INFO DRT-0194] Start detail routing.
[INFO DRT-0195] Start 0th optimization iteration.
[INFO DRT-0199]   Number of violations = 101.
[INFO DRT-0267] cpu time = 00:00:31, elapsed time = 00:00:03, memory = 564.92 (MB), peak = 686.90 (MB)
Total wire length = 13395 um.
Total wire length on LAYER li1 = 0 um.
Total wire length on LAYER met1 = 5479 um.
Total wire length on LAYER met2 = 7624 um.
Total wire length on LAYER met3 = 290 um.
Total wire length on LAYER met4 = 0 um.
Total wire length on LAYER met5 = 0 um.
[INFO DRT-0195] Start 1st optimization iteration.
[INFO DRT-0199]   Number of violations = 11.
[INFO DRT-0267] cpu time = 00:00:31, elapsed time = 00:00:02, memory = 571.60 (MB), peak = 686.90 (MB)
Total wire length = 13279 um.
Total wire length on LAYER li1 = 0 um.
Total wire length on LAYER met1 = 5410 um.
Total wire length on LAYER met2 = 7581 um.
Total wire length on LAYER met3 = 287 um.
Total wire length on LAYER met4 = 0 um.
Total wire length on LAYER met5 = 0 um.
[INFO DRT-0195] Start 2nd optimization iteration.
[INFO DRT-0199]   Number of violations = 3.
[INFO DRT-0267] cpu time = 00:00:22, elapsed time = 00:00:02, memory = 570.84 (MB), peak = 686.90 (MB)
Total wire length = 13245 um.
Total wire length on LAYER li1 = 0 um.
Total wire length on LAYER met1 = 5398 um.
Total wire length on LAYER met2 = 7559 um.
Total wire length on LAYER met3 = 288 um.
Total wire length on LAYER met4 = 0 um.
Total wire length on LAYER met5 = 0 um.
[INFO DRT-0195] Start 3rd guides tiles iteration.
[INFO DRT-0199]   Number of violations = 0.
[INFO DRT-0267] cpu time = 00:00:06, elapsed time = 00:00:00, memory = 647.62 (MB), peak = 686.90 (MB)
Total wire length = 13246 um.
Total wire length on LAYER li1 = 0 um.
Total wire length on LAYER met1 = 5392 um.
Total wire length on LAYER met2 = 7561 um.
Total wire length on LAYER met3 = 292 um.
Total wire length on LAYER met4 = 0 um.
Total wire length on LAYER met5 = 0 um.
[WARNING DRT-0290] Warning: no DRC report specified, skipped writing DRC report
[INFO DRT-0198] Complete detail routing.
Total wire length = 13246 um.
Total wire length on LAYER li1 = 0 um.
Total wire length on LAYER met1 = 5392 um.
Total wire length on LAYER met2 = 7561 um.
Total wire length on LAYER met3 = 292 um.
Total wire length on LAYER met4 = 0 um.
Total wire length on LAYER met5 = 0 um.
[INFO DRT-0267] cpu time = 00:01:32, elapsed time = 00:00:08, memory = 647.62 (MB), peak = 686.90 (MB)
[INFO DRT-0702] Post-route verification: 0 violation(s).
[WARNING DRT-0290] Warning: no DRC report specified, skipped writing DRC report
[INFO DRT-0180] Post processing.
[INFO DRT-0501] Runtime: 11.16s
[INFO GRT-0012] Found 1 antenna violations.
[INFO GRT-0015] Inserted 1 diodes.
[INFO DRT-0178] Init guide query.
[INFO DRT-0036] FR_MASTERSLICE guide region query size = 0.
[INFO DRT-0036] licon guide region query size = 0.
[INFO DRT-0036] li1 guide region query size = 1471.
[INFO DRT-0036] mcon guide region query size = 0.
[INFO DRT-0036] met1 guide region query size = 1279.
[INFO DRT-0036] via guide region query size = 0.
[INFO DRT-0036] met2 guide region query size = 667.
[INFO DRT-0036] via2 guide region query size = 0.
[INFO DRT-0036] met3 guide region query size = 10.
[INFO DRT-0036] via3 guide region query size = 0.
[INFO DRT-0036] met4 guide region query size = 0.
[INFO DRT-0036] via4 guide region query size = 0.
[INFO DRT-0036] met5 guide region query size = 0.
[INFO DRT-0179] Init gr pin query.
[INFO DRT-0501] Runtime: 5.50s
[INFO DRT-0178] Init guide query.
[INFO DRT-0036] FR_MASTERSLICE guide region query size = 0.
[INFO DRT-0036] licon guide region query size = 0.
[INFO DRT-0036] li1 guide region query size = 1471.
[INFO DRT-0036] mcon guide region query size = 0.
[INFO DRT-0036] met1 guide region query size = 1279.
[INFO DRT-0036] via guide region query size = 0.
[INFO DRT-0036] met2 guide region query size = 667.
[INFO DRT-0036] via2 guide region query size = 0.
[INFO DRT-0036] met3 guide region query size = 10.
[INFO DRT-0036] via3 guide region query size = 0.
[INFO DRT-0036] met4 guide region query size = 0.
[INFO DRT-0036] via4 guide region query size = 0.
[INFO DRT-0036] met5 guide region query size = 0.
[INFO DRT-0179] Init gr pin query.
[INFO DRT-0501] Runtime: 4.03s

# === violation lines (last 100, if any) ===
    Completing 10% with 0 violations.
    Completing 20% with 0 violations.
    Completing 30% with 17 violations.
    Completing 40% with 17 violations.
    Completing 50% with 17 violations.
    Completing 60% with 37 violations.
    Completing 70% with 37 violations.
    Completing 80% with 51 violations.
    Completing 90% with 51 violations.
    Completing 100% with 77 violations.
[INFO DRT-0199]   Number of violations = 101.
[INFO DRT-0267] cpu time = 00:00:31, elapsed time = 00:00:03, memory = 564.92 (MB), peak = 686.90 (MB)
[INFO DRT-0195] Start 1st optimization iteration.
    Completing 10% with 101 violations.
    Completing 20% with 101 violations.
    Completing 30% with 91 violations.
    Completing 40% with 91 violations.
    Completing 50% with 91 violations.
    Completing 60% with 65 violations.
    Completing 70% with 65 violations.
    Completing 80% with 40 violations.
    Completing 90% with 40 violations.
    Completing 100% with 11 violations.
[INFO DRT-0199]   Number of violations = 11.
[INFO DRT-0267] cpu time = 00:00:31, elapsed time = 00:00:02, memory = 571.60 (MB), peak = 686.90 (MB)
[INFO DRT-0195] Start 2nd optimization iteration.
    Completing 10% with 11 violations.
    Completing 20% with 11 violations.
    Completing 30% with 11 violations.
    Completing 40% with 11 violations.
    Completing 50% with 11 violations.
    Completing 60% with 11 violations.
    Completing 70% with 9 violations.
    Completing 80% with 9 violations.
    Completing 90% with 10 violations.
    Completing 100% with 3 violations.
[INFO DRT-0199]   Number of violations = 3.
[INFO DRT-0267] cpu time = 00:00:22, elapsed time = 00:00:02, memory = 570.84 (MB), peak = 686.90 (MB)
[INFO DRT-0195] Start 3rd guides tiles iteration.
    Completing 30% with 3 violations.
    Completing 60% with 3 violations.
    Completing 100% with 0 violations.
[INFO DRT-0199]   Number of violations = 0.
[INFO DRT-0267] cpu time = 00:00:06, elapsed time = 00:00:00, memory = 647.62 (MB), peak = 686.90 (MB)
[WARNING DRT-0290] Warning: no DRC report specified, skipped writing DRC report
[INFO DRT-0198] Complete detail routing.
[INFO DRT-0267] cpu time = 00:01:32, elapsed time = 00:00:08, memory = 647.62 (MB), peak = 686.90 (MB)
[INFO DRT-0702] Post-route verification: 0 violation(s).
[WARNING DRT-0290] Warning: no DRC report specified, skipped writing DRC report
[INFO DRT-0180] Post processing.
[INFO DRT-0501] Runtime: 11.16s
[INFO ANT-0002] Found 1 net violations.
[INFO ANT-0001] Found 1 pin violations.
[INFO ANT-0002] Found 1 net violations.
[INFO ANT-0001] Found 1 pin violations.
[INFO ANT-0002] Found 1 net violations.
[INFO ANT-0001] Found 1 pin violations.
[INFO GRT-0012] Found 1 antenna violations.
[INFO DRT-0178] Init guide query.
[INFO DRT-0036] FR_MASTERSLICE guide region query size = 0.
[INFO DRT-0036] licon guide region query size = 0.
[INFO DRT-0036] li1 guide region query size = 1471.
[INFO DRT-0036] mcon guide region query size = 0.
[INFO DRT-0036] met1 guide region query size = 1279.
[INFO DRT-0036] via guide region query size = 0.
[INFO DRT-0036] met2 guide region query size = 667.
[INFO DRT-0036] via2 guide region query size = 0.
[INFO DRT-0036] met3 guide region query size = 10.
[INFO DRT-0036] via3 guide region query size = 0.
[INFO DRT-0036] met4 guide region query size = 0.
[INFO DRT-0036] via4 guide region query size = 0.
[INFO DRT-0036] met5 guide region query size = 0.
[INFO DRT-0179] Init gr pin query.
[INFO DRT-0501] Runtime: 5.50s
[INFO ANT-0002] Found 0 net violations.
[INFO ANT-0001] Found 0 pin violations.
[INFO ANT-0002] Found 0 net violations.
[INFO ANT-0001] Found 0 pin violations.
[INFO ANT-0002] Found 0 net violations.
[INFO ANT-0001] Found 0 pin violations.
[INFO ANT-0002] Found 0 net violations.
[INFO ANT-0001] Found 0 pin violations.
ANTENNA_ALREADY_CLEAN: 0 net violations, skipping repair+reroute
[INFO DRT-0178] Init guide query.
[INFO DRT-0036] FR_MASTERSLICE guide region query size = 0.
[INFO DRT-0036] licon guide region query size = 0.
[INFO DRT-0036] li1 guide region query size = 1471.
[INFO DRT-0036] mcon guide region query size = 0.
[INFO DRT-0036] met1 guide region query size = 1279.
[INFO DRT-0036] via guide region query size = 0.
[INFO DRT-0036] met2 guide region query size = 667.
[INFO DRT-0036] via2 guide region query size = 0.
[INFO DRT-0036] met3 guide region query size = 10.
[INFO DRT-0036] via3 guide region query size = 0.
[INFO DRT-0036] met4 guide region query size = 0.
[INFO DRT-0036] via4 guide region query size = 0.
[INFO DRT-0036] met5 guide region query size = 0.
[INFO DRT-0179] Init gr pin query.
[INFO DRT-0501] Runtime: 4.03s
[INFO RSZ-0098] No setup violations found
# === full openroad.log (last 3 KB, for reviewer context) ===
e_tielo_spare_inverter_1 spare_tielo_spare_inverter_2 spare_tielo_spare_nand2_0 spare_tielo_spare_nand2_1 spare_tielo_spare_nor2_0 spare_tielo_spare_nor2_1 spare_tielo_spare_mux2_0 spare_tielo_spare_aoi_0 spare_tielo_spare_dff_0
ANTENNA_FIRM_SNAPSHOT: 10 protected instance(s)
[INFO ANT-0002] Found 0 net violations.
[INFO ANT-0001] Found 0 pin violations.
ANTENNA_ALREADY_CLEAN: 0 net violations, skipping repair+reroute
ANTENNA_SPARE_TIE_REPROTECTED: spare_tielo_spare_inverter_0 spare_tielo_spare_inverter_1 spare_tielo_spare_inverter_2 spare_tielo_spare_nand2_0 spare_tielo_spare_nand2_1 spare_tielo_spare_nor2_0 spare_tielo_spare_nor2_1 spare_tielo_spare_mux2_0 spare_tielo_spare_aoi_0 spare_tielo_spare_dff_0
ANTENNA_FIRM_RESTORED: 0 of 10
ANTENNA_POSTROUTE_DONE
PNR_STAGE: postroute_fill
[INFO DPL-0001] Placed 1598 filler instances.
FILLER_INSERTED: 9 masters (core_util=29.813701565383013%)
PG_DONTTOUCH_LIFTED: 10
PG_RECONNECT_DONE
PG_DONTTOUCH_RESTORED: 10
[INFO DRT-0178] Init guide query.
[INFO DRT-0036] FR_MASTERSLICE guide region query size = 0.
[INFO DRT-0036] licon guide region query size = 0.
[INFO DRT-0036] li1 guide region query size = 1471.
[INFO DRT-0036] mcon guide region query size = 0.
[INFO DRT-0036] met1 guide region query size = 1279.
[INFO DRT-0036] via guide region query size = 0.
[INFO DRT-0036] met2 guide region query size = 667.
[INFO DRT-0036] via2 guide region query size = 0.
[INFO DRT-0036] met3 guide region query size = 10.
[INFO DRT-0036] via3 guide region query size = 0.
[INFO DRT-0036] met4 guide region query size = 0.
[INFO DRT-0036] via4 guide region query size = 0.
[INFO DRT-0036] met5 guide region query size = 0.
[INFO DRT-0179] Init gr pin query.
[INFO DRT-0501] Runtime: 4.03s
PG_REROUTE_DONE
PG_NET_OWNERSHIP_AUDIT: total=9218 no_net=0 masters=
PNR_STAGE: write_routed
MIN_AREA_PATCH_PIN_LAYERS_NOT_JUDGED: li1 met1 nwell pwell
MIN_AREA_PATCH_DONE: deficient=0 patched=0 unpatchable=0 pin_merged_skipped=0
MIN_AREA_PATCH_VIAENCL_REQ: mcon|li1 {0 0} mcon|met1 {30 60} via|met1 {55 85} via|met2 {55 85} via2|met2 {40 85} via2|met3 {65 65} via3|met3 {60 90} via3|met4 {65 65} via4|met4 {190 190} via4|met5 {400 400}
MIN_AREA_PATCH_VIAENCL_DONE: deficient=0 patched=0 unpatchable=0
Design area 6267 um^2 30% utilization.
PNR_STAGE: postroute_setup_repair_estimate
SPEF_REPAIR_WNS_BEFORE: 5.461828033332004
Iteration |   Area    | Resized | Buffers | Nets repaired | Remaining
---------------------------------------------------------------------
        0 |     +0.0% |       0 |       0 |             0 |       617
    final |     +0.0% |       0 |       0 |             0 |         0
---------------------------------------------------------------------
[INFO RSZ-0504] Runtime: 0.05s
[INFO RSZ-0100] Repair move sequence: UnbufferMove SizeUpMove SwapPinsMove BufferMove CloneMove SplitLoadMove 
[INFO RSZ-0098] No setup violations found
[INFO RSZ-0505] Runtime: 0.05s
SPEF_REPAIR_WNS_AFTER: 5.461828033332004
SPEF_REPAIR_APPLIED_ON_ESTIMATE

# end of routed.drc.rpt
