# Multi-corner SPEF STA (TAPEOUT-SIGNOFF P1)
# SETUP corner: max-RC   HOLD corner: min-RC
# corners_available: max,min,nom
# corner_liberty: max=/foss/pdks/sky130A/libs.ref/sky130_fd_sc_hd/lib/sky130_fd_sc_hd__tt_025C_1v80.lib
# corner_liberty: min=/foss/pdks/sky130A/libs.ref/sky130_fd_sc_hd/lib/sky130_fd_sc_hd__tt_025C_1v80.lib
# distinct_corner_libraries: 1 across 2 reported corner(s)
# axis: RC/parasitic — corners vary the SPEF, NOT the process library; process-corner sign-off is a separate axis
=== SETUP (max-RC corner, SPEF=max, liberty=/foss/pdks/sky130A/libs.ref/sky130_fd_sc_hd/lib/sky130_fd_sc_hd__tt_025C_1v80.lib) ===
worst slack max 6.46
tns max 0.00
Startpoint: test (input port clocked by clk)
Endpoint: __uuf__._470_ (rising edge-triggered flip-flop clocked by clk)
Path Group: clk
Path Type: max

    Cap    Slew   Delay    Time   Description
-----------------------------------------------------------------------
                   0.00    0.00   clock clk (rise edge)
                   0.00    0.00   clock network delay (propagated)
                   2.00    2.00 ^ input external delay
   0.01    0.00    0.00    2.00 ^ test (in)
   0.15    0.30    0.25    2.25 ^ input5/X (sky130_fd_sc_hd__buf_6)
   0.26    0.30    0.34    2.60 ^ load_slew39/X (sky130_fd_sc_hd__buf_12)
   0.02    0.12    0.46    3.06 v _207_/X (sky130_fd_sc_hd__mux2_1)
   0.06    0.32    0.29    3.35 ^ __uuf__._231_/Y (sky130_fd_sc_hd__nand2_2)
   0.01    0.25    0.21    3.57 ^ __uuf__._235_/Y (sky130_fd_sc_hd__xnor2_1)
   0.01    0.14    0.12    3.69 v __uuf__._236_/Y (sky130_fd_sc_hd__nor2_1)
   0.01    0.08    0.34    4.03 v _160_/X (sky130_fd_sc_hd__mux2_1)
           0.08    0.00    4.03 v __uuf__._470_/D (sky130_fd_sc_hd__dfxtp_1)
                           4.03   data arrival time

                  10.00   10.00   clock clk (rise edge)
                   0.60   10.60   clock network delay (propagated)
                   0.00   10.60   clock reconvergence pessimism
                          10.60 ^ __uuf__._470_/CLK (sky130_fd_sc_hd__dfxtp_1)
                  -0.11   10.49   library setup time
                          10.49   data required time
-----------------------------------------------------------------------
                          10.49   data required time
                          -4.03   data arrival time
-----------------------------------------------------------------------
                           6.46   slack (MET)


Startpoint: test (input port clocked by clk)
Endpoint: __uuf__._456_ (rising edge-triggered flip-flop clocked by clk)
Path Group: clk
Path Type: max

    Cap    Slew   Delay    Time   Description
-----------------------------------------------------------------------
                   0.00    0.00   clock clk (rise edge)
                   0.00    0.00   clock network delay (propagated)
                   2.00    2.00 ^ input external delay
   0.01    0.00    0.00    2.00 ^ test (in)
   0.15    0.30    0.25    2.25 ^ input5/X (sky130_fd_sc_hd__buf_6)
   0.26    0.30    0.34    2.60 ^ load_slew39/X (sky130_fd_sc_hd__buf_12)
   0.04    0.23    0.56    3.16 v _221_/X (sky130_fd_sc_hd__mux2_1)
   0.02    0.20    0.25    3.41 ^ __uuf__._315_/Y (sky130_fd_sc_hd__nand2_1)
   0.01    0.23    0.19    3.59 ^ __uuf__._319_/Y (sky130_fd_sc_hd__xnor2_1)
   0.00    0.10    0.07    3.66 v __uuf__._320_/Y (sky130_fd_sc_hd__nor2_1)
   0.01    0.08    0.33    3.99 v _146_/X (sky130_fd_sc_hd__mux2_1)
           0.08    0.00    3.99 v __uuf__._456_/D (sky130_fd_sc_hd__dfxtp_1)
                           3.99   data arrival time

                  10.00   10.00   clock clk (rise edge)
                   0.58   10.58   clock network delay (propagated)
                   0.00   10.58   clock reconvergence pessimism
                          10.58 ^ __uuf__._456_/CLK (sky130_fd_sc_hd__dfxtp_1)
                  -0.12   10.47   library setup time
                          10.47   data required time
-----------------------------------------------------------------------
                          10.47   data required time
                          -3.99   data arrival time
-----------------------------------------------------------------------
                           6.48   slack (MET)


Startpoint: test (input port clocked by clk)
Endpoint: __uuf__._455_ (rising edge-triggered flip-flop clocked by clk)
Path Group: clk
Path Type: max

    Cap    Slew   Delay    Time   Description
-----------------------------------------------------------------------
                   0.00    0.00   clock clk (rise edge)
                   0.00    0.00   clock network delay (propagated)
                   2.00    2.00 ^ input external delay
   0.01    0.00    0.00    2.00 ^ test (in)
   0.15    0.30    0.25    2.25 ^ input5/X (sky130_fd_sc_hd__buf_6)
   0.26    0.30    0.34    2.60 ^ load_slew39/X (sky130_fd_sc_hd__buf_12)
   0.04    0.23    0.57    3.17 v _222_/X (sky130_fd_sc_hd__mux2_1)
   0.02    0.21    0.26    3.42 ^ __uuf__._321_/Y (sky130_fd_sc_hd__nand2_1)
   0.01    0.17    0.16    3.59 ^ __uuf__._325_/Y (sky130_fd_sc_hd__xnor2_1)
   0.01    0.12    0.08    3.66 v __uuf__._326_/Y (sky130_fd_sc_hd__nor2_1)
   0.01    0.07    0.32    3.98 v _145_/X (sky130_fd_sc_hd__mux2_1)
           0.07    0.00    3.98 v __uuf__._455_/D (sky130_fd_sc_hd__dfxtp_1)
                           3.98   data arrival time

                  10.00   10.00   clock clk (rise edge)
                   0.58   10.58   clock network delay (propagated)
                   0.00   10.58   clock reconvergence pessimism
                          10.58 ^ __uuf__._455_/CLK (sky130_fd_sc_hd__dfxtp_1)
                  -0.11   10.48   library setup time
                          10.48   data required time
-----------------------------------------------------------------------
                          10.48   data required time
                          -3.98   data arrival time
-----------------------------------------------------------------------
                           6.49   slack (MET)


SIGNOFF_WORST_PATHS_REPORTED path_delay=max group_path_count=3
Group                                  Slack
--------------------------------------------
No paths found.

SIGNOFF_CHECK_TYPES_REPORTED recovery removal max_slew min_pulse_width max_capacitance max_fanout
SIGNOFF_MAX_FANOUT_SEMANTICS an empty max-fanout table means no net exceeded a set_max_fanout limit; when the sign-off SDC declares NO set_max_fanout the table is empty BY CONSTRUCTION and MUST NOT be read as ZERO fanout violations (UNMEASURED is not ZERO)
=== HOLD (min-RC corner, SPEF=min, liberty=/foss/pdks/sky130A/libs.ref/sky130_fd_sc_hd/lib/sky130_fd_sc_hd__tt_025C_1v80.lib) ===
worst slack min 0.62
tns max 0.00
Startpoint: __uuf__._506_ (rising edge-triggered flip-flop clocked by clk)
Endpoint: __uuf__._507_ (rising edge-triggered flip-flop clocked by clk)
Path Group: clk
Path Type: min

    Cap    Slew   Delay    Time   Description
-----------------------------------------------------------------------
                   0.00    0.00   clock clk (rise edge)
                   0.57    0.57   clock network delay (propagated)
           0.08    0.00    0.57 ^ __uuf__._506_/CLK (sky130_fd_sc_hd__dfxtp_1)
   0.02    0.20    0.43    1.00 ^ __uuf__._506_/Q (sky130_fd_sc_hd__dfxtp_1)
   0.00    0.04    0.16    1.17 ^ _197_/X (sky130_fd_sc_hd__mux2_1)
           0.04    0.00    1.17 ^ __uuf__._507_/D (sky130_fd_sc_hd__dfxtp_1)
                           1.17   data arrival time

                   0.00    0.00   clock clk (rise edge)
                   0.57    0.57   clock network delay (propagated)
                   0.00    0.57   clock reconvergence pessimism
                           0.57 ^ __uuf__._507_/CLK (sky130_fd_sc_hd__dfxtp_1)
                  -0.03    0.55   library hold time
                           0.55   data required time
-----------------------------------------------------------------------
                           0.55   data required time
                          -1.17   data arrival time
-----------------------------------------------------------------------
                           0.62   slack (MET)


Startpoint: __uuf__._482_ (rising edge-triggered flip-flop clocked by clk)
Endpoint: __uuf__._483_ (rising edge-triggered flip-flop clocked by clk)
Path Group: clk
Path Type: min

    Cap    Slew   Delay    Time   Description
-----------------------------------------------------------------------
                   0.00    0.00   clock clk (rise edge)
                   0.58    0.58   clock network delay (propagated)
           0.09    0.00    0.58 ^ __uuf__._482_/CLK (sky130_fd_sc_hd__dfxtp_1)
   0.02    0.20    0.43    1.01 ^ __uuf__._482_/Q (sky130_fd_sc_hd__dfxtp_1)
   0.00    0.05    0.17    1.18 ^ _173_/X (sky130_fd_sc_hd__mux2_1)
           0.05    0.00    1.18 ^ __uuf__._483_/D (sky130_fd_sc_hd__dfxtp_1)
                           1.18   data arrival time

                   0.00    0.00   clock clk (rise edge)
                   0.58    0.58   clock network delay (propagated)
                   0.00    0.58   clock reconvergence pessimism
                           0.58 ^ __uuf__._483_/CLK (sky130_fd_sc_hd__dfxtp_1)
                  -0.03    0.55   library hold time
                           0.55   data required time
-----------------------------------------------------------------------
                           0.55   data required time
                          -1.18   data arrival time
-----------------------------------------------------------------------
                           0.62   slack (MET)


Startpoint: __uuf__._451_ (rising edge-triggered flip-flop clocked by clk)
Endpoint: __uuf__._452_ (rising edge-triggered flip-flop clocked by clk)
Path Group: clk
Path Type: min

    Cap    Slew   Delay    Time   Description
-----------------------------------------------------------------------
                   0.00    0.00   clock clk (rise edge)
                   0.58    0.58   clock network delay (propagated)
           0.09    0.00    0.58 ^ __uuf__._451_/CLK (sky130_fd_sc_hd__dfxtp_1)
   0.02    0.19    0.43    1.00 ^ __uuf__._451_/Q (sky130_fd_sc_hd__dfxtp_1)
   0.00    0.05    0.17    1.18 ^ _142_/X (sky130_fd_sc_hd__mux2_1)
           0.05    0.00    1.18 ^ __uuf__._452_/D (sky130_fd_sc_hd__dfxtp_1)
                           1.18   data arrival time

                   0.00    0.00   clock clk (rise edge)
                   0.58    0.58   clock network delay (propagated)
                   0.00    0.58   clock reconvergence pessimism
                           0.58 ^ __uuf__._452_/CLK (sky130_fd_sc_hd__dfxtp_1)
                  -0.03    0.55   library hold time
                           0.55   data required time
-----------------------------------------------------------------------
                           0.55   data required time
                          -1.18   data arrival time
-----------------------------------------------------------------------
                           0.62   slack (MET)


SIGNOFF_WORST_PATHS_REPORTED path_delay=min group_path_count=3
Group                                  Slack
--------------------------------------------
No paths found.

SIGNOFF_CHECK_TYPES_REPORTED recovery removal max_slew min_pulse_width max_capacitance max_fanout
SIGNOFF_MAX_FANOUT_SEMANTICS an empty max-fanout table means no net exceeded a set_max_fanout limit; when the sign-off SDC declares NO set_max_fanout the table is empty BY CONSTRUCTION and MUST NOT be read as ZERO fanout violations (UNMEASURED is not ZERO)
