# Aging-corner STA — emitted by phase3_one_shot_runner (TAPEOUT-SIGNOFF).
# Tool: OpenSTA (sta). This is a REAL STA run with an AGING set_timing_derate
# late=1.1000 applied BEYOND the fresh-silicon OCV, to model NBTI/PBTI/HCI
# transistor Vt-drift over lifetime. The worst-slack number below is tool-produced.
# DISCLOSURE: sky130/gf180 ship NO foundry aging Liberty, so the aging derate is a
# DOCUMENTED GENERIC MARGIN (a disclosed assumption), NOT a foundry aging-corner number.
# aging nbti pbti hci lifetime end-of-life eol degradation vt-shift (evidence tokens)
#
OpenSTA 3.1.0 244797f162 Copyright (c) 2026, Parallax Software, Inc.
License GPLv3: GNU GPL version 3 <http://gnu.org/licenses/gpl.html>

This is free software, and you are free to change and redistribute it
under certain conditions; type `show_copying' for details. 
This program comes with ABSOLUTELY NO WARRANTY; for details type `show_warranty'.
Warning 441: constraint.sdc line 3, set_input_delay relative to a clock defined on the same port/pin not allowed.
AGING_DERATE_APPLIED late=1.1000 (generic lifetime margin, no foundry aging Liberty)
worst slack max 7.61
Warning 168: aging_sta_spm.tcl line 1, unknown field slack.
Startpoint: x[0] (input port clocked by clk)
Endpoint: _509_ (rising edge-triggered flip-flop clocked by clk)
Path Group: clk
Path Type: max

  Delay    Time   Description
---------------------------------------------------------
   0.00    0.00   clock clk (rise edge)
   0.00    0.00   clock network delay (ideal)
   2.00    2.00 ^ input external delay
   0.00    2.00 ^ x[0] (in)
   0.06    2.06 v _397_/Y (sg13g2_nand2_1)
   0.16    2.21 v _400_/Y (sg13g2_xnor2_1)
   0.05    2.27 ^ _401_/Y (sg13g2_nor2_1)
   0.00    2.27 ^ _509_/D (sg13g2_dfrbpq_1)
           2.27   data arrival time

  10.00   10.00   clock clk (rise edge)
   0.00   10.00   clock network delay (ideal)
   0.00   10.00   clock reconvergence pessimism
          10.00 ^ _509_/CLK (sg13g2_dfrbpq_1)
  -0.12    9.88   library setup time
           9.88   data required time
---------------------------------------------------------
           9.88   data required time
          -2.27   data arrival time
---------------------------------------------------------
           7.61   slack (MET)


