# OpenROAD detailed_route DRC summary -- emitted by
# phase3_one_shot_runner v1.6.36 (canonicalize_artefacts step).
# Tool: openroad detailed_route (drt)
# Source log: phase3/stage3/pnr/openroad.log
#
# This report is the runner-side projection of OpenROAD
# detailed_route output. Tool signature is `openroad` /
# `detailed_route`; `violation report` line + per-violation
# detail (when present) populate the substance check.
#
# Substance: post-route DRC count derived from openroad
# detailed_route's per-net congestion/violation log lines. This is
# the router's own in-loop DRC pass.
# Sign-off DRC runs SEPARATELY at Step 31: when the PDK ships a
# Calibre/Assura `.rule` deck (input/pdk/calibre/), the runner
# executes that foundry deck NATIVELY via the vibeic KLayout SVRF
# engine (_try_svrf_native_drc) — NO Calibre license/binary
# required; that IS the sign-off-grade verdict. A KLayout `.lydrc`
# or `magic` deck is only the fallback when no SVRF deck exists.
#
openroad / drt-pass: detailed_route invoked
violation report: 0
violation count summary: 0 violation(s) found
drc source: final [INFO DRT-0199] count
DRC clean: YES
tool: openroad

# === detailed_route + global_route summary lines from openroad.log ===
[INFO CTS-0035]  Number of sinks covered: 65.
[INFO DRT-0149] Reading tech and libs.
[WARNING DRT-0349] LEF58_ENCLOSURE with no CUTCLASS is not supported. Skipping for layer Cont
[WARNING DRT-0349] LEF58_ENCLOSURE with no CUTCLASS is not supported. Skipping for layer Via1
[WARNING DRT-0349] LEF58_ENCLOSURE with no CUTCLASS is not supported. Skipping for layer Via1
[WARNING DRT-0349] LEF58_ENCLOSURE with no CUTCLASS is not supported. Skipping for layer Via2
[WARNING DRT-0349] LEF58_ENCLOSURE with no CUTCLASS is not supported. Skipping for layer Via3
[WARNING DRT-0349] LEF58_ENCLOSURE with no CUTCLASS is not supported. Skipping for layer Via4
[WARNING DRT-0349] LEF58_ENCLOSURE with no CUTCLASS is not supported. Skipping for layer TopVia1
[WARNING DRT-0349] LEF58_ENCLOSURE with no CUTCLASS is not supported. Skipping for layer TopVia1
[WARNING DRT-0349] LEF58_ENCLOSURE with no CUTCLASS is not supported. Skipping for layer TopVia2
[WARNING DRT-0349] LEF58_ENCLOSURE with no CUTCLASS is not supported. Skipping for layer TopVia2
Number of layers:     15
Number of macros:     84
Number of vias:       76
Number of viarulegen: 6
[INFO DRT-0150] Reading design.
Number of track patterns: 14
Number of DEF vias:       0
Number of components:     454
Number of terminals:      36
Number of snets:          2
Number of nets:           466
[INFO DRT-0167] List of default vias:
[INFO DRT-0162] Library cell analysis.
[INFO DRT-0163] Instance analysis.
[INFO DRT-0164] Number of unique instances = 37.
[INFO DRT-0168] Init region query.
[INFO DRT-0024]   Complete GatPoly.
[INFO DRT-0024]   Complete Cont.
[INFO DRT-0024]   Complete Metal1.
[INFO DRT-0024]   Complete Via1.
[INFO DRT-0024]   Complete Metal2.
[INFO DRT-0024]   Complete Via2.
[INFO DRT-0024]   Complete Metal3.
[INFO DRT-0024]   Complete Via3.
[INFO DRT-0024]   Complete Metal4.
[INFO DRT-0024]   Complete Via4.
[INFO DRT-0024]   Complete Metal5.
[INFO DRT-0024]   Complete TopVia1.
[INFO DRT-0024]   Complete TopMetal1.
[INFO DRT-0024]   Complete TopVia2.
[INFO DRT-0024]   Complete TopMetal2.
[INFO DRT-0033] GatPoly shape region query size = 0.
[INFO DRT-0033] Cont shape region query size = 0.
[INFO DRT-0033] Metal1 shape region query size = 11741.
[INFO DRT-0033] Via1 shape region query size = 410.
[INFO DRT-0033] Metal2 shape region query size = 200.
[INFO DRT-0033] Via2 shape region query size = 410.
[INFO DRT-0033] Metal3 shape region query size = 164.
[INFO DRT-0033] Via3 shape region query size = 410.
[INFO DRT-0033] Metal4 shape region query size = 164.
[INFO DRT-0033] Via4 shape region query size = 410.
[INFO DRT-0033] Metal5 shape region query size = 246.
[INFO DRT-0033] TopVia1 shape region query size = 164.
[INFO DRT-0033] TopMetal1 shape region query size = 94.
[INFO DRT-0033] TopVia2 shape region query size = 8.
[INFO DRT-0033] TopMetal2 shape region query size = 12.
[INFO DRT-0165] Start pin access.
[INFO DRT-0078]   Complete 187 pins.
[INFO DRT-0081]   Complete 37 unique inst patterns.
[INFO DRT-0084]   Complete 237 groups.
[INFO DRT-0166] Complete pin access.
[INFO DRT-0267] cpu time = 00:00:08, elapsed time = 00:00:01, memory = 261.83 (MB), peak = 271.16 (MB)
[INFO DRT-0157] Number of guides:     2818
[INFO DRT-0169] Post process guides.
[INFO DRT-0176] GCELLGRID X 0 DO 25 STEP 7200 ;
[INFO DRT-0177] GCELLGRID Y 0 DO 25 STEP 7200 ;
[INFO DRT-0028]   Complete GatPoly.
[INFO DRT-0028]   Complete Cont.
[INFO DRT-0028]   Complete Metal1.
[INFO DRT-0028]   Complete Via1.
[INFO DRT-0028]   Complete Metal2.
[INFO DRT-0028]   Complete Via2.
[INFO DRT-0028]   Complete Metal3.
[INFO DRT-0028]   Complete Via3.
[INFO DRT-0028]   Complete Metal4.
[INFO DRT-0028]   Complete Via4.
[INFO DRT-0028]   Complete Metal5.
[INFO DRT-0028]   Complete TopVia1.
[INFO DRT-0028]   Complete TopMetal1.
[INFO DRT-0028]   Complete TopVia2.
[INFO DRT-0028]   Complete TopMetal2.
[INFO DRT-0178] Init guide query.
[INFO DRT-0035]   Complete GatPoly (guide).
[INFO DRT-0035]   Complete Cont (guide).
[INFO DRT-0035]   Complete Metal1 (guide).
[INFO DRT-0035]   Complete Via1 (guide).
[INFO DRT-0035]   Complete Metal2 (guide).
[INFO DRT-0035]   Complete Via2 (guide).
[INFO DRT-0035]   Complete Metal3 (guide).
[INFO DRT-0035]   Complete Via3 (guide).
[INFO DRT-0035]   Complete Metal4 (guide).
[INFO DRT-0035]   Complete Via4 (guide).
[INFO DRT-0035]   Complete Metal5 (guide).
[INFO DRT-0035]   Complete TopVia1 (guide).
[INFO DRT-0035]   Complete TopMetal1 (guide).
[INFO DRT-0035]   Complete TopVia2 (guide).
[INFO DRT-0035]   Complete TopMetal2 (guide).
[INFO DRT-0036] GatPoly guide region query size = 0.
[INFO DRT-0036] Cont guide region query size = 0.
[INFO DRT-0036] Metal1 guide region query size = 1062.
[INFO DRT-0036] Via1 guide region query size = 0.
[INFO DRT-0036] Metal2 guide region query size = 868.
[INFO DRT-0036] Via2 guide region query size = 0.
[INFO DRT-0036] Metal3 guide region query size = 396.
[INFO DRT-0036] Via3 guide region query size = 0.
[INFO DRT-0036] Metal4 guide region query size = 0.
[INFO DRT-0036] Via4 guide region query size = 0.
[INFO DRT-0036] Metal5 guide region query size = 0.
[INFO DRT-0036] TopVia1 guide region query size = 0.
[INFO DRT-0036] TopMetal1 guide region query size = 0.
[INFO DRT-0036] TopVia2 guide region query size = 0.
[INFO DRT-0036] TopMetal2 guide region query size = 0.
[INFO DRT-0179] Init gr pin query.
[INFO DRT-0267] cpu time = 00:00:00, elapsed time = 00:00:00, memory = 261.89 (MB), peak = 271.16 (MB)
[INFO DRT-0245] skipped writing guide updates to database.
[INFO DRT-0181] Start track assignment.
[INFO DRT-0184] Done with 868 vertical wires in 1 frboxes and 1458 horizontal wires in 1 frboxes.
[INFO DRT-0186] Done with 196 vertical wires in 1 frboxes and 171 horizontal wires in 1 frboxes.
[INFO DRT-0182] Complete track assignment.
[INFO DRT-0267] cpu time = 00:00:00, elapsed time = 00:00:00, memory = 272.22 (MB), peak = 271.16 (MB)
[INFO DRT-0187] Start routing data preparation.
[INFO DRT-0267] cpu time = 00:00:00, elapsed time = 00:00:00, memory = 272.22 (MB), peak = 271.16 (MB)
[INFO DRT-0194] Start detail routing.
[INFO DRT-0195] Start 0th optimization iteration.
[INFO DRT-0199]   Number of violations = 94.
[INFO DRT-0267] cpu time = 00:00:09, elapsed time = 00:00:06, memory = 839.78 (MB), peak = 834.54 (MB)
Total wire length = 10591 um.
Total wire length on LAYER Metal1 = 0 um.
Total wire length on LAYER Metal2 = 6067 um.
Total wire length on LAYER Metal3 = 4491 um.
Total wire length on LAYER Metal4 = 31 um.
Total wire length on LAYER Metal5 = 0 um.
Total wire length on LAYER TopMetal1 = 0 um.
Total wire length on LAYER TopMetal2 = 0 um.
[INFO DRT-0195] Start 1st optimization iteration.
[INFO DRT-0199]   Number of violations = 45.
[INFO DRT-0267] cpu time = 00:00:09, elapsed time = 00:00:04, memory = 1019.84 (MB), peak = 1014.79 (MB)
Total wire length = 10576 um.
Total wire length on LAYER Metal1 = 0 um.
Total wire length on LAYER Metal2 = 6015 um.
Total wire length on LAYER Metal3 = 4534 um.
Total wire length on LAYER Metal4 = 25 um.
Total wire length on LAYER Metal5 = 0 um.
Total wire length on LAYER TopMetal1 = 0 um.
Total wire length on LAYER TopMetal2 = 0 um.
[INFO DRT-0195] Start 2nd optimization iteration.
[INFO DRT-0199]   Number of violations = 47.
[INFO DRT-0267] cpu time = 00:00:08, elapsed time = 00:00:05, memory = 1155.27 (MB), peak = 1150.39 (MB)
Total wire length = 10509 um.
Total wire length on LAYER Metal1 = 0 um.
Total wire length on LAYER Metal2 = 5963 um.
Total wire length on LAYER Metal3 = 4512 um.
Total wire length on LAYER Metal4 = 33 um.
Total wire length on LAYER Metal5 = 0 um.
Total wire length on LAYER TopMetal1 = 0 um.
Total wire length on LAYER TopMetal2 = 0 um.
[INFO DRT-0195] Start 3rd guides tiles iteration.
[INFO DRT-0199]   Number of violations = 0.
[INFO DRT-0267] cpu time = 00:00:04, elapsed time = 00:00:02, memory = 1170.88 (MB), peak = 1219.94 (MB)
Total wire length = 10480 um.
Total wire length on LAYER Metal1 = 0 um.
Total wire length on LAYER Metal2 = 5530 um.
Total wire length on LAYER Metal3 = 4524 um.
Total wire length on LAYER Metal4 = 424 um.
Total wire length on LAYER Metal5 = 0 um.
Total wire length on LAYER TopMetal1 = 0 um.
Total wire length on LAYER TopMetal2 = 0 um.
[WARNING DRT-0290] Warning: no DRC report specified, skipped writing DRC report
[INFO DRT-0198] Complete detail routing.
Total wire length = 10480 um.
Total wire length on LAYER Metal1 = 0 um.
Total wire length on LAYER Metal2 = 5530 um.
Total wire length on LAYER Metal3 = 4524 um.
Total wire length on LAYER Metal4 = 424 um.
Total wire length on LAYER Metal5 = 0 um.
Total wire length on LAYER TopMetal1 = 0 um.
Total wire length on LAYER TopMetal2 = 0 um.
[INFO DRT-0267] cpu time = 00:00:32, elapsed time = 00:00:19, memory = 1170.88 (MB), peak = 1219.94 (MB)
[INFO DRT-0180] Post processing.
[INFO DRT-0501] Runtime: 21.15s
[INFO DRT-0178] Init guide query.
[INFO DRT-0036] GatPoly guide region query size = 0.
[INFO DRT-0036] Cont guide region query size = 0.
[INFO DRT-0036] Metal1 guide region query size = 1062.
[INFO DRT-0036] Via1 guide region query size = 0.
[INFO DRT-0036] Metal2 guide region query size = 868.
[INFO DRT-0036] Via2 guide region query size = 0.
[INFO DRT-0036] Metal3 guide region query size = 396.
[INFO DRT-0036] Via3 guide region query size = 0.
[INFO DRT-0036] Metal4 guide region query size = 0.
[INFO DRT-0036] Via4 guide region query size = 0.
[INFO DRT-0036] Metal5 guide region query size = 0.
[INFO DRT-0036] TopVia1 guide region query size = 0.
[INFO DRT-0036] TopMetal1 guide region query size = 0.
[INFO DRT-0036] TopVia2 guide region query size = 0.
[INFO DRT-0036] TopMetal2 guide region query size = 0.
[INFO DRT-0179] Init gr pin query.
[INFO DRT-0501] Runtime: 3.15s

# === violation lines (last 100, if any) ===
[INFO DRT-0036] Metal2 guide region query size = 868.
[INFO DRT-0036] Via2 guide region query size = 0.
[INFO DRT-0036] Metal3 guide region query size = 396.
[INFO DRT-0036] Via3 guide region query size = 0.
[INFO DRT-0036] Metal4 guide region query size = 0.
[INFO DRT-0036] Via4 guide region query size = 0.
[INFO DRT-0036] Metal5 guide region query size = 0.
[INFO DRT-0036] TopVia1 guide region query size = 0.
[INFO DRT-0036] TopMetal1 guide region query size = 0.
[INFO DRT-0036] TopVia2 guide region query size = 0.
[INFO DRT-0036] TopMetal2 guide region query size = 0.
[INFO DRT-0179] Init gr pin query.
[INFO DRT-0267] cpu time = 00:00:00, elapsed time = 00:00:00, memory = 261.89 (MB), peak = 271.16 (MB)
[INFO DRT-0245] skipped writing guide updates to database.
[INFO DRT-0181] Start track assignment.
[INFO DRT-0184] Done with 868 vertical wires in 1 frboxes and 1458 horizontal wires in 1 frboxes.
[INFO DRT-0186] Done with 196 vertical wires in 1 frboxes and 171 horizontal wires in 1 frboxes.
[INFO DRT-0182] Complete track assignment.
[INFO DRT-0267] cpu time = 00:00:00, elapsed time = 00:00:00, memory = 272.22 (MB), peak = 271.16 (MB)
[INFO DRT-0187] Start routing data preparation.
[INFO DRT-0267] cpu time = 00:00:00, elapsed time = 00:00:00, memory = 272.22 (MB), peak = 271.16 (MB)
[INFO DRT-0194] Start detail routing.
[INFO DRT-0195] Start 0th optimization iteration.
    Completing 10% with 0 violations.
    Completing 20% with 0 violations.
    Completing 30% with 16 violations.
    Completing 40% with 16 violations.
    Completing 50% with 16 violations.
    Completing 60% with 46 violations.
    Completing 70% with 46 violations.
    Completing 80% with 62 violations.
    Completing 90% with 62 violations.
    Completing 100% with 84 violations.
[INFO DRT-0199]   Number of violations = 94.
[INFO DRT-0267] cpu time = 00:00:09, elapsed time = 00:00:06, memory = 839.78 (MB), peak = 834.54 (MB)
[INFO DRT-0195] Start 1st optimization iteration.
    Completing 10% with 94 violations.
    Completing 20% with 94 violations.
    Completing 30% with 76 violations.
    Completing 40% with 76 violations.
    Completing 50% with 76 violations.
    Completing 60% with 48 violations.
    Completing 70% with 48 violations.
    Completing 80% with 48 violations.
    Completing 90% with 48 violations.
    Completing 100% with 45 violations.
[INFO DRT-0199]   Number of violations = 45.
[INFO DRT-0267] cpu time = 00:00:09, elapsed time = 00:00:04, memory = 1019.84 (MB), peak = 1014.79 (MB)
[INFO DRT-0195] Start 2nd optimization iteration.
    Completing 10% with 45 violations.
    Completing 20% with 45 violations.
    Completing 30% with 45 violations.
    Completing 40% with 38 violations.
    Completing 50% with 38 violations.
    Completing 60% with 38 violations.
    Completing 70% with 50 violations.
    Completing 80% with 50 violations.
    Completing 90% with 48 violations.
    Completing 100% with 47 violations.
[INFO DRT-0199]   Number of violations = 47.
[INFO DRT-0267] cpu time = 00:00:08, elapsed time = 00:00:05, memory = 1155.27 (MB), peak = 1150.39 (MB)
[INFO DRT-0195] Start 3rd guides tiles iteration.
    Completing 10% with 47 violations.
    Completing 20% with 47 violations.
    Completing 30% with 22 violations.
    Completing 40% with 22 violations.
    Completing 50% with 22 violations.
    Completing 60% with 1 violations.
    Completing 70% with 1 violations.
    Completing 80% with 1 violations.
    Completing 90% with 1 violations.
    Completing 100% with 0 violations.
[INFO DRT-0199]   Number of violations = 0.
[INFO DRT-0267] cpu time = 00:00:04, elapsed time = 00:00:02, memory = 1170.88 (MB), peak = 1219.94 (MB)
[WARNING DRT-0290] Warning: no DRC report specified, skipped writing DRC report
[INFO DRT-0198] Complete detail routing.
[INFO DRT-0267] cpu time = 00:00:32, elapsed time = 00:00:19, memory = 1170.88 (MB), peak = 1219.94 (MB)
[INFO DRT-0180] Post processing.
[INFO DRT-0501] Runtime: 21.15s
[INFO ANT-0002] Found 0 net violations.
[INFO ANT-0001] Found 0 pin violations.
ANTENNA_ALREADY_CLEAN: 0 net violations, skipping repair+reroute
[INFO DRT-0178] Init guide query.
[INFO DRT-0036] GatPoly guide region query size = 0.
[INFO DRT-0036] Cont guide region query size = 0.
[INFO DRT-0036] Metal1 guide region query size = 1062.
[INFO DRT-0036] Via1 guide region query size = 0.
[INFO DRT-0036] Metal2 guide region query size = 868.
[INFO DRT-0036] Via2 guide region query size = 0.
[INFO DRT-0036] Metal3 guide region query size = 396.
[INFO DRT-0036] Via3 guide region query size = 0.
[INFO DRT-0036] Metal4 guide region query size = 0.
[INFO DRT-0036] Via4 guide region query size = 0.
[INFO DRT-0036] Metal5 guide region query size = 0.
[INFO DRT-0036] TopVia1 guide region query size = 0.
[INFO DRT-0036] TopMetal1 guide region query size = 0.
[INFO DRT-0036] TopVia2 guide region query size = 0.
[INFO DRT-0036] TopMetal2 guide region query size = 0.
[INFO DRT-0179] Init gr pin query.
[INFO DRT-0501] Runtime: 3.15s
# === full openroad.log (last 3 KB, for reviewer context) ===
0:04, elapsed time = 00:00:02, memory = 1170.88 (MB), peak = 1219.94 (MB)
Total wire length = 10480 um.
Total wire length on LAYER Metal1 = 0 um.
Total wire length on LAYER Metal2 = 5530 um.
Total wire length on LAYER Metal3 = 4524 um.
Total wire length on LAYER Metal4 = 424 um.
Total wire length on LAYER Metal5 = 0 um.
Total wire length on LAYER TopMetal1 = 0 um.
Total wire length on LAYER TopMetal2 = 0 um.
Total number of vias = 2495.
Up-via summary (total 2495):

------------------
   GatPoly       0
    Metal1    1346
    Metal2    1119
    Metal3      30
    Metal4       0
    Metal5       0
 TopMetal1       0
------------------
          2495


[WARNING DRT-0290] Warning: no DRC report specified, skipped writing DRC report
[INFO DRT-0198] Complete detail routing.
Total wire length = 10480 um.
Total wire length on LAYER Metal1 = 0 um.
Total wire length on LAYER Metal2 = 5530 um.
Total wire length on LAYER Metal3 = 4524 um.
Total wire length on LAYER Metal4 = 424 um.
Total wire length on LAYER Metal5 = 0 um.
Total wire length on LAYER TopMetal1 = 0 um.
Total wire length on LAYER TopMetal2 = 0 um.
Total number of vias = 2495.
Up-via summary (total 2495):

------------------
   GatPoly       0
    Metal1    1346
    Metal2    1119
    Metal3      30
    Metal4       0
    Metal5       0
 TopMetal1       0
------------------
          2495


[INFO DRT-0267] cpu time = 00:00:32, elapsed time = 00:00:19, memory = 1170.88 (MB), peak = 1219.94 (MB)

[INFO DRT-0180] Post processing.
[INFO DRT-0501] Runtime: 21.15s
SPEF_REPAIR_SKIP: no captable found; post-route SPEF extract skipped
[INFO ANT-0002] Found 0 net violations.
[INFO ANT-0001] Found 0 pin violations.
ANTENNA_ALREADY_CLEAN: 0 net violations, skipping repair+reroute
ANTENNA_POSTROUTE_DONE
[INFO DPL-0001] Placed 1372 filler instances.
FILLER_INSERTED: 6 masters (core_util=29.328703703703702%)
PG_DONTTOUCH_LIFTED: 8
PG_RECONNECT_DONE
PG_DONTTOUCH_RESTORED: 8
[INFO DRT-0178] Init guide query.
[INFO DRT-0036] GatPoly guide region query size = 0.
[INFO DRT-0036] Cont guide region query size = 0.
[INFO DRT-0036] Metal1 guide region query size = 1062.
[INFO DRT-0036] Via1 guide region query size = 0.
[INFO DRT-0036] Metal2 guide region query size = 868.
[INFO DRT-0036] Via2 guide region query size = 0.
[INFO DRT-0036] Metal3 guide region query size = 396.
[INFO DRT-0036] Via3 guide region query size = 0.
[INFO DRT-0036] Metal4 guide region query size = 0.
[INFO DRT-0036] Via4 guide region query size = 0.
[INFO DRT-0036] Metal5 guide region query size = 0.
[INFO DRT-0036] TopVia1 guide region query size = 0.
[INFO DRT-0036] TopMetal1 guide region query size = 0.
[INFO DRT-0036] TopVia2 guide region query size = 0.
[INFO DRT-0036] TopMetal2 guide region query size = 0.
[INFO DRT-0179] Init gr pin query.
[INFO DRT-0501] Runtime: 3.15s
PG_REROUTE_DONE
PG_CONNECT_AUDIT: total=3652 unconnected=0 masters=
Design area 6897 um^2 29% utilization.
SPEF_REPAIR_ESTIMATE_SKIP: no post_route_repair.spef extracted

# end of routed.drc.rpt
