# OpenROAD PSM (Power Supply Metal) IR-drop report — emitted by
# phase3_one_shot_runner (ORGANIC-20260531 sign-off-chain step).
# Tool: openroad / PSM analyze_power_grid (static IR drop).
# Power nets analysed: VDD
#
# Substance: static IR drop computed on the routed DEF power grid
# via OpenROAD PSM — no SPEF required (PSM walks the SPECIALNETS
# metal directly). 'IR drop' / voltage values (V → mV) below.
# Units: values reported in volts; mV column added for the gate.
#
openroad / PSM: analyze_power_grid invoked
IR drop analysis (static): worst voltage drop
[INFO PSM-0040] All shapes on net VDD are connected.
[INFO PSM-0073] Using bump pattern with x-pitch 140.0000um, y-pitch 140.0000um, and size 70.0000um with an reduction factor of 3x.
Supply voltage   : 1.20e+00 V
Worstcase voltage: 1.20e+00 V
Average voltage  : 1.20e+00 V
Average IR drop  : 7.17e-04 V
  -> 0.717 mV (IR drop, normalised)
Worstcase IR drop: 1.01e-03 V
  -> 1.01 mV (IR drop, normalised)

# === Full PSM stdout (provenance) ===
OpenROAD 26Q3-155-g1bade74e72 
Features included (+) or not (-): +GPU +GUI +Python
This program is licensed under the BSD-3 license. See the LICENSE file for details.
Components of this program may be licensed under more restrictive licenses which must be honored.
[INFO ODB-0227] LEF file: /foss/pdks/ihp-sg13g2/libs.ref/sg13g2_stdcell/lef/sg13g2_tech.lef, created 19 layers, 70 vias
[INFO ODB-0227] LEF file: /foss/pdks/ihp-sg13g2/libs.ref/sg13g2_stdcell/lef/sg13g2_stdcell.lef, created 84 library cells
[INFO ODB-0127] Reading DEF file: /home/reyerchu/campaign_v1558/spm/converge_1.5.58_ihp-sg13g2/phase3/stage3/pnr/spm.def
[INFO ODB-0128] Design: spm
[INFO ODB-0130]     Created 36 pins.
[INFO ODB-0131]     Created 1826 components and 5024 component-terminals.
[INFO ODB-0132]     Created 2 special nets and 3652 connections.
[INFO ODB-0133]     Created 466 nets and 1331 connections.
[INFO ODB-0134] Finished DEF file: /home/reyerchu/campaign_v1558/spm/converge_1.5.58_ihp-sg13g2/phase3/stage3/pnr/spm.def
=== PSM_NET VDD ===
[INFO PSM-0040] All shapes on net VDD are connected.
[INFO PSM-0073] Using bump pattern with x-pitch 140.0000um, y-pitch 140.0000um, and size 70.0000um with an reduction factor of 3x.
########## IR report #################
Net              : VDD
Corner           : default
Total power      : 4.79e-04 W
Supply voltage   : 1.20e+00 V
Worstcase voltage: 1.20e+00 V
Average voltage  : 1.20e+00 V
Average IR drop  : 7.17e-04 V
Worstcase IR drop: 1.01e-03 V
Percentage drop  : 0.08 %
######################################
########## EM analysis ###############
Net                : VDD
Corner             : default
Maximum current    : 2.09e-04 A
Average current    : 2.77e-06 A
Number of resistors: 2939
######################################


# end of ir_drop.rpt
