Startpoint: rst (input port clocked by clk)
Endpoint: _524_ (rising edge-triggered flip-flop clocked by clk)
Path Group: clk
Path Type: max

  Delay    Time   Description
---------------------------------------------------------
   0.00    0.00   clock clk (rise edge)
   0.00    0.00   clock network delay (ideal)
   2.00    2.00 ^ input external delay
   0.00    2.00 ^ rst (in)
   0.07    2.07 ^ input46/X (sg13g2_buf_1)
   0.19    2.26 ^ fanout88/X (sg13g2_buf_1)
   0.14    2.39 ^ max_cap29/X (sg13g2_buf_8)
   0.15    2.55 ^ fanout87/X (sg13g2_buf_1)
   0.21    2.76 ^ fanout86/X (sg13g2_buf_1)
   0.22    2.97 ^ fanout85/X (sg13g2_buf_1)
   0.09    3.06 v _480_/Y (sg13g2_nor3_1)
   0.00    3.06 v _524_/D (sg13g2_dfrbpq_1)
           3.06   data arrival time

  10.00   10.00   clock clk (rise edge)
   0.00   10.00   clock network delay (ideal)
   0.00   10.00   clock reconvergence pessimism
          10.00 ^ _524_/CLK (sg13g2_dfrbpq_1)
  -0.13    9.87   library setup time
           9.87   data required time
---------------------------------------------------------
           9.87   data required time
          -3.06   data arrival time
---------------------------------------------------------
           6.81   slack (MET)


tns max 0.00
wns max 0.00
worst slack max 6.81
OCV_DERATE_APPLIED early=0.95 late=1.05 flat-OCV
Group                                  Slack
--------------------------------------------
No paths found.

max slew

Pin                                    Limit    Slew   Slack
------------------------------------------------------------
_310_/A                                 2.51    0.18    2.33 (MET)

max capacitance

Pin                                    Limit     Cap   Slack
------------------------------------------------------------
fanout88/X                              0.30    0.04    0.26 (MET)

                                     Required  Actual
Pin                                    Width   Width   Slack
------------------------------------------------------------
_562_/CLK (low)                         0.16    4.99    4.83 (MET)

SIGNOFF_CHECK_TYPES_REPORTED recovery removal max_slew min_pulse_width max_capacitance
