# Aging-corner STA — emitted by phase3_one_shot_runner (TAPEOUT-SIGNOFF).
# Tool: OpenSTA (sta). This is a REAL STA run with an AGING set_timing_derate
# late=1.1000 applied BEYOND the fresh-silicon OCV, to model NBTI/PBTI/HCI
# transistor Vt-drift over lifetime. The worst-slack number below is tool-produced.
# DISCLOSURE: sky130/gf180 ship NO foundry aging Liberty, so the aging derate is a
# DOCUMENTED GENERIC MARGIN (a disclosed assumption), NOT a foundry aging-corner number.
# STA_BASIS: POST_ROUTE_SPEF
# STA_BASIS_NETLIST: user_project_wrapper_pnr.v
# STA_BASIS_SPEF: user_project_wrapper.max.spef (max-RC / late-path corner)
# STA_BASIS_LIBERTY: sky130_fd_sc_hd__ss_100C_1v60.lib (SS)
# routed netlist user_project_wrapper_pnr.v + extracted parasitics (*->user_project_wrapper.spef, FF->user_project_wrapper.min.spef, SS->user_project_wrapper.max.spef, TT->user_project_wrapper.nom.spef) — post-route multi-corner timing; each liberty corner is annotated with its own RC corner where one was extracted, else the nominal extraction
# aging nbti pbti hci lifetime end-of-life eol degradation vt-shift (evidence tokens)
#
OpenSTA 2.7.0 f21d4a3878 Copyright (c) 2026, Parallax Software, Inc.
License GPLv3: GNU GPL version 3 <http://gnu.org/licenses/gpl.html>

This is free software, and you are free to change and redistribute it
under certain conditions; type `show_copying' for details. 
This program comes with ABSOLUTELY NO WARRANTY; for details type `show_warranty'.
Warning 198: /home/reyerchu/_c_car15_run/phase3/stage3/pnr/user_project_wrapper_pnr.v line 754, module sky130_fd_sc_hd__tapvpwrvgnd_1 not found. Creating black box for TAP_TAPCELL_ROW_108_11390.
Warning 441: constraint.sdc line 3, set_input_delay relative to a clock defined on the same port/pin not allowed.
STA_BASIS: POST_ROUTE_SPEF
STA_BASIS_NETLIST: user_project_wrapper_pnr.v
STA_BASIS_SPEF: user_project_wrapper.max.spef (max-RC / late-path corner)
STA_BASIS_LIBERTY: sky130_fd_sc_hd__ss_100C_1v60.lib (SS)
AGING_DERATE_APPLIED late=1.1000 (generic lifetime margin, no foundry aging Liberty)
worst slack max 7.06
Warning 168: aging_sta_user_project_wrapper.tcl line 1, unknown field slack.
Startpoint: wbs_stb_i (input port clocked by clk)
Endpoint: _323_ (rising edge-triggered flip-flop clocked by clk)
Path Group: clk
Path Type: max

  Delay    Time   Description
---------------------------------------------------------
   0.00    0.00   clock clk (rise edge)
   0.00    0.00   clock network delay (ideal)
   2.00    2.00 ^ input external delay
   0.00    2.00 ^ wbs_stb_i (in)
   0.44    2.44 ^ input140/X (sky130_fd_sc_hd__buf_4)
   0.91    3.35 ^ wire408/X (sky130_fd_sc_hd__clkbuf_4)
   0.87    4.22 ^ wire407/X (sky130_fd_sc_hd__buf_6)
   0.71    4.93 ^ wire145/X (sky130_fd_sc_hd__clkbuf_16)
   0.31    5.24 ^ wire398/X (sky130_fd_sc_hd__clkbuf_2)
   0.70    5.95 ^ wire458/X (sky130_fd_sc_hd__clkbuf_2)
   0.90    6.84 ^ wire397/X (sky130_fd_sc_hd__clkbuf_2)
   0.92    7.77 ^ wire396/X (sky130_fd_sc_hd__clkbuf_2)
   0.95    8.71 ^ wire395/X (sky130_fd_sc_hd__clkbuf_2)
   0.90    9.61 ^ wire394/X (sky130_fd_sc_hd__clkbuf_4)
   0.48   10.09 v _247_/Y (sky130_fd_sc_hd__a22oi_1)
   1.54   11.63 v _250_/X (sky130_fd_sc_hd__or4_1)
   2.25   13.88 v _253_/X (sky130_fd_sc_hd__or4_2)
   0.80   14.68 v place63/X (sky130_fd_sc_hd__clkbuf_4)
   0.76   15.43 v place62/X (sky130_fd_sc_hd__clkbuf_4)
   0.76   16.20 ^ _223_/Y (sky130_fd_sc_hd__a211oi_1)
   0.56   16.76 ^ _225_/X (sky130_fd_sc_hd__o22a_1)
   0.13   16.90 v _226_/Y (sky130_fd_sc_hd__nor2_1)
   0.73   17.62 v _546_/X (sky130_fd_sc_hd__mux2_1)
   0.00   17.62 v _323_/D (sky130_fd_sc_hd__dfxtp_4)
          17.62   data arrival time

  25.00   25.00   clock clk (rise edge)
   0.00   25.00   clock network delay (ideal)
   0.00   25.00   clock reconvergence pessimism
          25.00 ^ _323_/CLK (sky130_fd_sc_hd__dfxtp_4)
  -0.31   24.69   library setup time
          24.69   data required time
---------------------------------------------------------
          24.69   data required time
         -17.62   data arrival time
---------------------------------------------------------
           7.06   slack (MET)


