# OpenROAD detailed_route DRC summary -- emitted by
# phase3_one_shot_runner v1.6.36 (canonicalize_artefacts step).
# Tool: openroad detailed_route (drt)
# Source log: phase3/stage3/pnr/openroad.log
#
# This report is the runner-side projection of OpenROAD
# detailed_route output. Tool signature is `openroad` /
# `detailed_route`; `violation report` line + per-violation
# detail (when present) populate the substance check.
#
# Substance: post-route DRC count derived from openroad
# detailed_route's per-net congestion/violation log lines. This is
# the router's own in-loop DRC pass.
# Sign-off DRC runs SEPARATELY at Step 31: when the PDK ships a
# Calibre/Assura `.rule` deck (input/pdk/calibre/), the runner
# executes that foundry deck NATIVELY via the vibeic KLayout SVRF
# engine (_try_svrf_native_drc) — NO Calibre license/binary
# required; that IS the sign-off-grade verdict. A KLayout `.lydrc`
# or `magic` deck is only the fallback when no SVRF deck exists.
#
openroad / drt-pass: detailed_route invoked
violation report: 0
violation count summary: 0 violation(s) found
drc source: final [INFO DRT-0199] count
DRC clean: YES
tool: openroad

# === detailed_route + global_route summary lines from openroad.log ===
Total wire length on LAYER met1 = 0 um.
Total wire length on LAYER met2 = 11990 um.
Total wire length on LAYER met3 = 122994 um.
Total wire length on LAYER met4 = 618 um.
Total wire length on LAYER met5 = 0 um.
[INFO DRT-0195] Start 4th guides tiles iteration.
[INFO DRT-0199]   Number of violations = 0.
[INFO DRT-0267] cpu time = 00:00:17, elapsed time = 00:00:02, memory = 2513.30 (MB), peak = 2785.46 (MB)
Total wire length = 135600 um.
Total wire length on LAYER li1 = 0 um.
Total wire length on LAYER met1 = 0 um.
Total wire length on LAYER met2 = 11834 um.
Total wire length on LAYER met3 = 123003 um.
Total wire length on LAYER met4 = 762 um.
Total wire length on LAYER met5 = 0 um.
[WARNING DRT-0290] Warning: no DRC report specified, skipped writing DRC report
[INFO DRT-0198] Complete detail routing.
Total wire length = 135600 um.
Total wire length on LAYER li1 = 0 um.
Total wire length on LAYER met1 = 0 um.
Total wire length on LAYER met2 = 11834 um.
Total wire length on LAYER met3 = 123003 um.
Total wire length on LAYER met4 = 762 um.
Total wire length on LAYER met5 = 0 um.
[INFO DRT-0267] cpu time = 00:03:48, elapsed time = 00:00:57, memory = 2513.30 (MB), peak = 2785.46 (MB)
[INFO DRT-0700] Post-route min-area repair: patched 1 isolated undersized polygon(s); 0 unresolved.
[INFO DRT-0180] Post processing.
[INFO DRT-0501] Runtime: 61.41s
[INFO DRT-0024]   Complete FR_MASTERSLICE.
[INFO DRT-0024]   Complete licon.
[INFO DRT-0024]   Complete li1.
[INFO DRT-0024]   Complete mcon.
[INFO DRT-0024]   Complete met1.
[INFO DRT-0024]   Complete via.
[INFO DRT-0024]   Complete met2.
[INFO DRT-0024]   Complete via2.
[INFO DRT-0024]   Complete met3.
[INFO DRT-0024]   Complete via3.
[INFO DRT-0024]   Complete met4.
[INFO DRT-0024]   Complete via4.
[INFO DRT-0024]   Complete met5.
[INFO DRT-0165] Start pin access.
[INFO DRT-0078]   Complete 737 pins.
[INFO DRT-0079]   Complete 100 unique inst patterns.
[INFO DRT-0081]   Complete 101 unique inst patterns.
[INFO DRT-0084]   Complete 706 groups.
[INFO DRT-0166] Complete pin access.
[INFO DRT-0267] cpu time = 00:00:43, elapsed time = 00:00:01, memory = 2509.87 (MB), peak = 2785.46 (MB)
[INFO DRT-0157] Number of guides:     6729
[INFO DRT-0169] Post process guides.
[INFO DRT-0176] GCELLGRID X 0 DO 423 STEP 6900 ;
[INFO DRT-0177] GCELLGRID Y 0 DO 510 STEP 6900 ;
[INFO DRT-0028]   Complete FR_MASTERSLICE.
[INFO DRT-0028]   Complete licon.
[INFO DRT-0028]   Complete li1.
[INFO DRT-0028]   Complete mcon.
[INFO DRT-0028]   Complete met1.
[INFO DRT-0028]   Complete via.
[INFO DRT-0028]   Complete met2.
[INFO DRT-0028]   Complete via2.
[INFO DRT-0028]   Complete met3.
[INFO DRT-0028]   Complete via3.
[INFO DRT-0028]   Complete met4.
[INFO DRT-0028]   Complete via4.
[INFO DRT-0028]   Complete met5.
[INFO DRT-0178] Init guide query.
[INFO DRT-0035]   Complete FR_MASTERSLICE (guide).
[INFO DRT-0035]   Complete licon (guide).
[INFO DRT-0035]   Complete li1 (guide).
[INFO DRT-0035]   Complete mcon (guide).
[INFO DRT-0035]   Complete met1 (guide).
[INFO DRT-0035]   Complete via (guide).
[INFO DRT-0035]   Complete met2 (guide).
[INFO DRT-0035]   Complete via2 (guide).
[INFO DRT-0035]   Complete met3 (guide).
[INFO DRT-0035]   Complete via3 (guide).
[INFO DRT-0035]   Complete met4 (guide).
[INFO DRT-0035]   Complete via4 (guide).
[INFO DRT-0035]   Complete met5 (guide).
[INFO DRT-0036] FR_MASTERSLICE guide region query size = 0.
[INFO DRT-0036] licon guide region query size = 0.
[INFO DRT-0036] li1 guide region query size = 1739.
[INFO DRT-0036] mcon guide region query size = 0.
[INFO DRT-0036] met1 guide region query size = 1664.
[INFO DRT-0036] via guide region query size = 0.
[INFO DRT-0036] met2 guide region query size = 1666.
[INFO DRT-0036] via2 guide region query size = 0.
[INFO DRT-0036] met3 guide region query size = 955.
[INFO DRT-0036] via3 guide region query size = 0.
[INFO DRT-0036] met4 guide region query size = 8.
[INFO DRT-0036] via4 guide region query size = 0.
[INFO DRT-0036] met5 guide region query size = 0.
[INFO DRT-0179] Init gr pin query.
[INFO DRT-0267] cpu time = 00:00:00, elapsed time = 00:00:00, memory = 2509.87 (MB), peak = 2785.46 (MB)
[INFO DRT-0245] skipped writing guide updates to database.
[INFO DRT-0181] Start track assignment.
[INFO DRT-0184] Done with 3413 vertical wires in 9 frboxes and 2619 horizontal wires in 11 frboxes.
[INFO DRT-0186] Done with 313 vertical wires in 9 frboxes and 330 horizontal wires in 11 frboxes.
[INFO DRT-0182] Complete track assignment.
[INFO DRT-0267] cpu time = 00:00:15, elapsed time = 00:00:01, memory = 2785.35 (MB), peak = 2785.46 (MB)
[INFO DRT-0187] Start routing data preparation.
[INFO DRT-0267] cpu time = 00:00:00, elapsed time = 00:00:00, memory = 2785.35 (MB), peak = 2785.46 (MB)
[INFO DRT-0194] Start detail routing.
[INFO DRT-0195] Start 0th optimization iteration.
[INFO DRT-0199]   Number of violations = 623.
[INFO DRT-0267] cpu time = 00:01:07, elapsed time = 00:00:17, memory = 2543.35 (MB), peak = 2785.46 (MB)
Total wire length = 135897 um.
Total wire length on LAYER li1 = 0 um.
Total wire length on LAYER met1 = 0 um.
Total wire length on LAYER met2 = 12654 um.
Total wire length on LAYER met3 = 123066 um.
Total wire length on LAYER met4 = 176 um.
Total wire length on LAYER met5 = 0 um.
[INFO DRT-0195] Start 1st optimization iteration.
[INFO DRT-0199]   Number of violations = 541.
[INFO DRT-0267] cpu time = 00:01:05, elapsed time = 00:00:14, memory = 2513.35 (MB), peak = 2785.46 (MB)
Total wire length = 135676 um.
Total wire length on LAYER li1 = 0 um.
Total wire length on LAYER met1 = 0 um.
Total wire length on LAYER met2 = 12544 um.
Total wire length on LAYER met3 = 122951 um.
Total wire length on LAYER met4 = 180 um.
Total wire length on LAYER met5 = 0 um.
[INFO DRT-0195] Start 2nd optimization iteration.
[INFO DRT-0199]   Number of violations = 392.
[INFO DRT-0267] cpu time = 00:00:39, elapsed time = 00:00:12, memory = 2513.35 (MB), peak = 2785.46 (MB)
Total wire length = 135583 um.
Total wire length on LAYER li1 = 0 um.
Total wire length on LAYER met1 = 0 um.
Total wire length on LAYER met2 = 12467 um.
Total wire length on LAYER met3 = 122947 um.
Total wire length on LAYER met4 = 168 um.
Total wire length on LAYER met5 = 0 um.
[INFO DRT-0195] Start 3rd optimization iteration.
[INFO DRT-0199]   Number of violations = 64.
[INFO DRT-0267] cpu time = 00:00:36, elapsed time = 00:00:07, memory = 2513.35 (MB), peak = 2785.46 (MB)
Total wire length = 135582 um.
Total wire length on LAYER li1 = 0 um.
Total wire length on LAYER met1 = 0 um.
Total wire length on LAYER met2 = 12003 um.
Total wire length on LAYER met3 = 122989 um.
Total wire length on LAYER met4 = 589 um.
Total wire length on LAYER met5 = 0 um.
[INFO DRT-0195] Start 4th guides tiles iteration.
[INFO DRT-0199]   Number of violations = 0.
[INFO DRT-0267] cpu time = 00:00:15, elapsed time = 00:00:01, memory = 2513.35 (MB), peak = 2785.46 (MB)
Total wire length = 135574 um.
Total wire length on LAYER li1 = 0 um.
Total wire length on LAYER met1 = 0 um.
Total wire length on LAYER met2 = 11815 um.
Total wire length on LAYER met3 = 122993 um.
Total wire length on LAYER met4 = 764 um.
Total wire length on LAYER met5 = 0 um.
[WARNING DRT-0290] Warning: no DRC report specified, skipped writing DRC report
[INFO DRT-0198] Complete detail routing.
Total wire length = 135574 um.
Total wire length on LAYER li1 = 0 um.
Total wire length on LAYER met1 = 0 um.
Total wire length on LAYER met2 = 11815 um.
Total wire length on LAYER met3 = 122993 um.
Total wire length on LAYER met4 = 764 um.
Total wire length on LAYER met5 = 0 um.
[INFO DRT-0267] cpu time = 00:03:43, elapsed time = 00:00:53, memory = 2513.35 (MB), peak = 2785.46 (MB)
[INFO DRT-0700] Post-route min-area repair: patched 1 isolated undersized polygon(s); 0 unresolved.
[INFO DRT-0180] Post processing.
[INFO DRT-0501] Runtime: 57.08s
[INFO GRT-0012] Found 1 antenna violations.
[INFO GRT-0015] Inserted 22 diodes.
[INFO DRT-0178] Init guide query.
[INFO DRT-0036] FR_MASTERSLICE guide region query size = 0.
[INFO DRT-0036] licon guide region query size = 0.
[INFO DRT-0036] li1 guide region query size = 1744.
[INFO DRT-0036] mcon guide region query size = 0.
[INFO DRT-0036] met1 guide region query size = 1667.
[INFO DRT-0036] via guide region query size = 0.
[INFO DRT-0036] met2 guide region query size = 1669.
[INFO DRT-0036] via2 guide region query size = 0.
[INFO DRT-0036] met3 guide region query size = 956.
[INFO DRT-0036] via3 guide region query size = 0.
[INFO DRT-0036] met4 guide region query size = 7.
[INFO DRT-0036] via4 guide region query size = 0.
[INFO DRT-0036] met5 guide region query size = 0.
[INFO DRT-0179] Init gr pin query.
[INFO DRT-0501] Runtime: 18.97s
[INFO DRT-0178] Init guide query.
[INFO DRT-0036] FR_MASTERSLICE guide region query size = 0.
[INFO DRT-0036] licon guide region query size = 0.
[INFO DRT-0036] li1 guide region query size = 1744.
[INFO DRT-0036] mcon guide region query size = 0.
[INFO DRT-0036] met1 guide region query size = 1667.
[INFO DRT-0036] via guide region query size = 0.
[INFO DRT-0036] met2 guide region query size = 1669.
[INFO DRT-0036] via2 guide region query size = 0.
[INFO DRT-0036] met3 guide region query size = 956.
[INFO DRT-0036] via3 guide region query size = 0.
[INFO DRT-0036] met4 guide region query size = 7.
[INFO DRT-0036] via4 guide region query size = 0.
[INFO DRT-0036] met5 guide region query size = 0.
[INFO DRT-0179] Init gr pin query.
[INFO DRT-0501] Runtime: 5.72s

# === violation lines (last 100, if any) ===
[INFO DRT-0267] cpu time = 00:01:07, elapsed time = 00:00:17, memory = 2543.35 (MB), peak = 2785.46 (MB)
[INFO DRT-0195] Start 1st optimization iteration.
    Completing 10% with 623 violations.
    Completing 20% with 623 violations.
    Completing 30% with 588 violations.
    Completing 40% with 588 violations.
    Completing 50% with 586 violations.
    Completing 60% with 597 violations.
    Completing 70% with 597 violations.
    Completing 80% with 554 violations.
    Completing 90% with 554 violations.
    Completing 100% with 541 violations.
[INFO DRT-0199]   Number of violations = 541.
[INFO DRT-0267] cpu time = 00:01:05, elapsed time = 00:00:14, memory = 2513.35 (MB), peak = 2785.46 (MB)
[INFO DRT-0195] Start 2nd optimization iteration.
    Completing 10% with 541 violations.
    Completing 20% with 541 violations.
    Completing 30% with 489 violations.
    Completing 40% with 489 violations.
    Completing 50% with 489 violations.
    Completing 60% with 416 violations.
    Completing 70% with 416 violations.
    Completing 80% with 398 violations.
    Completing 90% with 398 violations.
    Completing 100% with 392 violations.
[INFO DRT-0199]   Number of violations = 392.
[INFO DRT-0267] cpu time = 00:00:39, elapsed time = 00:00:12, memory = 2513.35 (MB), peak = 2785.46 (MB)
[INFO DRT-0195] Start 3rd optimization iteration.
    Completing 10% with 392 violations.
    Completing 20% with 392 violations.
    Completing 30% with 349 violations.
    Completing 40% with 349 violations.
    Completing 50% with 349 violations.
    Completing 60% with 334 violations.
    Completing 70% with 334 violations.
    Completing 80% with 190 violations.
    Completing 90% with 190 violations.
    Completing 100% with 64 violations.
[INFO DRT-0199]   Number of violations = 64.
[INFO DRT-0267] cpu time = 00:00:36, elapsed time = 00:00:07, memory = 2513.35 (MB), peak = 2785.46 (MB)
[INFO DRT-0195] Start 4th guides tiles iteration.
    Completing 20% with 64 violations.
    Completing 50% with 64 violations.
    Completing 70% with 24 violations.
    Completing 100% with 0 violations.
[INFO DRT-0199]   Number of violations = 0.
[INFO DRT-0267] cpu time = 00:00:15, elapsed time = 00:00:01, memory = 2513.35 (MB), peak = 2785.46 (MB)
[WARNING DRT-0290] Warning: no DRC report specified, skipped writing DRC report
[INFO DRT-0198] Complete detail routing.
[INFO DRT-0267] cpu time = 00:03:43, elapsed time = 00:00:53, memory = 2513.35 (MB), peak = 2785.46 (MB)
[INFO DRT-0700] Post-route min-area repair: patched 1 isolated undersized polygon(s); 0 unresolved.
[INFO DRT-0180] Post processing.
[INFO DRT-0501] Runtime: 57.08s
[INFO ANT-0002] Found 1 net violations.
[INFO ANT-0001] Found 2 pin violations.
[INFO ANT-0002] Found 1 net violations.
[INFO ANT-0001] Found 2 pin violations.
[INFO ANT-0002] Found 1 net violations.
[INFO ANT-0001] Found 2 pin violations.
[INFO GRT-0012] Found 1 antenna violations.
Iteration | Violations |    Cells |    Sites
[INFO DRT-0178] Init guide query.
[INFO DRT-0036] FR_MASTERSLICE guide region query size = 0.
[INFO DRT-0036] licon guide region query size = 0.
[INFO DRT-0036] li1 guide region query size = 1744.
[INFO DRT-0036] mcon guide region query size = 0.
[INFO DRT-0036] met1 guide region query size = 1667.
[INFO DRT-0036] via guide region query size = 0.
[INFO DRT-0036] met2 guide region query size = 1669.
[INFO DRT-0036] via2 guide region query size = 0.
[INFO DRT-0036] met3 guide region query size = 956.
[INFO DRT-0036] via3 guide region query size = 0.
[INFO DRT-0036] met4 guide region query size = 7.
[INFO DRT-0036] via4 guide region query size = 0.
[INFO DRT-0036] met5 guide region query size = 0.
[INFO DRT-0179] Init gr pin query.
[INFO DRT-0501] Runtime: 18.97s
[INFO ANT-0002] Found 0 net violations.
[INFO ANT-0001] Found 0 pin violations.
[INFO ANT-0002] Found 0 net violations.
[INFO ANT-0001] Found 0 pin violations.
[INFO ANT-0002] Found 0 net violations.
[INFO ANT-0001] Found 0 pin violations.
[INFO DRT-0178] Init guide query.
[INFO DRT-0036] FR_MASTERSLICE guide region query size = 0.
[INFO DRT-0036] licon guide region query size = 0.
[INFO DRT-0036] li1 guide region query size = 1744.
[INFO DRT-0036] mcon guide region query size = 0.
[INFO DRT-0036] met1 guide region query size = 1667.
[INFO DRT-0036] via guide region query size = 0.
[INFO DRT-0036] met2 guide region query size = 1669.
[INFO DRT-0036] via2 guide region query size = 0.
[INFO DRT-0036] met3 guide region query size = 956.
[INFO DRT-0036] via3 guide region query size = 0.
[INFO DRT-0036] met4 guide region query size = 7.
[INFO DRT-0036] via4 guide region query size = 0.
[INFO DRT-0036] met5 guide region query size = 0.
[INFO DRT-0179] Init gr pin query.
[INFO DRT-0501] Runtime: 5.72s
[INFO RSZ-0098] No setup violations found
# === full openroad.log (last 3 KB, for reviewer context) ===
] Found 0 pin violations.
REPAIR_ANTENNA_DONE: diode=sky130_fd_sc_hd__diode_2 iter=0 margin=0
[INFO ANT-0002] Found 0 net violations.
[INFO ANT-0001] Found 0 pin violations.
ANTENNA_LOOP_CONVERGED: iter=1
[INFO ANT-0002] Found 0 net violations.
[INFO ANT-0001] Found 0 pin violations.
ANTENNA_SPARE_TIE_REPROTECTED: spare_tielo
ANTENNA_FIRM_RESTORED: 0 of 8
ANTENNA_POSTROUTE_DONE
SPARSE_DIE_FILL_SKIPPED: core_util=0.20204819654104217% < 5.0% — full-die decap/fill tiling bounded to avoid filling an empty fixed wrapper (would explode GDS/extraction). Density-fill for the occupied region is covered by the downstream metal-fill gate; empty silicon carries no signals needing decoupling.
PG_DONTTOUCH_LIFTED: 8
PG_RECONNECT_DONE
PG_DONTTOUCH_RESTORED: 8
[INFO DRT-0178] Init guide query.
[INFO DRT-0036] FR_MASTERSLICE guide region query size = 0.
[INFO DRT-0036] licon guide region query size = 0.
[INFO DRT-0036] li1 guide region query size = 1744.
[INFO DRT-0036] mcon guide region query size = 0.
[INFO DRT-0036] met1 guide region query size = 1667.
[INFO DRT-0036] via guide region query size = 0.
[INFO DRT-0036] met2 guide region query size = 1669.
[INFO DRT-0036] via2 guide region query size = 0.
[INFO DRT-0036] met3 guide region query size = 956.
[INFO DRT-0036] via3 guide region query size = 0.
[INFO DRT-0036] met4 guide region query size = 7.
[INFO DRT-0036] via4 guide region query size = 0.
[INFO DRT-0036] met5 guide region query size = 0.
[INFO DRT-0179] Init gr pin query.
[INFO DRT-0501] Runtime: 5.72s
PG_REROUTE_DONE
PG_CONNECT_AUDIT: total=22208 unconnected=0 masters=
MIN_AREA_PATCH_PIN_LAYERS_NOT_JUDGED: li1 met1 nwell pwell
MIN_AREA_PATCH_DONE: deficient=23 patched=23 unpatchable=0 pin_merged_skipped=0
MIN_AREA_PATCH_VIAENCL_REQ: mcon|li1 {0 0} mcon|met1 {30 60} via|met1 {55 85} via|met2 {55 85} via2|met2 {40 85} via2|met3 {65 65} via3|met3 {60 90} via3|met4 {65 65} via4|met4 {190 190} via4|met5 {310 310}
MIN_AREA_PATCH_VIAENCL_DONE: deficient=0 patched=0 unpatchable=0
Design area 20360 um^2 0% utilization.
[WARNING STA-1651] /home/reyerchu/_c_car15_run/phase3/stage3/pnr/post_route_repair.spef line 25374, wire176 not connected to net net177.
[WARNING STA-1651] /home/reyerchu/_c_car15_run/phase3/stage3/pnr/post_route_repair.spef line 25389, wire176 not connected to net net177.
SPEF_REPAIR_WNS_BEFORE: 13.273060359829953
Iteration |   Area    | Resized | Buffers | Nets repaired | Remaining
---------------------------------------------------------------------
        0 |     +0.0% |       0 |       0 |             0 |      1337
    final |     +0.0% |       0 |       0 |             0 |         0
---------------------------------------------------------------------
[INFO RSZ-0504] Runtime: 0.16s
[INFO RSZ-0100] Repair move sequence: UnbufferMove SizeUpMove SwapPinsMove BufferMove CloneMove SplitLoadMove 
[INFO RSZ-0098] No setup violations found
[INFO RSZ-0505] Runtime: 0.15s
SPEF_REPAIR_WNS_AFTER: 13.273060359829953
SPEF_REPAIR_APPLIED_ON_ESTIMATE

# end of routed.drc.rpt
