OpenROAD 26Q3-1027-g47636465f9 
Features included (+) or not (-): -GPU +GUI -Python
This program is licensed under the BSD-3 license. See the LICENSE file for details.
Components of this program may be licensed under more restrictive licenses which must be honored.
[INFO ODB-0227] LEF file: /foss/pdks/sky130A/libs.ref/sky130_fd_sc_hd/techlef/sky130_fd_sc_hd__nom.tlef, created 14 layers, 25 vias
[WARNING ODB-0220] WARNING (LEFPARS-2008): NOWIREEXTENSIONATPIN statement is obsolete in version 5.6 or later.
The NOWIREEXTENSIONATPIN statement will be ignored. See file /foss/pdks/sky130A/libs.ref/sky130_fd_sc_hd/lef/sky130_fd_sc_hd.lef at line 2.

[INFO ODB-0227] LEF file: /foss/pdks/sky130A/libs.ref/sky130_fd_sc_hd/lef/sky130_fd_sc_hd.lef, created 437 library cells
[INFO ODB-0127] Reading DEF file: /home/reyerchu/_c_car15_run/phase3/stage3/pnr/filled.def
[INFO ODB-0128] Design: user_project_wrapper
[INFO ODB-0130]     Created 642 pins.
[INFO ODB-0131]     Created 10231 components and 24326 component-terminals.
[INFO ODB-0132]     Created 2 special nets and 22208 connections.
[INFO ODB-0133]     Created 1195 nets and 1975 connections.
[INFO ODB-0134] Finished DEF file: /home/reyerchu/_c_car15_run/phase3/stage3/pnr/filled.def
[WARNING STA-0441] set_input_delay relative to a clock defined on the same port/pin not allowed.
[ERROR EST-0015] layer NULL not found.
[ERROR EST-0015] layer NULL not found.
[ERROR EST-0015] layer NULL not found.
=== DYN_IR PSM VPWR transient period=25.0ns ===
[INFO PSM-0040] All shapes on net VPWR are connected.
[INFO PSM-0073] Using bump pattern with x-pitch 140.0000um, y-pitch 140.0000um, and size 70.0000um with an reduction factor of 3x.
########## IR report #################
Net              : VPWR
Corner           : default
Total power      : 1.61e-04 W
Supply voltage   : 1.80e+00 V
Worstcase voltage: 1.80e+00 V
Average voltage  : 1.80e+00 V
Average IR drop  : 1.34e-07 V
Worstcase IR drop: 3.64e-05 V
Percentage drop  : 0.00 %
######################################
########## Dynamic (transient) IR report ##########
Net                    : VPWR
Corner                 : default
Supply voltage         : 1.80e+00 V
Timestep               : 2.50e-10 s
Steps                  : 100
Capacitance model      : quasi-static (no on-die cap supplied)
Worst static IR drop   : 3.64e-05 V
Worst dynamic IR drop  : 7.28e-05 V
Dynamic/static ratio   : 2.00
Current model          : vectorless (simultaneous worst case)
Worst droop time       : 1.25e-08 s (step 50)
###################################################
