# OpenROAD PSM Electromigration (EM) report — emitted by
# phase3_one_shot_runner (ORGANIC-20260531 sign-off-chain step).
# Tool: openroad / PSM analyze_power_grid -enable_em.
# Power nets analysed: VPWR
#
# Substance: per-segment current (Amperes) on the power grid,
# from which current density (A/cm^2) is derived for EM lifetime
# screening. Values below in A; 'current density' anchors the gate.
#
openroad / PSM: EM analysis (electromigration)
EM lifetime screen: power-grid segment current density
########## EM analysis ###############
Maximum current    : 6.47e-05 A
Average current    : 1.35e-07 A

segments_analysed: 270665
max segment current: 6.474e-05 A
current density (Jpeak, derived): 6.474e-05 A per segment width — screen vs PDK Jmax (mA/um) limit

# === Full PSM/EM stdout (provenance) ===
OpenROAD 26Q3-1027-g47636465f9 
Features included (+) or not (-): -GPU +GUI -Python
This program is licensed under the BSD-3 license. See the LICENSE file for details.
Components of this program may be licensed under more restrictive licenses which must be honored.
[INFO ODB-0227] LEF file: /foss/pdks/sky130A/libs.ref/sky130_fd_sc_hd/techlef/sky130_fd_sc_hd__nom.tlef, created 14 layers, 25 vias
[WARNING ODB-0220] WARNING (LEFPARS-2008): NOWIREEXTENSIONATPIN statement is obsolete in version 5.6 or later.
The NOWIREEXTENSIONATPIN statement will be ignored. See file /foss/pdks/sky130A/libs.ref/sky130_fd_sc_hd/lef/sky130_fd_sc_hd.lef at line 2.

[INFO ODB-0227] LEF file: /foss/pdks/sky130A/libs.ref/sky130_fd_sc_hd/lef/sky130_fd_sc_hd.lef, created 437 library cells
[INFO ODB-0127] Reading DEF file: /home/reyerchu/_c_car15_run/phase3/stage3/pnr/user_project_wrapper.def
[INFO ODB-0128] Design: user_project_wrapper
[INFO ODB-0130]     Created 642 pins.
[INFO ODB-0131]     Created 10231 components and 24326 component-terminals.
[INFO ODB-0132]     Created 2 special nets and 22208 connections.
[INFO ODB-0133]     Created 1195 nets and 1975 connections.
[INFO ODB-0134] Finished DEF file: /home/reyerchu/_c_car15_run/phase3/stage3/pnr/user_project_wrapper.def
=== PSM_NET VPWR ===
[INFO PSM-0040] All shapes on net VPWR are connected.
[INFO PSM-0073] Using bump pattern with x-pitch 140.0000um, y-pitch 140.0000um, and size 70.0000um with an reduction factor of 3x.
########## IR report #################
Net              : VPWR
Corner           : default
Total power      : 2.23e-03 W
Supply voltage   : 1.80e+00 V
Worstcase voltage: 1.80e+00 V
Average voltage  : 1.80e+00 V
Average IR drop  : 1.49e-06 V
Worstcase IR drop: 2.64e-04 V
Percentage drop  : 0.01 %
######################################
########## EM analysis ###############
Net                : VPWR
Corner             : default
Maximum current    : 6.47e-05 A
Average current    : 1.35e-07 A
Number of resistors: 270665
######################################


# end of em.rpt
