# Electrical Rule Check (ERC) — OpenROAD open-source path
# (ORGANIC-20260531 Step 31 sub-item). Tool: openroad.
# sky130 ships only a Calibre PERC deck; this is the open-source
# electrical-rule screen (floating nets + ERC metrics) on the
# routed DEF. Full PERC (latch-up / ESD topology) needs Calibre.
#
ERC floating nets: 1
ERC clean: NO (review floating nets)

# === report_floating_nets / report_erc_metrics stdout ===
[INFO ODB-0127] Reading DEF file: /home/reyerchu/_c_car15_run/phase3/stage3/pnr/user_project_wrapper.def
[INFO ODB-0134] Finished DEF file: /home/reyerchu/_c_car15_run/phase3/stage3/pnr/user_project_wrapper.def
=== ERC: floating nets ===
[WARNING RSZ-0020] found 1 floating nets.
 zero_
=== ERC metrics ===

# === full ERC log (last 2 KB) ===
OpenROAD 26Q3-1027-g47636465f9 
Features included (+) or not (-): -GPU +GUI -Python
This program is licensed under the BSD-3 license. See the LICENSE file for details.
Components of this program may be licensed under more restrictive licenses which must be honored.
[INFO ODB-0227] LEF file: /foss/pdks/sky130A/libs.ref/sky130_fd_sc_hd/techlef/sky130_fd_sc_hd__nom.tlef, created 14 layers, 25 vias
[WARNING ODB-0220] WARNING (LEFPARS-2008): NOWIREEXTENSIONATPIN statement is obsolete in version 5.6 or later.
The NOWIREEXTENSIONATPIN statement will be ignored. See file /foss/pdks/sky130A/libs.ref/sky130_fd_sc_hd/lef/sky130_fd_sc_hd.lef at line 2.

[INFO ODB-0227] LEF file: /foss/pdks/sky130A/libs.ref/sky130_fd_sc_hd/lef/sky130_fd_sc_hd.lef, created 437 library cells
[INFO ODB-0127] Reading DEF file: /home/reyerchu/_c_car15_run/phase3/stage3/pnr/user_project_wrapper.def
[INFO ODB-0128] Design: user_project_wrapper
[INFO ODB-0130]     Created 642 pins.
[INFO ODB-0131]     Created 10231 components and 24326 component-terminals.
[INFO ODB-0132]     Created 2 special nets and 22208 connections.
[INFO ODB-0133]     Created 1195 nets and 1975 connections.
[INFO ODB-0134] Finished DEF file: /home/reyerchu/_c_car15_run/phase3/stage3/pnr/user_project_wrapper.def
=== ERC: floating nets ===
[WARNING RSZ-0020] found 1 floating nets.
 zero_
=== ERC metrics ===


# end of erc.rpt
