
 /----------------------------------------------------------------------------\
 |  yosys -- Yosys Open SYnthesis Suite                                       |
 |  Copyright (C) 2012 - 2026  Claire Xenia Wolf <claire@yosyshq.com>         |
 |  Distributed under an ISC-like license, type "license" to see terms        |
 \----------------------------------------------------------------------------/
 Yosys 0.67+ (git sha1 715cea078, Release, GNU /usr/bin/c++ 13.3.0) [github.com/vibeic/yosys at HEAD]

-- Executing script file `/home/reyerchu/_c_car15_run/reports/phase3/lec_post_user_project_wrapper.ys' --

1. Executing Liberty frontend: /foss/pdks/sky130A/libs.ref/sky130_fd_sc_hd/lib/sky130_fd_sc_hd__tt_025C_1v80.lib
Imported 428 cell types from liberty file.
<suppressed ~12 debug messages>

2. Executing Verilog-2005 frontend: /foss/pdks/sky130A/libs.ref/sky130_fd_io/verilog/sky130_fd_io__blackbox.v
Parsing Verilog input from `/foss/pdks/sky130A/libs.ref/sky130_fd_io/verilog/sky130_fd_io__blackbox.v' to AST representation.
Generating RTLIL representation for module `\sky130_fd_io__top_gpio_ovtv2'.
Generating RTLIL representation for module `\sky130_fd_io__top_gpiov2'.
Generating RTLIL representation for module `\sky130_fd_io__top_ground_hvc_wpad'.
Generating RTLIL representation for module `\sky130_fd_io__top_ground_lvc_wpad'.
Generating RTLIL representation for module `\sky130_fd_io__top_power_hvc_wpad'.
Generating RTLIL representation for module `\sky130_fd_io__top_power_hvc_wpadv2'.
Generating RTLIL representation for module `\sky130_fd_io__top_power_lvc_wpad'.
Generating RTLIL representation for module `\sky130_fd_io__top_refgen'.
Generating RTLIL representation for module `\sky130_fd_io__top_refgen_new'.
Generating RTLIL representation for module `\sky130_fd_io__top_sio'.
Generating RTLIL representation for module `\sky130_fd_io__top_sio_macro'.
Generating RTLIL representation for module `\sky130_fd_io__top_xres4v2'.
Successfully finished Verilog frontend.

3. Executing Verilog-2005 frontend: /foss/pdks/sky130A/libs.ref/sky130_fd_sc_hd/verilog/sky130_fd_sc_hd__blackbox.v
Parsing Verilog input from `/foss/pdks/sky130A/libs.ref/sky130_fd_sc_hd/verilog/sky130_fd_sc_hd__blackbox.v' to AST representation.
/foss/pdks/sky130A/libs.ref/sky130_fd_sc_hd/verilog/sky130_fd_sc_hd__blackbox.v:37: ERROR: Re-definition of module `\sky130_fd_sc_hd__a2bb2o_1'!
