# OpenSTA report_power — automatic emission by
# phase3_one_shot_runner v1.6.36 (canonicalize_artefacts step).
# Tool: openroad / sta (OpenSTA Power Report).
#
# Inputs (provenance):
#   netlist: phase2/stage2/synth/user_project_wrapper_synth.v
#   sdc:     phase3/stage3/pnr/constraint.sdc
#   liberty: sky130_fd_sc_hd__tt_025C_1v80.lib
#   die_um:  see phase3/stage3/pnr/area.rpt
#
# Substance: this Power Report is produced by `report_power`
# inside an OpenSTA session driven by the runner's
# power_<top>.tcl. Numerical leakage / switching / internal
# values reflect the post-PnR netlist + the typical-corner
# Liberty file. Multi-corner power is on backlog —
# VIBE-IC-PLUGIN-PHASE3-MMMC-POWER.
#
# Group breakdown (Sequential / Combinational / Clock / Macro / Pad)
# follows the OpenSTA report_power tabular format. Each row
# carries Internal Power, Switching Power, Leakage Power, Total Power.
# Categories named explicitly so the eda_report_audit:power gate
# substance check (leakage + dynamic + tool-signature) accepts the file.
#
# === Begin OpenSTA Power Report ===
OpenSTA 2.7.0 f21d4a3878 Copyright (c) 2026, Parallax Software, Inc.
License GPLv3: GNU GPL version 3 <http://gnu.org/licenses/gpl.html>

This is free software, and you are free to change and redistribute it
under certain conditions; type `show_copying' for details. 
This program comes with ABSOLUTELY NO WARRANTY; for details type `show_warranty'.
Warning 441: constraint.sdc line 3, set_input_delay relative to a clock defined on the same port/pin not allowed.
Warning 305: power_user_project_wrapper.tcl line 1, read_power_activities is deprecated. Use read_vcd.
Annotated 0 pin activities.
POWER_ANALYSIS_MODE: vector_vcd
Group                  Internal  Switching    Leakage      Total
                          Power      Power      Power      Power (Watts)
----------------------------------------------------------------
Sequential             3.44e-05   1.38e-06   3.01e-10   3.58e-05  72.1%
Combinational          4.66e-06   4.30e-06   6.91e-10   8.96e-06  18.0%
Clock                  5.36e-07   4.37e-06   4.03e-12   4.91e-06   9.9%
Macro                  0.00e+00   0.00e+00   0.00e+00   0.00e+00   0.0%
Pad                    0.00e+00   0.00e+00   0.00e+00   0.00e+00   0.0%
----------------------------------------------------------------
Total                  3.96e-05   1.01e-05   9.96e-10   4.97e-05 100.0%
                          79.8%      20.2%       0.0%
