=== SETUP corner: process=SS liberty=/foss/pdks/sky130A/libs.ref/sky130_fd_sc_hd/lib/sky130_fd_sc_hd__ss_100C_1v60.lib, SPEF=user_project_wrapper.max.spef ===
OCV_DERATE_APPLIED early=0.95 late=1.05 flat-OCV
worst slack max 7.77
tns max 0.00
Startpoint: wbs_stb_i (input port clocked by clk)
Endpoint: _323_ (rising edge-triggered flip-flop clocked by clk)
Path Group: clk
Path Type: max

    Cap    Slew   Delay    Time   Description
-----------------------------------------------------------------------
           0.00    0.00    0.00   clock clk (rise edge)
                   0.00    0.00   clock network delay (ideal)
                   2.00    2.00 ^ input external delay
   0.01    0.00    0.00    2.00 ^ wbs_stb_i (in)
   0.09    0.38    0.42    2.42 ^ input140/X (sky130_fd_sc_hd__buf_4)
   0.15    0.67    0.87    3.29 ^ wire408/X (sky130_fd_sc_hd__clkbuf_4)
   0.20    0.60    0.83    4.12 ^ wire407/X (sky130_fd_sc_hd__buf_6)
   0.19    0.30    0.68    4.80 ^ wire145/X (sky130_fd_sc_hd__clkbuf_16)
   0.00    0.06    0.30    5.10 ^ wire398/X (sky130_fd_sc_hd__clkbuf_2)
   0.09    0.71    0.67    5.77 ^ wire458/X (sky130_fd_sc_hd__clkbuf_2)
   0.07    0.60    0.86    6.62 ^ wire397/X (sky130_fd_sc_hd__clkbuf_2)
   0.08    0.68    0.88    7.50 ^ wire396/X (sky130_fd_sc_hd__clkbuf_2)
   0.08    0.68    0.91    8.41 ^ wire395/X (sky130_fd_sc_hd__clkbuf_2)
   0.10    0.49    0.86    9.27 ^ wire394/X (sky130_fd_sc_hd__clkbuf_4)
   0.01    0.29    0.46    9.73 v _247_/Y (sky130_fd_sc_hd__a22oi_1)
   0.01    0.28    1.47   11.19 v _250_/X (sky130_fd_sc_hd__or4_1)
   0.05    0.51    2.14   13.34 v _253_/X (sky130_fd_sc_hd__or4_2)
   0.11    0.39    0.76   14.10 v place63/X (sky130_fd_sc_hd__clkbuf_4)
   0.12    0.42    0.72   14.82 v place62/X (sky130_fd_sc_hd__clkbuf_4)
   0.01    0.52    0.73   15.55 ^ _223_/Y (sky130_fd_sc_hd__a211oi_1)
   0.01    0.18    0.54   16.09 ^ _225_/X (sky130_fd_sc_hd__o22a_1)
   0.00    0.09    0.13   16.22 v _226_/Y (sky130_fd_sc_hd__nor2_1)
   0.00    0.13    0.69   16.91 v _546_/X (sky130_fd_sc_hd__mux2_1)
           0.13    0.00   16.91 v _323_/D (sky130_fd_sc_hd__dfxtp_4)
                          16.91   data arrival time

           0.00   25.00   25.00   clock clk (rise edge)
                   0.00   25.00   clock network delay (ideal)
                   0.00   25.00   clock reconvergence pessimism
                          25.00 ^ _323_/CLK (sky130_fd_sc_hd__dfxtp_4)
                  -0.31   24.69   library setup time
                          24.69   data required time
-----------------------------------------------------------------------
                          24.69   data required time
                         -16.91   data arrival time
-----------------------------------------------------------------------
                           7.77   slack (MET)


Startpoint: wbs_stb_i (input port clocked by clk)
Endpoint: _325_ (rising edge-triggered flip-flop clocked by clk)
Path Group: clk
Path Type: max

    Cap    Slew   Delay    Time   Description
-----------------------------------------------------------------------
           0.00    0.00    0.00   clock clk (rise edge)
                   0.00    0.00   clock network delay (ideal)
                   2.00    2.00 ^ input external delay
   0.01    0.00    0.00    2.00 ^ wbs_stb_i (in)
   0.09    0.38    0.42    2.42 ^ input140/X (sky130_fd_sc_hd__buf_4)
   0.15    0.67    0.87    3.29 ^ wire408/X (sky130_fd_sc_hd__clkbuf_4)
   0.20    0.60    0.83    4.12 ^ wire407/X (sky130_fd_sc_hd__buf_6)
   0.19    0.30    0.68    4.80 ^ wire145/X (sky130_fd_sc_hd__clkbuf_16)
   0.00    0.06    0.30    5.10 ^ wire398/X (sky130_fd_sc_hd__clkbuf_2)
   0.09    0.71    0.67    5.77 ^ wire458/X (sky130_fd_sc_hd__clkbuf_2)
   0.07    0.60    0.86    6.62 ^ wire397/X (sky130_fd_sc_hd__clkbuf_2)
   0.08    0.68    0.88    7.50 ^ wire396/X (sky130_fd_sc_hd__clkbuf_2)
   0.08    0.68    0.91    8.41 ^ wire395/X (sky130_fd_sc_hd__clkbuf_2)
   0.10    0.49    0.86    9.27 ^ wire394/X (sky130_fd_sc_hd__clkbuf_4)
   0.01    0.29    0.46    9.73 v _247_/Y (sky130_fd_sc_hd__a22oi_1)
   0.01    0.28    1.47   11.19 v _250_/X (sky130_fd_sc_hd__or4_1)
   0.05    0.51    2.14   13.34 v _253_/X (sky130_fd_sc_hd__or4_2)
   0.11    0.39    0.76   14.10 v place63/X (sky130_fd_sc_hd__clkbuf_4)
   0.12    0.42    0.72   14.82 v place62/X (sky130_fd_sc_hd__clkbuf_4)
   0.00    0.36    0.59   15.42 ^ _209_/Y (sky130_fd_sc_hd__a211oi_1)
   0.02    0.32    0.58   16.00 ^ _211_/X (sky130_fd_sc_hd__o22a_1)
   0.00    0.09    0.16   16.16 v _212_/Y (sky130_fd_sc_hd__nor2_1)
   0.01    0.13    0.70   16.87 v _544_/X (sky130_fd_sc_hd__mux2_1)
           0.13    0.00   16.87 v _325_/D (sky130_fd_sc_hd__dfxtp_4)
                          16.87   data arrival time

           0.00   25.00   25.00   clock clk (rise edge)
                   0.00   25.00   clock network delay (ideal)
                   0.00   25.00   clock reconvergence pessimism
                          25.00 ^ _325_/CLK (sky130_fd_sc_hd__dfxtp_4)
                  -0.32   24.68   library setup time
                          24.68   data required time
-----------------------------------------------------------------------
                          24.68   data required time
                         -16.87   data arrival time
-----------------------------------------------------------------------
                           7.81   slack (MET)


Startpoint: wbs_stb_i (input port clocked by clk)
Endpoint: _326_ (rising edge-triggered flip-flop clocked by clk)
Path Group: clk
Path Type: max

    Cap    Slew   Delay    Time   Description
-----------------------------------------------------------------------
           0.00    0.00    0.00   clock clk (rise edge)
                   0.00    0.00   clock network delay (ideal)
                   2.00    2.00 ^ input external delay
   0.01    0.00    0.00    2.00 ^ wbs_stb_i (in)
   0.09    0.38    0.42    2.42 ^ input140/X (sky130_fd_sc_hd__buf_4)
   0.15    0.67    0.87    3.29 ^ wire408/X (sky130_fd_sc_hd__clkbuf_4)
   0.20    0.60    0.83    4.12 ^ wire407/X (sky130_fd_sc_hd__buf_6)
   0.19    0.30    0.68    4.80 ^ wire145/X (sky130_fd_sc_hd__clkbuf_16)
   0.00    0.06    0.30    5.10 ^ wire398/X (sky130_fd_sc_hd__clkbuf_2)
   0.09    0.71    0.67    5.77 ^ wire458/X (sky130_fd_sc_hd__clkbuf_2)
   0.07    0.60    0.86    6.62 ^ wire397/X (sky130_fd_sc_hd__clkbuf_2)
   0.08    0.68    0.88    7.50 ^ wire396/X (sky130_fd_sc_hd__clkbuf_2)
   0.08    0.68    0.91    8.41 ^ wire395/X (sky130_fd_sc_hd__clkbuf_2)
   0.10    0.49    0.86    9.27 ^ wire394/X (sky130_fd_sc_hd__clkbuf_4)
   0.01    0.29    0.46    9.73 v _247_/Y (sky130_fd_sc_hd__a22oi_1)
   0.01    0.28    1.47   11.19 v _250_/X (sky130_fd_sc_hd__or4_1)
   0.05    0.51    2.14   13.34 v _253_/X (sky130_fd_sc_hd__or4_2)
   0.11    0.39    0.76   14.10 v place63/X (sky130_fd_sc_hd__clkbuf_4)
   0.12    0.42    0.72   14.82 v place62/X (sky130_fd_sc_hd__clkbuf_4)
   0.01    0.42    0.64   15.47 ^ _202_/Y (sky130_fd_sc_hd__a211oi_1)
   0.02    0.27    0.57   16.03 ^ _204_/X (sky130_fd_sc_hd__o22a_1)
   0.01    0.10    0.17   16.21 v _205_/Y (sky130_fd_sc_hd__nor2_1)
   0.00    0.11    0.67   16.87 v _543_/X (sky130_fd_sc_hd__mux2_1)
           0.11    0.00   16.87 v _326_/D (sky130_fd_sc_hd__dfxtp_4)
                          16.87   data arrival time

           0.00   25.00   25.00   clock clk (rise edge)
                   0.00   25.00   clock network delay (ideal)
                   0.00   25.00   clock reconvergence pessimism
                          25.00 ^ _326_/CLK (sky130_fd_sc_hd__dfxtp_4)
                  -0.31   24.69   library setup time
                          24.69   data required time
-----------------------------------------------------------------------
                          24.69   data required time
                         -16.87   data arrival time
-----------------------------------------------------------------------
                           7.82   slack (MET)


SIGNOFF_WORST_PATHS_REPORTED path_delay=max group_path_count=3
Group                                  Slack
--------------------------------------------
No paths found.

SIGNOFF_CHECK_TYPES_REPORTED recovery removal max_slew min_pulse_width max_capacitance max_fanout
SIGNOFF_MAX_FANOUT_SEMANTICS an empty max-fanout table means no net exceeded a set_max_fanout limit; when the sign-off SDC declares NO set_max_fanout the table is empty BY CONSTRUCTION and MUST NOT be read as ZERO fanout violations (UNMEASURED is not ZERO)
=== HOLD corner: process=FF liberty=/foss/pdks/sky130A/libs.ref/sky130_fd_sc_hd/lib/sky130_fd_sc_hd__ff_n40C_1v95_ccsnoise.lib, SPEF=user_project_wrapper.min.spef ===
OCV_DERATE_APPLIED early=0.95 late=1.05 flat-OCV
worst slack min 0.41
tns max 0.00
Startpoint: _325_ (rising edge-triggered flip-flop clocked by clk)
Endpoint: _326_ (rising edge-triggered flip-flop clocked by clk)
Path Group: clk
Path Type: min

    Cap    Slew   Delay    Time   Description
-----------------------------------------------------------------------
           0.00    0.00    0.00   clock clk (rise edge)
                   0.00    0.00   clock network delay (ideal)
           0.00    0.00    0.00 ^ _325_/CLK (sky130_fd_sc_hd__dfxtp_4)
   0.09    0.19    0.30    0.30 ^ _325_/Q (sky130_fd_sc_hd__dfxtp_4)
   0.00    0.03    0.09    0.39 ^ _543_/X (sky130_fd_sc_hd__mux2_1)
           0.03    0.00    0.39 ^ _326_/D (sky130_fd_sc_hd__dfxtp_4)
                           0.39   data arrival time

           0.00    0.00    0.00   clock clk (rise edge)
                   0.00    0.00   clock network delay (ideal)
                   0.00    0.00   clock reconvergence pessimism
                           0.00 ^ _326_/CLK (sky130_fd_sc_hd__dfxtp_4)
                  -0.02   -0.02   library hold time
                          -0.02   data required time
-----------------------------------------------------------------------
                          -0.02   data required time
                          -0.39   data arrival time
-----------------------------------------------------------------------
                           0.41   slack (MET)


Startpoint: _324_ (rising edge-triggered flip-flop clocked by clk)
Endpoint: _325_ (rising edge-triggered flip-flop clocked by clk)
Path Group: clk
Path Type: min

    Cap    Slew   Delay    Time   Description
-----------------------------------------------------------------------
           0.00    0.00    0.00   clock clk (rise edge)
                   0.00    0.00   clock network delay (ideal)
           0.00    0.00    0.00 ^ _324_/CLK (sky130_fd_sc_hd__dfxtp_4)
   0.09    0.20    0.31    0.31 ^ _324_/Q (sky130_fd_sc_hd__dfxtp_4)
   0.01    0.04    0.11    0.41 ^ _544_/X (sky130_fd_sc_hd__mux2_1)
           0.04    0.00    0.41 ^ _325_/D (sky130_fd_sc_hd__dfxtp_4)
                           0.41   data arrival time

           0.00    0.00    0.00   clock clk (rise edge)
                   0.00    0.00   clock network delay (ideal)
                   0.00    0.00   clock reconvergence pessimism
                           0.00 ^ _325_/CLK (sky130_fd_sc_hd__dfxtp_4)
                  -0.02   -0.02   library hold time
                          -0.02   data required time
-----------------------------------------------------------------------
                          -0.02   data required time
                          -0.41   data arrival time
-----------------------------------------------------------------------
                           0.43   slack (MET)


Startpoint: _326_ (rising edge-triggered flip-flop clocked by clk)
Endpoint: _327_ (rising edge-triggered flip-flop clocked by clk)
Path Group: clk
Path Type: min

    Cap    Slew   Delay    Time   Description
-----------------------------------------------------------------------
           0.00    0.00    0.00   clock clk (rise edge)
                   0.00    0.00   clock network delay (ideal)
           0.00    0.00    0.00 ^ _326_/CLK (sky130_fd_sc_hd__dfxtp_4)
   0.09    0.20    0.31    0.31 ^ _326_/Q (sky130_fd_sc_hd__dfxtp_4)
   0.00    0.04    0.10    0.41 ^ _542_/X (sky130_fd_sc_hd__mux2_1)
           0.04    0.00    0.41 ^ _327_/D (sky130_fd_sc_hd__dfxtp_2)
                           0.41   data arrival time

           0.00    0.00    0.00   clock clk (rise edge)
                   0.00    0.00   clock network delay (ideal)
                   0.00    0.00   clock reconvergence pessimism
                           0.00 ^ _327_/CLK (sky130_fd_sc_hd__dfxtp_2)
                  -0.02   -0.02   library hold time
                          -0.02   data required time
-----------------------------------------------------------------------
                          -0.02   data required time
                          -0.41   data arrival time
-----------------------------------------------------------------------
                           0.43   slack (MET)


SIGNOFF_WORST_PATHS_REPORTED path_delay=min group_path_count=3
Group                                  Slack
--------------------------------------------
No paths found.

SIGNOFF_CHECK_TYPES_REPORTED recovery removal max_slew min_pulse_width max_capacitance max_fanout
SIGNOFF_MAX_FANOUT_SEMANTICS an empty max-fanout table means no net exceeded a set_max_fanout limit; when the sign-off SDC declares NO set_max_fanout the table is empty BY CONSTRUCTION and MUST NOT be read as ZERO fanout violations (UNMEASURED is not ZERO)
