# Multi-corner SPEF STA (TAPEOUT-SIGNOFF P1)
# SETUP corner: max-RC   HOLD corner: min-RC
# corners_available: max,min,nom
# corner_liberty: max=/foss/pdks/sky130A/libs.ref/sky130_fd_sc_hd/lib/sky130_fd_sc_hd__tt_025C_1v80.lib
# corner_liberty: min=/foss/pdks/sky130A/libs.ref/sky130_fd_sc_hd/lib/sky130_fd_sc_hd__tt_025C_1v80.lib
# distinct_corner_libraries: 1 across 2 reported corner(s)
# axis: RC/parasitic — corners vary the SPEF, NOT the process library; process-corner sign-off is a separate axis
=== SETUP (max-RC corner, SPEF=max, liberty=/foss/pdks/sky130A/libs.ref/sky130_fd_sc_hd/lib/sky130_fd_sc_hd__tt_025C_1v80.lib) ===
worst slack max 15.57
tns max 0.00
Startpoint: wbs_stb_i (input port clocked by clk)
Endpoint: _327_ (rising edge-triggered flip-flop clocked by clk)
Path Group: clk
Path Type: max

    Cap    Slew   Delay    Time   Description
-----------------------------------------------------------------------
           0.00    0.00    0.00   clock clk (rise edge)
                   0.00    0.00   clock network delay (ideal)
                   2.00    2.00 ^ input external delay
   0.01    0.00    0.00    2.00 ^ wbs_stb_i (in)
   0.09    0.24    0.24    2.24 ^ input140/X (sky130_fd_sc_hd__buf_4)
   0.15    0.43    0.48    2.71 ^ wire408/X (sky130_fd_sc_hd__clkbuf_4)
   0.20    0.38    0.42    3.13 ^ wire407/X (sky130_fd_sc_hd__buf_6)
   0.19    0.20    0.35    3.48 ^ wire145/X (sky130_fd_sc_hd__clkbuf_16)
   0.00    0.04    0.16    3.64 ^ wire398/X (sky130_fd_sc_hd__clkbuf_2)
   0.09    0.46    0.39    4.02 ^ wire458/X (sky130_fd_sc_hd__clkbuf_2)
   0.07    0.39    0.44    4.47 ^ wire397/X (sky130_fd_sc_hd__clkbuf_2)
   0.08    0.44    0.47    4.93 ^ wire396/X (sky130_fd_sc_hd__clkbuf_2)
   0.08    0.44    0.47    5.40 ^ wire395/X (sky130_fd_sc_hd__clkbuf_2)
   0.10    0.31    0.44    5.85 ^ wire394/X (sky130_fd_sc_hd__clkbuf_4)
   0.01    0.16    0.20    6.05 v _247_/Y (sky130_fd_sc_hd__a22oi_1)
   0.01    0.13    0.60    6.65 v _250_/X (sky130_fd_sc_hd__or4_1)
   0.05    0.24    0.87    7.53 v _253_/X (sky130_fd_sc_hd__or4_2)
   0.11    0.22    0.38    7.91 v place63/X (sky130_fd_sc_hd__clkbuf_4)
   0.12    0.23    0.38    8.29 v place62/X (sky130_fd_sc_hd__clkbuf_4)
   0.01    0.25    0.34    8.63 ^ _193_/Y (sky130_fd_sc_hd__nor3_2)
   0.01    0.12    0.14    8.76 v _194_/Y (sky130_fd_sc_hd__a21oi_1)
   0.01    0.07    0.25    9.02 v _197_/X (sky130_fd_sc_hd__o22a_1)
   0.01    0.19    0.18    9.19 ^ _198_/Y (sky130_fd_sc_hd__nor2_1)
   0.00    0.06    0.17    9.36 ^ _542_/X (sky130_fd_sc_hd__mux2_1)
           0.06    0.00    9.36 ^ _327_/D (sky130_fd_sc_hd__dfxtp_2)
                           9.36   data arrival time

           0.00   25.00   25.00   clock clk (rise edge)
                   0.00   25.00   clock network delay (ideal)
                   0.00   25.00   clock reconvergence pessimism
                          25.00 ^ _327_/CLK (sky130_fd_sc_hd__dfxtp_2)
                  -0.07   24.93   library setup time
                          24.93   data required time
-----------------------------------------------------------------------
                          24.93   data required time
                          -9.36   data arrival time
-----------------------------------------------------------------------
                          15.57   slack (MET)


Startpoint: wbs_stb_i (input port clocked by clk)
Endpoint: _330_ (rising edge-triggered flip-flop clocked by clk)
Path Group: clk
Path Type: max

    Cap    Slew   Delay    Time   Description
-----------------------------------------------------------------------
           0.00    0.00    0.00   clock clk (rise edge)
                   0.00    0.00   clock network delay (ideal)
                   2.00    2.00 ^ input external delay
   0.01    0.00    0.00    2.00 ^ wbs_stb_i (in)
   0.09    0.24    0.24    2.24 ^ input140/X (sky130_fd_sc_hd__buf_4)
   0.15    0.43    0.48    2.71 ^ wire408/X (sky130_fd_sc_hd__clkbuf_4)
   0.20    0.38    0.42    3.13 ^ wire407/X (sky130_fd_sc_hd__buf_6)
   0.19    0.20    0.35    3.48 ^ wire145/X (sky130_fd_sc_hd__clkbuf_16)
   0.00    0.04    0.16    3.64 ^ wire398/X (sky130_fd_sc_hd__clkbuf_2)
   0.09    0.46    0.39    4.02 ^ wire458/X (sky130_fd_sc_hd__clkbuf_2)
   0.07    0.39    0.44    4.47 ^ wire397/X (sky130_fd_sc_hd__clkbuf_2)
   0.08    0.44    0.47    4.93 ^ wire396/X (sky130_fd_sc_hd__clkbuf_2)
   0.08    0.44    0.47    5.40 ^ wire395/X (sky130_fd_sc_hd__clkbuf_2)
   0.10    0.31    0.44    5.85 ^ wire394/X (sky130_fd_sc_hd__clkbuf_4)
   0.01    0.16    0.20    6.05 v _247_/Y (sky130_fd_sc_hd__a22oi_1)
   0.01    0.13    0.60    6.65 v _250_/X (sky130_fd_sc_hd__or4_1)
   0.05    0.24    0.87    7.53 v _253_/X (sky130_fd_sc_hd__or4_2)
   0.11    0.22    0.38    7.91 v place63/X (sky130_fd_sc_hd__clkbuf_4)
   0.12    0.23    0.38    8.29 v place62/X (sky130_fd_sc_hd__clkbuf_4)
   0.02    0.31    0.38    8.67 ^ _170_/Y (sky130_fd_sc_hd__nor3_2)
   0.01    0.14    0.21    8.89 v _175_/Y (sky130_fd_sc_hd__o221ai_1)
   0.01    0.26    0.29    9.18 ^ _176_/Y (sky130_fd_sc_hd__a21oi_1)
   0.00    0.05    0.18    9.36 ^ _539_/X (sky130_fd_sc_hd__mux2_1)
           0.05    0.00    9.36 ^ _330_/D (sky130_fd_sc_hd__dfxtp_4)
                           9.36   data arrival time

           0.00   25.00   25.00   clock clk (rise edge)
                   0.00   25.00   clock network delay (ideal)
                   0.00   25.00   clock reconvergence pessimism
                          25.00 ^ _330_/CLK (sky130_fd_sc_hd__dfxtp_4)
                  -0.07   24.93   library setup time
                          24.93   data required time
-----------------------------------------------------------------------
                          24.93   data required time
                          -9.36   data arrival time
-----------------------------------------------------------------------
                          15.57   slack (MET)


Startpoint: wbs_stb_i (input port clocked by clk)
Endpoint: _324_ (rising edge-triggered flip-flop clocked by clk)
Path Group: clk
Path Type: max

    Cap    Slew   Delay    Time   Description
-----------------------------------------------------------------------
           0.00    0.00    0.00   clock clk (rise edge)
                   0.00    0.00   clock network delay (ideal)
                   2.00    2.00 ^ input external delay
   0.01    0.00    0.00    2.00 ^ wbs_stb_i (in)
   0.09    0.24    0.24    2.24 ^ input140/X (sky130_fd_sc_hd__buf_4)
   0.15    0.43    0.48    2.71 ^ wire408/X (sky130_fd_sc_hd__clkbuf_4)
   0.20    0.38    0.42    3.13 ^ wire407/X (sky130_fd_sc_hd__buf_6)
   0.19    0.20    0.35    3.48 ^ wire145/X (sky130_fd_sc_hd__clkbuf_16)
   0.00    0.04    0.16    3.64 ^ wire398/X (sky130_fd_sc_hd__clkbuf_2)
   0.09    0.46    0.39    4.02 ^ wire458/X (sky130_fd_sc_hd__clkbuf_2)
   0.07    0.39    0.44    4.47 ^ wire397/X (sky130_fd_sc_hd__clkbuf_2)
   0.08    0.44    0.47    4.93 ^ wire396/X (sky130_fd_sc_hd__clkbuf_2)
   0.08    0.44    0.47    5.40 ^ wire395/X (sky130_fd_sc_hd__clkbuf_2)
   0.10    0.31    0.44    5.85 ^ wire394/X (sky130_fd_sc_hd__clkbuf_4)
   0.01    0.16    0.20    6.05 v _247_/Y (sky130_fd_sc_hd__a22oi_1)
   0.01    0.13    0.60    6.65 v _250_/X (sky130_fd_sc_hd__or4_1)
   0.05    0.24    0.87    7.53 v _253_/X (sky130_fd_sc_hd__or4_2)
   0.11    0.22    0.38    7.91 v place63/X (sky130_fd_sc_hd__clkbuf_4)
   0.12    0.23    0.38    8.29 v place62/X (sky130_fd_sc_hd__clkbuf_4)
   0.01    0.29    0.36    8.65 ^ _214_/Y (sky130_fd_sc_hd__nor3_2)
   0.01    0.11    0.12    8.77 v _215_/Y (sky130_fd_sc_hd__a21oi_1)
   0.01    0.09    0.26    9.03 v _218_/X (sky130_fd_sc_hd__o22a_1)
   0.01    0.15    0.15    9.19 ^ _219_/Y (sky130_fd_sc_hd__nor2_1)
   0.00    0.07    0.16    9.35 ^ _545_/X (sky130_fd_sc_hd__mux2_1)
           0.07    0.00    9.35 ^ _324_/D (sky130_fd_sc_hd__dfxtp_4)
                           9.35   data arrival time

           0.00   25.00   25.00   clock clk (rise edge)
                   0.00   25.00   clock network delay (ideal)
                   0.00   25.00   clock reconvergence pessimism
                          25.00 ^ _324_/CLK (sky130_fd_sc_hd__dfxtp_4)
                  -0.07   24.93   library setup time
                          24.93   data required time
-----------------------------------------------------------------------
                          24.93   data required time
                          -9.35   data arrival time
-----------------------------------------------------------------------
                          15.58   slack (MET)


SIGNOFF_WORST_PATHS_REPORTED path_delay=max group_path_count=3
Group                                  Slack
--------------------------------------------
No paths found.

SIGNOFF_CHECK_TYPES_REPORTED recovery removal max_slew min_pulse_width max_capacitance max_fanout
SIGNOFF_MAX_FANOUT_SEMANTICS an empty max-fanout table means no net exceeded a set_max_fanout limit; when the sign-off SDC declares NO set_max_fanout the table is empty BY CONSTRUCTION and MUST NOT be read as ZERO fanout violations (UNMEASURED is not ZERO)
=== HOLD (min-RC corner, SPEF=min, liberty=/foss/pdks/sky130A/libs.ref/sky130_fd_sc_hd/lib/sky130_fd_sc_hd__tt_025C_1v80.lib) ===
worst slack min 0.69
tns max 0.00
Startpoint: _325_ (rising edge-triggered flip-flop clocked by clk)
Endpoint: _326_ (rising edge-triggered flip-flop clocked by clk)
Path Group: clk
Path Type: min

    Cap    Slew   Delay    Time   Description
-----------------------------------------------------------------------
           0.00    0.00    0.00   clock clk (rise edge)
                   0.00    0.00   clock network delay (ideal)
           0.00    0.00    0.00 ^ _325_/CLK (sky130_fd_sc_hd__dfxtp_4)
   0.09    0.25    0.48    0.48 ^ _325_/Q (sky130_fd_sc_hd__dfxtp_4)
   0.00    0.04    0.17    0.65 ^ _543_/X (sky130_fd_sc_hd__mux2_1)
           0.04    0.00    0.65 ^ _326_/D (sky130_fd_sc_hd__dfxtp_4)
                           0.65   data arrival time

           0.00    0.00    0.00   clock clk (rise edge)
                   0.00    0.00   clock network delay (ideal)
                   0.00    0.00   clock reconvergence pessimism
                           0.00 ^ _326_/CLK (sky130_fd_sc_hd__dfxtp_4)
                  -0.04   -0.04   library hold time
                          -0.04   data required time
-----------------------------------------------------------------------
                          -0.04   data required time
                          -0.65   data arrival time
-----------------------------------------------------------------------
                           0.69   slack (MET)


Startpoint: _326_ (rising edge-triggered flip-flop clocked by clk)
Endpoint: _327_ (rising edge-triggered flip-flop clocked by clk)
Path Group: clk
Path Type: min

    Cap    Slew   Delay    Time   Description
-----------------------------------------------------------------------
           0.00    0.00    0.00   clock clk (rise edge)
                   0.00    0.00   clock network delay (ideal)
           0.00    0.00    0.00 ^ _326_/CLK (sky130_fd_sc_hd__dfxtp_4)
   0.09    0.27    0.49    0.49 ^ _326_/Q (sky130_fd_sc_hd__dfxtp_4)
   0.00    0.05    0.19    0.68 ^ _542_/X (sky130_fd_sc_hd__mux2_1)
           0.05    0.00    0.68 ^ _327_/D (sky130_fd_sc_hd__dfxtp_2)
                           0.68   data arrival time

           0.00    0.00    0.00   clock clk (rise edge)
                   0.00    0.00   clock network delay (ideal)
                   0.00    0.00   clock reconvergence pessimism
                           0.00 ^ _327_/CLK (sky130_fd_sc_hd__dfxtp_2)
                  -0.04   -0.04   library hold time
                          -0.04   data required time
-----------------------------------------------------------------------
                          -0.04   data required time
                          -0.68   data arrival time
-----------------------------------------------------------------------
                           0.72   slack (MET)


Startpoint: _324_ (rising edge-triggered flip-flop clocked by clk)
Endpoint: _325_ (rising edge-triggered flip-flop clocked by clk)
Path Group: clk
Path Type: min

    Cap    Slew   Delay    Time   Description
-----------------------------------------------------------------------
           0.00    0.00    0.00   clock clk (rise edge)
                   0.00    0.00   clock network delay (ideal)
           0.00    0.00    0.00 ^ _324_/CLK (sky130_fd_sc_hd__dfxtp_4)
   0.09    0.26    0.49    0.49 ^ _324_/Q (sky130_fd_sc_hd__dfxtp_4)
   0.01    0.06    0.20    0.68 ^ _544_/X (sky130_fd_sc_hd__mux2_1)
           0.06    0.00    0.68 ^ _325_/D (sky130_fd_sc_hd__dfxtp_4)
                           0.68   data arrival time

           0.00    0.00    0.00   clock clk (rise edge)
                   0.00    0.00   clock network delay (ideal)
                   0.00    0.00   clock reconvergence pessimism
                           0.00 ^ _325_/CLK (sky130_fd_sc_hd__dfxtp_4)
                  -0.04   -0.04   library hold time
                          -0.04   data required time
-----------------------------------------------------------------------
                          -0.04   data required time
                          -0.68   data arrival time
-----------------------------------------------------------------------
                           0.72   slack (MET)


SIGNOFF_WORST_PATHS_REPORTED path_delay=min group_path_count=3
Group                                  Slack
--------------------------------------------
No paths found.

SIGNOFF_CHECK_TYPES_REPORTED recovery removal max_slew min_pulse_width max_capacitance max_fanout
SIGNOFF_MAX_FANOUT_SEMANTICS an empty max-fanout table means no net exceeded a set_max_fanout limit; when the sign-off SDC declares NO set_max_fanout the table is empty BY CONSTRUCTION and MUST NOT be read as ZERO fanout violations (UNMEASURED is not ZERO)
