Startpoint: wbs_stb_i (input port clocked by clk)
Endpoint: _325_ (rising edge-triggered flip-flop clocked by clk)
Path Group: clk
Path Type: max

  Delay    Time   Description
---------------------------------------------------------
   0.00    0.00   clock clk (rise edge)
   0.00    0.00   clock network delay (ideal)
   2.00    2.00 ^ input external delay
   0.00    2.00 ^ wbs_stb_i (in)
   0.17    2.17 ^ input140/X (sky130_fd_sc_hd__buf_4)
   0.29    2.46 ^ wire408/X (sky130_fd_sc_hd__clkbuf_4)
   0.25    2.70 ^ wire407/X (sky130_fd_sc_hd__buf_6)
   0.23    2.93 ^ wire145/X (sky130_fd_sc_hd__clkbuf_16)
   0.12    3.05 ^ wire398/X (sky130_fd_sc_hd__clkbuf_2)
   0.26    3.31 ^ wire458/X (sky130_fd_sc_hd__clkbuf_2)
   0.31    3.62 ^ wire397/X (sky130_fd_sc_hd__clkbuf_2)
   0.32    3.94 ^ wire396/X (sky130_fd_sc_hd__clkbuf_2)
   0.32    4.26 ^ wire395/X (sky130_fd_sc_hd__clkbuf_2)
   0.32    4.59 ^ wire394/X (sky130_fd_sc_hd__clkbuf_4)
   0.13    4.72 v _238_/Y (sky130_fd_sc_hd__a22oi_1)
   0.58    5.30 v _250_/X (sky130_fd_sc_hd__or4_1)
   0.85    6.15 v _253_/X (sky130_fd_sc_hd__or4_2)
   0.32    6.47 v place63/X (sky130_fd_sc_hd__clkbuf_4)
   0.31    6.78 v place62/X (sky130_fd_sc_hd__clkbuf_4)
   0.29    7.07 ^ _209_/Y (sky130_fd_sc_hd__a211oi_1)
   0.23    7.30 ^ _211_/X (sky130_fd_sc_hd__o22a_1)
   0.05    7.36 v _212_/Y (sky130_fd_sc_hd__nor2_1)
   0.29    7.65 v _544_/X (sky130_fd_sc_hd__mux2_1)
   0.00    7.65 v _325_/D (sky130_fd_sc_hd__dfxtp_4)
           7.65   data arrival time

  25.00   25.00   clock clk (rise edge)
   0.00   25.00   clock network delay (ideal)
   0.00   25.00   clock reconvergence pessimism
          25.00 ^ _325_/CLK (sky130_fd_sc_hd__dfxtp_4)
  -0.13   24.87   library setup time
          24.87   data required time
---------------------------------------------------------
          24.87   data required time
          -7.65   data arrival time
---------------------------------------------------------
          17.22   slack (MET)


tns max 0.00
wns max 0.00
worst slack max 17.22
OCV_DERATE_APPLIED early=0.95 late=1.05 flat-OCV
Group                                  Slack
--------------------------------------------
No paths found.

SIGNOFF_CHECK_TYPES_REPORTED recovery removal max_slew min_pulse_width max_capacitance max_fanout
SIGNOFF_MAX_FANOUT_SEMANTICS an empty max-fanout table means no net exceeded a set_max_fanout limit; when the sign-off SDC declares NO set_max_fanout the table is empty BY CONSTRUCTION and MUST NOT be read as ZERO fanout violations (UNMEASURED is not ZERO)
