# Auto-staged by phase3_one_shot_runner v1.6.36
# Source: OpenROAD report_checks (post-link, pre-floorplan slack
# is approximated by the unconstrained slack in the post-PnR
# report below — for production sign-off, run a separate
# pre-floorplan STA pass).
Startpoint: _12640_ (rising edge-triggered flip-flop clocked by clk)
Endpoint: _12259_ (rising edge-triggered flip-flop clocked by clk)
Path Group: clk
Path Type: max

  Delay    Time   Description
---------------------------------------------------------
   0.00    0.00   clock clk (rise edge)
   0.75    0.75   clock network delay (propagated)
   0.00    0.75 ^ _12640_/CLK (sky130_fd_sc_hd__edfxtp_1)
   0.61    1.35 ^ _12640_/Q (sky130_fd_sc_hd__edfxtp_1)
   0.58    1.93 v _07825_/X (sky130_fd_sc_hd__xnor3_1)
   0.26    2.20 ^ _07826_/Y (sky130_fd_sc_hd__o21ai_0)
   0.48    2.68 v _07838_/X (sky130_fd_sc_hd__xnor3_1)
   0.39    3.07 v _07839_/X (sky130_fd_sc_hd__maj3_1)
   0.41    3.48 v _07845_/X (sky130_fd_sc_hd__maj3_1)
   0.42    3.90 v _07846_/X (sky130_fd_sc_hd__maj3_1)
   0.35    4.25 ^ _07849_/Y (sky130_fd_sc_hd__a211oi_1)
   0.17    4.42 v _07851_/Y (sky130_fd_sc_hd__o31ai_1)
   0.43    4.85 v _07853_/X (sky130_fd_sc_hd__maj3_1)
   0.59    5.45 ^ _07857_/Y (sky130_fd_sc_hd__a211oi_1)
   0.28    5.73 v _07861_/Y (sky130_fd_sc_hd__o311ai_0)
   0.34    6.07 ^ _07863_/Y (sky130_fd_sc_hd__a31oi_1)
   0.26    6.33 v _07865_/Y (sky130_fd_sc_hd__o21ai_0)
   0.38    6.71 ^ _07869_/Y (sky130_fd_sc_hd__a211oi_1)
   0.17    6.88 v _07871_/Y (sky130_fd_sc_hd__o31ai_1)
   0.41    7.29 v _07873_/X (sky130_fd_sc_hd__maj3_1)
   0.43    7.72 v _07875_/X (sky130_fd_sc_hd__maj3_1)
   0.42    8.14 v _07877_/X (sky130_fd_sc_hd__maj3_1)
   0.41    8.55 v _07879_/X (sky130_fd_sc_hd__maj3_1)
   0.41    8.96 v _07881_/X (sky130_fd_sc_hd__maj3_1)
   0.41    9.37 v _07883_/X (sky130_fd_sc_hd__maj3_1)
   0.13    9.50 ^ _07884_/Y (sky130_fd_sc_hd__o21ai_0)
   0.12    9.62 v _07885_/Y (sky130_fd_sc_hd__a21oi_1)
   0.22    9.84 ^ _07886_/Y (sky130_fd_sc_hd__a21oi_1)
   0.19   10.03 v _07888_/Y (sky130_fd_sc_hd__o21ai_0)
   0.42   10.46 v _07890_/X (sky130_fd_sc_hd__maj3_1)
   0.09   10.55 ^ _07891_/Y (sky130_fd_sc_hd__nand2_1)
   0.09   10.64 v _07892_/Y (sky130_fd_sc_hd__nand2_1)
   0.41   11.05 v _07893_/X (sky130_fd_sc_hd__maj3_1)
   0.42   11.47 v _07895_/X (sky130_fd_sc_hd__maj3_1)
   0.43   11.90 ^ _07912_/X (sky130_fd_sc_hd__xor2_1)
   0.19   12.09 v _08530_/Y (sky130_fd_sc_hd__xnor2_1)
   0.28   12.36 ^ _08533_/Y (sky130_fd_sc_hd__xnor2_1)
   0.18   12.54 ^ _08536_/Y (sky130_fd_sc_hd__xnor2_1)
   0.10   12.64 v _08537_/Y (sky130_fd_sc_hd__a21oi_1)
   0.24   12.88 ^ _08756_/Y (sky130_fd_sc_hd__o31ai_1)
   0.08   12.96 v _08757_/Y (sky130_fd_sc_hd__o2bb2ai_1)
   0.00   12.96 v _12259_/D (sky130_fd_sc_hd__edfxtp_1)
          12.96   data arrival time

  25.91   25.91   clock clk (rise edge)
   0.74   26.65   clock network delay (propagated)
   0.00   26.65   clock reconvergence pessimism
          26.65 ^ _12259_/CLK (sky130_fd_sc_hd__edfxtp_1)
  -0.25   26.40   library setup time
          26.40   data required time
---------------------------------------------------------
          26.40   data required time
         -12.96   data arrival time
---------------------------------------------------------
          13.44   slack (MET)


