=== SETUP corner: process=SS liberty, SPEF=sha256.max.spef ===
OCV_DERATE_APPLIED early=0.95 late=1.05 flat-OCV
worst slack max -51.46
tns max -18806.30
Group                                  Slack
--------------------------------------------
No paths found.

max slew

Pin                                    Limit    Slew   Slack
------------------------------------------------------------
_10758_/A3                              1.50   25.63  -24.13 (VIOLATED)

max capacitance

Pin                                    Limit     Cap   Slack
------------------------------------------------------------
_08671_/Y                               0.76    1.15   -0.39 (VIOLATED)

                                     Required  Actual
Pin                                    Width   Width   Slack
------------------------------------------------------------
_12700_/CLK (high)                      1.28   11.69   10.42 (MET)

SIGNOFF_CHECK_TYPES_REPORTED recovery removal max_slew min_pulse_width max_capacitance
=== HOLD corner: process=FF liberty, SPEF=sha256.min.spef ===
OCV_DERATE_APPLIED early=0.95 late=1.05 flat-OCV
worst slack min 0.32
tns max 0.00
Group                                  Slack
--------------------------------------------
No paths found.

max slew

Pin                                    Limit    Slew   Slack
------------------------------------------------------------
_10757_/Y                               1.49    6.04   -4.56 (VIOLATED)

max capacitance

Pin                                    Limit     Cap   Slack
------------------------------------------------------------
_08671_/Y                               0.35    1.11   -0.76 (VIOLATED)

                                     Required  Actual
Pin                                    Width   Width   Slack
------------------------------------------------------------
_12847_/CLK (high)                      0.08   12.69   12.60 (MET)

SIGNOFF_CHECK_TYPES_REPORTED recovery removal max_slew min_pulse_width max_capacitance
