Startpoint: _12640_ (rising edge-triggered flip-flop clocked by clk)
Endpoint: _12258_ (rising edge-triggered flip-flop clocked by clk)
Path Group: clk
Path Type: max

  Delay    Time   Description
---------------------------------------------------------
   0.00    0.00   clock clk (rise edge)
   0.00    0.00   clock network delay (ideal)
   0.00    0.00 ^ _12640_/CLK (sky130_fd_sc_hd__edfxtp_1)
   1.27    1.27 ^ _12640_/Q (sky130_fd_sc_hd__edfxtp_1)
   0.91    2.18 v _07825_/X (sky130_fd_sc_hd__xnor3_1)
   0.43    2.61 ^ _07826_/Y (sky130_fd_sc_hd__o21ai_0)
   0.57    3.18 v _07838_/X (sky130_fd_sc_hd__xnor3_1)
   0.43    3.61 v _07839_/X (sky130_fd_sc_hd__maj3_1)
   0.47    4.08 v _07845_/X (sky130_fd_sc_hd__maj3_1)
   0.51    4.59 v _07846_/X (sky130_fd_sc_hd__maj3_1)
   0.59    5.18 ^ _07849_/Y (sky130_fd_sc_hd__a211oi_1)
   0.34    5.53 v _07851_/Y (sky130_fd_sc_hd__o31ai_1)
   0.57    6.10 v _07853_/X (sky130_fd_sc_hd__maj3_1)
   1.14    7.25 ^ _07857_/Y (sky130_fd_sc_hd__a211oi_1)
   0.55    7.80 v _07861_/Y (sky130_fd_sc_hd__o311ai_0)
   0.61    8.41 ^ _07863_/Y (sky130_fd_sc_hd__a31oi_1)
   0.58    9.00 v _07865_/Y (sky130_fd_sc_hd__o21ai_0)
   0.77    9.77 ^ _07869_/Y (sky130_fd_sc_hd__a211oi_1)
   0.28   10.05 v _07871_/Y (sky130_fd_sc_hd__o31ai_1)
   0.47   10.52 v _07873_/X (sky130_fd_sc_hd__maj3_1)
   0.49   11.02 v _07875_/X (sky130_fd_sc_hd__maj3_1)
   0.48   11.49 v _07877_/X (sky130_fd_sc_hd__maj3_1)
   0.46   11.95 v _07879_/X (sky130_fd_sc_hd__maj3_1)
   0.47   12.42 v _07881_/X (sky130_fd_sc_hd__maj3_1)
   0.50   12.92 v _07883_/X (sky130_fd_sc_hd__maj3_1)
   0.20   13.12 ^ _07884_/Y (sky130_fd_sc_hd__o21ai_0)
   0.17   13.29 v _07885_/Y (sky130_fd_sc_hd__a21oi_1)
   0.43   13.72 ^ _07886_/Y (sky130_fd_sc_hd__a21oi_1)
   0.37   14.09 v _07888_/Y (sky130_fd_sc_hd__o21ai_0)
   0.55   14.64 v _07890_/X (sky130_fd_sc_hd__maj3_1)
   0.12   14.76 ^ _07891_/Y (sky130_fd_sc_hd__nand2_1)
   0.11   14.88 v _07892_/Y (sky130_fd_sc_hd__nand2_1)
   0.52   15.40 v _07893_/X (sky130_fd_sc_hd__maj3_1)
   0.54   15.94 v _07895_/X (sky130_fd_sc_hd__maj3_1)
   0.88   16.83 ^ _07912_/X (sky130_fd_sc_hd__xor2_1)
   0.25   17.08 v _08530_/Y (sky130_fd_sc_hd__xnor2_1)
   0.46   17.54 ^ _08533_/Y (sky130_fd_sc_hd__xnor2_1)
   0.16   17.70 v _08536_/Y (sky130_fd_sc_hd__xnor2_1)
   0.40   18.10 ^ _08537_/Y (sky130_fd_sc_hd__a21oi_1)
   0.20   18.30 ^ _08539_/Y (sky130_fd_sc_hd__nand2b_1)
   0.07   18.37 v _08541_/Y (sky130_fd_sc_hd__a21oi_1)
   0.00   18.37 v _12258_/D (sky130_fd_sc_hd__edfxtp_1)
          18.37   data arrival time

  25.91   25.91   clock clk (rise edge)
   0.00   25.91   clock network delay (ideal)
   0.00   25.91   clock reconvergence pessimism
          25.91 ^ _12258_/CLK (sky130_fd_sc_hd__edfxtp_1)
  -0.29   25.61   library setup time
          25.61   data required time
---------------------------------------------------------
          25.61   data required time
         -18.37   data arrival time
---------------------------------------------------------
           7.24   slack (MET)


tns max 0.00
wns max 0.00
worst slack max 7.24
OCV_DERATE_APPLIED early=0.95 late=1.05 flat-OCV
Group                                  Slack
--------------------------------------------
No paths found.

max slew

Pin                                    Limit    Slew   Slack
------------------------------------------------------------
_10757_/Y                               1.48    4.47   -2.98 (VIOLATED)

max capacitance

Pin                                    Limit     Cap   Slack
------------------------------------------------------------
_08671_/Y                               0.25    0.60   -0.35 (VIOLATED)

                                     Required  Actual
Pin                                    Width   Width   Slack
------------------------------------------------------------
_12847_/CLK (high)                      0.37   12.68   12.31 (MET)

SIGNOFF_CHECK_TYPES_REPORTED recovery removal max_slew min_pulse_width max_capacitance
