Startpoint: _341_ (rising edge-triggered flip-flop clocked by clk)
Endpoint: wbs_dat_o[4] (output port clocked by clk)
Path Group: clk
Path Type: max

    Delay      Time   Description
-------------------------------------------------------------
   0.0000    0.0000   clock clk (rise edge)
   0.0000    0.0000   clock network delay (ideal)
   0.0000    0.0000 ^ _341_/CLK (sky130_fd_sc_hd__edfxtp_1)
   0.3129    0.3129 ^ _341_/Q (sky130_fd_sc_hd__edfxtp_1)
   0.0001    0.3130 ^ place75/A (sky130_fd_sc_hd__clkbuf_8)
   0.2334    0.5464 ^ place75/X (sky130_fd_sc_hd__clkbuf_8)
   0.0068    0.5532 ^ wire239/A (sky130_fd_sc_hd__buf_6)
   0.2321    0.7853 ^ wire239/X (sky130_fd_sc_hd__buf_6)
   0.0059    0.7912 ^ wire238/A (sky130_fd_sc_hd__clkbuf_8)
   0.2649    1.0561 ^ wire238/X (sky130_fd_sc_hd__clkbuf_8)
   0.0069    1.0630 ^ wire237/A (sky130_fd_sc_hd__clkbuf_1)
   0.1425    1.2055 ^ wire237/X (sky130_fd_sc_hd__clkbuf_1)
   0.0002    1.2057 ^ wire454/A (sky130_fd_sc_hd__buf_6)
   0.1699    1.3756 ^ wire454/X (sky130_fd_sc_hd__buf_6)
   0.0038    1.3794 ^ wire236/A (sky130_fd_sc_hd__clkbuf_8)
   0.1361    1.5155 ^ wire236/X (sky130_fd_sc_hd__clkbuf_8)
   0.0001    1.5157 ^ wire466/A (sky130_fd_sc_hd__clkbuf_8)
   0.2171    1.7328 ^ wire466/X (sky130_fd_sc_hd__clkbuf_8)
   0.0075    1.7403 ^ wire26/A (sky130_fd_sc_hd__clkbuf_16)
   0.2111    1.9514 ^ wire26/X (sky130_fd_sc_hd__clkbuf_16)
   0.0091    1.9605 ^ wire187/A (sky130_fd_sc_hd__clkbuf_4)
   0.2608    2.2213 ^ wire187/X (sky130_fd_sc_hd__clkbuf_4)
   0.0032    2.2245 ^ wire186/A (sky130_fd_sc_hd__clkbuf_8)
   0.2729    2.4974 ^ wire186/X (sky130_fd_sc_hd__clkbuf_8)
   0.0066    2.5039 ^ wire185/A (sky130_fd_sc_hd__clkbuf_4)
   0.2657    2.7696 ^ wire185/X (sky130_fd_sc_hd__clkbuf_4)
   0.0031    2.7728 ^ wbs_dat_o[4] (out)
             2.7728   data arrival time

  25.0000   25.0000   clock clk (rise edge)
   0.0000   25.0000   clock network delay (ideal)
   0.0000   25.0000   clock reconvergence pessimism
  -2.0000   23.0000   output external delay
            23.0000   data required time
-------------------------------------------------------------
            23.0000   data required time
            -2.7728   data arrival time
-------------------------------------------------------------
            20.2272   slack (MET)


Startpoint: _340_ (rising edge-triggered flip-flop clocked by clk)
Endpoint: wbs_dat_o[3] (output port clocked by clk)
Path Group: clk
Path Type: max

    Delay      Time   Description
-------------------------------------------------------------
   0.0000    0.0000   clock clk (rise edge)
   0.0000    0.0000   clock network delay (ideal)
   0.0000    0.0000 ^ _340_/CLK (sky130_fd_sc_hd__edfxtp_1)
   0.3182    0.3182 ^ _340_/Q (sky130_fd_sc_hd__edfxtp_1)
   0.0002    0.3184 ^ place76/A (sky130_fd_sc_hd__buf_6)
   0.2131    0.5314 ^ place76/X (sky130_fd_sc_hd__buf_6)
   0.0062    0.5377 ^ wire235/A (sky130_fd_sc_hd__buf_6)
   0.2174    0.7550 ^ wire235/X (sky130_fd_sc_hd__buf_6)
   0.0047    0.7598 ^ wire234/A (sky130_fd_sc_hd__buf_6)
   0.2337    0.9934 ^ wire234/X (sky130_fd_sc_hd__buf_6)
   0.0067    1.0002 ^ wire233/A (sky130_fd_sc_hd__clkbuf_8)
   0.2711    1.2713 ^ wire233/X (sky130_fd_sc_hd__clkbuf_8)
   0.0069    1.2782 ^ wire232/A (sky130_fd_sc_hd__clkbuf_8)
   0.2676    1.5458 ^ wire232/X (sky130_fd_sc_hd__clkbuf_8)
   0.0072    1.5530 ^ wire28/A (sky130_fd_sc_hd__clkbuf_16)
   0.2096    1.7626 ^ wire28/X (sky130_fd_sc_hd__clkbuf_16)
   0.0048    1.7675 ^ wire184/A (sky130_fd_sc_hd__buf_6)
   0.1505    1.9179 ^ wire184/X (sky130_fd_sc_hd__buf_6)
   0.0026    1.9205 ^ wire183/A (sky130_fd_sc_hd__clkbuf_1)
   0.1163    2.0368 ^ wire183/X (sky130_fd_sc_hd__clkbuf_1)
   0.0002    2.0369 ^ wire451/A (sky130_fd_sc_hd__buf_6)
   0.0924    2.1293 ^ wire451/X (sky130_fd_sc_hd__buf_6)
   0.0001    2.1295 ^ wire468/A (sky130_fd_sc_hd__clkbuf_8)
   0.1386    2.2681 ^ wire468/X (sky130_fd_sc_hd__clkbuf_8)
   0.0021    2.2701 ^ wire471/A (sky130_fd_sc_hd__buf_2)
   0.2260    2.4962 ^ wire471/X (sky130_fd_sc_hd__buf_2)
   0.0023    2.4985 ^ wire182/A (sky130_fd_sc_hd__buf_6)
   0.2110    2.7095 ^ wire182/X (sky130_fd_sc_hd__buf_6)
   0.0045    2.7140 ^ wbs_dat_o[3] (out)
             2.7140   data arrival time

  25.0000   25.0000   clock clk (rise edge)
   0.0000   25.0000   clock network delay (ideal)
   0.0000   25.0000   clock reconvergence pessimism
  -2.0000   23.0000   output external delay
            23.0000   data required time
-------------------------------------------------------------
            23.0000   data required time
            -2.7140   data arrival time
-------------------------------------------------------------
            20.2860   slack (MET)


Startpoint: _339_ (rising edge-triggered flip-flop clocked by clk)
Endpoint: wbs_dat_o[2] (output port clocked by clk)
Path Group: clk
Path Type: max

    Delay      Time   Description
-------------------------------------------------------------
   0.0000    0.0000   clock clk (rise edge)
   0.0000    0.0000   clock network delay (ideal)
   0.0000    0.0000 ^ _339_/CLK (sky130_fd_sc_hd__edfxtp_1)
   0.3227    0.3227 ^ _339_/Q (sky130_fd_sc_hd__edfxtp_1)
   0.0002    0.3229 ^ place77/A (sky130_fd_sc_hd__buf_6)
   0.1767    0.4996 ^ place77/X (sky130_fd_sc_hd__buf_6)
   0.0033    0.5029 ^ wire231/A (sky130_fd_sc_hd__buf_6)
   0.2180    0.7209 ^ wire231/X (sky130_fd_sc_hd__buf_6)
   0.0055    0.7264 ^ wire230/A (sky130_fd_sc_hd__clkbuf_8)
   0.2627    0.9891 ^ wire230/X (sky130_fd_sc_hd__clkbuf_8)
   0.0074    0.9965 ^ wire229/A (sky130_fd_sc_hd__clkbuf_1)
   0.1104    1.1069 ^ wire229/X (sky130_fd_sc_hd__clkbuf_1)
   0.0001    1.1070 ^ wire455/A (sky130_fd_sc_hd__clkbuf_4)
   0.1278    1.2347 ^ wire455/X (sky130_fd_sc_hd__clkbuf_4)
   0.0003    1.2350 ^ wire469/A (sky130_fd_sc_hd__clkbuf_8)
   0.2176    1.4527 ^ wire469/X (sky130_fd_sc_hd__clkbuf_8)
   0.0071    1.4598 ^ wire228/A (sky130_fd_sc_hd__clkbuf_8)
   0.2290    1.6888 ^ wire228/X (sky130_fd_sc_hd__clkbuf_8)
   0.0044    1.6932 ^ wire30/A (sky130_fd_sc_hd__clkbuf_16)
   0.1947    1.8879 ^ wire30/X (sky130_fd_sc_hd__clkbuf_16)
   0.0050    1.8929 ^ wire181/A (sky130_fd_sc_hd__buf_6)
   0.1562    2.0492 ^ wire181/X (sky130_fd_sc_hd__buf_6)
   0.0028    2.0520 ^ wire180/A (sky130_fd_sc_hd__clkbuf_1)
   0.1112    2.1632 ^ wire180/X (sky130_fd_sc_hd__clkbuf_1)
   0.0001    2.1633 ^ wire452/A (sky130_fd_sc_hd__clkbuf_8)
   0.2324    2.3957 ^ wire452/X (sky130_fd_sc_hd__clkbuf_8)
   0.0078    2.4035 ^ wire179/A (sky130_fd_sc_hd__clkbuf_8)
   0.2744    2.6779 ^ wire179/X (sky130_fd_sc_hd__clkbuf_8)
   0.0110    2.6889 ^ wbs_dat_o[2] (out)
             2.6889   data arrival time

  25.0000   25.0000   clock clk (rise edge)
   0.0000   25.0000   clock network delay (ideal)
   0.0000   25.0000   clock reconvergence pessimism
  -2.0000   23.0000   output external delay
            23.0000   data required time
-------------------------------------------------------------
            23.0000   data required time
            -2.6889   data arrival time
-------------------------------------------------------------
            20.3111   slack (MET)


Startpoint: _344_ (rising edge-triggered flip-flop clocked by clk)
Endpoint: wbs_dat_o[7] (output port clocked by clk)
Path Group: clk
Path Type: max

    Delay      Time   Description
-------------------------------------------------------------
   0.0000    0.0000   clock clk (rise edge)
   0.0000    0.0000   clock network delay (ideal)
   0.0000    0.0000 ^ _344_/CLK (sky130_fd_sc_hd__edfxtp_1)
   0.3235    0.3235 ^ _344_/Q (sky130_fd_sc_hd__edfxtp_1)
   0.0002    0.3237 ^ place72/A (sky130_fd_sc_hd__clkbuf_8)
   0.2437    0.5674 ^ place72/X (sky130_fd_sc_hd__clkbuf_8)
   0.0102    0.5776 ^ wire251/A (sky130_fd_sc_hd__buf_6)
   0.2357    0.8133 ^ wire251/X (sky130_fd_sc_hd__buf_6)
   0.0068    0.8201 ^ wire250/A (sky130_fd_sc_hd__clkbuf_8)
   0.2731    1.0933 ^ wire250/X (sky130_fd_sc_hd__clkbuf_8)
   0.0076    1.1009 ^ wire249/A (sky130_fd_sc_hd__clkbuf_8)
   0.2685    1.3694 ^ wire249/X (sky130_fd_sc_hd__clkbuf_8)
   0.0069    1.3763 ^ wire248/A (sky130_fd_sc_hd__clkbuf_8)
   0.2710    1.6472 ^ wire248/X (sky130_fd_sc_hd__clkbuf_8)
   0.0075    1.6547 ^ wire20/A (sky130_fd_sc_hd__clkbuf_16)
   0.2099    1.8646 ^ wire20/X (sky130_fd_sc_hd__clkbuf_16)
   0.0048    1.8694 ^ wire196/A (sky130_fd_sc_hd__clkbuf_4)
   0.2527    2.1221 ^ wire196/X (sky130_fd_sc_hd__clkbuf_4)
   0.0037    2.1257 ^ wire195/A (sky130_fd_sc_hd__clkbuf_4)
   0.2834    2.4091 ^ wire195/X (sky130_fd_sc_hd__clkbuf_4)
   0.0039    2.4130 ^ wire194/A (sky130_fd_sc_hd__clkbuf_8)
   0.2608    2.6738 ^ wire194/X (sky130_fd_sc_hd__clkbuf_8)
   0.0064    2.6802 ^ wbs_dat_o[7] (out)
             2.6802   data arrival time

  25.0000   25.0000   clock clk (rise edge)
   0.0000   25.0000   clock network delay (ideal)
   0.0000   25.0000   clock reconvergence pessimism
  -2.0000   23.0000   output external delay
            23.0000   data required time
-------------------------------------------------------------
            23.0000   data required time
            -2.6802   data arrival time
-------------------------------------------------------------
            20.3198   slack (MET)


Startpoint: _343_ (rising edge-triggered flip-flop clocked by clk)
Endpoint: wbs_dat_o[6] (output port clocked by clk)
Path Group: clk
Path Type: max

    Delay      Time   Description
-------------------------------------------------------------
   0.0000    0.0000   clock clk (rise edge)
   0.0000    0.0000   clock network delay (ideal)
   0.0000    0.0000 ^ _343_/CLK (sky130_fd_sc_hd__edfxtp_1)
   0.3138    0.3138 ^ _343_/Q (sky130_fd_sc_hd__edfxtp_1)
   0.0002    0.3139 ^ place73/A (sky130_fd_sc_hd__clkbuf_8)
   0.2327    0.5467 ^ place73/X (sky130_fd_sc_hd__clkbuf_8)
   0.0071    0.5538 ^ wire247/A (sky130_fd_sc_hd__buf_6)
   0.2331    0.7869 ^ wire247/X (sky130_fd_sc_hd__buf_6)
   0.0062    0.7931 ^ wire246/A (sky130_fd_sc_hd__clkbuf_8)
   0.2689    1.0620 ^ wire246/X (sky130_fd_sc_hd__clkbuf_8)
   0.0066    1.0685 ^ wire245/A (sky130_fd_sc_hd__clkbuf_8)
   0.2651    1.3336 ^ wire245/X (sky130_fd_sc_hd__clkbuf_8)
   0.0069    1.3405 ^ wire244/A (sky130_fd_sc_hd__clkbuf_8)
   0.1527    1.4933 ^ wire244/X (sky130_fd_sc_hd__clkbuf_8)
   0.0001    1.4934 ^ wire467/A (sky130_fd_sc_hd__clkbuf_8)
   0.2239    1.7174 ^ wire467/X (sky130_fd_sc_hd__clkbuf_8)
   0.0087    1.7260 ^ wire22/A (sky130_fd_sc_hd__clkbuf_16)
   0.1947    1.9208 ^ wire22/X (sky130_fd_sc_hd__clkbuf_16)
   0.0046    1.9254 ^ wire193/A (sky130_fd_sc_hd__clkbuf_4)
   0.1966    2.1219 ^ wire193/X (sky130_fd_sc_hd__clkbuf_4)
   0.0020    2.1239 ^ wire192/A (sky130_fd_sc_hd__clkbuf_4)
   0.2642    2.3881 ^ wire192/X (sky130_fd_sc_hd__clkbuf_4)
   0.0034    2.3915 ^ wire191/A (sky130_fd_sc_hd__clkbuf_4)
   0.2843    2.6759 ^ wire191/X (sky130_fd_sc_hd__clkbuf_4)
   0.0032    2.6791 ^ wbs_dat_o[6] (out)
             2.6791   data arrival time

  25.0000   25.0000   clock clk (rise edge)
   0.0000   25.0000   clock network delay (ideal)
   0.0000   25.0000   clock reconvergence pessimism
  -2.0000   23.0000   output external delay
            23.0000   data required time
-------------------------------------------------------------
            23.0000   data required time
            -2.6791   data arrival time
-------------------------------------------------------------
            20.3209   slack (MET)


Startpoint: _345_ (rising edge-triggered flip-flop clocked by clk)
Endpoint: wbs_dat_o[8] (output port clocked by clk)
Path Group: clk
Path Type: max

    Delay      Time   Description
-------------------------------------------------------------
   0.0000    0.0000   clock clk (rise edge)
   0.0000    0.0000   clock network delay (ideal)
   0.0000    0.0000 ^ _345_/CLK (sky130_fd_sc_hd__edfxtp_1)
   0.3181    0.3181 ^ _345_/Q (sky130_fd_sc_hd__edfxtp_1)
   0.0002    0.3184 ^ place71/A (sky130_fd_sc_hd__clkbuf_8)
   0.2356    0.5540 ^ place71/X (sky130_fd_sc_hd__clkbuf_8)
   0.0079    0.5619 ^ wire255/A (sky130_fd_sc_hd__buf_6)
   0.2206    0.7824 ^ wire255/X (sky130_fd_sc_hd__buf_6)
   0.0050    0.7875 ^ wire254/A (sky130_fd_sc_hd__buf_8)
   0.2272    1.0146 ^ wire254/X (sky130_fd_sc_hd__buf_8)
   0.0079    1.0226 ^ wire253/A (sky130_fd_sc_hd__clkbuf_8)
   0.2681    1.2907 ^ wire253/X (sky130_fd_sc_hd__clkbuf_8)
   0.0070    1.2976 ^ wire252/A (sky130_fd_sc_hd__buf_6)
   0.2382    1.5358 ^ wire252/X (sky130_fd_sc_hd__buf_6)
   0.0068    1.5426 ^ wire18/A (sky130_fd_sc_hd__clkbuf_16)
   0.2087    1.7513 ^ wire18/X (sky130_fd_sc_hd__clkbuf_16)
   0.0051    1.7565 ^ wire199/A (sky130_fd_sc_hd__buf_6)
   0.1569    1.9133 ^ wire199/X (sky130_fd_sc_hd__buf_6)
   0.0020    1.9153 ^ wire453/A (sky130_fd_sc_hd__clkbuf_4)
   0.2286    2.1439 ^ wire453/X (sky130_fd_sc_hd__clkbuf_4)
   0.0021    2.1460 ^ wire198/A (sky130_fd_sc_hd__buf_2)
   0.2711    2.4171 ^ wire198/X (sky130_fd_sc_hd__buf_2)
   0.0024    2.4194 ^ wire197/A (sky130_fd_sc_hd__clkbuf_8)
   0.2527    2.6722 ^ wire197/X (sky130_fd_sc_hd__clkbuf_8)
   0.0046    2.6768 ^ wbs_dat_o[8] (out)
             2.6768   data arrival time

  25.0000   25.0000   clock clk (rise edge)
   0.0000   25.0000   clock network delay (ideal)
   0.0000   25.0000   clock reconvergence pessimism
  -2.0000   23.0000   output external delay
            23.0000   data required time
-------------------------------------------------------------
            23.0000   data required time
            -2.6768   data arrival time
-------------------------------------------------------------
            20.3232   slack (MET)


Startpoint: _347_ (rising edge-triggered flip-flop clocked by clk)
Endpoint: wbs_dat_o[10] (output port clocked by clk)
Path Group: clk
Path Type: max

    Delay      Time   Description
-------------------------------------------------------------
   0.0000    0.0000   clock clk (rise edge)
   0.0000    0.0000   clock network delay (ideal)
   0.0000    0.0000 ^ _347_/CLK (sky130_fd_sc_hd__edfxtp_1)
   0.3228    0.3228 ^ _347_/Q (sky130_fd_sc_hd__edfxtp_1)
   0.0002    0.3230 ^ place69/A (sky130_fd_sc_hd__clkbuf_8)
   0.2337    0.5567 ^ place69/X (sky130_fd_sc_hd__clkbuf_8)
   0.0071    0.5638 ^ wire263/A (sky130_fd_sc_hd__buf_6)
   0.2194    0.7833 ^ wire263/X (sky130_fd_sc_hd__buf_6)
   0.0051    0.7884 ^ wire262/A (sky130_fd_sc_hd__clkbuf_8)
   0.2624    1.0508 ^ wire262/X (sky130_fd_sc_hd__clkbuf_8)
   0.0069    1.0577 ^ wire261/A (sky130_fd_sc_hd__clkbuf_8)
   0.2642    1.3219 ^ wire261/X (sky130_fd_sc_hd__clkbuf_8)
   0.0067    1.3286 ^ wire260/A (sky130_fd_sc_hd__clkbuf_8)
   0.2639    1.5925 ^ wire260/X (sky130_fd_sc_hd__clkbuf_8)
   0.0068    1.5993 ^ wire14/A (sky130_fd_sc_hd__clkbuf_16)
   0.2015    1.8009 ^ wire14/X (sky130_fd_sc_hd__clkbuf_16)
   0.0038    1.8047 ^ wire205/A (sky130_fd_sc_hd__buf_2)
   0.2400    2.0448 ^ wire205/X (sky130_fd_sc_hd__buf_2)
   0.0022    2.0469 ^ wire204/A (sky130_fd_sc_hd__clkbuf_8)
   0.2315    2.2784 ^ wire204/X (sky130_fd_sc_hd__clkbuf_8)
   0.0039    2.2823 ^ wire203/A (sky130_fd_sc_hd__buf_6)
   0.1395    2.4218 ^ wire203/X (sky130_fd_sc_hd__buf_6)
   0.0012    2.4230 ^ wire449/A (sky130_fd_sc_hd__clkbuf_2)
   0.2128    2.6358 ^ wire449/X (sky130_fd_sc_hd__clkbuf_2)
   0.0016    2.6375 ^ wbs_dat_o[10] (out)
             2.6375   data arrival time

  25.0000   25.0000   clock clk (rise edge)
   0.0000   25.0000   clock network delay (ideal)
   0.0000   25.0000   clock reconvergence pessimism
  -2.0000   23.0000   output external delay
            23.0000   data required time
-------------------------------------------------------------
            23.0000   data required time
            -2.6375   data arrival time
-------------------------------------------------------------
            20.3625   slack (MET)


Startpoint: _342_ (rising edge-triggered flip-flop clocked by clk)
Endpoint: wbs_dat_o[5] (output port clocked by clk)
Path Group: clk
Path Type: max

    Delay      Time   Description
-------------------------------------------------------------
   0.0000    0.0000   clock clk (rise edge)
   0.0000    0.0000   clock network delay (ideal)
   0.0000    0.0000 ^ _342_/CLK (sky130_fd_sc_hd__edfxtp_1)
   0.4926    0.4926 ^ _342_/Q (sky130_fd_sc_hd__edfxtp_1)
   0.0026    0.4952 ^ place74/A (sky130_fd_sc_hd__clkbuf_16)
   0.2322    0.7274 ^ place74/X (sky130_fd_sc_hd__clkbuf_16)
   0.0034    0.7308 ^ wire243/A (sky130_fd_sc_hd__buf_6)
   0.1868    0.9176 ^ wire243/X (sky130_fd_sc_hd__buf_6)
   0.0047    0.9223 ^ wire242/A (sky130_fd_sc_hd__clkbuf_8)
   0.2584    1.1807 ^ wire242/X (sky130_fd_sc_hd__clkbuf_8)
   0.0069    1.1876 ^ wire241/A (sky130_fd_sc_hd__buf_6)
   0.2392    1.4268 ^ wire241/X (sky130_fd_sc_hd__buf_6)
   0.0066    1.4334 ^ wire240/A (sky130_fd_sc_hd__clkbuf_8)
   0.2387    1.6721 ^ wire240/X (sky130_fd_sc_hd__clkbuf_8)
   0.0055    1.6777 ^ wire24/A (sky130_fd_sc_hd__buf_16)
   0.1441    1.8218 ^ wire24/X (sky130_fd_sc_hd__buf_16)
   0.0027    1.8245 ^ wire190/A (sky130_fd_sc_hd__clkbuf_2)
   0.2216    2.0461 ^ wire190/X (sky130_fd_sc_hd__clkbuf_2)
   0.0016    2.0477 ^ wire189/A (sky130_fd_sc_hd__clkbuf_4)
   0.2764    2.3241 ^ wire189/X (sky130_fd_sc_hd__clkbuf_4)
   0.0026    2.3267 ^ wire188/A (sky130_fd_sc_hd__buf_6)
   0.2222    2.5489 ^ wire188/X (sky130_fd_sc_hd__buf_6)
   0.0056    2.5545 ^ wbs_dat_o[5] (out)
             2.5545   data arrival time

  25.0000   25.0000   clock clk (rise edge)
   0.0000   25.0000   clock network delay (ideal)
   0.0000   25.0000   clock reconvergence pessimism
  -2.0000   23.0000   output external delay
            23.0000   data required time
-------------------------------------------------------------
            23.0000   data required time
            -2.5545   data arrival time
-------------------------------------------------------------
            20.4455   slack (MET)


Startpoint: _348_ (rising edge-triggered flip-flop clocked by clk)
Endpoint: wbs_dat_o[11] (output port clocked by clk)
Path Group: clk
Path Type: max

    Delay      Time   Description
-------------------------------------------------------------
   0.0000    0.0000   clock clk (rise edge)
   0.0000    0.0000   clock network delay (ideal)
   0.0000    0.0000 ^ _348_/CLK (sky130_fd_sc_hd__edfxtp_1)
   0.3361    0.3361 ^ _348_/Q (sky130_fd_sc_hd__edfxtp_1)
   0.0002    0.3363 ^ place68/A (sky130_fd_sc_hd__clkbuf_16)
   0.1703    0.5066 ^ place68/X (sky130_fd_sc_hd__clkbuf_16)
   0.0045    0.5111 ^ wire267/A (sky130_fd_sc_hd__clkbuf_2)
   0.2585    0.7696 ^ wire267/X (sky130_fd_sc_hd__clkbuf_2)
   0.0020    0.7717 ^ wire266/A (sky130_fd_sc_hd__clkbuf_4)
   0.3004    1.0721 ^ wire266/X (sky130_fd_sc_hd__clkbuf_4)
   0.0028    1.0749 ^ wire265/A (sky130_fd_sc_hd__buf_2)
   0.3034    1.3783 ^ wire265/X (sky130_fd_sc_hd__buf_2)
   0.0027    1.3810 ^ wire264/A (sky130_fd_sc_hd__buf_6)
   0.2313    1.6122 ^ wire264/X (sky130_fd_sc_hd__buf_6)
   0.0047    1.6169 ^ wire12/A (sky130_fd_sc_hd__buf_16)
   0.1408    1.7577 ^ wire12/X (sky130_fd_sc_hd__buf_16)
   0.0020    1.7597 ^ wire208/A (sky130_fd_sc_hd__clkbuf_4)
   0.2450    2.0047 ^ wire208/X (sky130_fd_sc_hd__clkbuf_4)
   0.0036    2.0083 ^ wire207/A (sky130_fd_sc_hd__clkbuf_8)
   0.2654    2.2737 ^ wire207/X (sky130_fd_sc_hd__clkbuf_8)
   0.0064    2.2801 ^ wire206/A (sky130_fd_sc_hd__clkbuf_4)
   0.2662    2.5463 ^ wire206/X (sky130_fd_sc_hd__clkbuf_4)
   0.0033    2.5496 ^ wbs_dat_o[11] (out)
             2.5496   data arrival time

  25.0000   25.0000   clock clk (rise edge)
   0.0000   25.0000   clock network delay (ideal)
   0.0000   25.0000   clock reconvergence pessimism
  -2.0000   23.0000   output external delay
            23.0000   data required time
-------------------------------------------------------------
            23.0000   data required time
            -2.5496   data arrival time
-------------------------------------------------------------
            20.4504   slack (MET)


Startpoint: _349_ (rising edge-triggered flip-flop clocked by clk)
Endpoint: wbs_dat_o[12] (output port clocked by clk)
Path Group: clk
Path Type: max

    Delay      Time   Description
-------------------------------------------------------------
   0.0000    0.0000   clock clk (rise edge)
   0.0000    0.0000   clock network delay (ideal)
   0.0000    0.0000 ^ _349_/CLK (sky130_fd_sc_hd__edfxtp_1)
   0.3169    0.3169 ^ _349_/Q (sky130_fd_sc_hd__edfxtp_1)
   0.0002    0.3171 ^ place67/A (sky130_fd_sc_hd__buf_6)
   0.2089    0.5260 ^ place67/X (sky130_fd_sc_hd__buf_6)
   0.0061    0.5321 ^ wire271/A (sky130_fd_sc_hd__buf_6)
   0.1894    0.7215 ^ wire271/X (sky130_fd_sc_hd__buf_6)
   0.0038    0.7253 ^ wire270/A (sky130_fd_sc_hd__clkbuf_8)
   0.2462    0.9715 ^ wire270/X (sky130_fd_sc_hd__clkbuf_8)
   0.0069    0.9784 ^ wire269/A (sky130_fd_sc_hd__clkbuf_8)
   0.2694    1.2477 ^ wire269/X (sky130_fd_sc_hd__clkbuf_8)
   0.0077    1.2554 ^ wire268/A (sky130_fd_sc_hd__buf_6)
   0.2470    1.5025 ^ wire268/X (sky130_fd_sc_hd__buf_6)
   0.0067    1.5092 ^ wire10/A (sky130_fd_sc_hd__clkbuf_16)
   0.2168    1.7260 ^ wire10/X (sky130_fd_sc_hd__clkbuf_16)
   0.0048    1.7308 ^ wire211/A (sky130_fd_sc_hd__buf_6)
   0.1885    1.9194 ^ wire211/X (sky130_fd_sc_hd__buf_6)
   0.0037    1.9230 ^ wire210/A (sky130_fd_sc_hd__clkbuf_1)
   0.1216    2.0447 ^ wire210/X (sky130_fd_sc_hd__clkbuf_1)
   0.0001    2.0448 ^ wire450/A (sky130_fd_sc_hd__clkbuf_8)
   0.2213    2.2661 ^ wire450/X (sky130_fd_sc_hd__clkbuf_8)
   0.0076    2.2737 ^ wire209/A (sky130_fd_sc_hd__clkbuf_8)
   0.2643    2.5380 ^ wire209/X (sky130_fd_sc_hd__clkbuf_8)
   0.0077    2.5457 ^ wbs_dat_o[12] (out)
             2.5457   data arrival time

  25.0000   25.0000   clock clk (rise edge)
   0.0000   25.0000   clock network delay (ideal)
   0.0000   25.0000   clock reconvergence pessimism
  -2.0000   23.0000   output external delay
            23.0000   data required time
-------------------------------------------------------------
            23.0000   data required time
            -2.5457   data arrival time
-------------------------------------------------------------
            20.4543   slack (MET)


Startpoint: _338_ (rising edge-triggered flip-flop clocked by clk)
Endpoint: wbs_dat_o[1] (output port clocked by clk)
Path Group: clk
Path Type: max

    Delay      Time   Description
-------------------------------------------------------------
   0.0000    0.0000   clock clk (rise edge)
   0.0000    0.0000   clock network delay (ideal)
   0.0000    0.0000 ^ _338_/CLK (sky130_fd_sc_hd__edfxtp_1)
   0.3441    0.3441 ^ _338_/Q (sky130_fd_sc_hd__edfxtp_1)
   0.0003    0.3444 ^ place78/A (sky130_fd_sc_hd__clkbuf_16)
   0.1922    0.5366 ^ place78/X (sky130_fd_sc_hd__clkbuf_16)
   0.0053    0.5419 ^ wire227/A (sky130_fd_sc_hd__buf_6)
   0.2095    0.7514 ^ wire227/X (sky130_fd_sc_hd__buf_6)
   0.0058    0.7572 ^ wire226/A (sky130_fd_sc_hd__clkbuf_8)
   0.2626    1.0198 ^ wire226/X (sky130_fd_sc_hd__clkbuf_8)
   0.0069    1.0267 ^ wire225/A (sky130_fd_sc_hd__clkbuf_8)
   0.2263    1.2531 ^ wire225/X (sky130_fd_sc_hd__clkbuf_8)
   0.0044    1.2574 ^ wire224/A (sky130_fd_sc_hd__buf_6)
   0.2321    1.4895 ^ wire224/X (sky130_fd_sc_hd__buf_6)
   0.0074    1.4969 ^ wire32/A (sky130_fd_sc_hd__buf_16)
   0.1737    1.6706 ^ wire32/X (sky130_fd_sc_hd__buf_16)
   0.0046    1.6752 ^ wire178/A (sky130_fd_sc_hd__buf_4)
   0.2287    1.9039 ^ wire178/X (sky130_fd_sc_hd__buf_4)
   0.0041    1.9080 ^ wire177/A (sky130_fd_sc_hd__buf_6)
   0.1561    2.0641 ^ wire177/X (sky130_fd_sc_hd__buf_6)
   0.0010    2.0652 ^ wire472/A (sky130_fd_sc_hd__clkbuf_2)
   0.2057    2.2709 ^ wire472/X (sky130_fd_sc_hd__clkbuf_2)
   0.0013    2.2721 ^ wire176/A (sky130_fd_sc_hd__clkbuf_4)
   0.2584    2.5306 ^ wire176/X (sky130_fd_sc_hd__clkbuf_4)
   0.0027    2.5333 ^ wbs_dat_o[1] (out)
             2.5333   data arrival time

  25.0000   25.0000   clock clk (rise edge)
   0.0000   25.0000   clock network delay (ideal)
   0.0000   25.0000   clock reconvergence pessimism
  -2.0000   23.0000   output external delay
            23.0000   data required time
-------------------------------------------------------------
            23.0000   data required time
            -2.5333   data arrival time
-------------------------------------------------------------
            20.4667   slack (MET)


Startpoint: _320_ (rising edge-triggered flip-flop clocked by clk)
Endpoint: wbs_ack_o (output port clocked by clk)
Path Group: clk
Path Type: max

    Delay      Time   Description
-------------------------------------------------------------
   0.0000    0.0000   clock clk (rise edge)
   0.0000    0.0000   clock network delay (ideal)
   0.0000    0.0000 ^ _320_/CLK (sky130_fd_sc_hd__dfxtp_4)
   0.3604    0.3604 ^ _320_/Q (sky130_fd_sc_hd__dfxtp_4)
   0.0005    0.3609 ^ wire143/A (sky130_fd_sc_hd__clkbuf_16)
   0.1836    0.5445 ^ wire143/X (sky130_fd_sc_hd__clkbuf_16)
   0.0052    0.5497 ^ wire219/A (sky130_fd_sc_hd__clkbuf_4)
   0.2482    0.7978 ^ wire219/X (sky130_fd_sc_hd__clkbuf_4)
   0.0028    0.8006 ^ wire218/A (sky130_fd_sc_hd__clkbuf_8)
   0.2672    1.0679 ^ wire218/X (sky130_fd_sc_hd__clkbuf_8)
   0.0070    1.0748 ^ wire217/A (sky130_fd_sc_hd__clkbuf_8)
   0.2643    1.3391 ^ wire217/X (sky130_fd_sc_hd__clkbuf_8)
   0.0069    1.3460 ^ wire216/A (sky130_fd_sc_hd__clkbuf_8)
   0.2469    1.5929 ^ wire216/X (sky130_fd_sc_hd__clkbuf_8)
   0.0056    1.5986 ^ wire215/A (sky130_fd_sc_hd__clkbuf_8)
   0.2160    1.8146 ^ wire215/X (sky130_fd_sc_hd__clkbuf_8)
   0.0040    1.8186 ^ wire214/A (sky130_fd_sc_hd__buf_6)
   0.2191    2.0377 ^ wire214/X (sky130_fd_sc_hd__buf_6)
   0.0060    2.0437 ^ wire213/A (sky130_fd_sc_hd__buf_6)
   0.2282    2.2719 ^ wire213/X (sky130_fd_sc_hd__buf_6)
   0.0059    2.2778 ^ wire212/A (sky130_fd_sc_hd__buf_6)
   0.2166    2.4944 ^ wire212/X (sky130_fd_sc_hd__buf_6)
   0.0049    2.4993 ^ wbs_ack_o (out)
             2.4993   data arrival time

  25.0000   25.0000   clock clk (rise edge)
   0.0000   25.0000   clock network delay (ideal)
   0.0000   25.0000   clock reconvergence pessimism
  -2.0000   23.0000   output external delay
            23.0000   data required time
-------------------------------------------------------------
            23.0000   data required time
            -2.4993   data arrival time
-------------------------------------------------------------
            20.5007   slack (MET)


Startpoint: _351_ (rising edge-triggered flip-flop clocked by clk)
Endpoint: wbs_dat_o[14] (output port clocked by clk)
Path Group: clk
Path Type: max

    Delay      Time   Description
-------------------------------------------------------------
   0.0000    0.0000   clock clk (rise edge)
   0.0000    0.0000   clock network delay (ideal)
   0.0000    0.0000 ^ _351_/CLK (sky130_fd_sc_hd__edfxtp_1)
   0.3383    0.3383 ^ _351_/Q (sky130_fd_sc_hd__edfxtp_1)
   0.0002    0.3385 ^ place65/A (sky130_fd_sc_hd__clkbuf_16)
   0.1785    0.5170 ^ place65/X (sky130_fd_sc_hd__clkbuf_16)
   0.0041    0.5212 ^ wire279/A (sky130_fd_sc_hd__buf_6)
   0.2037    0.7248 ^ wire279/X (sky130_fd_sc_hd__buf_6)
   0.0053    0.7302 ^ wire278/A (sky130_fd_sc_hd__buf_6)
   0.2016    0.9318 ^ wire278/X (sky130_fd_sc_hd__buf_6)
   0.0042    0.9359 ^ wire277/A (sky130_fd_sc_hd__clkbuf_8)
   0.2582    1.1942 ^ wire277/X (sky130_fd_sc_hd__clkbuf_8)
   0.0070    1.2012 ^ wire276/A (sky130_fd_sc_hd__clkbuf_8)
   0.2755    1.4767 ^ wire276/X (sky130_fd_sc_hd__clkbuf_8)
   0.0086    1.4852 ^ wire6/A (sky130_fd_sc_hd__buf_16)
   0.1699    1.6552 ^ wire6/X (sky130_fd_sc_hd__buf_16)
   0.0042    1.6594 ^ wire172/A (sky130_fd_sc_hd__clkbuf_4)
   0.2555    1.9149 ^ wire172/X (sky130_fd_sc_hd__clkbuf_4)
   0.0038    1.9187 ^ wire171/A (sky130_fd_sc_hd__clkbuf_8)
   0.2661    2.1848 ^ wire171/X (sky130_fd_sc_hd__clkbuf_8)
   0.0060    2.1909 ^ wire170/A (sky130_fd_sc_hd__clkbuf_4)
   0.2598    2.4507 ^ wire170/X (sky130_fd_sc_hd__clkbuf_4)
   0.0029    2.4536 ^ wbs_dat_o[14] (out)
             2.4536   data arrival time

  25.0000   25.0000   clock clk (rise edge)
   0.0000   25.0000   clock network delay (ideal)
   0.0000   25.0000   clock reconvergence pessimism
  -2.0000   23.0000   output external delay
            23.0000   data required time
-------------------------------------------------------------
            23.0000   data required time
            -2.4536   data arrival time
-------------------------------------------------------------
            20.5464   slack (MET)


Startpoint: _346_ (rising edge-triggered flip-flop clocked by clk)
Endpoint: wbs_dat_o[9] (output port clocked by clk)
Path Group: clk
Path Type: max

    Delay      Time   Description
-------------------------------------------------------------
   0.0000    0.0000   clock clk (rise edge)
   0.0000    0.0000   clock network delay (ideal)
   0.0000    0.0000 ^ _346_/CLK (sky130_fd_sc_hd__edfxtp_1)
   0.3637    0.3637 ^ _346_/Q (sky130_fd_sc_hd__edfxtp_1)
   0.0004    0.3642 ^ place70/A (sky130_fd_sc_hd__buf_12)
   0.1834    0.5476 ^ place70/X (sky130_fd_sc_hd__buf_12)
   0.0072    0.5548 ^ wire259/A (sky130_fd_sc_hd__buf_6)
   0.2108    0.7655 ^ wire259/X (sky130_fd_sc_hd__buf_6)
   0.0054    0.7710 ^ wire258/A (sky130_fd_sc_hd__clkbuf_8)
   0.2164    0.9873 ^ wire258/X (sky130_fd_sc_hd__clkbuf_8)
   0.0038    0.9911 ^ wire257/A (sky130_fd_sc_hd__clkbuf_8)
   0.2478    1.2389 ^ wire257/X (sky130_fd_sc_hd__clkbuf_8)
   0.0073    1.2462 ^ wire256/A (sky130_fd_sc_hd__buf_6)
   0.2437    1.4898 ^ wire256/X (sky130_fd_sc_hd__buf_6)
   0.0080    1.4979 ^ wire16/A (sky130_fd_sc_hd__clkbuf_16)
   0.2170    1.7149 ^ wire16/X (sky130_fd_sc_hd__clkbuf_16)
   0.0050    1.7199 ^ wire202/A (sky130_fd_sc_hd__clkbuf_4)
   0.2155    1.9354 ^ wire202/X (sky130_fd_sc_hd__clkbuf_4)
   0.0023    1.9377 ^ wire201/A (sky130_fd_sc_hd__clkbuf_8)
   0.2130    2.1507 ^ wire201/X (sky130_fd_sc_hd__clkbuf_8)
   0.0041    2.1549 ^ wire200/A (sky130_fd_sc_hd__buf_6)
   0.2164    2.3712 ^ wire200/X (sky130_fd_sc_hd__buf_6)
   0.0060    2.3772 ^ wbs_dat_o[9] (out)
             2.3772   data arrival time

  25.0000   25.0000   clock clk (rise edge)
   0.0000   25.0000   clock network delay (ideal)
   0.0000   25.0000   clock reconvergence pessimism
  -2.0000   23.0000   output external delay
            23.0000   data required time
-------------------------------------------------------------
            23.0000   data required time
            -2.3772   data arrival time
-------------------------------------------------------------
            20.6228   slack (MET)


Startpoint: _350_ (rising edge-triggered flip-flop clocked by clk)
Endpoint: wbs_dat_o[13] (output port clocked by clk)
Path Group: clk
Path Type: max

    Delay      Time   Description
-------------------------------------------------------------
   0.0000    0.0000   clock clk (rise edge)
   0.0000    0.0000   clock network delay (ideal)
   0.0000    0.0000 ^ _350_/CLK (sky130_fd_sc_hd__edfxtp_1)
   0.3848    0.3848 ^ _350_/Q (sky130_fd_sc_hd__edfxtp_1)
   0.0006    0.3854 ^ place66/A (sky130_fd_sc_hd__clkbuf_16)
   0.2158    0.6013 ^ place66/X (sky130_fd_sc_hd__clkbuf_16)
   0.0062    0.6074 ^ wire275/A (sky130_fd_sc_hd__buf_8)
   0.1539    0.7614 ^ wire275/X (sky130_fd_sc_hd__buf_8)
   0.0032    0.7645 ^ wire274/A (sky130_fd_sc_hd__clkbuf_8)
   0.2448    1.0093 ^ wire274/X (sky130_fd_sc_hd__clkbuf_8)
   0.0074    1.0168 ^ wire273/A (sky130_fd_sc_hd__clkbuf_8)
   0.2279    1.2447 ^ wire273/X (sky130_fd_sc_hd__clkbuf_8)
   0.0039    1.2486 ^ wire272/A (sky130_fd_sc_hd__buf_6)
   0.1972    1.4458 ^ wire272/X (sky130_fd_sc_hd__buf_6)
   0.0053    1.4511 ^ wire8/A (sky130_fd_sc_hd__buf_16)
   0.1644    1.6155 ^ wire8/X (sky130_fd_sc_hd__buf_16)
   0.0047    1.6202 ^ wire169/A (sky130_fd_sc_hd__clkbuf_4)
   0.2615    1.8816 ^ wire169/X (sky130_fd_sc_hd__clkbuf_4)
   0.0038    1.8854 ^ wire168/A (sky130_fd_sc_hd__buf_6)
   0.2383    2.1237 ^ wire168/X (sky130_fd_sc_hd__buf_6)
   0.0059    2.1297 ^ wire167/A (sky130_fd_sc_hd__buf_6)
   0.2296    2.3593 ^ wire167/X (sky130_fd_sc_hd__buf_6)
   0.0056    2.3649 ^ wbs_dat_o[13] (out)
             2.3649   data arrival time

  25.0000   25.0000   clock clk (rise edge)
   0.0000   25.0000   clock network delay (ideal)
   0.0000   25.0000   clock reconvergence pessimism
  -2.0000   23.0000   output external delay
            23.0000   data required time
-------------------------------------------------------------
            23.0000   data required time
            -2.3649   data arrival time
-------------------------------------------------------------
            20.6351   slack (MET)


Startpoint: _337_ (rising edge-triggered flip-flop clocked by clk)
Endpoint: wbs_dat_o[0] (output port clocked by clk)
Path Group: clk
Path Type: max

    Delay      Time   Description
-------------------------------------------------------------
   0.0000    0.0000   clock clk (rise edge)
   0.0000    0.0000   clock network delay (ideal)
   0.0000    0.0000 ^ _337_/CLK (sky130_fd_sc_hd__edfxtp_1)
   0.3270    0.3270 ^ _337_/Q (sky130_fd_sc_hd__edfxtp_1)
   0.0003    0.3272 ^ place79/A (sky130_fd_sc_hd__buf_6)
   0.1813    0.5085 ^ place79/X (sky130_fd_sc_hd__buf_6)
   0.0042    0.5128 ^ wire223/A (sky130_fd_sc_hd__clkbuf_4)
   0.2452    0.7579 ^ wire223/X (sky130_fd_sc_hd__clkbuf_4)
   0.0028    0.7608 ^ wire222/A (sky130_fd_sc_hd__clkbuf_8)
   0.2544    1.0151 ^ wire222/X (sky130_fd_sc_hd__clkbuf_8)
   0.0067    1.0219 ^ wire221/A (sky130_fd_sc_hd__clkbuf_8)
   0.2511    1.2730 ^ wire221/X (sky130_fd_sc_hd__clkbuf_8)
   0.0059    1.2789 ^ wire220/A (sky130_fd_sc_hd__clkbuf_8)
   0.2689    1.5478 ^ wire220/X (sky130_fd_sc_hd__clkbuf_8)
   0.0078    1.5556 ^ wire34/A (sky130_fd_sc_hd__clkbuf_16)
   0.1920    1.7476 ^ wire34/X (sky130_fd_sc_hd__clkbuf_16)
   0.0026    1.7502 ^ wire175/A (sky130_fd_sc_hd__buf_6)
   0.1439    1.8942 ^ wire175/X (sky130_fd_sc_hd__buf_6)
   0.0029    1.8970 ^ wire174/A (sky130_fd_sc_hd__clkbuf_8)
   0.1978    2.0949 ^ wire174/X (sky130_fd_sc_hd__clkbuf_8)
   0.0039    2.0987 ^ wire173/A (sky130_fd_sc_hd__buf_6)
   0.2037    2.3024 ^ wire173/X (sky130_fd_sc_hd__buf_6)
   0.0059    2.3084 ^ wbs_dat_o[0] (out)
             2.3084   data arrival time

  25.0000   25.0000   clock clk (rise edge)
   0.0000   25.0000   clock network delay (ideal)
   0.0000   25.0000   clock reconvergence pessimism
  -2.0000   23.0000   output external delay
            23.0000   data required time
-------------------------------------------------------------
            23.0000   data required time
            -2.3084   data arrival time
-------------------------------------------------------------
            20.6916   slack (MET)


Startpoint: _321_ (rising edge-triggered flip-flop clocked by clk)
Endpoint: _336_ (rising edge-triggered flip-flop clocked by clk)
Path Group: clk
Path Type: max

    Delay      Time   Description
-------------------------------------------------------------
   0.0000    0.0000   clock clk (rise edge)
   0.0000    0.0000   clock network delay (ideal)
   0.0000    0.0000 ^ _321_/CLK (sky130_fd_sc_hd__dfxtp_4)
   0.4914    0.4914 ^ _321_/Q (sky130_fd_sc_hd__dfxtp_4)
   0.0046    0.4960 ^ _274_/A (sky130_fd_sc_hd__and4_1)
   0.3703    0.8663 ^ _274_/X (sky130_fd_sc_hd__and4_1)
   0.0008    0.8670 ^ _276_/D (sky130_fd_sc_hd__and4_2)
   0.3691    1.2361 ^ _276_/X (sky130_fd_sc_hd__and4_2)
   0.0012    1.2374 ^ _278_/D (sky130_fd_sc_hd__and4_1)
   0.3814    1.6187 ^ _278_/X (sky130_fd_sc_hd__and4_1)
   0.0009    1.6196 ^ _280_/D (sky130_fd_sc_hd__and4_2)
   0.3749    1.9945 ^ _280_/X (sky130_fd_sc_hd__and4_2)
   0.0008    1.9953 ^ _283_/A4 (sky130_fd_sc_hd__a41oi_1)
   0.2063    2.2017 v _283_/Y (sky130_fd_sc_hd__a41oi_1)
   0.0002    2.2019 v _287_/B2 (sky130_fd_sc_hd__a221oi_2)
   0.3103    2.5122 ^ _287_/Y (sky130_fd_sc_hd__a221oi_2)
   0.0003    2.5124 ^ _289_/B1 (sky130_fd_sc_hd__o22a_1)
   0.1808    2.6932 ^ _289_/X (sky130_fd_sc_hd__o22a_1)
   0.0001    2.6933 ^ _290_/B (sky130_fd_sc_hd__nor2_1)
   0.0430    2.7363 v _290_/Y (sky130_fd_sc_hd__nor2_1)
   0.0002    2.7364 v _533_/A0 (sky130_fd_sc_hd__mux2_1)
   0.2699    3.0064 v _533_/X (sky130_fd_sc_hd__mux2_1)
   0.0001    3.0065 v _336_/D (sky130_fd_sc_hd__dfxtp_4)
             3.0065   data arrival time

  25.0000   25.0000   clock clk (rise edge)
   0.0000   25.0000   clock network delay (ideal)
   0.0000   25.0000   clock reconvergence pessimism
            25.0000 ^ _336_/CLK (sky130_fd_sc_hd__dfxtp_4)
  -0.1248   24.8752   library setup time
            24.8752   data required time
-------------------------------------------------------------
            24.8752   data required time
            -3.0065   data arrival time
-------------------------------------------------------------
            21.8688   slack (MET)


Startpoint: _321_ (rising edge-triggered flip-flop clocked by clk)
Endpoint: _335_ (rising edge-triggered flip-flop clocked by clk)
Path Group: clk
Path Type: max

    Delay      Time   Description
-------------------------------------------------------------
   0.0000    0.0000   clock clk (rise edge)
   0.0000    0.0000   clock network delay (ideal)
   0.0000    0.0000 ^ _321_/CLK (sky130_fd_sc_hd__dfxtp_4)
   0.4914    0.4914 ^ _321_/Q (sky130_fd_sc_hd__dfxtp_4)
   0.0046    0.4960 ^ _274_/A (sky130_fd_sc_hd__and4_1)
   0.3703    0.8663 ^ _274_/X (sky130_fd_sc_hd__and4_1)
   0.0008    0.8670 ^ _276_/D (sky130_fd_sc_hd__and4_2)
   0.3691    1.2361 ^ _276_/X (sky130_fd_sc_hd__and4_2)
   0.0012    1.2374 ^ _278_/D (sky130_fd_sc_hd__and4_1)
   0.3814    1.6187 ^ _278_/X (sky130_fd_sc_hd__and4_1)
   0.0009    1.6196 ^ _280_/D (sky130_fd_sc_hd__and4_2)
   0.3749    1.9945 ^ _280_/X (sky130_fd_sc_hd__and4_2)
   0.0009    1.9953 ^ _292_/A3 (sky130_fd_sc_hd__a31oi_1)
   0.1558    2.1511 v _292_/Y (sky130_fd_sc_hd__a31oi_1)
   0.0003    2.1514 v _294_/B2 (sky130_fd_sc_hd__a221oi_1)
   0.3014    2.4528 ^ _294_/Y (sky130_fd_sc_hd__a221oi_1)
   0.0001    2.4529 ^ _296_/B1 (sky130_fd_sc_hd__o22a_1)
   0.1941    2.6471 ^ _296_/X (sky130_fd_sc_hd__o22a_1)
   0.0002    2.6473 ^ _297_/B (sky130_fd_sc_hd__nor2_1)
   0.0396    2.6868 v _297_/Y (sky130_fd_sc_hd__nor2_1)
   0.0001    2.6869 v _534_/A0 (sky130_fd_sc_hd__mux2_1)
   0.2726    2.9595 v _534_/X (sky130_fd_sc_hd__mux2_1)
   0.0001    2.9596 v _335_/D (sky130_fd_sc_hd__dfxtp_4)
             2.9596   data arrival time

  25.0000   25.0000   clock clk (rise edge)
   0.0000   25.0000   clock network delay (ideal)
   0.0000   25.0000   clock reconvergence pessimism
            25.0000 ^ _335_/CLK (sky130_fd_sc_hd__dfxtp_4)
  -0.1258   24.8742   library setup time
            24.8742   data required time
-------------------------------------------------------------
            24.8742   data required time
            -2.9596   data arrival time
-------------------------------------------------------------
            21.9146   slack (MET)


Startpoint: _321_ (rising edge-triggered flip-flop clocked by clk)
Endpoint: _333_ (rising edge-triggered flip-flop clocked by clk)
Path Group: clk
Path Type: max

    Delay      Time   Description
-------------------------------------------------------------
   0.0000    0.0000   clock clk (rise edge)
   0.0000    0.0000   clock network delay (ideal)
   0.0000    0.0000 ^ _321_/CLK (sky130_fd_sc_hd__dfxtp_4)
   0.4914    0.4914 ^ _321_/Q (sky130_fd_sc_hd__dfxtp_4)
   0.0046    0.4960 ^ _274_/A (sky130_fd_sc_hd__and4_1)
   0.3703    0.8663 ^ _274_/X (sky130_fd_sc_hd__and4_1)
   0.0008    0.8670 ^ _276_/D (sky130_fd_sc_hd__and4_2)
   0.3691    1.2361 ^ _276_/X (sky130_fd_sc_hd__and4_2)
   0.0012    1.2374 ^ _278_/D (sky130_fd_sc_hd__and4_1)
   0.3814    1.6187 ^ _278_/X (sky130_fd_sc_hd__and4_1)
   0.0009    1.6196 ^ _279_/B (sky130_fd_sc_hd__and2_0)
   0.2756    1.8952 ^ _279_/X (sky130_fd_sc_hd__and2_0)
   0.0003    1.8955 ^ _281_/C (sky130_fd_sc_hd__nand3_1)
   0.1587    2.0542 v _281_/Y (sky130_fd_sc_hd__nand3_1)
   0.0003    2.0544 v _309_/B1 (sky130_fd_sc_hd__a221oi_2)
   0.2589    2.3134 ^ _309_/Y (sky130_fd_sc_hd__a221oi_2)
   0.0002    2.3136 ^ _311_/B1 (sky130_fd_sc_hd__o22a_1)
   0.1778    2.4913 ^ _311_/X (sky130_fd_sc_hd__o22a_1)
   0.0001    2.4914 ^ _312_/B (sky130_fd_sc_hd__nor2_1)
   0.0430    2.5345 v _312_/Y (sky130_fd_sc_hd__nor2_1)
   0.0001    2.5346 v _536_/A0 (sky130_fd_sc_hd__mux2_1)
   0.2796    2.8143 v _536_/X (sky130_fd_sc_hd__mux2_1)
   0.0001    2.8144 v _333_/D (sky130_fd_sc_hd__dfxtp_4)
             2.8144   data arrival time

  25.0000   25.0000   clock clk (rise edge)
   0.0000   25.0000   clock network delay (ideal)
   0.0000   25.0000   clock reconvergence pessimism
            25.0000 ^ _333_/CLK (sky130_fd_sc_hd__dfxtp_4)
  -0.1264   24.8736   library setup time
            24.8736   data required time
-------------------------------------------------------------
            24.8736   data required time
            -2.8144   data arrival time
-------------------------------------------------------------
            22.0592   slack (MET)


Startpoint: _321_ (rising edge-triggered flip-flop clocked by clk)
Endpoint: _334_ (rising edge-triggered flip-flop clocked by clk)
Path Group: clk
Path Type: max

    Delay      Time   Description
-------------------------------------------------------------
   0.0000    0.0000   clock clk (rise edge)
   0.0000    0.0000   clock network delay (ideal)
   0.0000    0.0000 ^ _321_/CLK (sky130_fd_sc_hd__dfxtp_4)
   0.4914    0.4914 ^ _321_/Q (sky130_fd_sc_hd__dfxtp_4)
   0.0046    0.4960 ^ _274_/A (sky130_fd_sc_hd__and4_1)
   0.3703    0.8663 ^ _274_/X (sky130_fd_sc_hd__and4_1)
   0.0008    0.8670 ^ _276_/D (sky130_fd_sc_hd__and4_2)
   0.3691    1.2361 ^ _276_/X (sky130_fd_sc_hd__and4_2)
   0.0012    1.2374 ^ _278_/D (sky130_fd_sc_hd__and4_1)
   0.3814    1.6187 ^ _278_/X (sky130_fd_sc_hd__and4_1)
   0.0009    1.6196 ^ _280_/D (sky130_fd_sc_hd__and4_2)
   0.3749    1.9945 ^ _280_/X (sky130_fd_sc_hd__and4_2)
   0.0007    1.9952 ^ _298_/A2 (sky130_fd_sc_hd__a21oi_1)
   0.0913    2.0865 v _298_/Y (sky130_fd_sc_hd__a21oi_1)
   0.0001    2.0865 v _299_/B1 (sky130_fd_sc_hd__o21a_1)
   0.1341    2.2206 v _299_/X (sky130_fd_sc_hd__o21a_1)
   0.0002    2.2208 v _301_/A1 (sky130_fd_sc_hd__o21ai_0)
   0.2043    2.4252 ^ _301_/Y (sky130_fd_sc_hd__o21ai_0)
   0.0002    2.4254 ^ _305_/A1 (sky130_fd_sc_hd__a21oi_1)
   0.0977    2.5231 v _305_/Y (sky130_fd_sc_hd__a21oi_1)
   0.0001    2.5232 v _535_/A0 (sky130_fd_sc_hd__mux2_1)
   0.2777    2.8009 v _535_/X (sky130_fd_sc_hd__mux2_1)
   0.0001    2.8010 v _334_/D (sky130_fd_sc_hd__dfxtp_4)
             2.8010   data arrival time

  25.0000   25.0000   clock clk (rise edge)
   0.0000   25.0000   clock network delay (ideal)
   0.0000   25.0000   clock reconvergence pessimism
            25.0000 ^ _334_/CLK (sky130_fd_sc_hd__dfxtp_4)
  -0.1249   24.8751   library setup time
            24.8751   data required time
-------------------------------------------------------------
            24.8751   data required time
            -2.8010   data arrival time
-------------------------------------------------------------
            22.0741   slack (MET)


Startpoint: _321_ (rising edge-triggered flip-flop clocked by clk)
Endpoint: _331_ (rising edge-triggered flip-flop clocked by clk)
Path Group: clk
Path Type: max

    Delay      Time   Description
-------------------------------------------------------------
   0.0000    0.0000   clock clk (rise edge)
   0.0000    0.0000   clock network delay (ideal)
   0.0000    0.0000 ^ _321_/CLK (sky130_fd_sc_hd__dfxtp_4)
   0.4914    0.4914 ^ _321_/Q (sky130_fd_sc_hd__dfxtp_4)
   0.0046    0.4960 ^ _274_/A (sky130_fd_sc_hd__and4_1)
   0.3703    0.8663 ^ _274_/X (sky130_fd_sc_hd__and4_1)
   0.0008    0.8670 ^ _276_/D (sky130_fd_sc_hd__and4_2)
   0.3691    1.2361 ^ _276_/X (sky130_fd_sc_hd__and4_2)
   0.0012    1.2374 ^ _278_/D (sky130_fd_sc_hd__and4_1)
   0.3814    1.6187 ^ _278_/X (sky130_fd_sc_hd__and4_1)
   0.0009    1.6196 ^ _279_/B (sky130_fd_sc_hd__and2_0)
   0.2756    1.8952 ^ _279_/X (sky130_fd_sc_hd__and2_0)
   0.0003    1.8955 ^ _162_/B (sky130_fd_sc_hd__nor3_2)
   0.0912    1.9867 v _162_/Y (sky130_fd_sc_hd__nor3_2)
   0.0003    1.9870 v _164_/A1 (sky130_fd_sc_hd__o21ai_0)
   0.2123    2.1993 ^ _164_/Y (sky130_fd_sc_hd__o21ai_0)
   0.0002    2.1994 ^ _168_/A1 (sky130_fd_sc_hd__a21oi_1)
   0.0949    2.2943 v _168_/Y (sky130_fd_sc_hd__a21oi_1)
   0.0001    2.2945 v _538_/A0 (sky130_fd_sc_hd__mux2_1)
   0.2859    2.5804 v _538_/X (sky130_fd_sc_hd__mux2_1)
   0.0001    2.5805 v _331_/D (sky130_fd_sc_hd__dfxtp_4)
             2.5805   data arrival time

  25.0000   25.0000   clock clk (rise edge)
   0.0000   25.0000   clock network delay (ideal)
   0.0000   25.0000   clock reconvergence pessimism
            25.0000 ^ _331_/CLK (sky130_fd_sc_hd__dfxtp_4)
  -0.1272   24.8728   library setup time
            24.8728   data required time
-------------------------------------------------------------
            24.8728   data required time
            -2.5805   data arrival time
-------------------------------------------------------------
            22.2924   slack (MET)


Startpoint: _321_ (rising edge-triggered flip-flop clocked by clk)
Endpoint: _332_ (rising edge-triggered flip-flop clocked by clk)
Path Group: clk
Path Type: max

    Delay      Time   Description
-------------------------------------------------------------
   0.0000    0.0000   clock clk (rise edge)
   0.0000    0.0000   clock network delay (ideal)
   0.0000    0.0000 ^ _321_/CLK (sky130_fd_sc_hd__dfxtp_4)
   0.4914    0.4914 ^ _321_/Q (sky130_fd_sc_hd__dfxtp_4)
   0.0046    0.4960 ^ _274_/A (sky130_fd_sc_hd__and4_1)
   0.3703    0.8663 ^ _274_/X (sky130_fd_sc_hd__and4_1)
   0.0008    0.8670 ^ _276_/D (sky130_fd_sc_hd__and4_2)
   0.3691    1.2361 ^ _276_/X (sky130_fd_sc_hd__and4_2)
   0.0012    1.2374 ^ _278_/D (sky130_fd_sc_hd__and4_1)
   0.3814    1.6187 ^ _278_/X (sky130_fd_sc_hd__and4_1)
   0.0010    1.6197 ^ _313_/A3 (sky130_fd_sc_hd__a31oi_1)
   0.1219    1.7416 v _313_/Y (sky130_fd_sc_hd__a31oi_1)
   0.0001    1.7417 v _314_/B1 (sky130_fd_sc_hd__o21ai_1)
   0.1333    1.8750 ^ _314_/Y (sky130_fd_sc_hd__o21ai_1)
   0.0002    1.8752 ^ _316_/A1 (sky130_fd_sc_hd__a21oi_1)
   0.0937    1.9689 v _316_/Y (sky130_fd_sc_hd__a21oi_1)
   0.0001    1.9690 v _159_/A (sky130_fd_sc_hd__nor2_1)
   0.1448    2.1137 ^ _159_/Y (sky130_fd_sc_hd__nor2_1)
   0.0002    2.1139 ^ _160_/B (sky130_fd_sc_hd__nor2_1)
   0.0488    2.1627 v _160_/Y (sky130_fd_sc_hd__nor2_1)
   0.0001    2.1628 v _537_/A0 (sky130_fd_sc_hd__mux2_1)
   0.2966    2.4594 v _537_/X (sky130_fd_sc_hd__mux2_1)
   0.0002    2.4596 v _332_/D (sky130_fd_sc_hd__dfxtp_4)
             2.4596   data arrival time

  25.0000   25.0000   clock clk (rise edge)
   0.0000   25.0000   clock network delay (ideal)
   0.0000   25.0000   clock reconvergence pessimism
            25.0000 ^ _332_/CLK (sky130_fd_sc_hd__dfxtp_4)
  -0.1319   24.8681   library setup time
            24.8681   data required time
-------------------------------------------------------------
            24.8681   data required time
            -2.4596   data arrival time
-------------------------------------------------------------
            22.4085   slack (MET)


Startpoint: _321_ (rising edge-triggered flip-flop clocked by clk)
Endpoint: io_out[0] (output port clocked by clk)
Path Group: clk
Path Type: max

    Delay      Time   Description
-------------------------------------------------------------
   0.0000    0.0000   clock clk (rise edge)
   0.0000    0.0000   clock network delay (ideal)
   0.0000    0.0000 ^ _321_/CLK (sky130_fd_sc_hd__dfxtp_4)
   0.4914    0.4914 ^ _321_/Q (sky130_fd_sc_hd__dfxtp_4)
   0.0051    0.4965 ^ io_out[0] (out)
             0.4965   data arrival time

  25.0000   25.0000   clock clk (rise edge)
   0.0000   25.0000   clock network delay (ideal)
   0.0000   25.0000   clock reconvergence pessimism
  -2.0000   23.0000   output external delay
            23.0000   data required time
-------------------------------------------------------------
            23.0000   data required time
            -0.4965   data arrival time
-------------------------------------------------------------
            22.5035   slack (MET)


Startpoint: _321_ (rising edge-triggered flip-flop clocked by clk)
Endpoint: la_data_out[0] (output port clocked by clk)
Path Group: clk
Path Type: max

    Delay      Time   Description
-------------------------------------------------------------
   0.0000    0.0000   clock clk (rise edge)
   0.0000    0.0000   clock network delay (ideal)
   0.0000    0.0000 ^ _321_/CLK (sky130_fd_sc_hd__dfxtp_4)
   0.4914    0.4914 ^ _321_/Q (sky130_fd_sc_hd__dfxtp_4)
   0.0051    0.4965 ^ la_data_out[0] (out)
             0.4965   data arrival time

  25.0000   25.0000   clock clk (rise edge)
   0.0000   25.0000   clock network delay (ideal)
   0.0000   25.0000   clock reconvergence pessimism
  -2.0000   23.0000   output external delay
            23.0000   data required time
-------------------------------------------------------------
            23.0000   data required time
            -0.4965   data arrival time
-------------------------------------------------------------
            22.5035   slack (MET)


Startpoint: _352_ (rising edge-triggered flip-flop clocked by clk)
Endpoint: sout (output port clocked by clk)
Path Group: clk
Path Type: max

    Delay      Time   Description
-------------------------------------------------------------
   0.0000    0.0000   clock clk (rise edge)
   0.0000    0.0000   clock network delay (ideal)
   0.0000    0.0000 ^ _352_/CLK (sky130_fd_sc_hd__edfxtp_1)
   0.4831    0.4831 v _352_/Q (sky130_fd_sc_hd__edfxtp_1)
   0.0026    0.4856 v sout (out)
             0.4856   data arrival time

  25.0000   25.0000   clock clk (rise edge)
   0.0000   25.0000   clock network delay (ideal)
   0.0000   25.0000   clock reconvergence pessimism
  -2.0000   23.0000   output external delay
            23.0000   data required time
-------------------------------------------------------------
            23.0000   data required time
            -0.4856   data arrival time
-------------------------------------------------------------
            22.5144   slack (MET)


Startpoint: _352_ (rising edge-triggered flip-flop clocked by clk)
Endpoint: wbs_dat_o[15] (output port clocked by clk)
Path Group: clk
Path Type: max

    Delay      Time   Description
-------------------------------------------------------------
   0.0000    0.0000   clock clk (rise edge)
   0.0000    0.0000   clock network delay (ideal)
   0.0000    0.0000 ^ _352_/CLK (sky130_fd_sc_hd__edfxtp_1)
   0.4831    0.4831 v _352_/Q (sky130_fd_sc_hd__edfxtp_1)
   0.0026    0.4856 v wbs_dat_o[15] (out)
             0.4856   data arrival time

  25.0000   25.0000   clock clk (rise edge)
   0.0000   25.0000   clock network delay (ideal)
   0.0000   25.0000   clock reconvergence pessimism
  -2.0000   23.0000   output external delay
            23.0000   data required time
-------------------------------------------------------------
            23.0000   data required time
            -0.4856   data arrival time
-------------------------------------------------------------
            22.5144   slack (MET)


Startpoint: _322_ (rising edge-triggered flip-flop clocked by clk)
Endpoint: io_out[1] (output port clocked by clk)
Path Group: clk
Path Type: max

    Delay      Time   Description
-------------------------------------------------------------
   0.0000    0.0000   clock clk (rise edge)
   0.0000    0.0000   clock network delay (ideal)
   0.0000    0.0000 ^ _322_/CLK (sky130_fd_sc_hd__dfxtp_4)
   0.4745    0.4745 ^ _322_/Q (sky130_fd_sc_hd__dfxtp_4)
   0.0058    0.4803 ^ io_out[1] (out)
             0.4803   data arrival time

  25.0000   25.0000   clock clk (rise edge)
   0.0000   25.0000   clock network delay (ideal)
   0.0000   25.0000   clock reconvergence pessimism
  -2.0000   23.0000   output external delay
            23.0000   data required time
-------------------------------------------------------------
            23.0000   data required time
            -0.4803   data arrival time
-------------------------------------------------------------
            22.5197   slack (MET)


Startpoint: _322_ (rising edge-triggered flip-flop clocked by clk)
Endpoint: la_data_out[1] (output port clocked by clk)
Path Group: clk
Path Type: max

    Delay      Time   Description
-------------------------------------------------------------
   0.0000    0.0000   clock clk (rise edge)
   0.0000    0.0000   clock network delay (ideal)
   0.0000    0.0000 ^ _322_/CLK (sky130_fd_sc_hd__dfxtp_4)
   0.4745    0.4745 ^ _322_/Q (sky130_fd_sc_hd__dfxtp_4)
   0.0058    0.4803 ^ la_data_out[1] (out)
             0.4803   data arrival time

  25.0000   25.0000   clock clk (rise edge)
   0.0000   25.0000   clock network delay (ideal)
   0.0000   25.0000   clock reconvergence pessimism
  -2.0000   23.0000   output external delay
            23.0000   data required time
-------------------------------------------------------------
            23.0000   data required time
            -0.4803   data arrival time
-------------------------------------------------------------
            22.5197   slack (MET)


Startpoint: _333_ (rising edge-triggered flip-flop clocked by clk)
Endpoint: io_out[34] (output port clocked by clk)
Path Group: clk
Path Type: max

    Delay      Time   Description
-------------------------------------------------------------
   0.0000    0.0000   clock clk (rise edge)
   0.0000    0.0000   clock network delay (ideal)
   0.0000    0.0000 ^ _333_/CLK (sky130_fd_sc_hd__dfxtp_4)
   0.4544    0.4544 ^ _333_/Q (sky130_fd_sc_hd__dfxtp_4)
   0.0033    0.4577 ^ io_out[34] (out)
             0.4577   data arrival time

  25.0000   25.0000   clock clk (rise edge)
   0.0000   25.0000   clock network delay (ideal)
   0.0000   25.0000   clock reconvergence pessimism
  -2.0000   23.0000   output external delay
            23.0000   data required time
-------------------------------------------------------------
            23.0000   data required time
            -0.4577   data arrival time
-------------------------------------------------------------
            22.5423   slack (MET)


Startpoint: _333_ (rising edge-triggered flip-flop clocked by clk)
Endpoint: la_data_out[12] (output port clocked by clk)
Path Group: clk
Path Type: max

    Delay      Time   Description
-------------------------------------------------------------
   0.0000    0.0000   clock clk (rise edge)
   0.0000    0.0000   clock network delay (ideal)
   0.0000    0.0000 ^ _333_/CLK (sky130_fd_sc_hd__dfxtp_4)
   0.4544    0.4544 ^ _333_/Q (sky130_fd_sc_hd__dfxtp_4)
   0.0033    0.4577 ^ la_data_out[12] (out)
             0.4577   data arrival time

  25.0000   25.0000   clock clk (rise edge)
   0.0000   25.0000   clock network delay (ideal)
   0.0000   25.0000   clock reconvergence pessimism
  -2.0000   23.0000   output external delay
            23.0000   data required time
-------------------------------------------------------------
            23.0000   data required time
            -0.4577   data arrival time
-------------------------------------------------------------
            22.5423   slack (MET)


Startpoint: _334_ (rising edge-triggered flip-flop clocked by clk)
Endpoint: io_out[35] (output port clocked by clk)
Path Group: clk
Path Type: max

    Delay      Time   Description
-------------------------------------------------------------
   0.0000    0.0000   clock clk (rise edge)
   0.0000    0.0000   clock network delay (ideal)
   0.0000    0.0000 ^ _334_/CLK (sky130_fd_sc_hd__dfxtp_4)
   0.4479    0.4479 ^ _334_/Q (sky130_fd_sc_hd__dfxtp_4)
   0.0041    0.4521 ^ io_out[35] (out)
             0.4521   data arrival time

  25.0000   25.0000   clock clk (rise edge)
   0.0000   25.0000   clock network delay (ideal)
   0.0000   25.0000   clock reconvergence pessimism
  -2.0000   23.0000   output external delay
            23.0000   data required time
-------------------------------------------------------------
            23.0000   data required time
            -0.4521   data arrival time
-------------------------------------------------------------
            22.5479   slack (MET)


Startpoint: _334_ (rising edge-triggered flip-flop clocked by clk)
Endpoint: la_data_out[13] (output port clocked by clk)
Path Group: clk
Path Type: max

    Delay      Time   Description
-------------------------------------------------------------
   0.0000    0.0000   clock clk (rise edge)
   0.0000    0.0000   clock network delay (ideal)
   0.0000    0.0000 ^ _334_/CLK (sky130_fd_sc_hd__dfxtp_4)
   0.4479    0.4479 ^ _334_/Q (sky130_fd_sc_hd__dfxtp_4)
   0.0041    0.4521 ^ la_data_out[13] (out)
             0.4521   data arrival time

  25.0000   25.0000   clock clk (rise edge)
   0.0000   25.0000   clock network delay (ideal)
   0.0000   25.0000   clock reconvergence pessimism
  -2.0000   23.0000   output external delay
            23.0000   data required time
-------------------------------------------------------------
            23.0000   data required time
            -0.4521   data arrival time
-------------------------------------------------------------
            22.5479   slack (MET)


