# OpenSTA report_power — FIXTURE, generated for programs/tests/fixtures/ppa.
# Activity basis: vector_vcd — per-pin toggle counts from a gate-level simulation of THIS netlist.
#
# This file and its sibling in this directory differ in ONE thing: the activity
# basis. Same design, same netlist, same liberty, same SDC, same tool, same
# image. Everything a scope must match on is identical EXCEPT the basis, so the
# two Totals below are NOT comparable and a gate that compares them is wrong.
#
#   design   spm — 50-line public serial-parallel (carry-save) multiplier
#   netlist  chip_top_synth.v  sha256:59d48a1e762533eb7f8da668d73a829febdb82b14b7c958a778d4a16092f8f38
#   liberty  /foss/pdks/gf180mcuD/libs.ref/gf180mcu_fd_sc_mcu7t5v0/lib/gf180mcu_fd_sc_mcu7t5v0__tt_025C_5v00.lib
#   sdc      constraint.sdc    sha256:cc07accfabe7a4ef13a1fd0680bb1726d6a010c9e7d584ca0255490b64c61282
#   tcl      power_vcd.tcl
#   tool     OpenSTA 2.7.0 in ghcr.io/vibeic/vibeic-eda:0.3.16
#   command  sta -no_init -no_splash -exit power_vcd.tcl
#
# === Begin OpenSTA Power Report ===
Annotated 932 pin activities.
POWER_ANALYSIS_MODE: vector_vcd
ACTIVITY_BASIS: chip_top.vcd, scope tb/dut
Group                  Internal  Switching    Leakage      Total
                          Power      Power      Power      Power (Watts)
----------------------------------------------------------------
Sequential           1.6428e-03 1.9455e-04 2.6311e-08 1.8374e-03  74.6%
Combinational        4.7953e-04 1.4476e-04 2.5685e-08 6.2432e-04  25.4%
Clock                0.0000e+00 0.0000e+00 0.0000e+00 0.0000e+00   0.0%
Macro                0.0000e+00 0.0000e+00 0.0000e+00 0.0000e+00   0.0%
Pad                  0.0000e+00 0.0000e+00 0.0000e+00 0.0000e+00   0.0%
----------------------------------------------------------------
Total                2.1223e-03 3.3931e-04 5.1996e-08 2.4617e-03 100.0%
                          86.2%      13.8%       0.0%
