# Electrical Rule Check (ERC) — OpenROAD open-source path
# (ORGANIC-20260531 Step 31 sub-item). Tool: openroad.
# sky130 ships only a Calibre PERC deck; this is the open-source
# electrical-rule screen (floating nets + ERC metrics) on the
# routed DEF. Full PERC (latch-up / ESD topology) needs Calibre.
#
ERC floating nets: 0
ERC clean: YES

# === report_floating_nets / report_erc_metrics stdout ===
[INFO ODB-0127] Reading DEF file: /home/reyerchu/campaign_v1565/spm/converge_1.5.65_sky130A/phase3/stage3/pnr/spm.def
[INFO ODB-0134] Finished DEF file: /home/reyerchu/campaign_v1565/spm/converge_1.5.65_sky130A/phase3/stage3/pnr/spm.def
=== ERC: floating nets ===
[WARNING RSZ-0095] found 14 floating pins.
 spare_aoi_0/A1
 spare_aoi_0/A2
 spare_aoi_0/B1
 spare_dff_0/CLK
 spare_dff_0/D
 spare_dff_0/RESET_B
 spare_inverter_0/A
 spare_mux2_0/A0
 spare_mux2_0/A1
 spare_mux2_0/S
 spare_nand2_0/A
 spare_nand2_0/B
 spare_nor2_0/A
 spare_nor2_0/B
=== ERC metrics ===

# === full ERC log (last 2 KB) ===
OpenROAD 26Q3-155-g1bade74e72 
Features included (+) or not (-): +GPU +GUI +Python
This program is licensed under the BSD-3 license. See the LICENSE file for details.
Components of this program may be licensed under more restrictive licenses which must be honored.
[INFO ODB-0227] LEF file: /foss/pdks/sky130A/libs.ref/sky130_fd_sc_hd/techlef/sky130_fd_sc_hd__nom.tlef, created 14 layers, 25 vias
[WARNING ODB-0220] WARNING (LEFPARS-2008): NOWIREEXTENSIONATPIN statement is obsolete in version 5.6 or later.
The NOWIREEXTENSIONATPIN statement will be ignored. See file /foss/pdks/sky130A/libs.ref/sky130_fd_sc_hd/lef/sky130_fd_sc_hd.lef at line 2.

[INFO ODB-0227] LEF file: /foss/pdks/sky130A/libs.ref/sky130_fd_sc_hd/lef/sky130_fd_sc_hd.lef, created 437 library cells
[INFO ODB-0127] Reading DEF file: /home/reyerchu/campaign_v1565/spm/converge_1.5.65_sky130A/phase3/stage3/pnr/spm.def
[INFO ODB-0128] Design: spm
[INFO ODB-0130]     Created 36 pins.
[INFO ODB-0131]     Created 558 components and 3276 component-terminals.
[INFO ODB-0132]     Created 2 special nets and 1464 connections.
[INFO ODB-0133]     Created 367 nets and 1115 connections.
[INFO ODB-0134] Finished DEF file: /home/reyerchu/campaign_v1565/spm/converge_1.5.65_sky130A/phase3/stage3/pnr/spm.def
=== ERC: floating nets ===
[WARNING RSZ-0095] found 14 floating pins.
 spare_aoi_0/A1
 spare_aoi_0/A2
 spare_aoi_0/B1
 spare_dff_0/CLK
 spare_dff_0/D
 spare_dff_0/RESET_B
 spare_inverter_0/A
 spare_mux2_0/A0
 spare_mux2_0/A1
 spare_mux2_0/S
 spare_nand2_0/A
 spare_nand2_0/B
 spare_nor2_0/A
 spare_nor2_0/B
=== ERC metrics ===


# end of erc.rpt
