# OpenROAD PSM (Power Supply Metal) IR-drop report — emitted by
# phase3_one_shot_runner (ORGANIC-20260531 sign-off-chain step).
# Tool: openroad / PSM analyze_power_grid (static IR drop).
# Power nets analysed: VPWR
#
# Substance: static IR drop computed on the routed DEF power grid
# via OpenROAD PSM — no SPEF required (PSM walks the SPECIALNETS
# metal directly). 'IR drop' / voltage values (V → mV) below.
# Units: values reported in volts; mV column added for the gate.
#
openroad / PSM: analyze_power_grid invoked
IR drop analysis (static): worst voltage drop
[INFO PSM-0040] All shapes on net VPWR are connected.
[INFO PSM-0073] Using bump pattern with x-pitch 140.0000um, y-pitch 140.0000um, and size 70.0000um with an reduction factor of 3x.
Supply voltage   : 1.80e+00 V
Worstcase voltage: 1.80e+00 V
Average voltage  : 1.80e+00 V
Average IR drop  : 1.01e-04 V
  -> 0.101 mV (IR drop, normalised)
Worstcase IR drop: 2.65e-04 V
  -> 0.265 mV (IR drop, normalised)

# === Full PSM stdout (provenance) ===
OpenROAD 26Q3-155-g1bade74e72 
Features included (+) or not (-): +GPU +GUI +Python
This program is licensed under the BSD-3 license. See the LICENSE file for details.
Components of this program may be licensed under more restrictive licenses which must be honored.
[INFO ODB-0227] LEF file: /foss/pdks/sky130A/libs.ref/sky130_fd_sc_hd/techlef/sky130_fd_sc_hd__nom.tlef, created 14 layers, 25 vias
[WARNING ODB-0220] WARNING (LEFPARS-2008): NOWIREEXTENSIONATPIN statement is obsolete in version 5.6 or later.
The NOWIREEXTENSIONATPIN statement will be ignored. See file /foss/pdks/sky130A/libs.ref/sky130_fd_sc_hd/lef/sky130_fd_sc_hd.lef at line 2.

[INFO ODB-0227] LEF file: /foss/pdks/sky130A/libs.ref/sky130_fd_sc_hd/lef/sky130_fd_sc_hd.lef, created 437 library cells
[INFO ODB-0127] Reading DEF file: /home/reyerchu/campaign_v1565/spm/converge_1.5.65_sky130A/phase3/stage3/pnr/spm.def
[INFO ODB-0128] Design: spm
[INFO ODB-0130]     Created 36 pins.
[INFO ODB-0131]     Created 558 components and 3276 component-terminals.
[INFO ODB-0132]     Created 2 special nets and 1464 connections.
[INFO ODB-0133]     Created 367 nets and 1115 connections.
[INFO ODB-0134] Finished DEF file: /home/reyerchu/campaign_v1565/spm/converge_1.5.65_sky130A/phase3/stage3/pnr/spm.def
=== PSM_NET VPWR ===
[INFO PSM-0040] All shapes on net VPWR are connected.
[INFO PSM-0073] Using bump pattern with x-pitch 140.0000um, y-pitch 140.0000um, and size 70.0000um with an reduction factor of 3x.
########## IR report #################
Net              : VPWR
Corner           : default
Total power      : 4.72e-04 W
Supply voltage   : 1.80e+00 V
Worstcase voltage: 1.80e+00 V
Average voltage  : 1.80e+00 V
Average IR drop  : 1.01e-04 V
Worstcase IR drop: 2.65e-04 V
Percentage drop  : 0.01 %
######################################
########## EM analysis ###############
Net                : VPWR
Corner             : default
Maximum current    : 8.48e-05 A
Average current    : 9.78e-06 A
Number of resistors: 261
######################################


# end of ir_drop.rpt
