
Cell sky130_fd_sc_hd__dfxtp_1 (0) disconnected node: CLK
Cell sky130_fd_sc_hd__dfxtp_1 (0) disconnected node: D
Cell sky130_fd_sc_hd__dfxtp_1 (0) disconnected node: VGND
Cell sky130_fd_sc_hd__dfxtp_1 (0) disconnected node: VNB
Cell sky130_fd_sc_hd__dfxtp_1 (0) disconnected node: VPB
Cell sky130_fd_sc_hd__dfxtp_1 (0) disconnected node: VPWR
Cell sky130_fd_sc_hd__dfxtp_1 (0) disconnected node: Q
Warning: Equate pins:  cell sky130_fd_sc_hd__dfxtp_1 is a placeholder, treated as a black box.

Subcircuit pins:
Circuit 1: sky130_fd_sc_hd__dfxtp_1        |Circuit 2: sky130_fd_sc_hd__dfxtp_1        
-------------------------------------------|-------------------------------------------
CLK                                        |CLK                                        
D                                          |D                                          
VGND                                       |VGND                                       
VNB                                        |VNB                                        
VPB                                        |VPB                                        
VPWR                                       |VPWR                                       
Q                                          |Q                                          
---------------------------------------------------------------------------------------
Cell pin lists are equivalent.
Device classes sky130_fd_sc_hd__dfxtp_1 and sky130_fd_sc_hd__dfxtp_1 are equivalent.

Cell sky130_fd_sc_hd__and3_1 (0) disconnected node: A
Cell sky130_fd_sc_hd__and3_1 (0) disconnected node: B
Cell sky130_fd_sc_hd__and3_1 (0) disconnected node: C
Cell sky130_fd_sc_hd__and3_1 (0) disconnected node: VGND
Cell sky130_fd_sc_hd__and3_1 (0) disconnected node: VNB
Cell sky130_fd_sc_hd__and3_1 (0) disconnected node: VPB
Cell sky130_fd_sc_hd__and3_1 (0) disconnected node: VPWR
Cell sky130_fd_sc_hd__and3_1 (0) disconnected node: X
Warning: Equate pins:  cell sky130_fd_sc_hd__and3_1 is a placeholder, treated as a black box.

Subcircuit pins:
Circuit 1: sky130_fd_sc_hd__and3_1         |Circuit 2: sky130_fd_sc_hd__and3_1         
-------------------------------------------|-------------------------------------------
A                                          |A                                          
B                                          |B                                          
C                                          |C                                          
VGND                                       |VGND                                       
VNB                                        |VNB                                        
VPB                                        |VPB                                        
VPWR                                       |VPWR                                       
X                                          |X                                          
---------------------------------------------------------------------------------------
Cell pin lists are equivalent.
Device classes sky130_fd_sc_hd__and3_1 and sky130_fd_sc_hd__and3_1 are equivalent.

Cell sky130_fd_sc_hd__nor3_1 (0) disconnected node: A
Cell sky130_fd_sc_hd__nor3_1 (0) disconnected node: B
Cell sky130_fd_sc_hd__nor3_1 (0) disconnected node: C
Cell sky130_fd_sc_hd__nor3_1 (0) disconnected node: VGND
Cell sky130_fd_sc_hd__nor3_1 (0) disconnected node: VNB
Cell sky130_fd_sc_hd__nor3_1 (0) disconnected node: VPB
Cell sky130_fd_sc_hd__nor3_1 (0) disconnected node: VPWR
Cell sky130_fd_sc_hd__nor3_1 (0) disconnected node: Y
Warning: Equate pins:  cell sky130_fd_sc_hd__nor3_1 is a placeholder, treated as a black box.

Subcircuit pins:
Circuit 1: sky130_fd_sc_hd__nor3_1         |Circuit 2: sky130_fd_sc_hd__nor3_1         
-------------------------------------------|-------------------------------------------
A                                          |A                                          
B                                          |B                                          
C                                          |C                                          
VGND                                       |VGND                                       
VNB                                        |VNB                                        
VPB                                        |VPB                                        
VPWR                                       |VPWR                                       
Y                                          |Y                                          
---------------------------------------------------------------------------------------
Cell pin lists are equivalent.
Device classes sky130_fd_sc_hd__nor3_1 and sky130_fd_sc_hd__nor3_1 are equivalent.

Cell sky130_fd_sc_hd__nor2_1 (0) disconnected node: A
Cell sky130_fd_sc_hd__nor2_1 (0) disconnected node: B
Cell sky130_fd_sc_hd__nor2_1 (0) disconnected node: VGND
Cell sky130_fd_sc_hd__nor2_1 (0) disconnected node: VNB
Cell sky130_fd_sc_hd__nor2_1 (0) disconnected node: VPB
Cell sky130_fd_sc_hd__nor2_1 (0) disconnected node: VPWR
Cell sky130_fd_sc_hd__nor2_1 (0) disconnected node: Y
Warning: Equate pins:  cell sky130_fd_sc_hd__nor2_1 is a placeholder, treated as a black box.

Subcircuit pins:
Circuit 1: sky130_fd_sc_hd__nor2_1         |Circuit 2: sky130_fd_sc_hd__nor2_1         
-------------------------------------------|-------------------------------------------
A                                          |A                                          
B                                          |B                                          
VGND                                       |VGND                                       
VNB                                        |VNB                                        
VPB                                        |VPB                                        
VPWR                                       |VPWR                                       
Y                                          |Y                                          
---------------------------------------------------------------------------------------
Cell pin lists are equivalent.
Device classes sky130_fd_sc_hd__nor2_1 and sky130_fd_sc_hd__nor2_1 are equivalent.

Cell sky130_fd_sc_hd__nand2_1 (0) disconnected node: A
Cell sky130_fd_sc_hd__nand2_1 (0) disconnected node: B
Cell sky130_fd_sc_hd__nand2_1 (0) disconnected node: VGND
Cell sky130_fd_sc_hd__nand2_1 (0) disconnected node: VNB
Cell sky130_fd_sc_hd__nand2_1 (0) disconnected node: VPB
Cell sky130_fd_sc_hd__nand2_1 (0) disconnected node: VPWR
Cell sky130_fd_sc_hd__nand2_1 (0) disconnected node: Y
Warning: Equate pins:  cell sky130_fd_sc_hd__nand2_1 is a placeholder, treated as a black box.

Subcircuit pins:
Circuit 1: sky130_fd_sc_hd__nand2_1        |Circuit 2: sky130_fd_sc_hd__nand2_1        
-------------------------------------------|-------------------------------------------
A                                          |A                                          
B                                          |B                                          
VGND                                       |VGND                                       
VNB                                        |VNB                                        
VPB                                        |VPB                                        
VPWR                                       |VPWR                                       
Y                                          |Y                                          
---------------------------------------------------------------------------------------
Cell pin lists are equivalent.
Device classes sky130_fd_sc_hd__nand2_1 and sky130_fd_sc_hd__nand2_1 are equivalent.

Cell sky130_fd_sc_hd__a21oi_1 (0) disconnected node: A1
Cell sky130_fd_sc_hd__a21oi_1 (0) disconnected node: A2
Cell sky130_fd_sc_hd__a21oi_1 (0) disconnected node: B1
Cell sky130_fd_sc_hd__a21oi_1 (0) disconnected node: VGND
Cell sky130_fd_sc_hd__a21oi_1 (0) disconnected node: VNB
Cell sky130_fd_sc_hd__a21oi_1 (0) disconnected node: VPB
Cell sky130_fd_sc_hd__a21oi_1 (0) disconnected node: VPWR
Cell sky130_fd_sc_hd__a21oi_1 (0) disconnected node: Y
Warning: Equate pins:  cell sky130_fd_sc_hd__a21oi_1 is a placeholder, treated as a black box.

Subcircuit pins:
Circuit 1: sky130_fd_sc_hd__a21oi_1        |Circuit 2: sky130_fd_sc_hd__a21oi_1        
-------------------------------------------|-------------------------------------------
A1                                         |A1                                         
A2                                         |A2                                         
B1                                         |B1                                         
VGND                                       |VGND                                       
VNB                                        |VNB                                        
VPB                                        |VPB                                        
VPWR                                       |VPWR                                       
Y                                          |Y                                          
---------------------------------------------------------------------------------------
Cell pin lists are equivalent.
Device classes sky130_fd_sc_hd__a21oi_1 and sky130_fd_sc_hd__a21oi_1 are equivalent.

Cell sky130_fd_sc_hd__a22oi_1 (0) disconnected node: A1
Cell sky130_fd_sc_hd__a22oi_1 (0) disconnected node: A2
Cell sky130_fd_sc_hd__a22oi_1 (0) disconnected node: B1
Cell sky130_fd_sc_hd__a22oi_1 (0) disconnected node: B2
Cell sky130_fd_sc_hd__a22oi_1 (0) disconnected node: VGND
Cell sky130_fd_sc_hd__a22oi_1 (0) disconnected node: VNB
Cell sky130_fd_sc_hd__a22oi_1 (0) disconnected node: VPB
Cell sky130_fd_sc_hd__a22oi_1 (0) disconnected node: VPWR
Cell sky130_fd_sc_hd__a22oi_1 (0) disconnected node: Y
Warning: Equate pins:  cell sky130_fd_sc_hd__a22oi_1 is a placeholder, treated as a black box.

Subcircuit pins:
Circuit 1: sky130_fd_sc_hd__a22oi_1        |Circuit 2: sky130_fd_sc_hd__a22oi_1        
-------------------------------------------|-------------------------------------------
A1                                         |A1                                         
A2                                         |A2                                         
B1                                         |B1                                         
B2                                         |B2                                         
VGND                                       |VGND                                       
VNB                                        |VNB                                        
VPB                                        |VPB                                        
VPWR                                       |VPWR                                       
Y                                          |Y                                          
---------------------------------------------------------------------------------------
Cell pin lists are equivalent.
Device classes sky130_fd_sc_hd__a22oi_1 and sky130_fd_sc_hd__a22oi_1 are equivalent.

Cell sky130_fd_sc_hd__xnor2_1 (0) disconnected node: A
Cell sky130_fd_sc_hd__xnor2_1 (0) disconnected node: B
Cell sky130_fd_sc_hd__xnor2_1 (0) disconnected node: VGND
Cell sky130_fd_sc_hd__xnor2_1 (0) disconnected node: VNB
Cell sky130_fd_sc_hd__xnor2_1 (0) disconnected node: VPB
Cell sky130_fd_sc_hd__xnor2_1 (0) disconnected node: VPWR
Cell sky130_fd_sc_hd__xnor2_1 (0) disconnected node: Y
Warning: Equate pins:  cell sky130_fd_sc_hd__xnor2_1 is a placeholder, treated as a black box.

Subcircuit pins:
Circuit 1: sky130_fd_sc_hd__xnor2_1        |Circuit 2: sky130_fd_sc_hd__xnor2_1        
-------------------------------------------|-------------------------------------------
A                                          |A                                          
B                                          |B                                          
VGND                                       |VGND                                       
VNB                                        |VNB                                        
VPB                                        |VPB                                        
VPWR                                       |VPWR                                       
Y                                          |Y                                          
---------------------------------------------------------------------------------------
Cell pin lists are equivalent.
Device classes sky130_fd_sc_hd__xnor2_1 and sky130_fd_sc_hd__xnor2_1 are equivalent.

Cell sky130_fd_sc_hd__clkbuf_16 (0) disconnected node: A
Cell sky130_fd_sc_hd__clkbuf_16 (0) disconnected node: VGND
Cell sky130_fd_sc_hd__clkbuf_16 (0) disconnected node: VNB
Cell sky130_fd_sc_hd__clkbuf_16 (0) disconnected node: VPB
Cell sky130_fd_sc_hd__clkbuf_16 (0) disconnected node: VPWR
Cell sky130_fd_sc_hd__clkbuf_16 (0) disconnected node: X
Warning: Equate pins:  cell sky130_fd_sc_hd__clkbuf_16 is a placeholder, treated as a black box.

Subcircuit pins:
Circuit 1: sky130_fd_sc_hd__clkbuf_16      |Circuit 2: sky130_fd_sc_hd__clkbuf_16      
-------------------------------------------|-------------------------------------------
A                                          |A                                          
VGND                                       |VGND                                       
VNB                                        |VNB                                        
VPB                                        |VPB                                        
VPWR                                       |VPWR                                       
X                                          |X                                          
---------------------------------------------------------------------------------------
Cell pin lists are equivalent.
Device classes sky130_fd_sc_hd__clkbuf_16 and sky130_fd_sc_hd__clkbuf_16 are equivalent.

Cell sky130_fd_sc_hd__xor2_1 (0) disconnected node: A
Cell sky130_fd_sc_hd__xor2_1 (0) disconnected node: B
Cell sky130_fd_sc_hd__xor2_1 (0) disconnected node: VGND
Cell sky130_fd_sc_hd__xor2_1 (0) disconnected node: VNB
Cell sky130_fd_sc_hd__xor2_1 (0) disconnected node: VPB
Cell sky130_fd_sc_hd__xor2_1 (0) disconnected node: VPWR
Cell sky130_fd_sc_hd__xor2_1 (0) disconnected node: X
Warning: Equate pins:  cell sky130_fd_sc_hd__xor2_1 is a placeholder, treated as a black box.

Subcircuit pins:
Circuit 1: sky130_fd_sc_hd__xor2_1         |Circuit 2: sky130_fd_sc_hd__xor2_1         
-------------------------------------------|-------------------------------------------
A                                          |A                                          
B                                          |B                                          
VGND                                       |VGND                                       
VNB                                        |VNB                                        
VPB                                        |VPB                                        
VPWR                                       |VPWR                                       
X                                          |X                                          
---------------------------------------------------------------------------------------
Cell pin lists are equivalent.
Device classes sky130_fd_sc_hd__xor2_1 and sky130_fd_sc_hd__xor2_1 are equivalent.

Cell sky130_fd_sc_hd__a211oi_1 (0) disconnected node: A1
Cell sky130_fd_sc_hd__a211oi_1 (0) disconnected node: A2
Cell sky130_fd_sc_hd__a211oi_1 (0) disconnected node: B1
Cell sky130_fd_sc_hd__a211oi_1 (0) disconnected node: C1
Cell sky130_fd_sc_hd__a211oi_1 (0) disconnected node: VGND
Cell sky130_fd_sc_hd__a211oi_1 (0) disconnected node: VNB
Cell sky130_fd_sc_hd__a211oi_1 (0) disconnected node: VPB
Cell sky130_fd_sc_hd__a211oi_1 (0) disconnected node: VPWR
Cell sky130_fd_sc_hd__a211oi_1 (0) disconnected node: Y
Warning: Equate pins:  cell sky130_fd_sc_hd__a211oi_1 is a placeholder, treated as a black box.

Subcircuit pins:
Circuit 1: sky130_fd_sc_hd__a211oi_1       |Circuit 2: sky130_fd_sc_hd__a211oi_1       
-------------------------------------------|-------------------------------------------
A1                                         |A1                                         
A2                                         |A2                                         
B1                                         |B1                                         
C1                                         |C1                                         
VGND                                       |VGND                                       
VNB                                        |VNB                                        
VPB                                        |VPB                                        
VPWR                                       |VPWR                                       
Y                                          |Y                                          
---------------------------------------------------------------------------------------
Cell pin lists are equivalent.
Device classes sky130_fd_sc_hd__a211oi_1 and sky130_fd_sc_hd__a211oi_1 are equivalent.

Cell sky130_fd_sc_hd__clkbuf_4 (0) disconnected node: A
Cell sky130_fd_sc_hd__clkbuf_4 (0) disconnected node: VGND
Cell sky130_fd_sc_hd__clkbuf_4 (0) disconnected node: VNB
Cell sky130_fd_sc_hd__clkbuf_4 (0) disconnected node: VPB
Cell sky130_fd_sc_hd__clkbuf_4 (0) disconnected node: VPWR
Cell sky130_fd_sc_hd__clkbuf_4 (0) disconnected node: X
Warning: Equate pins:  cell sky130_fd_sc_hd__clkbuf_4 is a placeholder, treated as a black box.

Subcircuit pins:
Circuit 1: sky130_fd_sc_hd__clkbuf_4       |Circuit 2: sky130_fd_sc_hd__clkbuf_4       
-------------------------------------------|-------------------------------------------
A                                          |A                                          
VGND                                       |VGND                                       
VNB                                        |VNB                                        
VPB                                        |VPB                                        
VPWR                                       |VPWR                                       
X                                          |(no matching pin)                          
---------------------------------------------------------------------------------------
Cell pin lists are equivalent.
Device classes sky130_fd_sc_hd__clkbuf_4 and sky130_fd_sc_hd__clkbuf_4 are equivalent.

Cell sky130_fd_sc_hd__clkinv_1 (0) disconnected node: A
Cell sky130_fd_sc_hd__clkinv_1 (0) disconnected node: VGND
Cell sky130_fd_sc_hd__clkinv_1 (0) disconnected node: VNB
Cell sky130_fd_sc_hd__clkinv_1 (0) disconnected node: VPB
Cell sky130_fd_sc_hd__clkinv_1 (0) disconnected node: VPWR
Cell sky130_fd_sc_hd__clkinv_1 (0) disconnected node: Y
Warning: Equate pins:  cell sky130_fd_sc_hd__clkinv_1 is a placeholder, treated as a black box.

Subcircuit pins:
Circuit 1: sky130_fd_sc_hd__clkinv_1       |Circuit 2: sky130_fd_sc_hd__clkinv_1       
-------------------------------------------|-------------------------------------------
A                                          |A                                          
VGND                                       |VGND                                       
VNB                                        |VNB                                        
VPB                                        |VPB                                        
VPWR                                       |VPWR                                       
Y                                          |(no matching pin)                          
---------------------------------------------------------------------------------------
Cell pin lists are equivalent.
Device classes sky130_fd_sc_hd__clkinv_1 and sky130_fd_sc_hd__clkinv_1 are equivalent.

Cell sky130_fd_sc_hd__clkbuf_8 (0) disconnected node: A
Cell sky130_fd_sc_hd__clkbuf_8 (0) disconnected node: VGND
Cell sky130_fd_sc_hd__clkbuf_8 (0) disconnected node: VNB
Cell sky130_fd_sc_hd__clkbuf_8 (0) disconnected node: VPB
Cell sky130_fd_sc_hd__clkbuf_8 (0) disconnected node: VPWR
Cell sky130_fd_sc_hd__clkbuf_8 (0) disconnected node: X
Warning: Equate pins:  cell sky130_fd_sc_hd__clkbuf_8 is a placeholder, treated as a black box.

Subcircuit pins:
Circuit 1: sky130_fd_sc_hd__clkbuf_8       |Circuit 2: sky130_fd_sc_hd__clkbuf_8       
-------------------------------------------|-------------------------------------------
A                                          |A                                          
VGND                                       |VGND                                       
VNB                                        |VNB                                        
VPB                                        |VPB                                        
VPWR                                       |VPWR                                       
X                                          |X                                          
---------------------------------------------------------------------------------------
Cell pin lists are equivalent.
Device classes sky130_fd_sc_hd__clkbuf_8 and sky130_fd_sc_hd__clkbuf_8 are equivalent.

Cell sky130_fd_sc_hd__buf_1 (0) disconnected node: A
Cell sky130_fd_sc_hd__buf_1 (0) disconnected node: VGND
Cell sky130_fd_sc_hd__buf_1 (0) disconnected node: VNB
Cell sky130_fd_sc_hd__buf_1 (0) disconnected node: VPB
Cell sky130_fd_sc_hd__buf_1 (0) disconnected node: VPWR
Cell sky130_fd_sc_hd__buf_1 (0) disconnected node: X
Warning: Equate pins:  cell sky130_fd_sc_hd__buf_1 is a placeholder, treated as a black box.

Subcircuit pins:
Circuit 1: sky130_fd_sc_hd__buf_1          |Circuit 2: sky130_fd_sc_hd__buf_1          
-------------------------------------------|-------------------------------------------
A                                          |A                                          
VGND                                       |VGND                                       
VNB                                        |VNB                                        
VPB                                        |VPB                                        
VPWR                                       |VPWR                                       
X                                          |X                                          
---------------------------------------------------------------------------------------
Cell pin lists are equivalent.
Device classes sky130_fd_sc_hd__buf_1 and sky130_fd_sc_hd__buf_1 are equivalent.

Cell sky130_fd_sc_hd__nor2b_1 (0) disconnected node: A
Cell sky130_fd_sc_hd__nor2b_1 (0) disconnected node: B_N
Cell sky130_fd_sc_hd__nor2b_1 (0) disconnected node: VGND
Cell sky130_fd_sc_hd__nor2b_1 (0) disconnected node: VNB
Cell sky130_fd_sc_hd__nor2b_1 (0) disconnected node: VPB
Cell sky130_fd_sc_hd__nor2b_1 (0) disconnected node: VPWR
Cell sky130_fd_sc_hd__nor2b_1 (0) disconnected node: Y
Warning: Equate pins:  cell sky130_fd_sc_hd__nor2b_1 is a placeholder, treated as a black box.

Subcircuit pins:
Circuit 1: sky130_fd_sc_hd__nor2b_1        |Circuit 2: sky130_fd_sc_hd__nor2b_1        
-------------------------------------------|-------------------------------------------
A                                          |A                                          
B_N                                        |B_N                                        
VGND                                       |VGND                                       
VNB                                        |VNB                                        
VPB                                        |VPB                                        
VPWR                                       |VPWR                                       
Y                                          |Y                                          
---------------------------------------------------------------------------------------
Cell pin lists are equivalent.
Device classes sky130_fd_sc_hd__nor2b_1 and sky130_fd_sc_hd__nor2b_1 are equivalent.

Cell sky130_fd_sc_hd__dfxtp_4 (0) disconnected node: CLK
Cell sky130_fd_sc_hd__dfxtp_4 (0) disconnected node: D
Cell sky130_fd_sc_hd__dfxtp_4 (0) disconnected node: VGND
Cell sky130_fd_sc_hd__dfxtp_4 (0) disconnected node: VNB
Cell sky130_fd_sc_hd__dfxtp_4 (0) disconnected node: VPB
Cell sky130_fd_sc_hd__dfxtp_4 (0) disconnected node: VPWR
Cell sky130_fd_sc_hd__dfxtp_4 (0) disconnected node: Q
Warning: Equate pins:  cell sky130_fd_sc_hd__dfxtp_4 is a placeholder, treated as a black box.

Subcircuit pins:
Circuit 1: sky130_fd_sc_hd__dfxtp_4        |Circuit 2: sky130_fd_sc_hd__dfxtp_4        
-------------------------------------------|-------------------------------------------
CLK                                        |CLK                                        
D                                          |D                                          
VGND                                       |VGND                                       
VNB                                        |VNB                                        
VPB                                        |VPB                                        
VPWR                                       |VPWR                                       
Q                                          |Q                                          
---------------------------------------------------------------------------------------
Cell pin lists are equivalent.
Device classes sky130_fd_sc_hd__dfxtp_4 and sky130_fd_sc_hd__dfxtp_4 are equivalent.

Cell sky130_fd_sc_hd__nor3_2 (0) disconnected node: A
Cell sky130_fd_sc_hd__nor3_2 (0) disconnected node: B
Cell sky130_fd_sc_hd__nor3_2 (0) disconnected node: C
Cell sky130_fd_sc_hd__nor3_2 (0) disconnected node: VGND
Cell sky130_fd_sc_hd__nor3_2 (0) disconnected node: VNB
Cell sky130_fd_sc_hd__nor3_2 (0) disconnected node: VPB
Cell sky130_fd_sc_hd__nor3_2 (0) disconnected node: VPWR
Cell sky130_fd_sc_hd__nor3_2 (0) disconnected node: Y
Warning: Equate pins:  cell sky130_fd_sc_hd__nor3_2 is a placeholder, treated as a black box.

Subcircuit pins:
Circuit 1: sky130_fd_sc_hd__nor3_2         |Circuit 2: sky130_fd_sc_hd__nor3_2         
-------------------------------------------|-------------------------------------------
A                                          |A                                          
B                                          |B                                          
C                                          |C                                          
VGND                                       |VGND                                       
VNB                                        |VNB                                        
VPB                                        |VPB                                        
VPWR                                       |VPWR                                       
Y                                          |Y                                          
---------------------------------------------------------------------------------------
Cell pin lists are equivalent.
Device classes sky130_fd_sc_hd__nor3_2 and sky130_fd_sc_hd__nor3_2 are equivalent.

Cell sky130_fd_sc_hd__buf_2 (0) disconnected node: A
Cell sky130_fd_sc_hd__buf_2 (0) disconnected node: VGND
Cell sky130_fd_sc_hd__buf_2 (0) disconnected node: VNB
Cell sky130_fd_sc_hd__buf_2 (0) disconnected node: VPB
Cell sky130_fd_sc_hd__buf_2 (0) disconnected node: VPWR
Cell sky130_fd_sc_hd__buf_2 (0) disconnected node: X
Warning: Equate pins:  cell sky130_fd_sc_hd__buf_2 is a placeholder, treated as a black box.

Subcircuit pins:
Circuit 1: sky130_fd_sc_hd__buf_2          |Circuit 2: sky130_fd_sc_hd__buf_2          
-------------------------------------------|-------------------------------------------
A                                          |A                                          
VGND                                       |VGND                                       
VNB                                        |VNB                                        
VPB                                        |VPB                                        
VPWR                                       |VPWR                                       
X                                          |X                                          
---------------------------------------------------------------------------------------
Cell pin lists are equivalent.
Device classes sky130_fd_sc_hd__buf_2 and sky130_fd_sc_hd__buf_2 are equivalent.

Cell sky130_fd_sc_hd__buf_4 (0) disconnected node: A
Cell sky130_fd_sc_hd__buf_4 (0) disconnected node: VGND
Cell sky130_fd_sc_hd__buf_4 (0) disconnected node: VNB
Cell sky130_fd_sc_hd__buf_4 (0) disconnected node: VPB
Cell sky130_fd_sc_hd__buf_4 (0) disconnected node: VPWR
Cell sky130_fd_sc_hd__buf_4 (0) disconnected node: X
Warning: Equate pins:  cell sky130_fd_sc_hd__buf_4 is a placeholder, treated as a black box.

Subcircuit pins:
Circuit 1: sky130_fd_sc_hd__buf_4          |Circuit 2: sky130_fd_sc_hd__buf_4          
-------------------------------------------|-------------------------------------------
A                                          |A                                          
VGND                                       |VGND                                       
VNB                                        |VNB                                        
VPB                                        |VPB                                        
VPWR                                       |VPWR                                       
X                                          |X                                          
---------------------------------------------------------------------------------------
Cell pin lists are equivalent.
Device classes sky130_fd_sc_hd__buf_4 and sky130_fd_sc_hd__buf_4 are equivalent.

Subcircuit summary:
Circuit 1: spm                             |Circuit 2: spm                             
-------------------------------------------|-------------------------------------------
sky130_fd_sc_hd__dfxtp_1 (64)              |sky130_fd_sc_hd__dfxtp_1 (64)              
sky130_fd_sc_hd__and3_1 (25)               |sky130_fd_sc_hd__and3_1 (25)               
sky130_fd_sc_hd__nor3_1 (48)               |sky130_fd_sc_hd__nor3_1 (48)               
sky130_fd_sc_hd__nor2_1 (38)               |sky130_fd_sc_hd__nor2_1 (38)               
sky130_fd_sc_hd__nand2_1 (14)              |sky130_fd_sc_hd__nand2_1 (14)              
sky130_fd_sc_hd__a21oi_1 (25)              |sky130_fd_sc_hd__a21oi_1 (25)              
sky130_fd_sc_hd__a22oi_1 (24)              |sky130_fd_sc_hd__a22oi_1 (24)              
sky130_fd_sc_hd__xnor2_1 (14)              |sky130_fd_sc_hd__xnor2_1 (14)              
sky130_fd_sc_hd__clkbuf_16 (9)             |sky130_fd_sc_hd__clkbuf_16 (9)             
sky130_fd_sc_hd__xor2_1 (24)               |sky130_fd_sc_hd__xor2_1 (24)               
sky130_fd_sc_hd__a211oi_1 (7)              |sky130_fd_sc_hd__a211oi_1 (7)              
sky130_fd_sc_hd__clkbuf_4 (1)              |sky130_fd_sc_hd__clkbuf_4 (1)              
sky130_fd_sc_hd__clkinv_1 (3)              |sky130_fd_sc_hd__clkinv_1 (3)              
sky130_fd_sc_hd__clkbuf_8 (1)              |sky130_fd_sc_hd__clkbuf_8 (1)              
sky130_fd_sc_hd__buf_1 (32)                |sky130_fd_sc_hd__buf_1 (32)                
sky130_fd_sc_hd__nor2b_1 (2)               |sky130_fd_sc_hd__nor2b_1 (2)               
sky130_fd_sc_hd__dfxtp_4 (1)               |sky130_fd_sc_hd__dfxtp_4 (1)               
sky130_fd_sc_hd__nor3_2 (1)                |sky130_fd_sc_hd__nor3_2 (1)                
sky130_fd_sc_hd__buf_2 (1)                 |sky130_fd_sc_hd__buf_2 (1)                 
sky130_fd_sc_hd__buf_4 (1)                 |sky130_fd_sc_hd__buf_4 (1)                 
Number of devices: 335                     |Number of devices: 335                     
Number of nets: 368 **Mismatch**           |Number of nets: 370 **Mismatch**           
---------------------------------------------------------------------------------------
NET mismatches: Class fragments follow (with fanout counts):
Circuit 1: spm                             |Circuit 2: spm                             

---------------------------------------------------------------------------------------
Net: VGND                                  |Net: VGND                                  
  sky130_fd_sc_hd__and3_1/VGND = 25        |  sky130_fd_sc_hd__and3_1/VGND = 25        
  sky130_fd_sc_hd__nor3_1/VGND = 48        |  sky130_fd_sc_hd__nor3_1/VGND = 48        
  sky130_fd_sc_hd__xor2_1/VGND = 24        |  sky130_fd_sc_hd__xor2_1/VGND = 24        
  sky130_fd_sc_hd__a21oi_1/VGND = 25       |  sky130_fd_sc_hd__a21oi_1/VGND = 25       
  sky130_fd_sc_hd__a211oi_1/VGND = 7       |  sky130_fd_sc_hd__a211oi_1/VGND = 7       
  sky130_fd_sc_hd__a22oi_1/VGND = 24       |  sky130_fd_sc_hd__a22oi_1/VGND = 24       
  sky130_fd_sc_hd__nor2_1/VGND = 38        |  sky130_fd_sc_hd__nor2_1/VGND = 38        
  sky130_fd_sc_hd__nor2b_1/VGND = 2        |  sky130_fd_sc_hd__nor2b_1/VGND = 2        
  sky130_fd_sc_hd__nand2_1/VGND = 14       |  sky130_fd_sc_hd__nand2_1/VGND = 14       
  sky130_fd_sc_hd__xnor2_1/VGND = 14       |  sky130_fd_sc_hd__xnor2_1/VGND = 14       
  sky130_fd_sc_hd__nor3_2/VGND = 1         |  sky130_fd_sc_hd__nor3_2/VGND = 1         
  sky130_fd_sc_hd__dfxtp_1/VGND = 64       |  sky130_fd_sc_hd__dfxtp_1/VGND = 64       
  sky130_fd_sc_hd__dfxtp_4/VGND = 1        |  sky130_fd_sc_hd__dfxtp_4/VGND = 1        
  sky130_fd_sc_hd__clkbuf_16/VGND = 9      |  sky130_fd_sc_hd__clkbuf_16/VGND = 9      
  sky130_fd_sc_hd__clkbuf_4/VGND = 1       |  sky130_fd_sc_hd__clkbuf_4/VGND = 1       
  sky130_fd_sc_hd__clkinv_1/VGND = 3       |  sky130_fd_sc_hd__clkinv_1/VGND = 3       
  sky130_fd_sc_hd__buf_1/VGND = 32         |  sky130_fd_sc_hd__buf_1/VGND = 32         
  sky130_fd_sc_hd__buf_2/VGND = 1          |  sky130_fd_sc_hd__buf_2/VGND = 1          
  sky130_fd_sc_hd__clkbuf_8/VGND = 1       |  sky130_fd_sc_hd__clkbuf_8/VGND = 1       
  sky130_fd_sc_hd__buf_4/VGND = 1          |  sky130_fd_sc_hd__buf_4/VGND = 1          
  sky130_fd_sc_hd__dfxtp_1/VNB = 64        |                                           
  sky130_fd_sc_hd__a211oi_1/VNB = 7        |                                           
  sky130_fd_sc_hd__nand2_1/VNB = 14        |                                           
  sky130_fd_sc_hd__clkbuf_4/VNB = 1        |                                           
  sky130_fd_sc_hd__xnor2_1/VNB = 14        |                                           
  sky130_fd_sc_hd__clkinv_1/VNB = 3        |                                           
  sky130_fd_sc_hd__a21oi_1/VNB = 25        |                                           
  sky130_fd_sc_hd__clkbuf_8/VNB = 1        |                                           
  sky130_fd_sc_hd__a22oi_1/VNB = 24        |                                           
  sky130_fd_sc_hd__buf_1/VNB = 32          |                                           
  sky130_fd_sc_hd__nor2_1/VNB = 38         |                                           
  sky130_fd_sc_hd__nor2b_1/VNB = 2         |                                           
  sky130_fd_sc_hd__nor3_1/VNB = 48         |                                           
  sky130_fd_sc_hd__dfxtp_4/VNB = 1         |                                           
  sky130_fd_sc_hd__and3_1/VNB = 25         |                                           
  sky130_fd_sc_hd__nor3_2/VNB = 1          |                                           
  sky130_fd_sc_hd__clkbuf_16/VNB = 9       |                                           
  sky130_fd_sc_hd__buf_2/VNB = 1           |                                           
  sky130_fd_sc_hd__xor2_1/VNB = 24         |                                           
  sky130_fd_sc_hd__buf_4/VNB = 1           |                                           
                                           |                                           
Net: VPWR                                  |Net: VPWR                                  
  sky130_fd_sc_hd__and3_1/VPWR = 25        |  sky130_fd_sc_hd__and3_1/VPWR = 25        
  sky130_fd_sc_hd__nor3_1/VPWR = 48        |  sky130_fd_sc_hd__nor3_1/VPWR = 48        
  sky130_fd_sc_hd__xor2_1/VPWR = 24        |  sky130_fd_sc_hd__xor2_1/VPWR = 24        
  sky130_fd_sc_hd__a21oi_1/VPWR = 25       |  sky130_fd_sc_hd__a21oi_1/VPWR = 25       
  sky130_fd_sc_hd__a211oi_1/VPWR = 7       |  sky130_fd_sc_hd__a211oi_1/VPWR = 7       
  sky130_fd_sc_hd__a22oi_1/VPWR = 24       |  sky130_fd_sc_hd__a22oi_1/VPWR = 24       
  sky130_fd_sc_hd__nor2_1/VPWR = 38        |  sky130_fd_sc_hd__nor2_1/VPWR = 38        
  sky130_fd_sc_hd__nor2b_1/VPWR = 2        |  sky130_fd_sc_hd__nor2b_1/VPWR = 2        
  sky130_fd_sc_hd__nand2_1/VPWR = 14       |  sky130_fd_sc_hd__nand2_1/VPWR = 14       
  sky130_fd_sc_hd__xnor2_1/VPWR = 14       |  sky130_fd_sc_hd__xnor2_1/VPWR = 14       
  sky130_fd_sc_hd__nor3_2/VPWR = 1         |  sky130_fd_sc_hd__nor3_2/VPWR = 1         
  sky130_fd_sc_hd__dfxtp_1/VPWR = 64       |  sky130_fd_sc_hd__dfxtp_1/VPWR = 64       
  sky130_fd_sc_hd__dfxtp_4/VPWR = 1        |  sky130_fd_sc_hd__dfxtp_4/VPWR = 1        
  sky130_fd_sc_hd__clkbuf_16/VPWR = 9      |  sky130_fd_sc_hd__clkbuf_16/VPWR = 9      
  sky130_fd_sc_hd__clkbuf_4/VPWR = 1       |  sky130_fd_sc_hd__clkbuf_4/VPWR = 1       
  sky130_fd_sc_hd__clkinv_1/VPWR = 3       |  sky130_fd_sc_hd__clkinv_1/VPWR = 3       
  sky130_fd_sc_hd__buf_1/VPWR = 32         |  sky130_fd_sc_hd__buf_1/VPWR = 32         
  sky130_fd_sc_hd__buf_2/VPWR = 1          |  sky130_fd_sc_hd__buf_2/VPWR = 1          
  sky130_fd_sc_hd__clkbuf_8/VPWR = 1       |  sky130_fd_sc_hd__clkbuf_8/VPWR = 1       
  sky130_fd_sc_hd__buf_4/VPWR = 1          |  sky130_fd_sc_hd__buf_4/VPWR = 1          
  sky130_fd_sc_hd__a211oi_1/VPB = 7        |                                           
  sky130_fd_sc_hd__nor3_1/VPB = 48         |                                           
  sky130_fd_sc_hd__clkbuf_4/VPB = 1        |                                           
  sky130_fd_sc_hd__xnor2_1/VPB = 14        |                                           
  sky130_fd_sc_hd__clkinv_1/VPB = 3        |                                           
  sky130_fd_sc_hd__nand2_1/VPB = 14        |                                           
  sky130_fd_sc_hd__clkbuf_8/VPB = 1        |                                           
  sky130_fd_sc_hd__xor2_1/VPB = 24         |                                           
  sky130_fd_sc_hd__buf_1/VPB = 32          |                                           
  sky130_fd_sc_hd__clkbuf_16/VPB = 9       |                                           
  sky130_fd_sc_hd__nor2b_1/VPB = 2         |                                           
  sky130_fd_sc_hd__nor2_1/VPB = 38         |                                           
  sky130_fd_sc_hd__dfxtp_4/VPB = 1         |                                           
  sky130_fd_sc_hd__a22oi_1/VPB = 24        |                                           
  sky130_fd_sc_hd__nor3_2/VPB = 1          |                                           
  sky130_fd_sc_hd__a21oi_1/VPB = 25        |                                           
  sky130_fd_sc_hd__buf_2/VPB = 1           |                                           
  sky130_fd_sc_hd__dfxtp_1/VPB = 64        |                                           
  sky130_fd_sc_hd__buf_4/VPB = 1           |                                           
  sky130_fd_sc_hd__and3_1/VPB = 25         |                                           
                                           |                                           
(no matching net)                          |Net: VPB                                   
                                           |  sky130_fd_sc_hd__and3_1/VPB = 25         
                                           |  sky130_fd_sc_hd__nor3_1/VPB = 48         
                                           |  sky130_fd_sc_hd__xor2_1/VPB = 24         
                                           |  sky130_fd_sc_hd__a21oi_1/VPB = 25        
                                           |  sky130_fd_sc_hd__a211oi_1/VPB = 7        
                                           |  sky130_fd_sc_hd__a22oi_1/VPB = 24        
                                           |  sky130_fd_sc_hd__nor2_1/VPB = 38         
                                           |  sky130_fd_sc_hd__nor2b_1/VPB = 2         
                                           |  sky130_fd_sc_hd__nand2_1/VPB = 14        
                                           |  sky130_fd_sc_hd__xnor2_1/VPB = 14        
                                           |  sky130_fd_sc_hd__nor3_2/VPB = 1          
                                           |  sky130_fd_sc_hd__dfxtp_1/VPB = 64        
                                           |  sky130_fd_sc_hd__dfxtp_4/VPB = 1         
                                           |  sky130_fd_sc_hd__clkbuf_16/VPB = 9       
                                           |  sky130_fd_sc_hd__clkbuf_4/VPB = 1        
                                           |  sky130_fd_sc_hd__clkinv_1/VPB = 3        
                                           |  sky130_fd_sc_hd__buf_1/VPB = 32          
                                           |  sky130_fd_sc_hd__buf_2/VPB = 1           
                                           |  sky130_fd_sc_hd__clkbuf_8/VPB = 1        
                                           |  sky130_fd_sc_hd__buf_4/VPB = 1           
                                           |                                           
(no matching net)                          |Net: VNB                                   
                                           |  sky130_fd_sc_hd__and3_1/VNB = 25         
                                           |  sky130_fd_sc_hd__nor3_1/VNB = 48         
                                           |  sky130_fd_sc_hd__xor2_1/VNB = 24         
                                           |  sky130_fd_sc_hd__a21oi_1/VNB = 25        
                                           |  sky130_fd_sc_hd__a211oi_1/VNB = 7        
                                           |  sky130_fd_sc_hd__a22oi_1/VNB = 24        
                                           |  sky130_fd_sc_hd__nor2_1/VNB = 38         
                                           |  sky130_fd_sc_hd__nor2b_1/VNB = 2         
                                           |  sky130_fd_sc_hd__nand2_1/VNB = 14        
                                           |  sky130_fd_sc_hd__xnor2_1/VNB = 14        
                                           |  sky130_fd_sc_hd__nor3_2/VNB = 1          
                                           |  sky130_fd_sc_hd__dfxtp_1/VNB = 64        
                                           |  sky130_fd_sc_hd__dfxtp_4/VNB = 1         
                                           |  sky130_fd_sc_hd__clkbuf_16/VNB = 9       
                                           |  sky130_fd_sc_hd__clkbuf_4/VNB = 1        
                                           |  sky130_fd_sc_hd__clkinv_1/VNB = 3        
                                           |  sky130_fd_sc_hd__buf_1/VNB = 32          
                                           |  sky130_fd_sc_hd__buf_2/VNB = 1           
                                           |  sky130_fd_sc_hd__clkbuf_8/VNB = 1        
                                           |  sky130_fd_sc_hd__buf_4/VNB = 1           
---------------------------------------------------------------------------------------
Netlists do not match.
Port matching may fail to disambiguate symmetries.

Subcircuit pins:
Circuit 1: spm                             |Circuit 2: spm                             
-------------------------------------------|-------------------------------------------
VGND                                       |(no pin, node is VPWR)                     
VPWR                                       |(no pin, node is VGND)                     
p                                          |p                                          
clk                                        |clk                                        
x[22]                                      |x[22]                                      
x[31]                                      |x[31]                                      
rst                                        |rst                                        
y                                          |y                                          
x[25]                                      |x[25]                                      
x[26]                                      |x[26]                                      
x[29]                                      |x[29]                                      
x[30]                                      |x[30]                                      
x[28]                                      |x[28]                                      
x[27]                                      |x[27]                                      
x[0]                                       |x[0]                                       
x[1]                                       |x[1]                                       
x[23]                                      |x[23]                                      
x[16]                                      |x[16]                                      
x[15]                                      |x[15]                                      
x[6]                                       |x[6]                                       
x[20]                                      |x[20]                                      
x[8]                                       |x[8]                                       
x[9]                                       |x[9]                                       
x[5]                                       |x[5]                                       
x[7]                                       |x[7]                                       
x[10]                                      |x[10]                                      
x[14]                                      |x[14]                                      
x[4]                                       |x[4]                                       
x[19]                                      |x[19]                                      
x[3]                                       |x[3]                                       
x[11]                                      |x[11]                                      
x[17]                                      |x[17]                                      
x[21]                                      |x[21]                                      
x[2]                                       |x[2]                                       
x[18]                                      |x[18]                                      
x[13]                                      |x[13]                                      
x[12]                                      |x[12]                                      
x[24]                                      |x[24]                                      
---------------------------------------------------------------------------------------
Cell pin lists for spm and spm altered to match.
Device classes spm and spm are equivalent.

Final result: Top level cell failed pin matching.
