# Multi-corner SPEF STA (TAPEOUT-SIGNOFF P1)
# SETUP corner: max-RC   HOLD corner: min-RC
# corners_available: max,min,nom
# corner_liberty: max=/foss/pdks/sky130A/libs.ref/sky130_fd_sc_hd/lib/sky130_fd_sc_hd__tt_025C_1v80.lib
# corner_liberty: min=/foss/pdks/sky130A/libs.ref/sky130_fd_sc_hd/lib/sky130_fd_sc_hd__tt_025C_1v80.lib
# distinct_corner_libraries: 1 across 2 reported corner(s)
# axis: RC/parasitic — corners vary the SPEF, NOT the process library; process-corner sign-off is a separate axis
=== SETUP (max-RC corner, SPEF=max, liberty=/foss/pdks/sky130A/libs.ref/sky130_fd_sc_hd/lib/sky130_fd_sc_hd__tt_025C_1v80.lib) ===
worst slack max 6.48
tns max 0.00
Group                                  Slack
--------------------------------------------
No paths found.

SIGNOFF_CHECK_TYPES_REPORTED recovery removal max_slew min_pulse_width max_capacitance
=== HOLD (min-RC corner, SPEF=min, liberty=/foss/pdks/sky130A/libs.ref/sky130_fd_sc_hd/lib/sky130_fd_sc_hd__tt_025C_1v80.lib) ===
worst slack min 0.54
tns max 0.00
Group                                  Slack
--------------------------------------------
No paths found.

SIGNOFF_CHECK_TYPES_REPORTED recovery removal max_slew min_pulse_width max_capacitance
