Startpoint: rst (input port clocked by clk)
Endpoint: _462_ (rising edge-triggered flip-flop clocked by clk)
Path Group: clk
Path Type: max

  Delay    Time   Description
---------------------------------------------------------
   0.00    0.00   clock clk (rise edge)
   0.00    0.00   clock network delay (ideal)
   2.00    2.00 v input external delay
   0.00    2.00 v rst (in)
   0.36    2.36 v input4/X (sky130_fd_sc_hd__clkbuf_8)
   0.55    2.92 ^ _409_/Y (sky130_fd_sc_hd__nor3_1)
   0.00    2.92 ^ _462_/D (sky130_fd_sc_hd__dfxtp_1)
           2.92   data arrival time

  10.00   10.00   clock clk (rise edge)
   0.00   10.00   clock network delay (ideal)
   0.00   10.00   clock reconvergence pessimism
          10.00 ^ _462_/CLK (sky130_fd_sc_hd__dfxtp_1)
  -0.16    9.84   library setup time
           9.84   data required time
---------------------------------------------------------
           9.84   data required time
          -2.92   data arrival time
---------------------------------------------------------
           6.92   slack (MET)


tns max 0.00
wns max 0.00
worst slack max 6.92
OCV_DERATE_APPLIED early=0.95 late=1.05 flat-OCV
Group                                  Slack
--------------------------------------------
No paths found.

SIGNOFF_CHECK_TYPES_REPORTED recovery removal max_slew min_pulse_width max_capacitance
