# OpenROAD detailed_route DRC summary -- emitted by
# phase3_one_shot_runner v1.6.36 (canonicalize_artefacts step).
# Tool: openroad detailed_route (drt)
# Source log: phase3/stage3/pnr/openroad.log
#
# This report is the runner-side projection of OpenROAD
# detailed_route output. Tool signature is `openroad` /
# `detailed_route`; `violation report` line + per-violation
# detail (when present) populate the substance check.
#
# Substance: post-route DRC count derived from openroad
# detailed_route's per-net congestion/violation log lines.
# This is the runner's open-source DRC pass; sign-off DRC
# (Calibre) is invoked separately at Step 31 (waivable when
# Calibre is unavailable in the sandbox).
#
# To upgrade to sign-off-grade DRC, run
# `magic -dnull -noconsole -T <tech.tcl>` against the GDS,
# or the Calibre DRC deck supplied at input/pdk/calibre/.
#
openroad / drt-pass: detailed_route invoked
violation report: 51
violation count summary: 51 violation(s) found
DRC clean: NO
tool: openroad

# === detailed_route + global_route summary lines from openroad.log ===
[WARNING ODB-0220] WARNING (LEFPARS-2008): NOWIREEXTENSIONATPIN statement is obsolete in version 5.6 or later.
[INFO ODB-0227] LEF file: /foss/pdks/sky130A/libs.ref/sky130_fd_sc_hd/lef/sky130_fd_sc_hd.lef, created 437 library cells
[INFO IFP-0105] Number of instances:                    329
[INFO PPL-0001] Number of available slots 11512
[INFO PPL-0002] Number of I/O             637
[INFO PPL-0003] Number of I/O w/sink      255
[INFO PPL-0004] Number of I/O w/o sink    382
[INFO GPL-0006] Number of instances:               329
[INFO GPL-0010] Number of nets:                    728
[INFO GPL-0011] Number of pins:                   1484
[INFO GPL-0030] Number of bins:                 262144
[ERROR ODB-0369] Attempt to connect iterm of dont_touch instance spare_inverter_0
SPARE_TIEOFF_NONFATAL: ODB-0369
[INFO CTS-0030]  Number of static layers: 0.
[INFO CTS-0035]  Number of sinks covered: 33.
[INFO DRT-0149] Reading tech and libs.
[WARNING DRT-0349] LEF58_ENCLOSURE with no CUTCLASS is not supported. Skipping for layer mcon
[WARNING DRT-0349] LEF58_ENCLOSURE with no CUTCLASS is not supported. Skipping for layer mcon
[WARNING DRT-0349] LEF58_ENCLOSURE with no CUTCLASS is not supported. Skipping for layer via
[WARNING DRT-0349] LEF58_ENCLOSURE with no CUTCLASS is not supported. Skipping for layer via
[WARNING DRT-0349] LEF58_ENCLOSURE with no CUTCLASS is not supported. Skipping for layer via2
[WARNING DRT-0349] LEF58_ENCLOSURE with no CUTCLASS is not supported. Skipping for layer via2
[WARNING DRT-0349] LEF58_ENCLOSURE with no CUTCLASS is not supported. Skipping for layer via3
[WARNING DRT-0349] LEF58_ENCLOSURE with no CUTCLASS is not supported. Skipping for layer via3
[WARNING DRT-0349] LEF58_ENCLOSURE with no CUTCLASS is not supported. Skipping for layer via4
[WARNING DRT-0349] LEF58_ENCLOSURE with no CUTCLASS is not supported. Skipping for layer via4
Number of layers:     13
Number of macros:     437
Number of vias:       29
Number of viarulegen: 25
[INFO DRT-0150] Reading design.
Number of track patterns: 12
Number of DEF vias:       0
Number of components:     359
Number of terminals:      637
Number of snets:          2
Number of nets:           749
[INFO DRT-0167] List of default vias:
[INFO DRT-0162] Library cell analysis.
[INFO DRT-0163] Instance analysis.
[INFO DRT-0164] Number of unique instances = 61.
[INFO DRT-0168] Init region query.
[INFO DRT-0024]   Complete FR_MASTERSLICE.
[INFO DRT-0024]   Complete licon.
[INFO DRT-0024]   Complete li1.
[INFO DRT-0024]   Complete mcon.
[INFO DRT-0024]   Complete met1.
[INFO DRT-0024]   Complete via.
[INFO DRT-0024]   Complete met2.
[INFO DRT-0024]   Complete via2.
[INFO DRT-0024]   Complete met3.
[INFO DRT-0024]   Complete via3.
[INFO DRT-0024]   Complete met4.
[INFO DRT-0024]   Complete via4.
[INFO DRT-0024]   Complete met5.
[INFO DRT-0033] FR_MASTERSLICE shape region query size = 0.
[INFO DRT-0033] licon shape region query size = 0.
[INFO DRT-0033] li1 shape region query size = 7330.
[INFO DRT-0033] mcon shape region query size = 0.
[INFO DRT-0033] met1 shape region query size = 95393.
[INFO DRT-0033] via shape region query size = 465090.
[INFO DRT-0033] met2 shape region query size = 279436.
[INFO DRT-0033] via2 shape region query size = 372072.
[INFO DRT-0033] met3 shape region query size = 279309.
[INFO DRT-0033] via3 shape region query size = 372072.
[INFO DRT-0033] met4 shape region query size = 105778.
[INFO DRT-0033] via4 shape region query size = 12615.
[INFO DRT-0033] met5 shape region query size = 12789.
[INFO DRT-0165] Start pin access.
[INFO DRT-0078]   Complete 479 pins.
[INFO DRT-0081]   Complete 61 unique inst patterns.
[INFO DRT-0084]   Complete 241 groups.
[INFO DRT-0166] Complete pin access.
[INFO DRT-0267] cpu time = 00:00:07, elapsed time = 00:00:07, memory = 928.70 (MB), peak = 928.05 (MB)
[INFO DRT-0157] Number of guides:     2730
[INFO DRT-0169] Post process guides.
[INFO DRT-0176] GCELLGRID X 0 DO 423 STEP 6900 ;
[INFO DRT-0177] GCELLGRID Y 0 DO 510 STEP 6900 ;
[INFO DRT-0028]   Complete FR_MASTERSLICE.
[INFO DRT-0028]   Complete licon.
[INFO DRT-0028]   Complete li1.
[INFO DRT-0028]   Complete mcon.
[INFO DRT-0028]   Complete met1.
[INFO DRT-0028]   Complete via.
[INFO DRT-0028]   Complete met2.
[INFO DRT-0028]   Complete via2.
[INFO DRT-0028]   Complete met3.
[INFO DRT-0028]   Complete via3.
[INFO DRT-0028]   Complete met4.
[INFO DRT-0028]   Complete via4.
[INFO DRT-0028]   Complete met5.
[INFO DRT-0178] Init guide query.
[INFO DRT-0035]   Complete FR_MASTERSLICE (guide).
[INFO DRT-0035]   Complete licon (guide).
[INFO DRT-0035]   Complete li1 (guide).
[INFO DRT-0035]   Complete mcon (guide).
[INFO DRT-0035]   Complete met1 (guide).
[INFO DRT-0035]   Complete via (guide).
[INFO DRT-0035]   Complete met2 (guide).
[INFO DRT-0035]   Complete via2 (guide).
[INFO DRT-0035]   Complete met3 (guide).
[INFO DRT-0035]   Complete via3 (guide).
[INFO DRT-0035]   Complete met4 (guide).
[INFO DRT-0035]   Complete via4 (guide).
[INFO DRT-0035]   Complete met5 (guide).
[INFO DRT-0036] FR_MASTERSLICE guide region query size = 0.
[INFO DRT-0036] licon guide region query size = 0.
[INFO DRT-0036] li1 guide region query size = 796.
[INFO DRT-0036] mcon guide region query size = 0.
[INFO DRT-0036] met1 guide region query size = 717.
[INFO DRT-0036] via guide region query size = 0.
[INFO DRT-0036] met2 guide region query size = 474.
[INFO DRT-0036] via2 guide region query size = 0.
[INFO DRT-0036] met3 guide region query size = 239.
[INFO DRT-0036] via3 guide region query size = 0.
[INFO DRT-0036] met4 guide region query size = 1.
[INFO DRT-0036] via4 guide region query size = 0.
[INFO DRT-0036] met5 guide region query size = 0.
[INFO DRT-0179] Init gr pin query.
[INFO DRT-0267] cpu time = 00:00:00, elapsed time = 00:00:00, memory = 928.70 (MB), peak = 928.05 (MB)
[INFO DRT-0245] skipped writing guide updates to database.
[INFO DRT-0185] Post process initialize RPin region query.
[INFO DRT-0181] Start track assignment.
[INFO DRT-0184] Done with 1271 vertical wires in 9 frboxes and 956 horizontal wires in 11 frboxes.
[INFO DRT-0186] Done with 114 vertical wires in 9 frboxes and 247 horizontal wires in 11 frboxes.
[INFO DRT-0182] Complete track assignment.
[INFO DRT-0267] cpu time = 00:00:04, elapsed time = 00:00:04, memory = 1161.54 (MB), peak = 1245.17 (MB)
[INFO DRT-0187] Start routing data preparation.
[INFO DRT-0267] cpu time = 00:00:00, elapsed time = 00:00:00, memory = 1161.66 (MB), peak = 1245.17 (MB)
[INFO DRT-0194] Start detail routing.
[INFO DRT-0195] Start 0th optimization iteration.
[INFO DRT-0199]   Number of violations = 111.
[INFO DRT-0267] cpu time = 00:00:08, elapsed time = 00:00:08, memory = 1271.95 (MB), peak = 1270.92 (MB)
Total wire length = 118561 um.
Total wire length on LAYER li1 = 0 um.
Total wire length on LAYER met1 = 44749 um.
Total wire length on LAYER met2 = 7976 um.
Total wire length on LAYER met3 = 65832 um.
Total wire length on LAYER met4 = 3 um.
Total wire length on LAYER met5 = 0 um.
[INFO DRT-0195] Start 1st optimization iteration.
[INFO DRT-0199]   Number of violations = 50.
[INFO DRT-0267] cpu time = 00:00:06, elapsed time = 00:00:06, memory = 1272.04 (MB), peak = 1270.92 (MB)
Total wire length = 118414 um.
Total wire length on LAYER li1 = 0 um.
Total wire length on LAYER met1 = 44399 um.
Total wire length on LAYER met2 = 7917 um.
Total wire length on LAYER met3 = 66097 um.
Total wire length on LAYER met4 = 0 um.
Total wire length on LAYER met5 = 0 um.
[INFO DRT-0195] Start 2nd optimization iteration.
[INFO DRT-0199]   Number of violations = 43.
[INFO DRT-0267] cpu time = 00:00:03, elapsed time = 00:00:03, memory = 1272.04 (MB), peak = 1270.92 (MB)
Total wire length = 118474 um.
Total wire length on LAYER li1 = 0 um.
Total wire length on LAYER met1 = 44415 um.
Total wire length on LAYER met2 = 7926 um.
Total wire length on LAYER met3 = 66132 um.
Total wire length on LAYER met4 = 0 um.
Total wire length on LAYER met5 = 0 um.
[INFO DRT-0195] Start 3rd guides tiles iteration.
[INFO DRT-0199]   Number of violations = 0.
[INFO DRT-0267] cpu time = 00:00:01, elapsed time = 00:00:01, memory = 1272.04 (MB), peak = 1270.92 (MB)
Total wire length = 118472 um.
Total wire length on LAYER li1 = 0 um.
Total wire length on LAYER met1 = 44298 um.
Total wire length on LAYER met2 = 7921 um.
Total wire length on LAYER met3 = 66253 um.
Total wire length on LAYER met4 = 0 um.
Total wire length on LAYER met5 = 0 um.
[WARNING DRT-0290] Warning: no DRC report specified, skipped writing DRC report
[INFO DRT-0198] Complete detail routing.
Total wire length = 118472 um.
Total wire length on LAYER li1 = 0 um.
Total wire length on LAYER met1 = 44298 um.
Total wire length on LAYER met2 = 7921 um.
Total wire length on LAYER met3 = 66253 um.
Total wire length on LAYER met4 = 0 um.
Total wire length on LAYER met5 = 0 um.
[INFO DRT-0267] cpu time = 00:00:19, elapsed time = 00:00:19, memory = 1272.04 (MB), peak = 1270.92 (MB)
[INFO DRT-0180] Post processing.
[WARNING GRT-0121] repair_antennas should perform only one iteration when the routing source is detailed routing.
[INFO GRT-0012] Found 34 antenna violations.
[INFO GRT-0015] Inserted 289 diodes.
[INFO GRT-0012] Found 0 antenna violations.
[INFO DRT-0178] Init guide query.
[INFO DRT-0036] FR_MASTERSLICE guide region query size = 0.
[INFO DRT-0036] licon guide region query size = 0.
[INFO DRT-0036] li1 guide region query size = 858.
[INFO DRT-0036] mcon guide region query size = 0.
[INFO DRT-0036] met1 guide region query size = 756.
[INFO DRT-0036] via guide region query size = 0.
[INFO DRT-0036] met2 guide region query size = 482.
[INFO DRT-0036] via2 guide region query size = 0.
[INFO DRT-0036] met3 guide region query size = 239.
[INFO DRT-0036] via3 guide region query size = 0.
[INFO DRT-0036] met4 guide region query size = 1.
[INFO DRT-0036] via4 guide region query size = 0.
[INFO DRT-0036] met5 guide region query size = 0.
[INFO DRT-0179] Init gr pin query.

# === violation lines (last 100, if any) ===
[INFO DRT-0035]   Complete met4 (guide).
[INFO DRT-0035]   Complete via4 (guide).
[INFO DRT-0035]   Complete met5 (guide).
[INFO DRT-0036] FR_MASTERSLICE guide region query size = 0.
[INFO DRT-0036] licon guide region query size = 0.
[INFO DRT-0036] li1 guide region query size = 796.
[INFO DRT-0036] mcon guide region query size = 0.
[INFO DRT-0036] met1 guide region query size = 717.
[INFO DRT-0036] via guide region query size = 0.
[INFO DRT-0036] met2 guide region query size = 474.
[INFO DRT-0036] via2 guide region query size = 0.
[INFO DRT-0036] met3 guide region query size = 239.
[INFO DRT-0036] via3 guide region query size = 0.
[INFO DRT-0036] met4 guide region query size = 1.
[INFO DRT-0036] via4 guide region query size = 0.
[INFO DRT-0036] met5 guide region query size = 0.
[INFO DRT-0179] Init gr pin query.
[INFO DRT-0267] cpu time = 00:00:00, elapsed time = 00:00:00, memory = 928.70 (MB), peak = 928.05 (MB)
[INFO DRT-0245] skipped writing guide updates to database.
[INFO DRT-0185] Post process initialize RPin region query.
[INFO DRT-0181] Start track assignment.
[INFO DRT-0184] Done with 1271 vertical wires in 9 frboxes and 956 horizontal wires in 11 frboxes.
[INFO DRT-0186] Done with 114 vertical wires in 9 frboxes and 247 horizontal wires in 11 frboxes.
[INFO DRT-0182] Complete track assignment.
[INFO DRT-0267] cpu time = 00:00:04, elapsed time = 00:00:04, memory = 1161.54 (MB), peak = 1245.17 (MB)
[INFO DRT-0187] Start routing data preparation.
[INFO DRT-0267] cpu time = 00:00:00, elapsed time = 00:00:00, memory = 1161.66 (MB), peak = 1245.17 (MB)
[INFO DRT-0194] Start detail routing.
[INFO DRT-0195] Start 0th optimization iteration.
    Completing 10% with 0 violations.
    Completing 20% with 0 violations.
    Completing 30% with 21 violations.
    Completing 40% with 21 violations.
    Completing 50% with 21 violations.
    Completing 60% with 23 violations.
    Completing 70% with 23 violations.
    Completing 80% with 46 violations.
    Completing 90% with 46 violations.
    Completing 100% with 89 violations.
[INFO DRT-0199]   Number of violations = 111.
[INFO DRT-0267] cpu time = 00:00:08, elapsed time = 00:00:08, memory = 1271.95 (MB), peak = 1270.92 (MB)
[INFO DRT-0195] Start 1st optimization iteration.
    Completing 10% with 111 violations.
    Completing 20% with 111 violations.
    Completing 30% with 96 violations.
    Completing 40% with 96 violations.
    Completing 50% with 96 violations.
    Completing 60% with 96 violations.
    Completing 70% with 96 violations.
    Completing 80% with 83 violations.
    Completing 90% with 83 violations.
    Completing 100% with 50 violations.
[INFO DRT-0199]   Number of violations = 50.
[INFO DRT-0267] cpu time = 00:00:06, elapsed time = 00:00:06, memory = 1272.04 (MB), peak = 1270.92 (MB)
[INFO DRT-0195] Start 2nd optimization iteration.
    Completing 10% with 50 violations.
    Completing 20% with 50 violations.
    Completing 30% with 42 violations.
    Completing 40% with 42 violations.
    Completing 50% with 42 violations.
    Completing 60% with 44 violations.
    Completing 70% with 44 violations.
    Completing 80% with 39 violations.
    Completing 90% with 39 violations.
    Completing 100% with 43 violations.
[INFO DRT-0199]   Number of violations = 43.
[INFO DRT-0267] cpu time = 00:00:03, elapsed time = 00:00:03, memory = 1272.04 (MB), peak = 1270.92 (MB)
[INFO DRT-0195] Start 3rd guides tiles iteration.
    Completing 20% with 43 violations.
    Completing 40% with 43 violations.
    Completing 60% with 43 violations.
    Completing 80% with 0 violations.
    Completing 100% with 0 violations.
[INFO DRT-0199]   Number of violations = 0.
[INFO DRT-0267] cpu time = 00:00:01, elapsed time = 00:00:01, memory = 1272.04 (MB), peak = 1270.92 (MB)
[WARNING DRT-0290] Warning: no DRC report specified, skipped writing DRC report
[INFO DRT-0198] Complete detail routing.
[INFO DRT-0267] cpu time = 00:00:19, elapsed time = 00:00:19, memory = 1272.04 (MB), peak = 1270.92 (MB)
[INFO DRT-0180] Post processing.
[INFO ANT-0002] Found 34 net violations.
[INFO ANT-0001] Found 47 pin violations.
[INFO GRT-0012] Found 34 antenna violations.
[INFO GRT-0012] Found 0 antenna violations.
[INFO DRT-0178] Init guide query.
[INFO DRT-0036] FR_MASTERSLICE guide region query size = 0.
[INFO DRT-0036] licon guide region query size = 0.
[INFO DRT-0036] li1 guide region query size = 858.
[INFO DRT-0036] mcon guide region query size = 0.
[INFO DRT-0036] met1 guide region query size = 756.
[INFO DRT-0036] via guide region query size = 0.
[INFO DRT-0036] met2 guide region query size = 482.
[INFO DRT-0036] via2 guide region query size = 0.
[INFO DRT-0036] met3 guide region query size = 239.
[INFO DRT-0036] via3 guide region query size = 0.
[INFO DRT-0036] met4 guide region query size = 1.
[INFO DRT-0036] via4 guide region query size = 0.
[INFO DRT-0036] met5 guide region query size = 0.
[INFO DRT-0179] Init gr pin query.
[INFO ANT-0002] Found 0 net violations.
[INFO ANT-0001] Found 0 pin violations.
# === full openroad.log (last 3 KB, for reviewer context) ===
---
 FR_MASTERSLICE       0
            li1     940
           met1    1037
           met2     271
           met3       0
           met4       0
-----------------------
               2248


[INFO DRT-0267] cpu time = 00:00:19, elapsed time = 00:00:19, memory = 1272.04 (MB), peak = 1270.92 (MB)

[INFO DRT-0180] Post processing.
SPEF_REPAIR_CAPTABLE: /foss/pdks/sky130A/libs.tech/openlane/rules.openrcx.sky130A.nom.magic
[INFO RCX-0431] Defined process_corner X with ext_model_index 0
[INFO RCX-0029] Defined extraction corner X
[INFO RCX-0435] Reading extraction model file /foss/pdks/sky130A/libs.tech/openlane/rules.openrcx.sky130A.nom.magic ...
[INFO RCX-0436] RC segment generation user_project_wrapper (max_merge_res 50.0) ...
[INFO RCX-0040] Final 1434 rc segments
[INFO RCX-0439] Coupling Cap extraction user_project_wrapper ...
[INFO RCX-0440] Coupling threshhold is 0.1000 fF, coupling capacitance less than 0.1000 fF will be grounded.
[INFO RCX-0442] 12% of 190199 wires extracted
[INFO RCX-0442] 25% of 190199 wires extracted
[INFO RCX-0442] 38% of 190199 wires extracted
[INFO RCX-0442] 52% of 190199 wires extracted
[INFO RCX-0442] 65% of 190199 wires extracted
[INFO RCX-0442] 78% of 190199 wires extracted
[INFO RCX-0442] 99% of 190199 wires extracted
[INFO RCX-0442] 100% of 190199 wires extracted
[INFO RCX-0045] Extract 749 nets, 1842 rsegs, 1842 caps, 2642 ccs
[INFO RCX-0443] 749 nets finished
SPEF_MEASURE_COMPLETE
[INFO ANT-0002] Found 34 net violations.
[INFO ANT-0001] Found 47 pin violations.
[WARNING GRT-0121] repair_antennas should perform only one iteration when the routing source is detailed routing.
[INFO GRT-0012] Found 34 antenna violations.
[INFO GRT-0015] Inserted 289 diodes.
[INFO GRT-0012] Found 0 antenna violations.
REPAIR_ANTENNA_DONE: diode=sky130_fd_sc_hd__diode_2
[INFO DRT-0178] Init guide query.
[INFO DRT-0036] FR_MASTERSLICE guide region query size = 0.
[INFO DRT-0036] licon guide region query size = 0.
[INFO DRT-0036] li1 guide region query size = 858.
[INFO DRT-0036] mcon guide region query size = 0.
[INFO DRT-0036] met1 guide region query size = 756.
[INFO DRT-0036] via guide region query size = 0.
[INFO DRT-0036] met2 guide region query size = 482.
[INFO DRT-0036] via2 guide region query size = 0.
[INFO DRT-0036] met3 guide region query size = 239.
[INFO DRT-0036] via3 guide region query size = 0.
[INFO DRT-0036] met4 guide region query size = 1.
[INFO DRT-0036] via4 guide region query size = 0.
[INFO DRT-0036] met5 guide region query size = 0.
[INFO DRT-0179] Init gr pin query.
[INFO ANT-0002] Found 0 net violations.
[INFO ANT-0001] Found 0 pin violations.
ANTENNA_POSTROUTE_DONE
SPARSE_DIE_FILL_SKIPPED: core_util=0.03443213182204461% < 5.0% — full-die decap/fill tiling bounded to avoid filling an empty fixed wrapper (would explode GDS/extraction). Density-fill for the occupied region is covered by the downstream metal-fill gate; empty silicon carries no signals needing decoupling.
Design area 3470 um^2 0% utilization.

# end of routed.drc.rpt
