# Electrical Rule Check (ERC) — OpenROAD open-source path
# (ORGANIC-20260531 Step 31 sub-item). Tool: openroad.
# sky130 ships only a Calibre PERC deck; this is the open-source
# electrical-rule screen (floating nets + ERC metrics) on the
# routed DEF. Full PERC (latch-up / ESD topology) needs Calibre.
#
ERC floating nets: 3
ERC clean: NO (review floating nets)

# === report_floating_nets / report_erc_metrics stdout ===
=== ERC: floating nets ===
[WARNING RSZ-0020] found 3 floating nets.
 VGND
 VPWR
 zero_
[WARNING RSZ-0095] found 15 floating pins.
 spare_aoi_0/A1
 spare_aoi_0/A2
 spare_aoi_0/B1
 spare_dff_0/CLK
 spare_dff_0/D
 spare_dff_0/RESET_B
 spare_inverter_0/A
 spare_inverter_1/A
 spare_mux2_0/A0
 spare_mux2_0/A1
 spare_mux2_0/S
 spare_nand2_0/A
 spare_nand2_0/B
 spare_nor2_0/A
 spare_nor2_0/B
=== ERC metrics ===

# === full ERC log (last 2 KB) ===
st-packages:/usr/lib/python3/dist-packages:/foss/tools/ngspyce/local/lib/python3.12/dist-packages:/foss/tools/openems/local/lib/python3.12/dist-packages:/foss/tools/pyopus/local/lib/python3.12/dist-packages:/foss/tools/yosys/share/yosys/python3:/foss/tools/klayout/pymod
OpenROAD 26Q1-990-g15af3a5c0 
Features included (+) or not (-): +GPU +GUI +Python
This program is licensed under the BSD-3 license. See the LICENSE file for details.
Components of this program may be licensed under more restrictive licenses which must be honored.
[INFO ODB-0227] LEF file: /foss/pdks/sky130A/libs.ref/sky130_fd_sc_hd/techlef/sky130_fd_sc_hd__nom.tlef, created 14 layers, 25 vias
[WARNING ODB-0220] WARNING (LEFPARS-2008): NOWIREEXTENSIONATPIN statement is obsolete in version 5.6 or later.
The NOWIREEXTENSIONATPIN statement will be ignored. See file /foss/pdks/sky130A/libs.ref/sky130_fd_sc_hd/lef/sky130_fd_sc_hd.lef at line 2.

[INFO ODB-0227] LEF file: /foss/pdks/sky130A/libs.ref/sky130_fd_sc_hd/lef/sky130_fd_sc_hd.lef, created 437 library cells
[INFO ODB-0127] Reading DEF file: /foss/designs/_bench7_caravel_v1034_cleanroom/caravel_r11/phase3/stage3/pnr/user_project_wrapper.def
[INFO ODB-0128] Design: user_project_wrapper
[INFO ODB-0130]     Created 637 pins.
[INFO ODB-0131]     Created 648 components and 3971 component-terminals.
[INFO ODB-0132]     Created 2 special nets and 1316 connections.
[INFO ODB-0133]     Created 749 nets and 1222 connections.
[INFO ODB-0134] Finished DEF file: /foss/designs/_bench7_caravel_v1034_cleanroom/caravel_r11/phase3/stage3/pnr/user_project_wrapper.def
=== ERC: floating nets ===
[WARNING RSZ-0020] found 3 floating nets.
 VGND
 VPWR
 zero_
[WARNING RSZ-0095] found 15 floating pins.
 spare_aoi_0/A1
 spare_aoi_0/A2
 spare_aoi_0/B1
 spare_dff_0/CLK
 spare_dff_0/D
 spare_dff_0/RESET_B
 spare_inverter_0/A
 spare_inverter_1/A
 spare_mux2_0/A0
 spare_mux2_0/A1
 spare_mux2_0/S
 spare_nand2_0/A
 spare_nand2_0/B
 spare_nor2_0/A
 spare_nor2_0/B
=== ERC metrics ===


# end of erc.rpt
