OpenROAD 26Q1-990-g15af3a5c0 
Features included (+) or not (-): +GPU +GUI +Python
This program is licensed under the BSD-3 license. See the LICENSE file for details.
Components of this program may be licensed under more restrictive licenses which must be honored.
[INFO ODB-0227] LEF file: /foss/pdks/sky130A/libs.ref/sky130_fd_sc_hd/techlef/sky130_fd_sc_hd__nom.tlef, created 14 layers, 25 vias
[WARNING ODB-0220] WARNING (LEFPARS-2008): NOWIREEXTENSIONATPIN statement is obsolete in version 5.6 or later.
The NOWIREEXTENSIONATPIN statement will be ignored. See file /foss/pdks/sky130A/libs.ref/sky130_fd_sc_hd/lef/sky130_fd_sc_hd.lef at line 2.

[INFO ODB-0227] LEF file: /foss/pdks/sky130A/libs.ref/sky130_fd_sc_hd/lef/sky130_fd_sc_hd.lef, created 437 library cells
[INFO ODB-0127] Reading DEF file: /foss/designs/_bench7_caravel_v1034_cleanroom/caravel_r11/phase3/stage3/pnr/user_project_wrapper.def
[INFO ODB-0128] Design: user_project_wrapper
[INFO ODB-0130]     Created 637 pins.
[INFO ODB-0131]     Created 648 components and 3971 component-terminals.
[INFO ODB-0132]     Created 2 special nets and 1316 connections.
[INFO ODB-0133]     Created 749 nets and 1222 connections.
[INFO ODB-0134] Finished DEF file: /foss/designs/_bench7_caravel_v1034_cleanroom/caravel_r11/phase3/stage3/pnr/user_project_wrapper.def
=== PSM_NET VPWR ===
[INFO PSM-0040] All shapes on net VPWR are connected.
[INFO PSM-0073] Using bump pattern with x-pitch 140.0000um, y-pitch 140.0000um, and size 70.0000um with an reduction factor of 3x.
########## IR report #################
Net              : VPWR
Corner           : default
Total power      : 3.38e-04 W
Supply voltage   : 1.80e+00 V
Worstcase voltage: 1.80e+00 V
Average voltage  : 1.80e+00 V
Average IR drop  : 2.93e-07 V
Worstcase IR drop: 1.29e-04 V
Percentage drop  : 0.01 %
######################################
########## EM analysis ###############
Net                : VPWR
Corner             : default
Maximum current    : 2.81e-05 A
Average current    : 2.74e-08 A
Number of resistors: 261852
######################################
