# PERC-equivalent coverage report — open-source aggregate
# (ORGANIC-20260601 v2.3 Step 28 PERC / 'last commercial gate').
# Calibre PERC = Programmable Electrical Rule Check (ties layout to
# circuit). Commercial Calibre PERC was NOT run. This aggregates the
# open-source equivalents for the 7 PERC categories.
#
# Status legend: AUTOMATED = tool-proven | GUARDBAND = design rule |
#   MANUAL_REVIEW = needs human sign-off | N/A = does not apply.
#
OVERALL VERDICT: PERC_EQUIV_INCOMPLETE
Commercial Calibre PERC run: NO (open-source equivalent)

# === Per-category status ===
  [AUTOMATED    ] PASS           Antenna
       tool: OpenROAD check_antennas  (tool verdict: PASS)
       
  [AUTOMATED    ] PASS           IR drop
       tool: OpenROAD PSM analyze_power_grid  (tool verdict: PASS)
       
  [AUTOMATED    ] INCOMPLETE     EM (electromigration)
       tool: OpenROAD PSM analyze_power_grid -enable_em  (tool verdict: MEASURED)
       measurement-only artifact (no budget comparison applied) — review required (#444)
  [AUTOMATED    ] REVIEW         Floating nets
       tool: OpenROAD report_floating_nets (ERC screen)  (tool verdict: BENIGN-ERC)
       benign float verdict from the #696 ERC screen (VPWR/VGND/zero_/spare structural floats) — non-blocking review item, not a conclusive PERC defect (#698)
  [GUARDBAND    ] GUARDBAND      EM current-density / via-array guardband
       tool: design-rule (guardband)
       stated as a GUARDBAND, NOT a commercial-tool EM sign-off; verify against the PDK Jmax tables at the target lifetime.
  [N/A          ] N/A            ESD protection presence
       tool: DEF/GDS pad-ring scan (presence) + MANUAL confirm
       N/A (no pad ring — core macro). ESD protection is the top-level pad frame's responsibility; a core-only macro has no chip pads to protect. (0 structural ring filler(s) seen.)
  [MANUAL_REVIEW] MANUAL_REVIEW  Latch-up well-tap presence
       tool: DEF COMPONENTS well/substrate-tap scan (open-source PERC-equiv)
       ZERO_TAPS: 359 placed std cell(s) but 0 valid well/substrate-tap cells — no substrate/well ties = categorical latch-up exposure (the tapcell step was skipped). Conclusive structural GAP; fix before sign-off.
  [MANUAL_REVIEW] MANUAL_REVIEW  Latch-up / well-tap (spacing + device-physics)
       tool: Magic DRC well-tap rules (rides existing DRC deck) + MANUAL
       tap PRESENCE is automated above; tap SPACING (max-tap-distance) is screened by the Magic/KLayout DRC deck; full latch-up sign-off (holding voltage Vhold>Vdd, parasitic-SCR beta product, guard-ring efficacy under injected substrate current) needs commercial PERC + manual confirm — device physics, not derivable from DEF.
  [N/A          ] N/A            Cross-voltage-domain
       tool: DEF NETS+SPECIALNETS power-domain count + level-shifter cell scan
       single supply (1 power / 1 ground domain family, via USE-keyword) — no cross-voltage-domain crossings possible.
  [SEMI_AUTOMATED] WELLTAP_SPARSE_DIE_DEFERRED Latch-up tap spacing (geometry)
       tool: DEF tap/std-cell placement coverage screen (open-source)
       359 placed std cell(s) and 0 rated taps, but the runner ATTESTED a deliberate sparse-die tapcell skip (#684) — full-die tapcell tiling was bounded on a sub-threshold fixed wrapper. Tap insertion over the occupied region is a REVIEW open item against the real foundry tap-distance rule, NOT a conclusive structural GAP. (A non-sparse 0-tap design still FAILs ZERO_TAPS.)
  [SEMI_AUTOMATED] NA             Guard-ring topology (geometry)
       tool: DEF guard-ring master + IO/high-current proximity screen
       No guard-ring cells AND no IO / high-current cells placed — a low-current digital core; core guard rings are not expected (latch-up robustness rests on tap density, screened separately).

# === Honesty statement ===
# Commercial Calibre PERC NOT run (environment). The open-source equivalents above cover the primary risks; ESD / latch-up / cross-voltage-domain require the listed MANUAL confirmation and are NOT reported as automated PASS.
# MANUAL items still pending sign-off: Latch-up well-tap presence, Latch-up / well-tap (spacing + device-physics)
# end of perc_equivalent.rpt
