# Signal-integrity / crosstalk — TIMING-WINDOW-AWARE ADVISORY screen (OPEN-SOURCE)
# si_signoff_timing_aware.py. Source: OpenSTA arrival windows + SPEF coupling caps.
# SPEF:   /home/reyerchu/AI_IC_design/_bench7_caravel_v1034_cleanroom/caravel_r11/phase3/stage3/extracted/user_project_wrapper.spef
# TIMING: /home/reyerchu/AI_IC_design/_bench7_caravel_v1034_cleanroom/caravel_r11/phase3/stage3/extracted/user_project_wrapper_si_timing.json
#
# SCOPE: this is a timing-window-aware ADVISORY SCREEN that upgrades the floating-
#        victim coupling-ratio advisory bound by adding switching-window decoupling.
#        It is a LUMPED capacitive-divider model gated by OpenSTA windows + driver
#        damping. It is NOT a full RLC(K) transmission-line commercial SI sign-off
#        and does NOT claim commercial equivalence.
#        CONCLUSIVE ONLY in the decoupled-safe direction (non-overlapping windows =>
#        a coupling event is timing-impossible => conclusively safe). The flagged /
#        over-margin direction is NOT a proven failure -- the floating divider bound
#        over-claims on a driven victim (high coupling ratio in dense routing is
#        normal). It is an ADVISORY watch-list that needs foundry CCS-Noise / RLC(K)
#        models for a true pass/fail (a PHYSICAL need for foundry-calibrated models,
#        not commercial-tool lock-in). NO build-failing verdict is ever emitted.
#
vdd_v: 1.8
noise_margin_mv: 100.0
driven_damping_derate: 0.5
nets_analyzed: 408
coupling_pairs: 1902
pairs_evaluated: 3804
pairs_decoupled_by_window (CONCLUSIVELY SAFE): 706
max_base_noise_mv (floating bound): 1783.34
max_gated_noise_mv (driven+window): 891.67
watchlist_high_count (overlap+over-margin; flagged, NOT proven-fail): 1437
watchlist_low_count (floating-bound over margin, gating cleared): 256
crosstalk: SI_TIMING_AWARE_SCREEN
#
# --- HIGH watch-list (overlap AND gated bound > margin; ADVISORY, flagged for commercial SI review -- NOT a proven failure) ---
#   victim=_007_ aggressor=_091_ gated=891.67mV base=1783.34mV driven=True
#   victim=_007_ aggressor=io_oeb[37] gated=889.59mV base=1779.19mV driven=True
#   victim=_143_ aggressor=_034_ gated=888.48mV base=1776.96mV driven=True
#   victim=_143_ aggressor=io_oeb[37] gated=888.48mV base=1776.96mV driven=True
#   victim=_070_ aggressor=_088_ gated=888.33mV base=1776.65mV driven=True
#   victim=_070_ aggressor=_060_ gated=878.44mV base=1756.88mV driven=True
#   victim=_118_ aggressor=_110_ gated=863.97mV base=1727.94mV driven=True
#   victim=_113_ aggressor=net2 gated=863.32mV base=1726.64mV driven=True
#   victim=_061_ aggressor=wbs_dat_i[3] gated=860.05mV base=1720.1mV driven=True
#   victim=_084_ aggressor=io_oeb[37] gated=856.93mV base=1713.85mV driven=True
#   victim=la_data_out[49] aggressor=la_data_out[48] gated=856.86mV base=1713.71mV driven=True
#   victim=_089_ aggressor=_034_ gated=855.94mV base=1711.88mV driven=True
#   victim=_147_ aggressor=mprj\.counter\.count[13] gated=854.73mV base=1709.46mV driven=True
#   victim=la_data_in[62] aggressor=la_data_in[60] gated=851.74mV base=1703.47mV driven=True
#   victim=la_data_out[48] aggressor=la_data_out[49] gated=850.27mV base=1700.54mV driven=True
#   victim=_147_ aggressor=mprj\.counter\.count[14] gated=849.53mV base=1699.06mV driven=True
#   victim=la_data_in[62] aggressor=la_data_in[56] gated=849.13mV base=1698.26mV driven=True
#   victim=la_data_out[81] aggressor=la_data_out[80] gated=848.8mV base=1697.59mV driven=True
#   victim=_121_ aggressor=io_oeb[37] gated=847.25mV base=1694.5mV driven=True
#   victim=la_data_out[48] aggressor=la_data_out[47] gated=842.53mV base=1685.06mV driven=True
#   victim=la_data_out[44] aggressor=la_data_out[45] gated=841.09mV base=1682.18mV driven=True
#   victim=la_data_out[86] aggressor=la_data_out[85] gated=840.66mV base=1681.32mV driven=True
#   victim=_054_ aggressor=_068_ gated=840.53mV base=1681.05mV driven=True
#   victim=la_data_out[45] aggressor=la_data_out[44] gated=840.4mV base=1680.81mV driven=True
#   victim=la_oenb[50] aggressor=la_oenb[57] gated=838.61mV base=1677.22mV driven=True
#   victim=la_oenb[50] aggressor=la_oenb[55] gated=836.31mV base=1672.61mV driven=True
#   victim=la_data_out[80] aggressor=la_data_out[81] gated=835.69mV base=1671.38mV driven=True
#   victim=_149_ aggressor=_146_ gated=835.67mV base=1671.34mV driven=True
#   victim=la_data_in[60] aggressor=la_data_in[62] gated=835.67mV base=1671.33mV driven=True
#   victim=la_oenb[49] aggressor=la_oenb[52] gated=835.46mV base=1670.91mV driven=True
#   victim=la_data_out[81] aggressor=la_oenb[64] gated=834.46mV base=1668.93mV driven=True
#   victim=wbs_dat_i[9] aggressor=wbs_dat_i[15] gated=834.27mV base=1668.53mV driven=True
#   victim=la_data_out[41] aggressor=mprj\.counter\.count[1] gated=832.04mV base=1664.08mV driven=True
#   victim=wbs_dat_i[11] aggressor=wb_clk_i gated=830.84mV base=1661.67mV driven=True
#   victim=la_oenb[62] aggressor=la_oenb[60] gated=830.56mV base=1661.12mV driven=True
#   victim=la_data_out[69] aggressor=la_data_out[68] gated=829.47mV base=1658.94mV driven=True
#   victim=wbs_dat_i[2] aggressor=wbs_dat_i[6] gated=829.1mV base=1658.2mV driven=True
#   victim=_070_ aggressor=_087_ gated=828.93mV base=1657.87mV driven=True
#   victim=_054_ aggressor=_057_ gated=828.76mV base=1657.51mV driven=True
#   victim=wbs_dat_i[6] aggressor=wbs_dat_i[2] gated=828.39mV base=1656.78mV driven=True
#   victim=_114_ aggressor=_086_ gated=827.58mV base=1655.15mV driven=True
#   victim=_114_ aggressor=wbs_dat_i[15] gated=827.58mV base=1655.17mV driven=True
#   victim=la_data_out[41] aggressor=la_data_out[40] gated=827.36mV base=1654.72mV driven=True
#   victim=mprj\.counter\.rdata[5] aggressor=mprj\.counter\.rdata[15] gated=827.2mV base=1654.41mV driven=True
#   victim=la_data_out[66] aggressor=la_data_out[65] gated=827.06mV base=1654.13mV driven=True
#   victim=_149_ aggressor=wbs_dat_i[14] gated=826.95mV base=1653.9mV driven=True
#   victim=la_oenb[55] aggressor=la_oenb[50] gated=826.49mV base=1652.98mV driven=True
#   victim=la_data_out[68] aggressor=la_data_out[69] gated=826.48mV base=1652.96mV driven=True
#   victim=la_oenb[52] aggressor=la_oenb[49] gated=826.23mV base=1652.45mV driven=True
#   victim=la_oenb[57] aggressor=la_oenb[50] gated=825.42mV base=1650.85mV driven=True
# end of si_crosstalk_timing_aware.rpt
