# Signal-integrity / crosstalk — REAL SPEF coupling-cap screen
# phase3_one_shot_runner (Step 27). Source: OpenRCX SPEF coupling caps.
# SPEF: /home/reyerchu/AI_IC_design/_bench7_caravel_v1034_cleanroom/caravel_r11/phase3/stage3/extracted/user_project_wrapper.spef
#
nets_analyzed: 1090
max_coupling_ratio: 0.9978
mean_coupling_ratio: 0.4327
nets_elevated (ratio>0.5): 550
nets_coupling_dominated (ratio>0.9, advisory watch-list): 224
max_crosstalk_noise: 1796.07 mV (worst-case FLOATING-victim capacitive-divider bound @ Vdd=1.8V; driven victims see far less)
violations_count: 0 (screen — coupling ratio alone is not a proven failure; full SI sign-off needs a timing-window/driver-strength tool)
crosstalk: SI_SPEF_SCREEN_PASS
#
# --- TIMING-WINDOW-AWARE ADVISORY (switching-window gating) ---
# ADVISORY screen UPGRADE, NOT a commercial pass/fail SI sign-off.
# Conclusive ONLY in the decoupled-safe direction; the HIGH
# watch-list is flagged-for-review, NOT a proven failure. Does
# NOT change violations_count and never blocks the build.
si_timing_aware_verdict: SI_TIMING_AWARE_SCREEN
pairs_decoupled_by_window (CONCLUSIVELY SAFE): 706
watchlist_high_count (overlap+over-margin; flagged, NOT proven-fail): 1437
watchlist_low_count (floating-bound over margin, gating cleared): 256
max_gated_noise_mv (driven+window): 891.67
# end of si_crosstalk.rpt
