Startpoint: wbs_stb_i (input port clocked by clk)
Endpoint: _327_ (rising edge-triggered flip-flop clocked by clk)
Path Group: clk
Path Type: max
Corner: ss

  Delay    Time   Description
---------------------------------------------------------
   0.00    0.00   clock clk (rise edge)
   0.00    0.00   clock network delay (propagated)
   2.00    2.00 ^ input external delay
   0.00    2.00 ^ wbs_stb_i (in)
   0.40    2.40 ^ input140/X (sky130_fd_sc_hd__buf_4)
   0.83    3.23 ^ wire408/X (sky130_fd_sc_hd__clkbuf_4)
   0.79    4.02 ^ wire407/X (sky130_fd_sc_hd__buf_6)
   0.64    4.66 ^ wire145/X (sky130_fd_sc_hd__clkbuf_16)
   0.29    4.95 ^ wire398/X (sky130_fd_sc_hd__clkbuf_2)
   0.64    5.59 ^ wire458/X (sky130_fd_sc_hd__clkbuf_2)
   0.81    6.40 ^ wire397/X (sky130_fd_sc_hd__clkbuf_2)
   0.84    7.24 ^ wire396/X (sky130_fd_sc_hd__clkbuf_2)
   0.86    8.10 ^ wire395/X (sky130_fd_sc_hd__clkbuf_2)
   0.82    8.92 ^ wire394/X (sky130_fd_sc_hd__clkbuf_4)
   0.45    9.37 v _247_/Y (sky130_fd_sc_hd__a22oi_1)
   1.41   10.78 v _250_/X (sky130_fd_sc_hd__or4_1)
   2.07   12.85 v _253_/X (sky130_fd_sc_hd__or4_2)
   0.76   13.60 v place63/X (sky130_fd_sc_hd__clkbuf_4)
   0.55   14.15 v place62/X (sky130_fd_sc_hd__clkbuf_4)
   0.58   14.73 ^ _193_/Y (sky130_fd_sc_hd__nor3_2)
   0.32   15.05 v _194_/Y (sky130_fd_sc_hd__a21oi_1)
   0.52   15.57 v _197_/X (sky130_fd_sc_hd__o22a_1)
   0.37   15.93 ^ _198_/Y (sky130_fd_sc_hd__nor2_1)
   0.36   16.29 ^ _542_/X (sky130_fd_sc_hd__mux2_1)
   0.00   16.29 ^ _327_/D (sky130_fd_sc_hd__dfxtp_2)
          16.29   data arrival time

  25.00   25.00   clock clk (rise edge)
   1.60   26.60   clock network delay (propagated)
   0.00   26.60   clock reconvergence pessimism
          26.60 ^ _327_/CLK (sky130_fd_sc_hd__dfxtp_2)
  -0.13   26.47   library setup time
          26.47   data required time
---------------------------------------------------------
          26.47   data required time
         -16.29   data arrival time
---------------------------------------------------------
          10.18   slack (MET)


