Startpoint: _476_ (rising edge-triggered flip-flop clocked by clk)
Endpoint: _444_ (rising edge-triggered flip-flop clocked by clk)
Path Group: clk
Path Type: max
Corner: ss

  Delay    Time   Description
---------------------------------------------------------
   0.00    0.00   clock clk (rise edge)
   0.52    0.52   clock network delay (propagated)
   0.00    0.52 ^ _476_/CLK (sky130_fd_sc_hd__dfxtp_2)
   1.26    1.78 ^ _476_/Q (sky130_fd_sc_hd__dfxtp_2)
   1.05    2.83 ^ place3/X (sky130_fd_sc_hd__buf_2)
   0.42    3.25 v _332_/Y (sky130_fd_sc_hd__nand2_1)
   0.35    3.60 ^ _336_/Y (sky130_fd_sc_hd__xnor2_1)
   0.14    3.74 v _337_/Y (sky130_fd_sc_hd__nor2_1)
   0.00    3.74 v _444_/D (sky130_fd_sc_hd__dfxtp_1)
           3.74   data arrival time

  10.00   10.00   clock clk (rise edge)
   0.52   10.52   clock network delay (propagated)
   0.00   10.52   clock reconvergence pessimism
          10.52 ^ _444_/CLK (sky130_fd_sc_hd__dfxtp_1)
  -0.32   10.20   library setup time
          10.20   data required time
---------------------------------------------------------
          10.20   data required time
          -3.74   data arrival time
---------------------------------------------------------
           6.46   slack (MET)


