
 /----------------------------------------------------------------------------\
 |  yosys -- Yosys Open SYnthesis Suite                                       |
 |  Copyright (C) 2012 - 2026  Claire Xenia Wolf <claire@yosyshq.com>         |
 |  Distributed under an ISC-like license, type "license" to see terms        |
 \----------------------------------------------------------------------------/
 Yosys 0.67+ (git sha1 330b3eb19, Release, GNU /usr/bin/c++ 13.3.0) [github.com/vibeic/yosys at HEAD]

-- Executing script file `/home/reyerchu/campaign_v1565/spm/converge_1.5.65_sky130A/reports/lec_equiv.ys' --

1. Executing Verilog-2005 frontend: /home/reyerchu/campaign_v1565/spm/converge_1.5.65_sky130A/phase2/stage1/rtl/spm.v
Parsing SystemVerilog input from `/home/reyerchu/campaign_v1565/spm/converge_1.5.65_sky130A/phase2/stage1/rtl/spm.v' to AST representation.
Generating RTLIL representation for module `\spm'.
Successfully finished Verilog frontend.

2. Executing PREP pass.

2.1. Executing HIERARCHY pass (managing design hierarchy).

2.1.1. Analyzing design hierarchy..
Top module:  \spm

2.1.2. Analyzing design hierarchy..
Top module:  \spm
Removed 0 unused modules.

2.2. Executing PROC pass (convert processes to netlists).

2.2.1. Executing PROC_CLEAN pass (remove empty switches from decision trees).
Cleaned up 0 empty switches.

2.2.2. Executing PROC_RMDEAD pass (remove dead branches from decision trees).
Marked 1 switch rules as full_case in process $proc$/home/reyerchu/campaign_v1565/spm/converge_1.5.65_sky130A/phase2/stage1/rtl/spm.v:93$8 in module spm.
Removed a total of 0 dead cases.

2.2.3. Executing PROC_PRUNE pass (remove redundant assignments in processes).
Removed 4 redundant assignments.
Promoted 0 assignments to connections.

2.2.4. Executing PROC_INIT pass (extract init attributes).

2.2.5. Executing PROC_ARST pass (detect async resets in processes).

2.2.6. Executing PROC_ROM pass (convert switches to ROMs).
Converted 0 switches.
<suppressed ~1 debug messages>

2.2.7. Executing PROC_MUX pass (convert decision trees to multiplexers).
Creating decoders for process `\spm.$proc$/home/reyerchu/campaign_v1565/spm/converge_1.5.65_sky130A/phase2/stage1/rtl/spm.v:93$8'.
     1/4: $0\p_reg[0:0]
     2/4: $0\c[31:0]
     3/4: $0\s[31:0]
     4/4: $0\y_rep[3:0]

2.2.8. Executing PROC_DLATCH pass (convert process syncs to latches).

2.2.9. Executing PROC_DFF pass (convert process syncs to FFs).
Creating register for signal `\spm.\c' using process `\spm.$proc$/home/reyerchu/campaign_v1565/spm/converge_1.5.65_sky130A/phase2/stage1/rtl/spm.v:93$8'.
  created $dff cell `$procdff$53' with positive edge clock.
Creating register for signal `\spm.\y_rep' using process `\spm.$proc$/home/reyerchu/campaign_v1565/spm/converge_1.5.65_sky130A/phase2/stage1/rtl/spm.v:93$8'.
  created $dff cell `$procdff$54' with positive edge clock.
Creating register for signal `\spm.\s' using process `\spm.$proc$/home/reyerchu/campaign_v1565/spm/converge_1.5.65_sky130A/phase2/stage1/rtl/spm.v:93$8'.
  created $dff cell `$procdff$55' with positive edge clock.
Creating register for signal `\spm.\p_reg' using process `\spm.$proc$/home/reyerchu/campaign_v1565/spm/converge_1.5.65_sky130A/phase2/stage1/rtl/spm.v:93$8'.
  created $dff cell `$procdff$56' with positive edge clock.

2.2.10. Executing PROC_MEMWR pass (convert process memory writes to cells).

2.2.11. Executing PROC_CLEAN pass (remove empty switches from decision trees).
Found and cleaned up 1 empty switch in `\spm.$proc$/home/reyerchu/campaign_v1565/spm/converge_1.5.65_sky130A/phase2/stage1/rtl/spm.v:93$8'.
Removing empty process `spm.$proc$/home/reyerchu/campaign_v1565/spm/converge_1.5.65_sky130A/phase2/stage1/rtl/spm.v:93$8'.
Cleaned up 1 empty switch.

2.2.12. Executing OPT_EXPR pass (perform const folding).
Optimizing module spm.

2.3. Executing FUTURE pass.

2.4. Executing OPT_EXPR pass (perform const folding).
Optimizing module spm.

2.5. Executing OPT_CLEAN pass (remove unused cells and wires).
Finding unused cells or wires in module \spm..
Removed 0 unused cells and 42 unused wires.
<suppressed ~1 debug messages>

2.6. Executing CHECK pass (checking for obvious problems).
Checking module spm...
Found and reported 0 problems.

2.7. Executing OPT pass (performing simple optimizations).

2.7.1. Executing OPT_EXPR pass (perform const folding).
Optimizing module spm.

2.7.2. Executing OPT_MERGE pass (detect identical cells).
Finding identical cells in module `\spm'.
Computing hashes of 47 cells of `\spm'.
Finding duplicate cells in `\spm'.
Removed a total of 0 cells.

2.7.3. Executing OPT_MUXTREE pass (detect dead branches in mux trees).
Running muxtree optimizer on module \spm..
  Creating internal representation of mux trees.
  Evaluating internal representation of mux trees.
  Analyzing evaluation results.
Removed 0 multiplexer ports.
<suppressed ~8 debug messages>

2.7.4. Executing OPT_REDUCE pass (consolidate $*mux and $reduce_* inputs).
  Optimizing cells in module \spm.
Performed a total of 0 changes.

2.7.5. Executing OPT_MERGE pass (detect identical cells).
Finding identical cells in module `\spm'.
Computing hashes of 47 cells of `\spm'.
Finding duplicate cells in `\spm'.
Removed a total of 0 cells.

2.7.6. Executing OPT_CLEAN pass (remove unused cells and wires).
Finding unused cells or wires in module \spm..

2.7.7. Executing OPT_EXPR pass (perform const folding).
Optimizing module spm.

2.7.8. Finished fast OPT passes. (There is nothing left to do.)

2.8. Executing WREDUCE pass (reducing word size of cells).
Removed top 1 bits (of 32) from mux cell spm.$procmux$48 ($mux).
Removed top 1 bits (of 32) from wire spm.$0\s[31:0].

2.9. Executing OPT_CLEAN pass (remove unused cells and wires).
Finding unused cells or wires in module \spm..
Removed 0 unused cells and 1 unused wires.
<suppressed ~1 debug messages>

2.10. Executing MEMORY_COLLECT pass (generating $mem cells).

2.11. Executing OPT pass (performing simple optimizations).

2.11.1. Executing OPT_EXPR pass (perform const folding).
Optimizing module spm.

2.11.2. Executing OPT_MERGE pass (detect identical cells).
Finding identical cells in module `\spm'.
Computing hashes of 47 cells of `\spm'.
Finding duplicate cells in `\spm'.
Removed a total of 0 cells.

2.11.3. Executing OPT_CLEAN pass (remove unused cells and wires).
Finding unused cells or wires in module \spm..

2.11.4. Finished fast OPT passes.

2.12. Executing SORT pass.

2.13. Printing statistics.

=== spm ===

        +----------Local Count, excluding submodules.
        | 
       21 wires
      429 wire bits
       12 public wires
      201 public wire bits
        5 ports
       36 port bits
       47 cells
       35   $and
        4   $dff
        4   $mux
        2   $or
        2   $xor

2.14. Executing CHECK pass (checking for obvious problems).
Checking module spm...
Found and reported 0 problems.

3. Executing MEMORY_MAP pass (converting memories to logic and flip-flops).

4. Executing FLATTEN pass (flatten design).

5. Executing ASYNC2SYNC pass.

6. Executing OPT_CLEAN pass (remove unused cells and wires).
Finding unused cells or wires in module \spm..

7. Executing SPLITNETS pass (splitting up multi-bit signals).

8. Executing Verilog-2005 frontend: /home/reyerchu/campaign_v1565/spm/converge_1.5.65_sky130A/phase2/stage2/synth/netlist.v
Parsing Verilog input from `/home/reyerchu/campaign_v1565/spm/converge_1.5.65_sky130A/phase2/stage2/synth/netlist.v' to AST representation.
Generating RTLIL representation for module `\spm'.
Successfully finished Verilog frontend.

9. Executing HIERARCHY pass (managing design hierarchy).

9.1. Analyzing design hierarchy..
Top module:  \spm

9.2. Analyzing design hierarchy..
Top module:  \spm
Removed 0 unused modules.

10. Executing MEMORY_MAP pass (converting memories to logic and flip-flops).

11. Executing FLATTEN pass (flatten design).

12. Executing ASYNC2SYNC pass.

13. Executing OPT_CLEAN pass (remove unused cells and wires).
Finding unused cells or wires in module \spm..
Removed 0 unused cells and 321 unused wires.
<suppressed ~3 debug messages>

14. Executing SPLITNETS pass (splitting up multi-bit signals).

15. Executing EQUIV_MAKE pass (creating equiv checking module).
Presumably equivalent wires: c[31]_gold (\c[31]_gold), c[31]_gate (\c[31]_gate) -> c[31]
Presumably equivalent wires: c[30]_gold (\c[30]_gold), c[30]_gate (\c[30]_gate) -> c[30]
Presumably equivalent wires: c[29]_gold (\c[29]_gold), c[29]_gate (\c[29]_gate) -> c[29]
Presumably equivalent wires: c[28]_gold (\c[28]_gold), c[28]_gate (\c[28]_gate) -> c[28]
Presumably equivalent wires: c[27]_gold (\c[27]_gold), c[27]_gate (\c[27]_gate) -> c[27]
Presumably equivalent wires: c[26]_gold (\c[26]_gold), c[26]_gate (\c[26]_gate) -> c[26]
Presumably equivalent wires: c[25]_gold (\c[25]_gold), c[25]_gate (\c[25]_gate) -> c[25]
Presumably equivalent wires: c[24]_gold (\c[24]_gold), c[24]_gate (\c[24]_gate) -> c[24]
Presumably equivalent wires: c[23]_gold (\c[23]_gold), c[23]_gate (\c[23]_gate) -> c[23]
Presumably equivalent wires: c[22]_gold (\c[22]_gold), c[22]_gate (\c[22]_gate) -> c[22]
Presumably equivalent wires: c[21]_gold (\c[21]_gold), c[21]_gate (\c[21]_gate) -> c[21]
Presumably equivalent wires: c[20]_gold (\c[20]_gold), c[20]_gate (\c[20]_gate) -> c[20]
Presumably equivalent wires: c[19]_gold (\c[19]_gold), c[19]_gate (\c[19]_gate) -> c[19]
Presumably equivalent wires: c[18]_gold (\c[18]_gold), c[18]_gate (\c[18]_gate) -> c[18]
Presumably equivalent wires: c[17]_gold (\c[17]_gold), c[17]_gate (\c[17]_gate) -> c[17]
Presumably equivalent wires: c[16]_gold (\c[16]_gold), c[16]_gate (\c[16]_gate) -> c[16]
Presumably equivalent wires: c[15]_gold (\c[15]_gold), c[15]_gate (\c[15]_gate) -> c[15]
Presumably equivalent wires: c[14]_gold (\c[14]_gold), c[14]_gate (\c[14]_gate) -> c[14]
Presumably equivalent wires: c[13]_gold (\c[13]_gold), c[13]_gate (\c[13]_gate) -> c[13]
Presumably equivalent wires: c[12]_gold (\c[12]_gold), c[12]_gate (\c[12]_gate) -> c[12]
Presumably equivalent wires: c[11]_gold (\c[11]_gold), c[11]_gate (\c[11]_gate) -> c[11]
Presumably equivalent wires: c[10]_gold (\c[10]_gold), c[10]_gate (\c[10]_gate) -> c[10]
Presumably equivalent wires: c[9]_gold (\c[9]_gold), c[9]_gate (\c[9]_gate) -> c[9]
Presumably equivalent wires: c[8]_gold (\c[8]_gold), c[8]_gate (\c[8]_gate) -> c[8]
Presumably equivalent wires: c[7]_gold (\c[7]_gold), c[7]_gate (\c[7]_gate) -> c[7]
Presumably equivalent wires: c[6]_gold (\c[6]_gold), c[6]_gate (\c[6]_gate) -> c[6]
Presumably equivalent wires: c[5]_gold (\c[5]_gold), c[5]_gate (\c[5]_gate) -> c[5]
Presumably equivalent wires: c[4]_gold (\c[4]_gold), c[4]_gate (\c[4]_gate) -> c[4]
Presumably equivalent wires: c[3]_gold (\c[3]_gold), c[3]_gate (\c[3]_gate) -> c[3]
Presumably equivalent wires: c[2]_gold (\c[2]_gold), c[2]_gate (\c[2]_gate) -> c[2]
Presumably equivalent wires: c[1]_gold (\c[1]_gold), c[1]_gate (\c[1]_gate) -> c[1]
Presumably equivalent wires: c[0]_gold (\c[0]_gold), c[0]_gate (\c[0]_gate) -> c[0]
Presumably equivalent wires: s[31]_gold (\s[31]_gold), s[31]_gate (1'0) -> s[31]
Presumably equivalent wires: s[30]_gold (\s[30]_gold), s[30]_gate (\s[30]_gate) -> s[30]
Presumably equivalent wires: s[29]_gold (\s[29]_gold), s[29]_gate (\s[29]_gate) -> s[29]
Presumably equivalent wires: s[28]_gold (\s[28]_gold), s[28]_gate (\s[28]_gate) -> s[28]
Presumably equivalent wires: s[27]_gold (\s[27]_gold), s[27]_gate (\s[27]_gate) -> s[27]
Presumably equivalent wires: s[26]_gold (\s[26]_gold), s[26]_gate (\s[26]_gate) -> s[26]
Presumably equivalent wires: s[25]_gold (\s[25]_gold), s[25]_gate (\s[25]_gate) -> s[25]
Presumably equivalent wires: s[24]_gold (\s[24]_gold), s[24]_gate (\s[24]_gate) -> s[24]
Presumably equivalent wires: s[23]_gold (\s[23]_gold), s[23]_gate (\s[23]_gate) -> s[23]
Presumably equivalent wires: s[22]_gold (\s[22]_gold), s[22]_gate (\s[22]_gate) -> s[22]
Presumably equivalent wires: s[21]_gold (\s[21]_gold), s[21]_gate (\s[21]_gate) -> s[21]
Presumably equivalent wires: s[20]_gold (\s[20]_gold), s[20]_gate (\s[20]_gate) -> s[20]
Presumably equivalent wires: s[19]_gold (\s[19]_gold), s[19]_gate (\s[19]_gate) -> s[19]
Presumably equivalent wires: s[18]_gold (\s[18]_gold), s[18]_gate (\s[18]_gate) -> s[18]
Presumably equivalent wires: s[17]_gold (\s[17]_gold), s[17]_gate (\s[17]_gate) -> s[17]
Presumably equivalent wires: s[16]_gold (\s[16]_gold), s[16]_gate (\s[16]_gate) -> s[16]
Presumably equivalent wires: s[15]_gold (\s[15]_gold), s[15]_gate (\s[15]_gate) -> s[15]
Presumably equivalent wires: s[14]_gold (\s[14]_gold), s[14]_gate (\s[14]_gate) -> s[14]
Presumably equivalent wires: s[13]_gold (\s[13]_gold), s[13]_gate (\s[13]_gate) -> s[13]
Presumably equivalent wires: s[12]_gold (\s[12]_gold), s[12]_gate (\s[12]_gate) -> s[12]
Presumably equivalent wires: s[11]_gold (\s[11]_gold), s[11]_gate (\s[11]_gate) -> s[11]
Presumably equivalent wires: s[10]_gold (\s[10]_gold), s[10]_gate (\s[10]_gate) -> s[10]
Presumably equivalent wires: s[9]_gold (\s[9]_gold), s[9]_gate (\s[9]_gate) -> s[9]
Presumably equivalent wires: s[8]_gold (\s[8]_gold), s[8]_gate (\s[8]_gate) -> s[8]
Presumably equivalent wires: s[7]_gold (\s[7]_gold), s[7]_gate (\s[7]_gate) -> s[7]
Presumably equivalent wires: s[6]_gold (\s[6]_gold), s[6]_gate (\s[6]_gate) -> s[6]
Presumably equivalent wires: s[5]_gold (\s[5]_gold), s[5]_gate (\s[5]_gate) -> s[5]
Presumably equivalent wires: s[4]_gold (\s[4]_gold), s[4]_gate (\s[4]_gate) -> s[4]
Presumably equivalent wires: s[3]_gold (\s[3]_gold), s[3]_gate (\s[3]_gate) -> s[3]
Presumably equivalent wires: s[2]_gold (\s[2]_gold), s[2]_gate (\s[2]_gate) -> s[2]
Presumably equivalent wires: s[1]_gold (\s[1]_gold), s[1]_gate (\s[1]_gate) -> s[1]
Presumably equivalent wires: s[0]_gold (\s[0]_gold), s[0]_gate (\s[0]_gate) -> s[0]
Presumably equivalent wires: y_rep[3]_gold (\y_rep[3]_gold), y_rep[3]_gate (\y_rep[0]_gate) -> y_rep[3]
Presumably equivalent wires: y_rep[2]_gold (\y_rep[2]_gold), y_rep[2]_gate (\y_rep[0]_gate) -> y_rep[2]
Presumably equivalent wires: y_rep[1]_gold (\y_rep[1]_gold), y_rep[1]_gate (\y_rep[0]_gate) -> y_rep[1]
Presumably equivalent wires: y_rep[0]_gold (\y_rep[0]_gold), y_rep[0]_gate (\y_rep[0]_gate) -> y_rep[0]
Presumably equivalent wires: x[31]_gold (\x[31]_gold), x[31]_gate (\x[31]_gate) -> x[31]
Presumably equivalent wires: x[30]_gold (\x[30]_gold), x[30]_gate (\x[30]_gate) -> x[30]
Presumably equivalent wires: x[29]_gold (\x[29]_gold), x[29]_gate (\x[29]_gate) -> x[29]
Presumably equivalent wires: x[28]_gold (\x[28]_gold), x[28]_gate (\x[28]_gate) -> x[28]
Presumably equivalent wires: x[27]_gold (\x[27]_gold), x[27]_gate (\x[27]_gate) -> x[27]
Presumably equivalent wires: x[26]_gold (\x[26]_gold), x[26]_gate (\x[26]_gate) -> x[26]
Presumably equivalent wires: x[25]_gold (\x[25]_gold), x[25]_gate (\x[25]_gate) -> x[25]
Presumably equivalent wires: x[24]_gold (\x[24]_gold), x[24]_gate (\x[24]_gate) -> x[24]
Presumably equivalent wires: x[23]_gold (\x[23]_gold), x[23]_gate (\x[23]_gate) -> x[23]
Presumably equivalent wires: x[22]_gold (\x[22]_gold), x[22]_gate (\x[22]_gate) -> x[22]
Presumably equivalent wires: x[21]_gold (\x[21]_gold), x[21]_gate (\x[21]_gate) -> x[21]
Presumably equivalent wires: x[20]_gold (\x[20]_gold), x[20]_gate (\x[20]_gate) -> x[20]
Presumably equivalent wires: x[19]_gold (\x[19]_gold), x[19]_gate (\x[19]_gate) -> x[19]
Presumably equivalent wires: x[18]_gold (\x[18]_gold), x[18]_gate (\x[18]_gate) -> x[18]
Presumably equivalent wires: x[17]_gold (\x[17]_gold), x[17]_gate (\x[17]_gate) -> x[17]
Presumably equivalent wires: x[16]_gold (\x[16]_gold), x[16]_gate (\x[16]_gate) -> x[16]
Presumably equivalent wires: x[15]_gold (\x[15]_gold), x[15]_gate (\x[15]_gate) -> x[15]
Presumably equivalent wires: x[14]_gold (\x[14]_gold), x[14]_gate (\x[14]_gate) -> x[14]
Presumably equivalent wires: x[13]_gold (\x[13]_gold), x[13]_gate (\x[13]_gate) -> x[13]
Presumably equivalent wires: x[12]_gold (\x[12]_gold), x[12]_gate (\x[12]_gate) -> x[12]
Presumably equivalent wires: x[11]_gold (\x[11]_gold), x[11]_gate (\x[11]_gate) -> x[11]
Presumably equivalent wires: x[10]_gold (\x[10]_gold), x[10]_gate (\x[10]_gate) -> x[10]
Presumably equivalent wires: x[9]_gold (\x[9]_gold), x[9]_gate (\x[9]_gate) -> x[9]
Presumably equivalent wires: x[8]_gold (\x[8]_gold), x[8]_gate (\x[8]_gate) -> x[8]
Presumably equivalent wires: x[7]_gold (\x[7]_gold), x[7]_gate (\x[7]_gate) -> x[7]
Presumably equivalent wires: x[6]_gold (\x[6]_gold), x[6]_gate (\x[6]_gate) -> x[6]
Presumably equivalent wires: x[5]_gold (\x[5]_gold), x[5]_gate (\x[5]_gate) -> x[5]
Presumably equivalent wires: x[4]_gold (\x[4]_gold), x[4]_gate (\x[4]_gate) -> x[4]
Presumably equivalent wires: x[3]_gold (\x[3]_gold), x[3]_gate (\x[3]_gate) -> x[3]
Presumably equivalent wires: x[2]_gold (\x[2]_gold), x[2]_gate (\x[2]_gate) -> x[2]
Presumably equivalent wires: x[1]_gold (\x[1]_gold), x[1]_gate (\x[1]_gate) -> x[1]
Presumably equivalent wires: x[0]_gold (\x[0]_gold), x[0]_gate (\x[0]_gate) -> x[0]
Presumably equivalent wires: clk_gold (\clk_gold), clk_gate (\clk_gate) -> clk
Presumably equivalent wires: p_gold (\p_reg_gold), p_gate (\p_reg_gate) -> p
Presumably equivalent wires: p_reg_gold (\p_reg_gold), p_reg_gate (\p_reg_gate) -> p_reg
Presumably equivalent wires: rst_gold (\rst_gold), rst_gate (\rst_gate) -> rst
Presumably equivalent wires: y_gold (\y_gold), y_gate (\y_gate) -> y
Changing input B of cell _1085__gate ($_NAND_): \s[9]_gate -> \s[9]
Changing input A of cell _1085__gate ($_NAND_): \c[9]_gate -> \c[9]
Changing input A of cell _1084__gate ($_NAND_): \y_rep[0]_gate -> \y_rep[0]
Changing input B of cell _1080__gate ($_NOR_): \s[10]_gate -> \s[10]
Changing input A of cell _1080__gate ($_NOR_): \c[10]_gate -> \c[10]
Changing input B of cell _1078__gate ($_NAND_): \s[10]_gate -> \s[10]
Changing input A of cell _1078__gate ($_NAND_): \c[10]_gate -> \c[10]
Changing input A of cell _1077__gate ($_NAND_): \y_rep[0]_gate -> \y_rep[0]
Changing input B of cell _1073__gate ($_NOR_): \s[11]_gate -> \s[11]
Changing input A of cell _1073__gate ($_NOR_): \c[11]_gate -> \c[11]
Changing input B of cell _1071__gate ($_NAND_): \s[11]_gate -> \s[11]
Changing input A of cell _1071__gate ($_NAND_): \c[11]_gate -> \c[11]
Changing input A of cell _1070__gate ($_NAND_): \y_rep[0]_gate -> \y_rep[0]
Changing input B of cell _1066__gate ($_NOR_): \s[12]_gate -> \s[12]
Changing input A of cell _1066__gate ($_NOR_): \c[12]_gate -> \c[12]
Changing input B of cell _1064__gate ($_NAND_): \s[12]_gate -> \s[12]
Changing input A of cell _1064__gate ($_NAND_): \c[12]_gate -> \c[12]
Changing input A of cell _1063__gate ($_NAND_): \y_rep[0]_gate -> \y_rep[0]
Changing input B of cell _1059__gate ($_NOR_): \s[13]_gate -> \s[13]
Changing input A of cell _1059__gate ($_NOR_): \c[13]_gate -> \c[13]
Changing input B of cell _1057__gate ($_NAND_): \s[13]_gate -> \s[13]
Changing input A of cell _1057__gate ($_NAND_): \c[13]_gate -> \c[13]
Changing input A of cell _1056__gate ($_NAND_): \y_rep[0]_gate -> \y_rep[0]
Changing input B of cell _1052__gate ($_NOR_): \s[14]_gate -> \s[14]
Changing input A of cell _1052__gate ($_NOR_): \c[14]_gate -> \c[14]
Changing input B of cell _1050__gate ($_NAND_): \s[14]_gate -> \s[14]
Changing input A of cell _1050__gate ($_NAND_): \c[14]_gate -> \c[14]
Changing input A of cell _1049__gate ($_NAND_): \y_rep[0]_gate -> \y_rep[0]
Changing input B of cell _1045__gate ($_NOR_): \s[15]_gate -> \s[15]
Changing input A of cell _1045__gate ($_NOR_): \c[15]_gate -> \c[15]
Changing input B of cell _1043__gate ($_NAND_): \s[15]_gate -> \s[15]
Changing input A of cell _1043__gate ($_NAND_): \c[15]_gate -> \c[15]
Changing input A of cell _1042__gate ($_NAND_): \y_rep[0]_gate -> \y_rep[0]
Changing input B of cell _1038__gate ($_NOR_): \s[16]_gate -> \s[16]
Changing input A of cell _1038__gate ($_NOR_): \c[16]_gate -> \c[16]
Changing input B of cell _1036__gate ($_NAND_): \s[16]_gate -> \s[16]
Changing input A of cell _1036__gate ($_NAND_): \c[16]_gate -> \c[16]
Changing input A of cell _1035__gate ($_NAND_): \y_rep[0]_gate -> \y_rep[0]
Changing input B of cell _1031__gate ($_NOR_): \s[17]_gate -> \s[17]
Changing input A of cell _1031__gate ($_NOR_): \c[17]_gate -> \c[17]
Changing input B of cell _1029__gate ($_NAND_): \s[17]_gate -> \s[17]
Changing input A of cell _1029__gate ($_NAND_): \c[17]_gate -> \c[17]
Changing input A of cell _1028__gate ($_NAND_): \y_rep[0]_gate -> \y_rep[0]
Changing input B of cell _1024__gate ($_NOR_): \s[18]_gate -> \s[18]
Changing input A of cell _1024__gate ($_NOR_): \c[18]_gate -> \c[18]
Changing input B of cell _1022__gate ($_NAND_): \s[18]_gate -> \s[18]
Changing input A of cell _1022__gate ($_NAND_): \c[18]_gate -> \c[18]
Changing input A of cell _1021__gate ($_NAND_): \y_rep[0]_gate -> \y_rep[0]
Changing input B of cell _1017__gate ($_NOR_): \s[19]_gate -> \s[19]
Changing input A of cell _1017__gate ($_NOR_): \c[19]_gate -> \c[19]
Changing input B of cell _1015__gate ($_NAND_): \s[19]_gate -> \s[19]
Changing input A of cell _1015__gate ($_NAND_): \c[19]_gate -> \c[19]
Changing input A of cell _1014__gate ($_NAND_): \y_rep[0]_gate -> \y_rep[0]
Changing input B of cell _1010__gate ($_NOR_): \s[20]_gate -> \s[20]
Changing input A of cell _1010__gate ($_NOR_): \c[20]_gate -> \c[20]
Changing input B of cell _1008__gate ($_NAND_): \s[20]_gate -> \s[20]
Changing input A of cell _1008__gate ($_NAND_): \c[20]_gate -> \c[20]
Changing input A of cell _1007__gate ($_NAND_): \y_rep[0]_gate -> \y_rep[0]
Changing input B of cell _1003__gate ($_NOR_): \s[21]_gate -> \s[21]
Changing input A of cell _1003__gate ($_NOR_): \c[21]_gate -> \c[21]
Changing input B of cell _1001__gate ($_NAND_): \s[21]_gate -> \s[21]
Changing input A of cell _1001__gate ($_NAND_): \c[21]_gate -> \c[21]
Changing input A of cell _1000__gate ($_NAND_): \y_rep[0]_gate -> \y_rep[0]
Changing input B of cell _0996__gate ($_NOR_): \s[22]_gate -> \s[22]
Changing input A of cell _0996__gate ($_NOR_): \c[22]_gate -> \c[22]
Changing input B of cell _0994__gate ($_NAND_): \s[22]_gate -> \s[22]
Changing input A of cell _0994__gate ($_NAND_): \c[22]_gate -> \c[22]
Changing input A of cell _0993__gate ($_NAND_): \y_rep[0]_gate -> \y_rep[0]
Changing input B of cell _0989__gate ($_NOR_): \s[23]_gate -> \s[23]
Changing input A of cell _0989__gate ($_NOR_): \c[23]_gate -> \c[23]
Changing input B of cell _0987__gate ($_NAND_): \s[23]_gate -> \s[23]
Changing input A of cell _0987__gate ($_NAND_): \c[23]_gate -> \c[23]
Changing input A of cell _0986__gate ($_NAND_): \y_rep[0]_gate -> \y_rep[0]
Changing input B of cell _0982__gate ($_NOR_): \s[24]_gate -> \s[24]
Changing input A of cell _0982__gate ($_NOR_): \c[24]_gate -> \c[24]
Changing input B of cell _0980__gate ($_NAND_): \s[24]_gate -> \s[24]
Changing input A of cell _0980__gate ($_NAND_): \c[24]_gate -> \c[24]
Changing input A of cell _0979__gate ($_NAND_): \y_rep[0]_gate -> \y_rep[0]
Changing input A of cell _0976__gate ($_NOT_): \c[31]_gate -> \c[31]
Changing input B of cell _0831__gate ($_NOR_): \s[25]_gate -> \s[25]
Changing input A of cell _0831__gate ($_NOR_): \c[25]_gate -> \c[25]
Changing input B of cell _0830__gate ($_NAND_): \s[25]_gate -> \s[25]
Changing input A of cell _0830__gate ($_NAND_): \c[25]_gate -> \c[25]
Changing input A of cell _0829__gate ($_NAND_): \y_rep[0]_gate -> \y_rep[0]
Changing input B of cell _0822__gate ($_NOR_): \s[26]_gate -> \s[26]
Changing input A of cell _0822__gate ($_NOR_): \c[26]_gate -> \c[26]
Changing input B of cell _0821__gate ($_NAND_): \s[26]_gate -> \s[26]
Changing input A of cell _0821__gate ($_NAND_): \c[26]_gate -> \c[26]
Changing input A of cell _0820__gate ($_NAND_): \y_rep[0]_gate -> \y_rep[0]
Changing input B of cell _0813__gate ($_NOR_): \s[27]_gate -> \s[27]
Changing input A of cell _0813__gate ($_NOR_): \c[27]_gate -> \c[27]
Changing input B of cell _0812__gate ($_NAND_): \s[27]_gate -> \s[27]
Changing input A of cell _0812__gate ($_NAND_): \c[27]_gate -> \c[27]
Changing input A of cell _0811__gate ($_NAND_): \y_rep[0]_gate -> \y_rep[0]
Changing input B of cell _0804__gate ($_NOR_): \s[28]_gate -> \s[28]
Changing input A of cell _0804__gate ($_NOR_): \c[28]_gate -> \c[28]
Changing input B of cell _0803__gate ($_NAND_): \s[28]_gate -> \s[28]
Changing input A of cell _0803__gate ($_NAND_): \c[28]_gate -> \c[28]
Changing input A of cell _0802__gate ($_NAND_): \y_rep[0]_gate -> \y_rep[0]
Changing input B of cell _0795__gate ($_NOR_): \s[29]_gate -> \s[29]
Changing input A of cell _0795__gate ($_NOR_): \c[29]_gate -> \c[29]
Changing input B of cell _0794__gate ($_NAND_): \s[29]_gate -> \s[29]
Changing input A of cell _0794__gate ($_NAND_): \c[29]_gate -> \c[29]
Changing input A of cell _0793__gate ($_NAND_): \y_rep[0]_gate -> \y_rep[0]
Changing input B of cell _0786__gate ($_NOR_): \s[30]_gate -> \s[30]
Changing input A of cell _0786__gate ($_NOR_): \c[30]_gate -> \c[30]
Changing input B of cell _0785__gate ($_NAND_): \s[30]_gate -> \s[30]
Changing input A of cell _0785__gate ($_NAND_): \c[30]_gate -> \c[30]
Changing input A of cell _0784__gate ($_NAND_): \y_rep[0]_gate -> \y_rep[0]
Changing input B of cell _0777__gate ($_NOR_): \s[1]_gate -> \s[1]
Changing input A of cell _0777__gate ($_NOR_): \c[1]_gate -> \c[1]
Changing input B of cell _0775__gate ($_NAND_): \s[1]_gate -> \s[1]
Changing input A of cell _0775__gate ($_NAND_): \c[1]_gate -> \c[1]
Changing input A of cell _0774__gate ($_NAND_): \y_rep[0]_gate -> \y_rep[0]
Changing input B of cell _0770__gate ($_NOR_): \s[2]_gate -> \s[2]
Changing input A of cell _0770__gate ($_NOR_): \c[2]_gate -> \c[2]
Changing input B of cell _0768__gate ($_NAND_): \s[2]_gate -> \s[2]
Changing input A of cell _0768__gate ($_NAND_): \c[2]_gate -> \c[2]
Changing input A of cell _0767__gate ($_NAND_): \y_rep[0]_gate -> \y_rep[0]
Changing input B of cell _0759__gate ($_NOR_): \s[0]_gate -> \s[0]
Changing input A of cell _0759__gate ($_NOR_): \c[0]_gate -> \c[0]
Changing input B of cell _0758__gate ($_NAND_): \s[0]_gate -> \s[0]
Changing input A of cell _0758__gate ($_NAND_): \c[0]_gate -> \c[0]
Changing input A of cell _0757__gate ($_NAND_): \y_rep[0]_gate -> \y_rep[0]
Changing input A of cell _0752__gate ($_NAND_): \c[31]_gate -> \c[31]
Changing input A of cell _0749__gate ($_NAND_): \y_rep[0]_gate -> \y_rep[0]
Changing input B of cell _0745__gate ($_NOR_): \s[3]_gate -> \s[3]
Changing input A of cell _0745__gate ($_NOR_): \c[3]_gate -> \c[3]
Changing input B of cell _0743__gate ($_NAND_): \s[3]_gate -> \s[3]
Changing input A of cell _0743__gate ($_NAND_): \c[3]_gate -> \c[3]
Changing input A of cell _0742__gate ($_NAND_): \y_rep[0]_gate -> \y_rep[0]
Changing input B of cell _0738__gate ($_NOR_): \s[4]_gate -> \s[4]
Changing input A of cell _0738__gate ($_NOR_): \c[4]_gate -> \c[4]
Changing input B of cell _0736__gate ($_NAND_): \s[4]_gate -> \s[4]
Changing input A of cell _0736__gate ($_NAND_): \c[4]_gate -> \c[4]
Changing input A of cell _0735__gate ($_NAND_): \y_rep[0]_gate -> \y_rep[0]
Changing input B of cell _0731__gate ($_NOR_): \s[5]_gate -> \s[5]
Changing input A of cell _0731__gate ($_NOR_): \c[5]_gate -> \c[5]
Changing input B of cell _0729__gate ($_NAND_): \s[5]_gate -> \s[5]
Changing input A of cell _0729__gate ($_NAND_): \c[5]_gate -> \c[5]
Changing input A of cell _0728__gate ($_NAND_): \y_rep[0]_gate -> \y_rep[0]
Changing input B of cell _0724__gate ($_NOR_): \s[6]_gate -> \s[6]
Changing input A of cell _0724__gate ($_NOR_): \c[6]_gate -> \c[6]
Changing input B of cell _0722__gate ($_NAND_): \s[6]_gate -> \s[6]
Changing input A of cell _0722__gate ($_NAND_): \c[6]_gate -> \c[6]
Changing input A of cell _0721__gate ($_NAND_): \y_rep[0]_gate -> \y_rep[0]
Changing input B of cell _0717__gate ($_NOR_): \s[7]_gate -> \s[7]
Changing input A of cell _0717__gate ($_NOR_): \c[7]_gate -> \c[7]
Changing input B of cell _0715__gate ($_NAND_): \s[7]_gate -> \s[7]
Changing input A of cell _0715__gate ($_NAND_): \c[7]_gate -> \c[7]
Changing input A of cell _0714__gate ($_NAND_): \y_rep[0]_gate -> \y_rep[0]
Changing input B of cell _0710__gate ($_NOR_): \s[8]_gate -> \s[8]
Changing input A of cell _0710__gate ($_NOR_): \c[8]_gate -> \c[8]
Changing input B of cell _0708__gate ($_NAND_): \s[8]_gate -> \s[8]
Changing input A of cell _0708__gate ($_NAND_): \c[8]_gate -> \c[8]
Changing input A of cell _0707__gate ($_NAND_): \y_rep[0]_gate -> \y_rep[0]
Changing input B of cell _0703__gate ($_NOR_): \s[9]_gate -> \s[9]
Changing input A of cell _0703__gate ($_NOR_): \c[9]_gate -> \c[9]
Changing input B of cell $and$/home/reyerchu/campaign_v1565/spm/converge_1.5.65_sky130A/phase2/stage1/rtl/spm.v:85$11_gold ($and): \y_rep[0]_gold -> \y_rep[0]
Changing input B of cell $and$/home/reyerchu/campaign_v1565/spm/converge_1.5.65_sky130A/phase2/stage1/rtl/spm.v:85$12_gold ($and): \y_rep[0]_gold -> \y_rep[0]
Changing input B of cell $and$/home/reyerchu/campaign_v1565/spm/converge_1.5.65_sky130A/phase2/stage1/rtl/spm.v:85$13_gold ($and): \y_rep[0]_gold -> \y_rep[0]
Changing input B of cell $and$/home/reyerchu/campaign_v1565/spm/converge_1.5.65_sky130A/phase2/stage1/rtl/spm.v:85$14_gold ($and): \y_rep[0]_gold -> \y_rep[0]
Changing input B of cell $and$/home/reyerchu/campaign_v1565/spm/converge_1.5.65_sky130A/phase2/stage1/rtl/spm.v:85$15_gold ($and): \y_rep[0]_gold -> \y_rep[0]
Changing input B of cell $and$/home/reyerchu/campaign_v1565/spm/converge_1.5.65_sky130A/phase2/stage1/rtl/spm.v:85$16_gold ($and): \y_rep[0]_gold -> \y_rep[0]
Changing input B of cell $and$/home/reyerchu/campaign_v1565/spm/converge_1.5.65_sky130A/phase2/stage1/rtl/spm.v:85$17_gold ($and): \y_rep[1]_gold -> \y_rep[1]
Changing input B of cell $and$/home/reyerchu/campaign_v1565/spm/converge_1.5.65_sky130A/phase2/stage1/rtl/spm.v:85$18_gold ($and): \y_rep[1]_gold -> \y_rep[1]
Changing input B of cell $and$/home/reyerchu/campaign_v1565/spm/converge_1.5.65_sky130A/phase2/stage1/rtl/spm.v:85$19_gold ($and): \y_rep[1]_gold -> \y_rep[1]
Changing input B of cell $and$/home/reyerchu/campaign_v1565/spm/converge_1.5.65_sky130A/phase2/stage1/rtl/spm.v:85$20_gold ($and): \y_rep[1]_gold -> \y_rep[1]
Changing input B of cell $and$/home/reyerchu/campaign_v1565/spm/converge_1.5.65_sky130A/phase2/stage1/rtl/spm.v:85$21_gold ($and): \y_rep[1]_gold -> \y_rep[1]
Changing input B of cell $and$/home/reyerchu/campaign_v1565/spm/converge_1.5.65_sky130A/phase2/stage1/rtl/spm.v:85$22_gold ($and): \y_rep[1]_gold -> \y_rep[1]
Changing input B of cell $and$/home/reyerchu/campaign_v1565/spm/converge_1.5.65_sky130A/phase2/stage1/rtl/spm.v:85$23_gold ($and): \y_rep[1]_gold -> \y_rep[1]
Changing input B of cell $and$/home/reyerchu/campaign_v1565/spm/converge_1.5.65_sky130A/phase2/stage1/rtl/spm.v:85$24_gold ($and): \y_rep[1]_gold -> \y_rep[1]
Changing input B of cell $and$/home/reyerchu/campaign_v1565/spm/converge_1.5.65_sky130A/phase2/stage1/rtl/spm.v:85$25_gold ($and): \y_rep[2]_gold -> \y_rep[2]
Changing input B of cell $and$/home/reyerchu/campaign_v1565/spm/converge_1.5.65_sky130A/phase2/stage1/rtl/spm.v:85$26_gold ($and): \y_rep[2]_gold -> \y_rep[2]
Changing input B of cell $and$/home/reyerchu/campaign_v1565/spm/converge_1.5.65_sky130A/phase2/stage1/rtl/spm.v:85$27_gold ($and): \y_rep[2]_gold -> \y_rep[2]
Changing input B of cell $and$/home/reyerchu/campaign_v1565/spm/converge_1.5.65_sky130A/phase2/stage1/rtl/spm.v:85$28_gold ($and): \y_rep[2]_gold -> \y_rep[2]
Changing input B of cell $and$/home/reyerchu/campaign_v1565/spm/converge_1.5.65_sky130A/phase2/stage1/rtl/spm.v:85$29_gold ($and): \y_rep[2]_gold -> \y_rep[2]
Changing input B of cell $and$/home/reyerchu/campaign_v1565/spm/converge_1.5.65_sky130A/phase2/stage1/rtl/spm.v:85$30_gold ($and): \y_rep[2]_gold -> \y_rep[2]
Changing input B of cell $and$/home/reyerchu/campaign_v1565/spm/converge_1.5.65_sky130A/phase2/stage1/rtl/spm.v:85$31_gold ($and): \y_rep[2]_gold -> \y_rep[2]
Changing input B of cell $and$/home/reyerchu/campaign_v1565/spm/converge_1.5.65_sky130A/phase2/stage1/rtl/spm.v:85$32_gold ($and): \y_rep[2]_gold -> \y_rep[2]
Changing input B of cell $and$/home/reyerchu/campaign_v1565/spm/converge_1.5.65_sky130A/phase2/stage1/rtl/spm.v:85$33_gold ($and): \y_rep[3]_gold -> \y_rep[3]
Changing input B of cell $and$/home/reyerchu/campaign_v1565/spm/converge_1.5.65_sky130A/phase2/stage1/rtl/spm.v:85$34_gold ($and): \y_rep[3]_gold -> \y_rep[3]
Changing input B of cell $and$/home/reyerchu/campaign_v1565/spm/converge_1.5.65_sky130A/phase2/stage1/rtl/spm.v:85$35_gold ($and): \y_rep[3]_gold -> \y_rep[3]
Changing input B of cell $and$/home/reyerchu/campaign_v1565/spm/converge_1.5.65_sky130A/phase2/stage1/rtl/spm.v:85$36_gold ($and): \y_rep[3]_gold -> \y_rep[3]
Changing input B of cell $and$/home/reyerchu/campaign_v1565/spm/converge_1.5.65_sky130A/phase2/stage1/rtl/spm.v:85$37_gold ($and): \y_rep[3]_gold -> \y_rep[3]
Changing input B of cell $and$/home/reyerchu/campaign_v1565/spm/converge_1.5.65_sky130A/phase2/stage1/rtl/spm.v:85$38_gold ($and): \y_rep[3]_gold -> \y_rep[3]
Changing input B of cell $and$/home/reyerchu/campaign_v1565/spm/converge_1.5.65_sky130A/phase2/stage1/rtl/spm.v:85$39_gold ($and): \y_rep[3]_gold -> \y_rep[3]
Changing input B of cell $and$/home/reyerchu/campaign_v1565/spm/converge_1.5.65_sky130A/phase2/stage1/rtl/spm.v:85$40_gold ($and): \y_rep[3]_gold -> \y_rep[3]
Changing input B of cell $and$/home/reyerchu/campaign_v1565/spm/converge_1.5.65_sky130A/phase2/stage1/rtl/spm.v:85$9_gold ($and): \y_rep[0]_gold -> \y_rep[0]
Changing input B of cell $and$/home/reyerchu/campaign_v1565/spm/converge_1.5.65_sky130A/phase2/stage1/rtl/spm.v:91$3_gold ($and): { \s[31]_gold \s[30]_gold \s[29]_gold \s[28]_gold \s[27]_gold \s[26]_gold \s[25]_gold \s[24]_gold \s[23]_gold \s[22]_gold \s[21]_gold \s[20]_gold \s[19]_gold \s[18]_gold \s[17]_gold \s[16]_gold \s[15]_gold \s[14]_gold \s[13]_gold \s[12]_gold \s[11]_gold \s[10]_gold \s[9]_gold \s[8]_gold \s[7]_gold \s[6]_gold \s[5]_gold \s[4]_gold \s[3]_gold \s[2]_gold \s[1]_gold \s[0]_gold } -> { \s[31] \s[30] \s[29] \s[28] \s[27] \s[26] \s[25] \s[24] \s[23] \s[22] \s[21] \s[20] \s[19] \s[18] \s[17] \s[16] \s[15] \s[14] \s[13] \s[12] \s[11] \s[10] \s[9] \s[8] \s[7] \s[6] \s[5] \s[4] \s[3] \s[2] \s[1] \s[0] }
Changing input B of cell $and$/home/reyerchu/campaign_v1565/spm/converge_1.5.65_sky130A/phase2/stage1/rtl/spm.v:91$4_gold ($and): { \c[31]_gold \c[30]_gold \c[29]_gold \c[28]_gold \c[27]_gold \c[26]_gold \c[25]_gold \c[24]_gold \c[23]_gold \c[22]_gold \c[21]_gold \c[20]_gold \c[19]_gold \c[18]_gold \c[17]_gold \c[16]_gold \c[15]_gold \c[14]_gold \c[13]_gold \c[12]_gold \c[11]_gold \c[10]_gold \c[9]_gold \c[8]_gold \c[7]_gold \c[6]_gold \c[5]_gold \c[4]_gold \c[3]_gold \c[2]_gold \c[1]_gold \c[0]_gold } -> { \c[31] \c[30] \c[29] \c[28] \c[27] \c[26] \c[25] \c[24] \c[23] \c[22] \c[21] \c[20] \c[19] \c[18] \c[17] \c[16] \c[15] \c[14] \c[13] \c[12] \c[11] \c[10] \c[9] \c[8] \c[7] \c[6] \c[5] \c[4] \c[3] \c[2] \c[1] \c[0] }
Changing input A of cell $and$/home/reyerchu/campaign_v1565/spm/converge_1.5.65_sky130A/phase2/stage1/rtl/spm.v:91$6_gold ($and): { \s[31]_gold \s[30]_gold \s[29]_gold \s[28]_gold \s[27]_gold \s[26]_gold \s[25]_gold \s[24]_gold \s[23]_gold \s[22]_gold \s[21]_gold \s[20]_gold \s[19]_gold \s[18]_gold \s[17]_gold \s[16]_gold \s[15]_gold \s[14]_gold \s[13]_gold \s[12]_gold \s[11]_gold \s[10]_gold \s[9]_gold \s[8]_gold \s[7]_gold \s[6]_gold \s[5]_gold \s[4]_gold \s[3]_gold \s[2]_gold \s[1]_gold \s[0]_gold } -> { \s[31] \s[30] \s[29] \s[28] \s[27] \s[26] \s[25] \s[24] \s[23] \s[22] \s[21] \s[20] \s[19] \s[18] \s[17] \s[16] \s[15] \s[14] \s[13] \s[12] \s[11] \s[10] \s[9] \s[8] \s[7] \s[6] \s[5] \s[4] \s[3] \s[2] \s[1] \s[0] }
Changing input B of cell $and$/home/reyerchu/campaign_v1565/spm/converge_1.5.65_sky130A/phase2/stage1/rtl/spm.v:91$6_gold ($and): { \c[31]_gold \c[30]_gold \c[29]_gold \c[28]_gold \c[27]_gold \c[26]_gold \c[25]_gold \c[24]_gold \c[23]_gold \c[22]_gold \c[21]_gold \c[20]_gold \c[19]_gold \c[18]_gold \c[17]_gold \c[16]_gold \c[15]_gold \c[14]_gold \c[13]_gold \c[12]_gold \c[11]_gold \c[10]_gold \c[9]_gold \c[8]_gold \c[7]_gold \c[6]_gold \c[5]_gold \c[4]_gold \c[3]_gold \c[2]_gold \c[1]_gold \c[0]_gold } -> { \c[31] \c[30] \c[29] \c[28] \c[27] \c[26] \c[25] \c[24] \c[23] \c[22] \c[21] \c[20] \c[19] \c[18] \c[17] \c[16] \c[15] \c[14] \c[13] \c[12] \c[11] \c[10] \c[9] \c[8] \c[7] \c[6] \c[5] \c[4] \c[3] \c[2] \c[1] \c[0] }
Changing input B of cell $xor$/home/reyerchu/campaign_v1565/spm/converge_1.5.65_sky130A/phase2/stage1/rtl/spm.v:90$1_gold ($xor): { \s[31]_gold \s[30]_gold \s[29]_gold \s[28]_gold \s[27]_gold \s[26]_gold \s[25]_gold \s[24]_gold \s[23]_gold \s[22]_gold \s[21]_gold \s[20]_gold \s[19]_gold \s[18]_gold \s[17]_gold \s[16]_gold \s[15]_gold \s[14]_gold \s[13]_gold \s[12]_gold \s[11]_gold \s[10]_gold \s[9]_gold \s[8]_gold \s[7]_gold \s[6]_gold \s[5]_gold \s[4]_gold \s[3]_gold \s[2]_gold \s[1]_gold \s[0]_gold } -> { \s[31] \s[30] \s[29] \s[28] \s[27] \s[26] \s[25] \s[24] \s[23] \s[22] \s[21] \s[20] \s[19] \s[18] \s[17] \s[16] \s[15] \s[14] \s[13] \s[12] \s[11] \s[10] \s[9] \s[8] \s[7] \s[6] \s[5] \s[4] \s[3] \s[2] \s[1] \s[0] }
Changing input B of cell $xor$/home/reyerchu/campaign_v1565/spm/converge_1.5.65_sky130A/phase2/stage1/rtl/spm.v:90$2_gold ($xor): { \c[31]_gold \c[30]_gold \c[29]_gold \c[28]_gold \c[27]_gold \c[26]_gold \c[25]_gold \c[24]_gold \c[23]_gold \c[22]_gold \c[21]_gold \c[20]_gold \c[19]_gold \c[18]_gold \c[17]_gold \c[16]_gold \c[15]_gold \c[14]_gold \c[13]_gold \c[12]_gold \c[11]_gold \c[10]_gold \c[9]_gold \c[8]_gold \c[7]_gold \c[6]_gold \c[5]_gold \c[4]_gold \c[3]_gold \c[2]_gold \c[1]_gold \c[0]_gold } -> { \c[31] \c[30] \c[29] \c[28] \c[27] \c[26] \c[25] \c[24] \c[23] \c[22] \c[21] \c[20] \c[19] \c[18] \c[17] \c[16] \c[15] \c[14] \c[13] \c[12] \c[11] \c[10] \c[9] \c[8] \c[7] \c[6] \c[5] \c[4] \c[3] \c[2] \c[1] \c[0] }
Changing input B of cell $and$/home/reyerchu/campaign_v1565/spm/converge_1.5.65_sky130A/phase2/stage1/rtl/spm.v:85$10_gold ($and): \y_rep[0]_gold -> \y_rep[0]

16. Executing HIERARCHY pass (managing design hierarchy).

16.1. Analyzing design hierarchy..
Top module:  \equiv

16.2. Analyzing design hierarchy..
Top module:  \equiv
Removing unused module `\gate'.
Removing unused module `\gold'.
Removed 2 unused modules.

17. Executing EQUIV_SIMPLE pass.
Found 70 unproven $equiv cells (70 groups) in equiv:
  Trying to prove $equiv for \p:ezsat
ezsat
 success!
  Trying to prove $equiv for \p_reg:ezsat
ezsat
 success!
  Trying to prove $equiv for \y_rep[0]:ezsat
ezsat
 success!
  Trying to prove $equiv for \y_rep[1]:ezsat
ezsat
 success!
  Trying to prove $equiv for \y_rep[2]:ezsat
ezsat
 success!
  Trying to prove $equiv for \y_rep[3]:ezsat
ezsat
 success!
  Trying to prove $equiv for \s[0]:ezsat
ezsat
 success!
  Trying to prove $equiv for \s[1]:ezsat
ezsat
 success!
  Trying to prove $equiv for \s[2]:ezsat
ezsat
 success!
  Trying to prove $equiv for \s[3]:ezsat
ezsat
 success!
  Trying to prove $equiv for \s[4]:ezsat
ezsat
 success!
  Trying to prove $equiv for \s[5]:ezsat
ezsat
 success!
  Trying to prove $equiv for \s[6]:ezsat
ezsat
 success!
  Trying to prove $equiv for \s[7]:ezsat
ezsat
 failed.
  Trying to prove $equiv for \s[8]:ezsat
ezsat
 failed.
  Trying to prove $equiv for \s[9]:ezsat
ezsat
 failed.
  Trying to prove $equiv for \s[10]:ezsat
ezsat
 failed.
  Trying to prove $equiv for \s[11]:ezsat
ezsat
 failed.
  Trying to prove $equiv for \s[12]:ezsat
ezsat
 failed.
  Trying to prove $equiv for \s[13]:ezsat
ezsat
 failed.
  Trying to prove $equiv for \s[14]:ezsat
ezsat
 failed.
  Trying to prove $equiv for \s[15]:ezsat
ezsat
 failed.
  Trying to prove $equiv for \s[16]:ezsat
ezsat
 failed.
  Trying to prove $equiv for \s[17]:ezsat
ezsat
 failed.
  Trying to prove $equiv for \s[18]:ezsat
ezsat
 failed.
  Trying to prove $equiv for \s[19]:ezsat
ezsat
 failed.
  Trying to prove $equiv for \s[20]:ezsat
ezsat
 failed.
  Trying to prove $equiv for \s[21]:ezsat
ezsat
 failed.
  Trying to prove $equiv for \s[22]:ezsat
ezsat
 failed.
  Trying to prove $equiv for \s[23]:ezsat
ezsat
 failed.
  Trying to prove $equiv for \s[24]:ezsat
ezsat
 failed.
  Trying to prove $equiv for \s[25]:ezsat
ezsat
 failed.
  Trying to prove $equiv for \s[26]:ezsat
ezsat
 failed.
  Trying to prove $equiv for \s[27]:ezsat
ezsat
 failed.
  Trying to prove $equiv for \s[28]:ezsat
ezsat
 failed.
  Trying to prove $equiv for \s[29]:ezsat
ezsat
 failed.
  Trying to prove $equiv for \s[30]:ezsat
ezsat
 failed.
  Trying to prove $equiv for \s[31]:ezsat
 success!
  Trying to prove $equiv for \c[0]:ezsat
ezsat
 success!
  Trying to prove $equiv for \c[1]:ezsat
ezsat
 success!
  Trying to prove $equiv for \c[2]:ezsat
ezsat
 success!
  Trying to prove $equiv for \c[3]:ezsat
ezsat
 success!
  Trying to prove $equiv for \c[4]:ezsat
ezsat
 success!
  Trying to prove $equiv for \c[5]:ezsat
ezsat
 success!
  Trying to prove $equiv for \c[6]:ezsat
ezsat
 success!
  Trying to prove $equiv for \c[7]:ezsat
ezsat
 success!
  Trying to prove $equiv for \c[8]:ezsat
ezsat
 failed.
  Trying to prove $equiv for \c[9]:ezsat
ezsat
 failed.
  Trying to prove $equiv for \c[10]:ezsat
ezsat
 failed.
  Trying to prove $equiv for \c[11]:ezsat
ezsat
 failed.
  Trying to prove $equiv for \c[12]:ezsat
ezsat
 failed.
  Trying to prove $equiv for \c[13]:ezsat
ezsat
 failed.
  Trying to prove $equiv for \c[14]:ezsat
ezsat
 failed.
  Trying to prove $equiv for \c[15]:ezsat
ezsat
 failed.
  Trying to prove $equiv for \c[16]:ezsat
ezsat
 failed.
  Trying to prove $equiv for \c[17]:ezsat
ezsat
 failed.
  Trying to prove $equiv for \c[18]:ezsat
ezsat
 failed.
  Trying to prove $equiv for \c[19]:ezsat
ezsat
 failed.
  Trying to prove $equiv for \c[20]:ezsat
ezsat
 failed.
  Trying to prove $equiv for \c[21]:ezsat
ezsat
 failed.
  Trying to prove $equiv for \c[22]:ezsat
ezsat
 failed.
  Trying to prove $equiv for \c[23]:ezsat
ezsat
 failed.
  Trying to prove $equiv for \c[24]:ezsat
ezsat
 failed.
  Trying to prove $equiv for \c[25]:ezsat
ezsat
 failed.
  Trying to prove $equiv for \c[26]:ezsat
ezsat
 failed.
  Trying to prove $equiv for \c[27]:ezsat
ezsat
 failed.
  Trying to prove $equiv for \c[28]:ezsat
ezsat
 failed.
  Trying to prove $equiv for \c[29]:ezsat
ezsat
 failed.
  Trying to prove $equiv for \c[30]:ezsat
ezsat
 failed.
  Trying to prove $equiv for \c[31]:ezsat
ezsat
 failed.
Proved 22 previously unproven $equiv cells.

18. Executing EQUIV_INDUCT pass.
Found 48 unproven $equiv cells in module equiv:
  Proving existence of base case for step 1. (10737 clauses over 4234 variables)
  Proving induction step 1. (22810 clauses over 8885 variables)
  Proof for induction step failed. Extending to next time step.
  Proving existence of base case for step 2. (22811 clauses over 8885 variables)
  Proving induction step 2. (34884 clauses over 13536 variables)
  Proof for induction step holds. Entire workset of 48 cells proven!
Proved 48 previously unproven $equiv cells.

19. Executing EQUIV_INDUCT pass.
No selected unproven $equiv cells found in equiv.
Proved 0 previously unproven $equiv cells.

20. Executing EQUIV_INDUCT pass.
No selected unproven $equiv cells found in equiv.
Proved 0 previously unproven $equiv cells.

21. Executing EQUIV_STATUS pass.
Found 70 $equiv cells in equiv:
  Of those cells 70 are proven and 0 are unproven.
  Equivalence successfully proven!

End of script. Logfile hash: 7d0bbb2988, time: 0.29s, user: 0.28s, system: 0.01s, MEM: 36.50 MB peak
Yosys 0.67+ (git sha1 330b3eb19, Release, GNU /usr/bin/c++ 13.3.0) [github.com/vibeic/yosys at HEAD]
Time spent: 72% 1x equiv_simple (0 sec), 14% 3x equiv_induct (0 sec), ...