
=== Vibe-IC phase1_phase2_phase3 compliance ===
Project: /home/reyerchu/AI_IC_design/_bench7_caravel_v1034_cleanroom/caravel_r11
Flow def: /home/reyerchu/vibe-ic/vibe-ic-marketplace/plugins/vibe-ic/flow/phase1_phase2_phase3.yaml
Steps: 59 total (29/31 executed PASS, 3 DEFERRED via waiver)
  PASS=28  FAIL=2  MISSING=0  WAIVED-DEFERRED=3  SKIPPED=25  VACUOUS-PASS=1

  ✗ [FAIL             ] Step P0: Structural-RTL gates (P0 umbrella, 226 checkers)  (stage1)
       └─ FAIL: l_doc_structured_field_count_check — FAIL — Wave 31/32 (v0.119.64): 3 L doc(s) carry fewer typed structured fields than required:
       └─ SKIP: tristate_self_rx_mask_check
       └─ SKIP: timer_freeze_after_state_check
       └─ SKIP: pulse_decoder_edge_check
       └─ SKIP: packet_length_check_present
       └─ SKIP: otp_write_lock_gate_check
       └─ SKIP: l12_sequence_implementation_check
       └─ SKIP: sustained_vs_edge_check
       └─ SKIP: transient_signal_latch_check
       └─ SKIP: bit_count_modulo_check
       └─ SKIP: cmd_arg_range_validation_check
       └─ SKIP: response_payload_template_check
       └─ SKIP: pre_awake_silence_check
       └─ SKIP: fpga_wrapper_input_polluter_check
       └─ SKIP: oe_pattern_check
       └─ SKIP: crc_bitorder_check
       └─ SKIP: interface_encoding_audit
       └─ SKIP: mask_application_check
       └─ SKIP: crc_seed_consistency_check
       └─ SKIP: protocol_gap_check
       └─ SKIP: warn_acceptance_policy_check
       └─ SKIP: tristate_bus_check
       └─ SKIP: periodic_signal_required_check
       └─ SKIP: fpga_async_input_synchronizer_check
       └─ SKIP: l9_response_delay_schema_check
       └─ SKIP: rtl_response_byte_oracle_check (SKIP: N/A for class 'bus_peripheral': command_protocol_applicable=false AND the L docs record a no-opcode / no-regmap input — there are no opcodes to build golden bytes from, no register fields, no submodule decomposition, no protocol metadata. The primitive-appropriate set (generic_full_stack reference TB vs the L9 contract, lint, synth, latch checks) still runs and still gates (ORGANIC-20260605 #419).)
       └─ SKIP: spice_correlation_check (SKIP: N/A for class 'bus_peripheral': analog_applicable=false (verification_track='generic_full_stack'). This IC has no analog content, so the analog block-coverage / hardmacro / mixed-signal gate does not apply. Core functional gates (lint/synth/CDC/sim) still run.)
       └─ SKIP: analog_block_coverage_check (SKIP: N/A for class 'bus_peripheral': analog_applicable=false (verification_track='generic_full_stack'). This IC has no analog content, so the analog block-coverage / hardmacro / mixed-signal gate does not apply. Core functional gates (lint/synth/CDC/sim) still run.)
       └─ SKIP: analog_hw_spice_correlation_check (SKIP: N/A for class 'bus_peripheral': analog_applicable=false (verification_track='generic_full_stack'). This IC has no analog content, so the analog block-coverage / hardmacro / mixed-signal gate does not apply. Core functional gates (lint/synth/CDC/sim) still run.)
       └─ SKIP: analog_hardmacro_check (SKIP: N/A for class 'bus_peripheral': analog_applicable=false (verification_track='generic_full_stack'). This IC has no analog content, so the analog block-coverage / hardmacro / mixed-signal gate does not apply. Core functional gates (lint/synth/CDC/sim) still run.)
       └─ SKIP: mixed_signal_cosim_check (SKIP: N/A for class 'bus_peripheral': analog_applicable=false (verification_track='generic_full_stack'). This IC has no analog content, so the analog block-coverage / hardmacro / mixed-signal gate does not apply. Core functional gates (lint/synth/CDC/sim) still run.)
       └─ SKIP: analog_a6_block_pv_check
       └─ SKIP: protocol_fsm_topology_check
       └─ SKIP: clock_divider_period_check
       └─ SKIP: cross_module_1cycle_handshake_check
       └─ SKIP: frame_end_detection_check
       └─ SKIP: crc_oracle_vector_check
       └─ SKIP: arbiter_starvation_check
       └─ SKIP: tristate_pullup_assertion_check
       └─ SKIP: protocol_ip_simulation_required_check (SKIP: N/A for class 'bus_peripheral': command_protocol_applicable=false (verification_track='generic_full_stack'). This IC has no SW-visible command protocol / opcode argument map / protocol behavioral steps, so the protocol gate does not apply. Core functional gates (lint/synth/CDC/sim) still run.)
       └─ SKIP: bram_init_portable_compat_check
       └─ SKIP: bram_pdob_combinational_check
       └─ SKIP: klayout_deck_mode_check
       └─ SKIP: waiver_staleness_check
       └─ SKIP: regmap_bit_layout_check (SKIP: N/A for class 'bus_peripheral': command_protocol_applicable=false AND the L docs record a no-opcode / no-regmap input — there are no opcodes to build golden bytes from, no register fields, no submodule decomposition, no protocol metadata. The primitive-appropriate set (generic_full_stack reference TB vs the L9 contract, lint, synth, latch checks) still runs and still gates (ORGANIC-20260605 #419).)
       └─ SKIP: l3_opcode_response_template_check
       └─ SKIP: l3_opcode_argument_constraints_check (SKIP: N/A for class 'bus_peripheral': command_protocol_applicable=false (verification_track='generic_full_stack'). This IC has no SW-visible command protocol / opcode argument map / protocol behavioral steps, so the protocol gate does not apply. Core functional gates (lint/synth/CDC/sim) still run.)
       └─ SKIP: doc_consistency_no_unresolved_conflicts_check
       └─ SKIP: l1_electrical_specs_typed_depth_check (SKIP: N/A for class 'bus_peripheral': command_protocol_applicable=false (verification_track='generic_full_stack'). This IC has no SW-visible command protocol / opcode argument map / protocol behavioral steps, so the protocol gate does not apply. Core functional gates (lint/synth/CDC/sim) still run.)
       └─ SKIP: l4_regmap_enumerated_values_typed_check (SKIP: N/A for class 'bus_peripheral': command_protocol_applicable=false AND the L docs record a no-opcode / no-regmap input — there are no opcodes to build golden bytes from, no register fields, no submodule decomposition, no protocol metadata. The primitive-appropriate set (generic_full_stack reference TB vs the L9 contract, lint, synth, latch checks) still runs and still gates (ORGANIC-20260605 #419).)
       └─ SKIP: l8_clock_domains_typed_check
       └─ SKIP: l11_otp_lock_dependencies_typed_check
       └─ SKIP: l12_behavioral_sequences_steps_typed_check (SKIP: N/A for class 'bus_peripheral': command_protocol_applicable=false (verification_track='generic_full_stack'). This IC has no SW-visible command protocol / opcode argument map / protocol behavioral steps, so the protocol gate does not apply. Core functional gates (lint/synth/CDC/sim) still run.)
       └─ SKIP: l10_test_cases_cover_l3_constraints_check
       └─ SKIP: l11_sequence_covers_l6_reject_rules_check
       └─ SKIP: assertion_covers_l3_constraints_check
       └─ SKIP: analog_content_detected_must_emit_l5_check (SKIP: N/A for class 'bus_peripheral': analog_applicable=false (verification_track='generic_full_stack'). This IC has no analog content, so the analog block-coverage / hardmacro / mixed-signal gate does not apply. Core functional gates (lint/synth/CDC/sim) still run.)
       └─ SKIP: l9_submodule_conformance_check (SKIP: N/A for class 'bus_peripheral': command_protocol_applicable=false AND the L docs record a no-opcode / no-regmap input — there are no opcodes to build golden bytes from, no register fields, no submodule decomposition, no protocol metadata. The primitive-appropriate set (generic_full_stack reference TB vs the L9 contract, lint, synth, latch checks) still runs and still gates (ORGANIC-20260605 #419).)
       └─ SKIP: metadata_content_substance_check (SKIP: N/A for class 'bus_peripheral': command_protocol_applicable=false AND the L docs record a no-opcode / no-regmap input — there are no opcodes to build golden bytes from, no register fields, no submodule decomposition, no protocol metadata. The primitive-appropriate set (generic_full_stack reference TB vs the L9 contract, lint, synth, latch checks) still runs and still gates (ORGANIC-20260605 #419).)
       └─ SKIP: cross_constant_invariant_check
       └─ SKIP: backlog_sanitize_check
       └─ SKIP: fpga_program_chain_attest_check
       └─ SKIP: fpga_qsf_lint
       └─ SKIP: fresh_agent_provenance_check
       └─ SKIP: json_schema_check
       └─ SKIP: l9_completeness_check
       └─ SKIP: module_port_audit
       └─ SKIP: openroad_tcl_deprecation_check
       └─ SKIP: output_artifact_check
       └─ SKIP: payload_bit_position_check
       └─ SKIP: phase1_gate_contract_check
       └─ SKIP: practical_notes_specificity_check
       └─ SKIP: rtl_precheck_gate
       └─ SKIP: scope_periodic_pulse_check
       └─ SKIP: testbench_exists_check
       └─ SKIP: tester_oracle_health_check
  ✓ [PASS             ] Step D1: Phase 1 Doc Extraction (17 skills + dialogue entry → L1-L23)  (stage_phase1)
  ✓ [PASS             ] Step  1: Spec-to-RTL  (stage1)
  ✓ [PASS             ] Step  2: 🔁 Lint (RTL + Quartus-unsafe patterns + RTL-bug claim schema)  (stage1)
  - [SKIPPED-CONDITION] Step  3: 🔁 CDC / RDC check  (stage1)
       └─ verdict artifact self-reports SKIPPED-CONDITION (#433c): reports/phase2/cdc/crossing.json: multi-clock design (root_clocks=['user_clock2', 'wb_clk_i'], scope: top module 'user_project_wrapper' (resolved via --top-name)): a real CDC tool run is require; reports/phase2/cdc/async_input.json: multi-clock design (root_clocks=['user_clock2', 'wb_clk_i'], scope: top module 'user_project_wrapper' (resolved via --top-name)): a real CDC tool run is require; reports/phase2/cdc/reset_dep.json: multi-clock design (root_clocks=['user_clock2', 'wb_clk_i'], scope: top module 'user_project_wrapper' (resolved via --top-name)): a real CDC tool run is require
  ~ [WAIVED-DEFERRED  ] Step  4: 🔁 Simulation (testbench-based + L10/L12 coverage + Verilator coverage)  (stage1)
       └─ WAIVED-DEFERRED: gate program signalled PASS_WITH_WAIVERS (#651 — a slot credited via a waiver, NOT a bare PASS; production tapeout review must close it): cpu_functional_oracle_waiver_check . --json reports/phase2/gates/cpu_functional_oracle_waiver.json
  - [SKIPPED-CONDITION] Step  5: 🔁 Formal verification (assertions proved + bit-level full-stack phase2/stage1/tb)  (stage1)
       └─ SKIPPED-CONDITION: gate evidence self-reports a skip (#608/#675): phase2/stage1/formal/formal_not_run.json: sibling self-reports verdict=SKIPPED-CONDITION (no formal proof tool ran in this chain — reference-TB simulation results are NOT a proof and are never copied here (#433c/#440). AI invokes skill assertion-gen:)
  ~ [WAIVED-DEFERRED  ] Step  6: FPGA early prototype + verification report audit  (stage1)
       └─ ENV_UNAVAILABLE waiver applied (natural verdict was FAIL/MISSING): ENV_UNAVAILABLE (fpga-board-prototype cap-gap): the runner HONESTLY self-reports a deliberate FPGA skip (reports/phase2/fpga/quartus_map_audit.json verdict=SKIP, sof_present=false) — no DE10-class board-pin contract for this IC class and/or no Quartus on host. The on-board .sof (early-prototype AND final sign-off) is DEFERRED to board bring-up (NOT executed-PASS) [ticket=fpga-board-prototype-capgap-v1.0.18, review_required=True, cap:fpga_board_prototype] (approver: field-agent-attest (fpga-board cap-gap tier))
       └─   ↳ natural: missing files (any_of=False): ['phase2/stage1/fpga/output_files/*.sof']
  ✓ [PASS             ] Step  7: Constraint setup (SDC + PVT matrix)  (stage2)
  ✓ [PASS             ] Step  8: 🔁 SDC validation  (stage2)
  ✓ [PASS             ] Step  9: Synthesis (Yosys → mapped netlist)  (stage2)
  ✓ [PASS             ] Step 10: 🔁 Pre-layout STA (multi-corner)  (stage2)
  - [SKIPPED-CONDITION] Step 11: DFT insertion (scan chain + ATPG)  (stage2)
       └─ no required_outputs found (expected: ['phase2/stage2/dft/scan_netlist.v', 'phase2/stage2/dft/atpg_coverage.rpt', 'reports/phase2/dft/coverage.json'])
       └─ platform capability gap [cap:dft_scan_insertion_atpg]: the open-tool runner chain does not implement this canonical step yet (#430); converted from MISSING so every strict deduction names its capability flag. Track/implement under this flag to re-enable gating.
  - [SKIPPED-CONDITION] Step 12: Post-DFT optimization (resynth / buffering)  (stage2)
       └─ no required_outputs found (expected: ['phase2/stage2/synth/post_dft_netlist.v'])
       └─ platform capability gap [cap:post_dft_optimization]: the open-tool runner chain does not implement this canonical step yet (#430); converted from MISSING so every strict deduction names its capability flag. Track/implement under this flag to re-enable gating.
  - [SKIPPED-CONDITION] Step 13: 🔁 Equivalence check (RTL ≡ post-DFT netlist)  (stage2)
       └─ no required_outputs found (expected: ['reports/lec.rpt', 'reports/lec.json'])
       └─ platform capability gap [cap:logic_equivalence_check]: the open-tool runner chain does not implement this canonical step yet (#430); converted from MISSING so every strict deduction names its capability flag. Track/implement under this flag to re-enable gating.
  - [SKIPPED-CONDITION] Step A1: Analog Spec Extraction  (stage_analog)
       └─ condition not met: {'files_exist': ['phase1/analog/analog_block_list.json']}
  - [SKIPPED-CONDITION] Step A2: Analog Topology Selection  (stage_analog)
       └─ condition not met: {'files_exist': ['phase1/analog/analog_block_list.json']}
  - [SKIPPED-CONDITION] Step A3: Analog Netlist Generation  (stage_analog)
       └─ condition not met: {'files_exist': ['phase1/analog/analog_block_list.json']}
  - [SKIPPED-CONDITION] Step A4: Analog Corner Sweep (PVT)  (stage_analog)
       └─ condition not met: {'files_exist': ['phase1/analog/analog_block_list.json']}
  - [SKIPPED-CONDITION] Step A5: Analog Layout  (stage_analog)
       └─ condition not met: {'files_exist': ['phase1/analog/analog_block_list.json']}
  - [SKIPPED-CONDITION] Step A7: 🔁 Post-Layout Resimulation  (stage_analog)
       └─ condition not met: {'files_exist': ['phase1/analog/analog_block_list.json']}
  - [SKIPPED-CONDITION] Step A8: Hardmacro Generation (LEF + Liberty + GDS + Verilog)  (stage_analog)
       └─ condition not met: {'files_exist': ['phase1/analog/analog_block_list.json']}
  - [SKIPPED-CONDITION] Step A9: 🔁 Co-Simulation / HW Verification  (stage_analog)
       └─ condition not met: {'files_exist': ['phase1/analog/analog_block_list.json']}
  ○ [VACUOUS-PASS     ] Step 14: 🔁 Synthesis handoff gate (pre-PnR Yosys script + netlist audit; open-source-flow specific)  (stage2)
       └─ vacuous: gate program signalled VACUOUS_PASS (input not applicable): yosys_hilomap_required_check . --json reports/phase2/gates/yosys_hilomap.json
       └─ vacuous: gate program signalled VACUOUS_PASS (input not applicable): yosys_script_template_check . --json reports/phase2/gates/yosys_script_template.json
  ✓ [PASS             ] Step 15: Floorplan + PDN  (stage3)
  ✓ [PASS             ] Step 16: Clock planning  (stage3)
  ✓ [PASS             ] Step 17: Placement (global + detailed)  (stage3)
  ✓ [PASS             ] Step 18: Spare-cell + ECO-prep insertion (Design-for-ECO)  (stage3)
  ✓ [PASS             ] Step 19: CTS (Clock Tree Synthesis)  (stage3)
  ✓ [PASS             ] Step 20: 🔁 Post-CTS hold fixing  (stage3)
  ✓ [PASS             ] Step 21: Routing (global + detailed)  (stage3)
  ✓ [PASS             ] Step 22: Parasitic Extraction (RC → SPEF)  (stage3)
  ✓ [PASS             ] Step 23: 🔁 Post-route STA (multi-corner multi-mode sign-off)  (stage3)
  ✓ [PASS             ] Step 24: 🔁 IR Drop (static + dynamic)  (stage3)
  ✓ [PASS             ] Step 25: 🔁 EM check (electromigration lifetime)  (stage3)
  ✓ [PASS             ] Step 26: 🔁 Antenna check (gate-oxide protection)  (stage3)
  ✓ [PASS             ] Step 27: 🔁 Signal Integrity (Crosstalk / Noise / Glitch)  (stage3)
  ✓ [PASS             ] Step 28: 🔁 PERC / Reliability sign-off (ESD + latch-up + cross-domain)  (stage3)
  - [SKIPPED-CONDITION] Step 29: Post-Layout Gate-Level Simulation (Post-Sim + SDF)  (stage3)
       └─ no required_outputs found (expected: ['phase3/stage3/sim_postlayout/results.log OR phase3/stage3/sim_postlayout/pass.flag'])
       └─ platform capability gap [cap:sdf_annotated_gatelevel_sim]: the open-tool runner chain does not implement this canonical step yet (#430); converted from MISSING so every strict deduction names its capability flag. Track/implement under this flag to re-enable gating.
  - [SKIPPED-CONDITION] Step 30: Post-Layout SPICE Verification (critical-path correlation + analog)  (stage3)
       └─ no required_outputs found (expected: ['phase3/stage3/spice/*.sp OR phase3/stage3/spice/*.spice OR sim_spice/*.sp', 'phase3/stage3/spice/correlation.json OR reports/phase3/spice_correlation.json'])
       └─ platform capability gap [cap:post_layout_spice_correlation]: the open-tool runner chain does not implement this canonical step yet (#430); converted from MISSING so every strict deduction names its capability flag. Track/implement under this flag to re-enable gating.
  ✓ [PASS             ] Step 31: 🔁 Physical Verification (DRC + LVS + ERC + Density)  (stage3)
  ✓ [PASS             ] Step 32: 🔁 ECO (Engineering Change Order — repair loop)  (stage3)
  ✓ [PASS             ] Step 33: Power analysis (pre/post-layout)  (stage4)
  ✓ [PASS             ] Step 34: Metal Fill (ECO-aware density fill insertion)  (stage4)
  ✓ [PASS             ] Step 35: DFM screen (CMP density + redundant-via ratio + foundry-side OPC/RET disclosure)  (stage4)
  ✓ [PASS             ] Step 36: Tapeout checklist (final sign-off confirmation)  (stage4)
  ✓ [PASS             ] Step 37: GDSII output (only if Step 31 PV fully clean)  (stage4)
  ✗ [FAIL             ] Step 38: Foundry Handoff (mask spec + WAT plan + scribe layout + corner test kit)  (stage4)
       └─ program failed: foundry_handoff_package_check . --json reports/phase3/foundry_handoff_audit.json
       └─ output: === foundry_handoff_package_check (caravel_r11) ===
  verdict: FAIL
  ~ [WAIVED-DEFERRED  ] Step 39: FPGA final sign-off (recompile + on-board test)  (stage4)
       └─ ENV_UNAVAILABLE waiver applied (natural verdict was FAIL/MISSING): ENV_UNAVAILABLE (fpga-board-prototype cap-gap): the runner HONESTLY self-reports a deliberate FPGA skip (reports/phase2/fpga/quartus_map_audit.json verdict=SKIP, sof_present=false) — no DE10-class board-pin contract for this IC class and/or no Quartus on host. The on-board .sof (early-prototype AND final sign-off) is DEFERRED to board bring-up (NOT executed-PASS) [ticket=fpga-board-prototype-capgap-v1.0.18, review_required=True, cap:fpga_board_prototype] (approver: field-agent-attest (fpga-board cap-gap tier))
       └─   ↳ natural: json gate failed: all_scenarios_passed = False
  - [SKIPPED-CONDITION] Step A6: Analog Physical Verification (per-block DRC + LVS before merge)  (stage_analog)
       └─ condition not met: {'files_exist': ['phase1/analog/analog_block_list.json']}
  - [SKIPPED-CONDITION] Step M1: Mixed-Signal Top-Level Integration (A+D GDS merge + macro placement)  (stage_mixed_signal)
       └─ condition not met: {'files_exist': ['phase1/analog/analog_block_list.json']}
  - [SKIPPED-CONDITION] Step M2: Mixed-Signal Power Domain + Level Shifter / Isolation Verification  (stage_mixed_signal)
       └─ condition not met: {'files_exist': ['phase1/analog/analog_block_list.json']}
  - [SKIPPED-CONDITION] Step M3: Mixed-Signal Verification (AMS co-sim + RNM + interface signal integrity)  (stage_mixed_signal)
       └─ condition not met: {'files_exist': ['phase1/analog/analog_block_list.json']}
  - [SKIPPED-CONDITION] Step M4: Mixed-Signal Sign-Off (top-level PV + final verdict)  (stage_mixed_signal)
       └─ condition not met: {'files_exist': ['phase1/analog/analog_block_list.json']}
  - [SKIPPED-CONDITION] Step 40: Fabrication (foundry mask-set + wafer fab — external)  (stage5_manufacturing)
       └─ condition not met: {'files_exist': ['phase3/stage5_manufacturing/silicon_received.json']}
  - [SKIPPED-CONDITION] Step 41: Wafer Sort / Probe Test (ATE + probe card)  (stage5_manufacturing)
       └─ condition not met: {'files_exist': ['phase3/stage5_manufacturing/silicon_received.json']}
  - [SKIPPED-CONDITION] Step 42: Packaging (assembly: wirebond / FC-CSP / WLCSP)  (stage5_manufacturing)
       └─ condition not met: {'files_exist': ['phase3/stage5_manufacturing/silicon_received.json']}
  - [SKIPPED-CONDITION] Step 43: Final Test (ATE: functional + parametric + burn-in)  (stage5_manufacturing)
       └─ condition not met: {'files_exist': ['phase3/stage5_manufacturing/silicon_received.json']}
  - [SKIPPED-CONDITION] Step 44: Reliability qualification (HTOL / FIT attestation)  (stage5_manufacturing)
       └─ condition not met: {'files_exist': ['phase3/stage5_manufacturing/htol_results.json']}

Overall: FAIL  (strict=True)

Advisories:
  ⚠ Step 20 (post-route STA) passed single-corner only. Consider running eda_sta_mcorner for SS/FF coverage.
