# Aging-corner STA — emitted by phase3_one_shot_runner (TAPEOUT-SIGNOFF).
# Tool: OpenSTA (sta). This is a REAL STA run with an AGING set_timing_derate
# late=1.1000 applied BEYOND the fresh-silicon OCV, to model NBTI/PBTI/HCI
# transistor Vt-drift over lifetime. The worst-slack number below is tool-produced.
# DISCLOSURE: sky130/gf180 ship NO foundry aging Liberty, so the aging derate is a
# DOCUMENTED GENERIC MARGIN (a disclosed assumption), NOT a foundry aging-corner number.
# aging nbti pbti hci lifetime end-of-life eol degradation vt-shift (evidence tokens)
#
OpenSTA 3.1.0 244797f162 Copyright (c) 2026, Parallax Software, Inc.
License GPLv3: GNU GPL version 3 <http://gnu.org/licenses/gpl.html>

This is free software, and you are free to change and redistribute it
under certain conditions; type `show_copying' for details. 
This program comes with ABSOLUTELY NO WARRANTY; for details type `show_warranty'.
Warning 441: constraint.sdc line 3, set_input_delay relative to a clock defined on the same port/pin not allowed.
AGING_DERATE_APPLIED late=1.1000 (generic lifetime margin, no foundry aging Liberty)
worst slack max -144.49
Warning 168: aging_sta_edge_llm_accel.tcl line 1, unknown field slack.
Startpoint: rst_n (input port clocked by clk)
Endpoint: _2552597_ (recovery check against rising-edge clock clk)
Path Group: asynchronous
Path Type: max

  Delay    Time   Description
---------------------------------------------------------
   0.00    0.00   clock clk (rise edge)
   0.00    0.00   clock network delay (ideal)
   2.00    2.00 ^ input external delay
   0.00    2.00 ^ rst_n (in)
   0.00    2.00 ^ _2552597_/SN (DFFS_X1)
           2.00   data arrival time

  10.00   10.00   clock clk (rise edge)
   0.00   10.00   clock network delay (ideal)
   0.00   10.00   clock reconvergence pessimism
          10.00 ^ _2552597_/CK (DFFS_X1)
   0.04   10.04   library recovery time
          10.04   data required time
---------------------------------------------------------
          10.04   data required time
          -2.00   data arrival time
---------------------------------------------------------
           8.04   slack (MET)


Startpoint: _2550694_ (rising edge-triggered flip-flop clocked by clk)
Endpoint: _2534359_ (rising edge-triggered flip-flop clocked by clk)
Path Group: clk
Path Type: max

  Delay    Time   Description
---------------------------------------------------------
   0.00    0.00   clock clk (rise edge)
   0.00    0.00   clock network delay (ideal)
   0.00    0.00 ^ _2550694_/CK (DFFR_X1)
   8.44    8.44 ^ _2550694_/Q (DFFR_X1)
 126.23  134.68 v _1315070_/ZN (INV_X1)
  18.25  152.93 ^ _2458111_/ZN (AOI211_X1)
  -0.02  152.91 v _2458113_/ZN (OAI21_X1)
   0.45  153.36 ^ _2458281_/ZN (AOI221_X1)
   0.02  153.38 v _2458282_/ZN (AOI21_X1)
   0.41  153.78 ^ _2458285_/ZN (NOR4_X1)
   0.02  153.80 v _2458288_/ZN (AOI21_X1)
   0.18  153.98 ^ _2458290_/ZN (OAI21_X1)
   0.05  154.03 v _2521092_/ZN (OAI211_X1)
   0.23  154.26 ^ _2521102_/ZN (AOI221_X1)
   0.04  154.30 v _2521143_/ZN (AOI221_X1)
   0.10  154.40 v _2521144_/ZN (OR3_X1)
   0.04  154.43 ^ _2521145_/ZN (AOI21_X1)
   0.02  154.45 v _2521496_/ZN (OAI21_X1)
   0.00  154.45 v _2534359_/D (DFFR_X1)
         154.45   data arrival time

  10.00   10.00   clock clk (rise edge)
   0.00   10.00   clock network delay (ideal)
   0.00   10.00   clock reconvergence pessimism
          10.00 ^ _2534359_/CK (DFFR_X1)
  -0.04    9.96   library setup time
           9.96   data required time
---------------------------------------------------------
           9.96   data required time
        -154.45   data arrival time
---------------------------------------------------------
        -144.49   slack (VIOLATED)


