# OpenROAD detailed_route DRC summary -- emitted by
# phase3_one_shot_runner v1.6.36 (canonicalize_artefacts step).
# Tool: openroad detailed_route (drt)
# Source log: phase3/stage3/pnr/openroad.log
#
# This report is the runner-side projection of OpenROAD
# detailed_route output. Tool signature is `openroad` /
# `detailed_route`; `violation report` line + per-violation
# detail (when present) populate the substance check.
#
# Substance: post-route DRC count derived from openroad
# detailed_route's per-net congestion/violation log lines. This is
# the router's own in-loop DRC pass.
# Sign-off DRC runs SEPARATELY at Step 31: when the PDK ships a
# Calibre/Assura `.rule` deck (input/pdk/calibre/), the runner
# executes that foundry deck NATIVELY via the vibeic KLayout SVRF
# engine (_try_svrf_native_drc) — NO Calibre license/binary
# required; that IS the sign-off-grade verdict. A KLayout `.lydrc`
# or `magic` deck is only the fallback when no SVRF deck exists.
#
openroad / drt-pass: detailed_route invoked
violation report: 0
violation count summary: 0 violation(s) found
drc source: final [INFO DRT-0199] count
DRC clean: YES
tool: openroad

# === detailed_route + global_route summary lines from openroad.log ===
[INFO DRT-0028]   Complete via6.
[INFO DRT-0028]   Complete metal7.
[INFO DRT-0028]   Complete via7.
[INFO DRT-0028]   Complete metal8.
[INFO DRT-0028]   Complete via8.
[INFO DRT-0028]   Complete metal9.
[INFO DRT-0028]   Complete via9.
[INFO DRT-0028]   Complete metal10.
[INFO DRT-0178] Init guide query.
[INFO DRT-0029]   Complete 100000 nets (guide).
[INFO DRT-0029]   Complete 200000 nets (guide).
[INFO DRT-0029]   Complete 300000 nets (guide).
[INFO DRT-0029]   Complete 400000 nets (guide).
[INFO DRT-0029]   Complete 500000 nets (guide).
[INFO DRT-0029]   Complete 600000 nets (guide).
[INFO DRT-0029]   Complete 700000 nets (guide).
[INFO DRT-0029]   Complete 800000 nets (guide).
[INFO DRT-0029]   Complete 900000 nets (guide).
[INFO DRT-0030]   Complete 1000000 nets (guide).
[INFO DRT-0035]   Complete active (guide).
[INFO DRT-0035]   Complete Fr_VIA (guide).
[INFO DRT-0035]   Complete metal1 (guide).
[INFO DRT-0035]   Complete via1 (guide).
[INFO DRT-0035]   Complete metal2 (guide).
[INFO DRT-0035]   Complete via2 (guide).
[INFO DRT-0035]   Complete metal3 (guide).
[INFO DRT-0035]   Complete via3 (guide).
[INFO DRT-0035]   Complete metal4 (guide).
[INFO DRT-0035]   Complete via4 (guide).
[INFO DRT-0035]   Complete metal5 (guide).
[INFO DRT-0035]   Complete via5 (guide).
[INFO DRT-0035]   Complete metal6 (guide).
[INFO DRT-0035]   Complete via6 (guide).
[INFO DRT-0035]   Complete metal7 (guide).
[INFO DRT-0035]   Complete via7 (guide).
[INFO DRT-0035]   Complete metal8 (guide).
[INFO DRT-0035]   Complete via8 (guide).
[INFO DRT-0035]   Complete metal9 (guide).
[INFO DRT-0035]   Complete via9 (guide).
[INFO DRT-0035]   Complete metal10 (guide).
[INFO DRT-0036] active guide region query size = 0.
[INFO DRT-0036] FR_VIA guide region query size = 0.
[INFO DRT-0036] metal1 guide region query size = 3565564.
[INFO DRT-0036] via1 guide region query size = 0.
[INFO DRT-0036] metal2 guide region query size = 2926151.
[INFO DRT-0036] via2 guide region query size = 0.
[INFO DRT-0036] metal3 guide region query size = 1297840.
[INFO DRT-0036] via3 guide region query size = 0.
[INFO DRT-0036] metal4 guide region query size = 4250.
[INFO DRT-0036] via4 guide region query size = 0.
[INFO DRT-0036] metal5 guide region query size = 2073.
[INFO DRT-0036] via5 guide region query size = 0.
[INFO DRT-0036] metal6 guide region query size = 794.
[INFO DRT-0036] via6 guide region query size = 0.
[INFO DRT-0036] metal7 guide region query size = 43.
[INFO DRT-0036] via7 guide region query size = 0.
[INFO DRT-0036] metal8 guide region query size = 21.
[INFO DRT-0036] via8 guide region query size = 0.
[INFO DRT-0036] metal9 guide region query size = 2.
[INFO DRT-0036] via9 guide region query size = 0.
[INFO DRT-0036] metal10 guide region query size = 1.
[INFO DRT-0179] Init gr pin query.
[INFO DRT-0267] cpu time = 00:00:38, elapsed time = 00:00:12, memory = 23570.72 (MB), peak = 23756.06 (MB)
[INFO DRT-0245] skipped writing guide updates to database.
[INFO DRT-0181] Start track assignment.
[INFO DRT-0184] Done with 2931217 vertical wires in 17 frboxes and 4865522 horizontal wires in 17 frboxes.
[INFO DRT-0186] Done with 847881 vertical wires in 17 frboxes and 883205 horizontal wires in 17 frboxes.
[INFO DRT-0182] Complete track assignment.
[INFO DRT-0267] cpu time = 00:09:26, elapsed time = 00:01:52, memory = 32012.44 (MB), peak = 32085.61 (MB)
[INFO DRT-0187] Start routing data preparation.
[INFO DRT-0267] cpu time = 00:00:03, elapsed time = 00:00:03, memory = 32075.21 (MB), peak = 32085.61 (MB)
[INFO DRT-0194] Start detail routing.
[INFO DRT-0195] Start 0th optimization iteration.
[INFO DRT-0199]   Number of violations = 336410.
[INFO DRT-0267] cpu time = 08:58:09, elapsed time = 00:28:15, memory = 41508.64 (MB), peak = 41778.47 (MB)
Total wire length = 14613080 um.
Total wire length on LAYER metal1 = 0 um.
Total wire length on LAYER metal2 = 7841873 um.
Total wire length on LAYER metal3 = 5901107 um.
Total wire length on LAYER metal4 = 377397 um.
Total wire length on LAYER metal5 = 248322 um.
Total wire length on LAYER metal6 = 242281 um.
Total wire length on LAYER metal7 = 426 um.
Total wire length on LAYER metal8 = 1592 um.
Total wire length on LAYER metal9 = 0 um.
Total wire length on LAYER metal10 = 78 um.
[INFO DRT-0195] Start 1st optimization iteration.
[INFO DRT-0199]   Number of violations = 104203.
[INFO DRT-0267] cpu time = 07:58:22, elapsed time = 00:34:52, memory = 41668.43 (MB), peak = 41980.63 (MB)
Total wire length = 14467023 um.
Total wire length on LAYER metal1 = 0 um.
Total wire length on LAYER metal2 = 7736765 um.
Total wire length on LAYER metal3 = 5836527 um.
Total wire length on LAYER metal4 = 401075 um.
Total wire length on LAYER metal5 = 248195 um.
Total wire length on LAYER metal6 = 242353 um.
Total wire length on LAYER metal7 = 429 um.
Total wire length on LAYER metal8 = 1597 um.
Total wire length on LAYER metal9 = 0 um.
Total wire length on LAYER metal10 = 78 um.
[INFO DRT-0195] Start 2nd optimization iteration.
[INFO DRT-0199]   Number of violations = 87753.
[INFO DRT-0267] cpu time = 06:59:59, elapsed time = 00:30:36, memory = 41121.52 (MB), peak = 41980.63 (MB)
Total wire length = 14444546 um.
Total wire length on LAYER metal1 = 0 um.
Total wire length on LAYER metal2 = 7721710 um.
Total wire length on LAYER metal3 = 5824491 um.
Total wire length on LAYER metal4 = 405660 um.
Total wire length on LAYER metal5 = 248173 um.
Total wire length on LAYER metal6 = 242407 um.
Total wire length on LAYER metal7 = 427 um.
Total wire length on LAYER metal8 = 1596 um.
Total wire length on LAYER metal9 = 0 um.
Total wire length on LAYER metal10 = 78 um.
[INFO DRT-0195] Start 3rd optimization iteration.
[INFO DRT-0199]   Number of violations = 2372.
[INFO DRT-0267] cpu time = 03:35:10, elapsed time = 00:16:37, memory = 41081.14 (MB), peak = 41980.63 (MB)
Total wire length = 14425857 um.
Total wire length on LAYER metal1 = 0 um.
Total wire length on LAYER metal2 = 7446888 um.
Total wire length on LAYER metal3 = 5828702 um.
Total wire length on LAYER metal4 = 653860 um.
Total wire length on LAYER metal5 = 251002 um.
Total wire length on LAYER metal6 = 243302 um.
Total wire length on LAYER metal7 = 427 um.
Total wire length on LAYER metal8 = 1596 um.
Total wire length on LAYER metal9 = 0 um.
Total wire length on LAYER metal10 = 78 um.
[INFO DRT-0195] Start 4th optimization iteration.
[INFO DRT-0199]   Number of violations = 25.
[INFO DRT-0267] cpu time = 00:14:08, elapsed time = 00:01:45, memory = 40889.20 (MB), peak = 41980.63 (MB)
Total wire length = 14425303 um.
Total wire length on LAYER metal1 = 0 um.
Total wire length on LAYER metal2 = 7442880 um.
Total wire length on LAYER metal3 = 5828433 um.
Total wire length on LAYER metal4 = 657452 um.
Total wire length on LAYER metal5 = 251125 um.
Total wire length on LAYER metal6 = 243309 um.
Total wire length on LAYER metal7 = 427 um.
Total wire length on LAYER metal8 = 1596 um.
Total wire length on LAYER metal9 = 0 um.
Total wire length on LAYER metal10 = 78 um.
[INFO DRT-0195] Start 5th guides tiles iteration.
[INFO DRT-0199]   Number of violations = 2.
[INFO DRT-0267] cpu time = 00:00:45, elapsed time = 00:00:38, memory = 40889.20 (MB), peak = 41980.63 (MB)
Total wire length = 14425232 um.
Total wire length on LAYER metal1 = 0 um.
Total wire length on LAYER metal2 = 7442076 um.
Total wire length on LAYER metal3 = 5828394 um.
Total wire length on LAYER metal4 = 658225 um.
Total wire length on LAYER metal5 = 251124 um.
Total wire length on LAYER metal6 = 243309 um.
Total wire length on LAYER metal7 = 427 um.
Total wire length on LAYER metal8 = 1596 um.
Total wire length on LAYER metal9 = 0 um.
Total wire length on LAYER metal10 = 78 um.
[INFO DRT-0195] Start 6th guides tiles iteration.
[INFO DRT-0199]   Number of violations = 2.
[INFO DRT-0267] cpu time = 00:00:01, elapsed time = 00:00:01, memory = 40889.20 (MB), peak = 41980.63 (MB)
Total wire length = 14425232 um.
Total wire length on LAYER metal1 = 0 um.
Total wire length on LAYER metal2 = 7442076 um.
Total wire length on LAYER metal3 = 5828394 um.
Total wire length on LAYER metal4 = 658225 um.
Total wire length on LAYER metal5 = 251124 um.
Total wire length on LAYER metal6 = 243309 um.
Total wire length on LAYER metal7 = 427 um.
Total wire length on LAYER metal8 = 1596 um.
Total wire length on LAYER metal9 = 0 um.
Total wire length on LAYER metal10 = 78 um.
[INFO DRT-0195] Start 7th stubborn tiles iteration.
[INFO DRT-0199]   Number of violations = 0.
[INFO DRT-0267] cpu time = 00:03:17, elapsed time = 00:00:25, memory = 40889.20 (MB), peak = 41980.63 (MB)
Total wire length = 14425239 um.
Total wire length on LAYER metal1 = 0 um.
Total wire length on LAYER metal2 = 7442060 um.
Total wire length on LAYER metal3 = 5828393 um.
Total wire length on LAYER metal4 = 658241 um.
Total wire length on LAYER metal5 = 251131 um.
Total wire length on LAYER metal6 = 243309 um.
Total wire length on LAYER metal7 = 427 um.
Total wire length on LAYER metal8 = 1596 um.
Total wire length on LAYER metal9 = 0 um.
Total wire length on LAYER metal10 = 78 um.
[WARNING DRT-0290] Warning: no DRC report specified, skipped writing DRC report
[INFO DRT-0198] Complete detail routing.
Total wire length = 14425239 um.
Total wire length on LAYER metal1 = 0 um.
Total wire length on LAYER metal2 = 7442060 um.
Total wire length on LAYER metal3 = 5828393 um.
Total wire length on LAYER metal4 = 658241 um.
Total wire length on LAYER metal5 = 251131 um.
Total wire length on LAYER metal6 = 243309 um.
Total wire length on LAYER metal7 = 427 um.
Total wire length on LAYER metal8 = 1596 um.
Total wire length on LAYER metal9 = 0 um.
Total wire length on LAYER metal10 = 78 um.
[INFO DRT-0267] cpu time = 27:50:28, elapsed time = 01:53:47, memory = 40889.20 (MB), peak = 41980.63 (MB)
[INFO DRT-0180] Post processing.
[INFO DRT-0501] Runtime: 7351.01s

# === violation lines (last 100, if any) ===
    Completing 40% with 94782 violations.
    Completing 50% with 116872 violations.
    Completing 60% with 144065 violations.
    Completing 70% with 159908 violations.
    Completing 80% with 188230 violations.
    Completing 90% with 223222 violations.
    Completing 100% with 253042 violations.
[INFO DRT-0199]   Number of violations = 336410.
[INFO DRT-0267] cpu time = 08:58:09, elapsed time = 00:28:15, memory = 41508.64 (MB), peak = 41778.47 (MB)
[INFO DRT-0195] Start 1st optimization iteration.
    Completing 10% with 322552 violations.
    Completing 20% with 306017 violations.
    Completing 30% with 276609 violations.
    Completing 40% with 244823 violations.
    Completing 50% with 225093 violations.
    Completing 60% with 202174 violations.
    Completing 70% with 186476 violations.
    Completing 80% with 159716 violations.
    Completing 90% with 130375 violations.
    Completing 100% with 104198 violations.
[INFO DRT-0199]   Number of violations = 104203.
[INFO DRT-0267] cpu time = 07:58:22, elapsed time = 00:34:52, memory = 41668.43 (MB), peak = 41980.63 (MB)
[INFO DRT-0195] Start 2nd optimization iteration.
    Completing 10% with 103335 violations.
    Completing 20% with 102368 violations.
    Completing 30% with 100722 violations.
    Completing 40% with 98470 violations.
    Completing 50% with 97188 violations.
    Completing 60% with 95801 violations.
    Completing 70% with 94283 violations.
    Completing 80% with 92218 violations.
    Completing 90% with 89941 violations.
    Completing 100% with 87753 violations.
[INFO DRT-0199]   Number of violations = 87753.
[INFO DRT-0267] cpu time = 06:59:59, elapsed time = 00:30:36, memory = 41121.52 (MB), peak = 41980.63 (MB)
[INFO DRT-0195] Start 3rd optimization iteration.
    Completing 10% with 82689 violations.
    Completing 20% with 77275 violations.
    Completing 30% with 66156 violations.
    Completing 40% with 55359 violations.
    Completing 50% with 48053 violations.
    Completing 60% with 38982 violations.
    Completing 70% with 33498 violations.
    Completing 80% with 23402 violations.
    Completing 90% with 12043 violations.
    Completing 100% with 2368 violations.
[INFO DRT-0199]   Number of violations = 2372.
[INFO DRT-0267] cpu time = 03:35:10, elapsed time = 00:16:37, memory = 41081.14 (MB), peak = 41980.63 (MB)
[INFO DRT-0195] Start 4th optimization iteration.
    Completing 10% with 2141 violations.
    Completing 20% with 1850 violations.
    Completing 30% with 1432 violations.
    Completing 40% with 1207 violations.
    Completing 50% with 1134 violations.
    Completing 60% with 951 violations.
    Completing 70% with 645 violations.
    Completing 80% with 292 violations.
    Completing 90% with 112 violations.
    Completing 100% with 25 violations.
[INFO DRT-0199]   Number of violations = 25.
[INFO DRT-0267] cpu time = 00:14:08, elapsed time = 00:01:45, memory = 40889.20 (MB), peak = 41980.63 (MB)
[INFO DRT-0195] Start 5th guides tiles iteration.
    Completing 10% with 25 violations.
    Completing 20% with 25 violations.
    Completing 30% with 25 violations.
    Completing 40% with 25 violations.
    Completing 50% with 2 violations.
    Completing 60% with 2 violations.
    Completing 70% with 2 violations.
    Completing 80% with 2 violations.
    Completing 90% with 2 violations.
    Completing 100% with 2 violations.
[INFO DRT-0199]   Number of violations = 2.
[INFO DRT-0267] cpu time = 00:00:45, elapsed time = 00:00:38, memory = 40889.20 (MB), peak = 41980.63 (MB)
[INFO DRT-0195] Start 6th guides tiles iteration.
    Completing 50% with 2 violations.
    Completing 100% with 2 violations.
[INFO DRT-0199]   Number of violations = 2.
[INFO DRT-0267] cpu time = 00:00:01, elapsed time = 00:00:01, memory = 40889.20 (MB), peak = 41980.63 (MB)
[INFO DRT-0195] Start 7th stubborn tiles iteration.
    Completing 10% with 2 violations.
    Completing 20% with 2 violations.
    Completing 30% with 2 violations.
    Completing 40% with 2 violations.
    Completing 50% with 2 violations.
    Completing 60% with 2 violations.
    Completing 70% with 2 violations.
    Completing 80% with 2 violations.
    Completing 90% with 2 violations.
    Completing 100% with 0 violations.
[INFO DRT-0199]   Number of violations = 0.
[INFO DRT-0267] cpu time = 00:03:17, elapsed time = 00:00:25, memory = 40889.20 (MB), peak = 41980.63 (MB)
[WARNING DRT-0290] Warning: no DRC report specified, skipped writing DRC report
[INFO DRT-0198] Complete detail routing.
[INFO DRT-0267] cpu time = 27:50:28, elapsed time = 01:53:47, memory = 40889.20 (MB), peak = 41980.63 (MB)
[INFO DRT-0180] Post processing.
[INFO DRT-0501] Runtime: 7351.01s
[INFO ANT-0002] Found 0 net violations.
[INFO ANT-0001] Found 0 pin violations.
ANTENNA_ALREADY_CLEAN: 0 net violations, skipping repair+reroute
# === full openroad.log (last 3 KB, for reviewer context) ===
= 00:00:09, memory = 40889.20 (MB).
    Completing 60% with 2 violations.
    elapsed time = 00:00:09, memory = 40889.20 (MB).
    Completing 70% with 2 violations.
    elapsed time = 00:00:09, memory = 40889.20 (MB).
    Completing 80% with 2 violations.
    elapsed time = 00:00:11, memory = 40889.20 (MB).
    Completing 90% with 2 violations.
    elapsed time = 00:00:12, memory = 40889.20 (MB).
    Completing 100% with 0 violations.
    elapsed time = 00:00:24, memory = 40889.20 (MB).
[INFO DRT-0199]   Number of violations = 0.
[INFO DRT-0267] cpu time = 00:03:17, elapsed time = 00:00:25, memory = 40889.20 (MB), peak = 41980.63 (MB)
Total wire length = 14425239 um.
Total wire length on LAYER metal1 = 0 um.
Total wire length on LAYER metal2 = 7442060 um.
Total wire length on LAYER metal3 = 5828393 um.
Total wire length on LAYER metal4 = 658241 um.
Total wire length on LAYER metal5 = 251131 um.
Total wire length on LAYER metal6 = 243309 um.
Total wire length on LAYER metal7 = 427 um.
Total wire length on LAYER metal8 = 1596 um.
Total wire length on LAYER metal9 = 0 um.
Total wire length on LAYER metal10 = 78 um.
Total number of vias = 9301821.
Up-via summary (total 9301821):

------------------
 active          0
 metal1    4692210
 metal2    4507299
 metal3      96719
 metal4       3663
 metal5       1846
 metal6         42
 metal7         38
 metal8          2
 metal9          2
------------------
       9301821


[WARNING DRT-0290] Warning: no DRC report specified, skipped writing DRC report
[INFO DRT-0198] Complete detail routing.
Total wire length = 14425239 um.
Total wire length on LAYER metal1 = 0 um.
Total wire length on LAYER metal2 = 7442060 um.
Total wire length on LAYER metal3 = 5828393 um.
Total wire length on LAYER metal4 = 658241 um.
Total wire length on LAYER metal5 = 251131 um.
Total wire length on LAYER metal6 = 243309 um.
Total wire length on LAYER metal7 = 427 um.
Total wire length on LAYER metal8 = 1596 um.
Total wire length on LAYER metal9 = 0 um.
Total wire length on LAYER metal10 = 78 um.
Total number of vias = 9301821.
Up-via summary (total 9301821):

------------------
 active          0
 metal1    4692210
 metal2    4507299
 metal3      96719
 metal4       3663
 metal5       1846
 metal6         42
 metal7         38
 metal8          2
 metal9          2
------------------
       9301821


[INFO DRT-0267] cpu time = 27:50:28, elapsed time = 01:53:47, memory = 40889.20 (MB), peak = 41980.63 (MB)

[INFO DRT-0180] Post processing.
[INFO DRT-0501] Runtime: 7351.01s
SPEF_REPAIR_SKIP: no captable found; post-route SPEF extract skipped
[INFO ANT-0002] Found 0 net violations.
[INFO ANT-0001] Found 0 pin violations.
ANTENNA_ALREADY_CLEAN: 0 net violations, skipping repair+reroute
ANTENNA_POSTROUTE_DONE
FILLER_SKIPPED: no decap/fill masters known for this PDK; dynamic-IR margin + density-fill rules must be handled out-of-band
Design area 3074711 um^2 55% utilization.
SPEF_REPAIR_ESTIMATE_SKIP: no post_route_repair.spef extracted

# end of routed.drc.rpt
