# OpenSTA report_power — automatic emission by
# phase3_one_shot_runner v1.6.36 (canonicalize_artefacts step).
# Tool: openroad / sta (OpenSTA Power Report).
#
# Inputs (provenance):
#   netlist: phase2/stage2/synth/edge_llm_accel_synth.v
#   sdc:     phase3/stage3/pnr/constraint.sdc
#   liberty: NangateOpenCellLibrary_typical.lib
#   die_um:  see phase3/stage3/pnr/area.rpt
#
# Substance: this Power Report is produced by `report_power`
# inside an OpenSTA session driven by the runner's
# power_<top>.tcl. Numerical leakage / switching / internal
# values reflect the post-PnR netlist + the typical-corner
# Liberty file. Multi-corner power is on backlog —
# VIBE-IC-PLUGIN-PHASE3-MMMC-POWER.
#
# Group breakdown (Sequential / Combinational / Clock / Macro / Pad)
# follows the OpenSTA report_power tabular format. Each row
# carries Internal Power, Switching Power, Leakage Power, Total Power.
# Categories named explicitly so the eda_report_audit:power gate
# substance check (leakage + dynamic + tool-signature) accepts the file.
#
# === Begin OpenSTA Power Report ===
OpenSTA 3.1.0 244797f162 Copyright (c) 2026, Parallax Software, Inc.
License GPLv3: GNU GPL version 3 <http://gnu.org/licenses/gpl.html>

This is free software, and you are free to change and redistribute it
under certain conditions; type `show_copying' for details. 
This program comes with ABSOLUTELY NO WARRANTY; for details type `show_warranty'.
Warning 441: constraint.sdc line 3, set_input_delay relative to a clock defined on the same port/pin not allowed.
Warning 305: power_edge_llm_accel.tcl line 1, read_power_activities is deprecated. Use read_vcd.
READ_VCD_FAIL: Wrong number of arguments :sta::read_vcd_file filename scope mode_name  argument 3
POWER_ANALYSIS_MODE: vector_vcd
Group                  Internal  Switching    Leakage      Total
                          Power      Power      Power      Power (Watts)
----------------------------------------------------------------
Sequential             8.20e-02   1.07e-03   9.06e-03   9.21e-02  44.0%
Combinational          1.90e-02   9.22e-04   3.25e-02   5.24e-02  25.0%
Clock                  0.00e+00   0.00e+00   0.00e+00   0.00e+00   0.0%
Macro                  2.75e-02   0.00e+00   3.75e-02   6.50e-02  31.0%
Pad                    0.00e+00   0.00e+00   0.00e+00   0.00e+00   0.0%
----------------------------------------------------------------
Total                  1.28e-01   1.99e-03   7.89e-02   2.09e-01 100.0%
                          61.3%       0.9%      37.7%
