Startpoint: rst_n (input port clocked by clk)
Endpoint: _2574351_ (recovery check against rising-edge clock clk)
Path Group: asynchronous
Path Type: max

  Delay    Time   Description
---------------------------------------------------------
   0.00    0.00   clock clk (rise edge)
   0.00    0.00   clock network delay (ideal)
   2.00    2.00 ^ input external delay
   0.00    2.00 ^ rst_n (in)
   0.02    2.02 ^ hold10549/Z (CLKBUF_X1)
   0.03    2.05 ^ hold10541/Z (CLKBUF_X1)
   0.03    2.08 ^ hold10550/Z (CLKBUF_X1)
   0.03    2.11 ^ hold10537/Z (CLKBUF_X1)
   0.03    2.13 ^ hold10551/Z (CLKBUF_X1)
   0.03    2.16 ^ hold10542/Z (CLKBUF_X1)
   0.03    2.19 ^ hold10552/Z (CLKBUF_X1)
   0.03    2.21 ^ hold9057/Z (CLKBUF_X1)
   0.03    2.24 ^ hold10553/Z (CLKBUF_X1)
   0.03    2.27 ^ hold10543/Z (CLKBUF_X1)
   0.03    2.30 ^ hold10554/Z (CLKBUF_X1)
   0.03    2.32 ^ hold10538/Z (CLKBUF_X1)
   0.03    2.35 ^ hold10555/Z (CLKBUF_X1)
   0.03    2.38 ^ hold10544/Z (CLKBUF_X1)
   0.03    2.41 ^ hold10556/Z (CLKBUF_X1)
   0.03    2.44 ^ input79/Z (CLKBUF_X3)
   0.04    2.48 ^ hold10557/Z (CLKBUF_X1)
   0.04    2.52 ^ hold10545/Z (CLKBUF_X1)
   0.03    2.55 ^ hold10558/Z (CLKBUF_X1)
   0.04    2.59 ^ hold10539/Z (CLKBUF_X1)
   0.03    2.62 ^ hold10559/Z (CLKBUF_X1)
   0.06    2.68 ^ hold10546/Z (CLKBUF_X1)
   0.06    2.74 ^ hold10560/Z (CLKBUF_X1)
   0.10    2.84 ^ max_cap7701/Z (BUF_X4)
   0.13    2.96 ^ max_cap7699/Z (BUF_X4)
   0.12    3.09 ^ max_cap7698/Z (BUF_X4)
   0.15    3.24 ^ max_cap7694/Z (BUF_X4)
   0.12    3.36 ^ max_cap7692/Z (BUF_X4)
   0.10    3.46 ^ max_cap7691/Z (BUF_X4)
   0.13    3.59 ^ max_cap7690/Z (BUF_X4)
   0.16    3.75 ^ load_slew7608/Z (BUF_X4)
   0.14    3.89 ^ max_cap7607/Z (BUF_X4)
   0.18    4.07 ^ max_cap7605/Z (BUF_X4)
   0.17    4.23 ^ max_cap7604/Z (BUF_X4)
   0.16    4.40 ^ max_cap7603/Z (BUF_X4)
   0.12    4.52 ^ max_cap7601/Z (BUF_X4)
   0.10    4.61 ^ max_cap7600/Z (BUF_X4)
   0.13    4.74 ^ max_cap7599/Z (BUF_X4)
   0.11    4.85 ^ max_cap7598/Z (BUF_X4)
   0.13    4.98 ^ max_cap7596/Z (BUF_X4)
   0.14    5.12 ^ max_cap7593/Z (BUF_X4)
   0.14    5.25 ^ max_cap7587/Z (BUF_X4)
   0.10    5.35 ^ max_cap7586/Z (BUF_X4)
   0.13    5.49 ^ max_cap7585/Z (BUF_X4)
   0.13    5.62 ^ max_cap7498/Z (BUF_X4)
   0.17    5.79 ^ max_cap7497/Z (BUF_X4)
   0.16    5.95 ^ max_cap7483/Z (BUF_X4)
   0.15    6.10 ^ max_cap7482/Z (BUF_X4)
   0.15    6.25 ^ max_cap7480/Z (BUF_X4)
   0.14    6.39 ^ max_cap7479/Z (BUF_X4)
   0.17    6.55 ^ load_slew7478/Z (BUF_X4)
   0.11    6.67 ^ max_cap7477/Z (BUF_X4)
   0.21    6.87 ^ wire7474/Z (BUF_X4)
   0.11    6.98 ^ max_cap7473/Z (BUF_X4)
   0.12    7.10 ^ max_cap7472/Z (BUF_X4)
   0.17    7.27 ^ wire7471/Z (BUF_X4)
   0.17    7.44 ^ wire7470/Z (BUF_X4)
   0.13    7.57 ^ max_cap7469/Z (BUF_X4)
   0.20    7.78 ^ max_cap7468/Z (BUF_X4)
   0.15    7.92 ^ wire7467/Z (BUF_X4)
   0.18    8.10 ^ max_cap7466/Z (BUF_X4)
   0.19    8.29 ^ max_cap7465/Z (BUF_X4)
   0.18    8.46 ^ max_cap7463/Z (BUF_X4)
   0.16    8.62 ^ max_cap7462/Z (BUF_X4)
   0.15    8.77 ^ max_cap7461/Z (BUF_X4)
   0.12    8.90 ^ max_cap7460/Z (BUF_X4)
   0.06    8.96 ^ _2574351_/RN (DFFR_X1)
           8.96   data arrival time

  10.00   10.00   clock clk (rise edge)
   0.00   10.00   clock network delay (ideal)
   0.00   10.00   clock reconvergence pessimism
          10.00 ^ _2574351_/CK (DFFR_X1)
   0.03   10.03   library recovery time
          10.03   data required time
---------------------------------------------------------
          10.03   data required time
          -8.96   data arrival time
---------------------------------------------------------
           1.08   slack (MET)


Startpoint: _2550708_ (rising edge-triggered flip-flop clocked by clk)
Endpoint: _2534355_ (rising edge-triggered flip-flop clocked by clk)
Path Group: clk
Path Type: max

  Delay    Time   Description
---------------------------------------------------------
   0.00    0.00   clock clk (rise edge)
   0.00    0.00   clock network delay (ideal)
   0.00    0.00 ^ _2550708_/CK (DFFR_X2)
   0.17    0.17 ^ _2550708_/Q (DFFR_X2)
   0.11    0.28 ^ wire5922/Z (BUF_X4)
   0.08    0.36 ^ load_slew5921/Z (BUF_X4)
   0.13    0.48 ^ max_cap5920/Z (BUF_X4)
   0.14    0.63 ^ max_cap5918/Z (BUF_X4)
   0.11    0.74 ^ max_cap5917/Z (BUF_X4)
   0.16    0.90 ^ wire5915/Z (BUF_X4)
   0.15    1.05 ^ max_cap5914/Z (BUF_X4)
   0.12    1.17 ^ wire5912/Z (BUF_X4)
   0.11    1.28 ^ max_cap5910/Z (BUF_X4)
   0.09    1.37 ^ max_cap5908/Z (BUF_X4)
   0.13    1.50 ^ max_cap5906/Z (BUF_X4)
   0.14    1.63 ^ wire5902/Z (BUF_X4)
   0.11    1.75 ^ max_cap5901/Z (BUF_X4)
   0.13    1.87 ^ max_cap5900/Z (BUF_X4)
   0.03    1.90 v _2393946_/ZN (NAND2_X1)
   0.06    1.96 ^ _2393949_/ZN (OAI22_X1)
   0.06    2.02 ^ _2393954_/ZN (XNOR2_X1)
   0.06    2.08 ^ _2393973_/ZN (XNOR2_X1)
   0.07    2.15 ^ _2393975_/Z (XOR2_X1)
   0.06    2.21 ^ _2393993_/ZN (XNOR2_X1)
   0.03    2.24 v _2394008_/ZN (XNOR2_X1)
   0.11    2.35 v _2394023_/ZN (OR4_X1)
   0.03    2.39 ^ _2394024_/ZN (OAI21_X1)
   0.03    2.42 v _2394027_/ZN (AOI21_X1)
   0.05    2.46 ^ _2394029_/ZN (OAI21_X1)
   0.03    2.49 v _2394031_/ZN (AOI21_X1)
   0.05    2.54 ^ _2394033_/ZN (OAI21_X1)
   0.03    2.57 v _2394035_/ZN (AOI21_X1)
   0.05    2.62 ^ _2394037_/ZN (OAI21_X1)
   0.03    2.64 v _2394039_/ZN (AOI21_X1)
   0.05    2.69 ^ _2394041_/ZN (OAI21_X1)
   0.03    2.72 v _2394043_/ZN (AOI21_X1)
   0.05    2.76 ^ _2394045_/ZN (OAI21_X1)
   0.03    2.79 v _2394047_/ZN (AOI21_X1)
   0.05    2.84 ^ _2394049_/ZN (OAI21_X1)
   0.03    2.86 v _2394051_/ZN (AOI21_X1)
   0.06    2.93 ^ _2394053_/ZN (OAI21_X1)
   0.03    2.96 v _2394056_/ZN (AOI211_X1)
   0.14    3.09 ^ _2394058_/ZN (OAI33_X1)
   0.04    3.14 v _2394060_/ZN (OAI211_X1)
   0.05    3.19 v _2394062_/ZN (AND3_X1)
   0.12    3.31 ^ _2394064_/ZN (OAI33_X1)
   0.04    3.35 v _2394066_/ZN (OAI211_X1)
   0.05    3.41 v _2394068_/ZN (AND3_X1)
   0.13    3.53 ^ _2394070_/ZN (OAI33_X1)
   0.04    3.58 v _2394072_/ZN (OAI211_X1)
   0.05    3.63 ^ _2394075_/ZN (AOI21_X1)
   0.03    3.66 v _2394113_/ZN (OAI21_X1)
   0.08    3.74 v _2394132_/ZN (AND2_X1)
   0.06    3.80 v _2394166_/ZN (AND2_X1)
   0.09    3.89 ^ _2394175_/ZN (AOI211_X1)
   0.04    3.92 v _2394253_/ZN (OAI21_X1)
   0.10    4.02 ^ _2394256_/ZN (AOI222_X1)
   0.03    4.05 v _2394279_/ZN (NAND3_X1)
   0.04    4.09 ^ _2394280_/ZN (OAI21_X1)
   0.07    4.16 v _2394319_/ZN (AOI21_X1)
   0.12    4.28 ^ _2524011_/ZN (NOR2_X1)
   0.05    4.33 v _2524020_/ZN (OAI221_X1)
   0.04    4.37 v _2524021_/ZN (AND2_X1)
   0.23    4.60 ^ _2524067_/ZN (AOI221_X1)
   0.13    4.72 v _2524154_/ZN (OAI21_X1)
   0.12    4.85 ^ _2524322_/ZN (OAI211_X1)
   0.08    4.93 ^ wire91/Z (CLKBUF_X3)
   0.11    5.04 v _2524323_/ZN (OAI211_X2)
   0.08    5.13 v wire83/Z (BUF_X4)
   0.14    5.27 ^ _2524324_/ZN (OAI21_X1)
   0.00    5.27 ^ _2534355_/D (DFFR_X1)
           5.27   data arrival time

  10.00   10.00   clock clk (rise edge)
   0.00   10.00   clock network delay (ideal)
   0.00   10.00   clock reconvergence pessimism
          10.00 ^ _2534355_/CK (DFFR_X1)
  -0.04    9.96   library setup time
           9.96   data required time
---------------------------------------------------------
           9.96   data required time
          -5.27   data arrival time
---------------------------------------------------------
           4.69   slack (MET)


tns max 0.00
wns max 0.00
worst slack max 1.08
OCV_DERATE_APPLIED early=0.95 late=1.05 flat-OCV
Group                                  Slack
--------------------------------------------
asynchronous                            2.46
asynchronous                            1.08

max slew

Pin                                    Limit    Slew   Slack
------------------------------------------------------------
_2364981_/B                             0.20    0.31   -0.11 (VIOLATED)

max capacitance

Pin                                    Limit     Cap   Slack
------------------------------------------------------------
_2552297_/Q                            60.58  110.88  -50.31 (VIOLATED)

                                     Required  Actual
Pin                                    Width   Width   Slack
------------------------------------------------------------
_2621189_/CK (low)                      0.05    4.51    4.46 (MET)

SIGNOFF_CHECK_TYPES_REPORTED recovery removal max_slew min_pulse_width max_capacitance
