Startpoint: wbs_adr_i[16] (input port clocked by clk)
Endpoint: wbs_dat_o[10] (output port clocked by clk)
Path Group: clk
Path Type: min

  Delay    Time   Description
---------------------------------------------------------
   0.00    0.00   clock clk (rise edge)
   0.00    0.00   clock network delay (ideal)
   2.00    2.00 v input external delay
   0.00    2.00 v wbs_adr_i[16] (in)
   0.65    2.65 v input4/X (sky130_fd_sc_hd__clkdlybuf4s50_1)
   0.35    3.00 ^ _151849_/Y (sky130_fd_sc_hd__o221ai_1)
   0.15    3.15 v _151850_/Y (sky130_fd_sc_hd__o21ai_0)
   0.00    3.15 v wbs_dat_o[10] (out)
           3.15   data arrival time

   0.00    0.00   clock clk (rise edge)
   0.00    0.00   clock network delay (ideal)
   0.00    0.00   clock reconvergence pessimism
  -2.00   -2.00   output external delay
          -2.00   data required time
---------------------------------------------------------
          -2.00   data required time
          -3.15   data arrival time
---------------------------------------------------------
           5.15   slack (MET)


# Hold (min-path) sign-off summary (report_worst_slack -min):
worst hold slack 5.152290295795619
hold WNS 5.152290295795619
