Startpoint: la_oenb[65] (input port clocked by clk)
Endpoint: io_oeb[0] (output port clocked by clk)
Path Group: clk
Path Type: max

  Delay    Time   Description
---------------------------------------------------------
   0.00    0.00   clock clk (rise edge)
   0.00    0.00   clock network delay (propagated)
   2.00    2.00 v input external delay
   0.00    2.00 v la_oenb[65] (in)
   0.68    2.68 ^ _163_/X (sky130_fd_sc_hd__mux2_1)
   0.00    2.68 ^ io_oeb[0] (out)
           2.68   data arrival time

  25.00   25.00   clock clk (rise edge)
   0.00   25.00   clock network delay (propagated)
   0.00   25.00   clock reconvergence pessimism
  -2.00   23.00   output external delay
          23.00   data required time
---------------------------------------------------------
          23.00   data required time
          -2.68   data arrival time
---------------------------------------------------------
          20.32   slack (MET)


