# post_route_timing.rpt — SPEF-BASED post-route STA (canonical, #527).
# Basis: extracted parasitics (read_spef phase3/stage3/extracted/sha256.spef).
# The estimate-based report_checks is retained at phase3/stage3/pnr/sta.rpt for comparison.
Startpoint: address[2] (input port clocked by clk)
Endpoint: _14654_ (rising edge-triggered flip-flop clocked by clk)
Path Group: clk
Path Type: max

  Delay    Time   Description
---------------------------------------------------------
   0.00    0.00   clock clk (rise edge)
   0.00    0.00   clock network delay (ideal)
   2.00    2.00 v input external delay
   0.00    2.00 v address[2] (in)
   1.52    3.52 v input3/X (sky130_fd_sc_hd__clkdlybuf4s50_1)
   1.21    4.73 v _06552_/X (sky130_fd_sc_hd__or3_1)
   0.47    5.21 ^ _06556_/Y (sky130_fd_sc_hd__nor2_1)
   0.29    5.50 v _06557_/Y (sky130_fd_sc_hd__nand3_1)
   0.48    5.97 ^ _06558_/X (sky130_fd_sc_hd__lpflow_isobufsrc_1)
   0.26    6.24 v _06561_/Y (sky130_fd_sc_hd__o21ai_0)
   1.33    7.56 ^ _06563_/Y (sky130_fd_sc_hd__nand2_1)
   1.08    8.64 ^ _06565_/X (sky130_fd_sc_hd__o21a_4)
   0.64    9.28 ^ wire61/X (sky130_fd_sc_hd__buf_16)
   0.77   10.04 ^ load_slew60/X (sky130_fd_sc_hd__buf_16)
   0.38   10.42 ^ _06569_/X (sky130_fd_sc_hd__and2_0)
   0.08   10.50 v _06598_/Y (sky130_fd_sc_hd__nor2_1)
   0.42   10.92 v _06599_/X (sky130_fd_sc_hd__o21a_1)
   2.06   12.98 ^ _06601_/Y (sky130_fd_sc_hd__nand2_1)
   3.15   16.13 v _06602_/Y (sky130_fd_sc_hd__clkinv_1)
   2.84   18.97 ^ _06705_/Y (sky130_fd_sc_hd__o21ai_0)
   0.96   19.93 v _06809_/Y (sky130_fd_sc_hd__nand2_1)
   0.48   20.41 ^ _06854_/Y (sky130_fd_sc_hd__a31oi_1)
   0.87   21.28 v _06856_/Y (sky130_fd_sc_hd__o221ai_1)
   0.01   21.29 v _14654_/D (sky130_fd_sc_hd__dfxtp_1)
          21.29   data arrival time

  25.91   25.91   clock clk (rise edge)
   0.00   25.91   clock network delay (ideal)
   0.00   25.91   clock reconvergence pessimism
          25.91 ^ _14654_/CLK (sky130_fd_sc_hd__dfxtp_1)
  -0.48   25.42   library setup time
          25.42   data required time
---------------------------------------------------------
          25.42   data required time
         -21.29   data arrival time
---------------------------------------------------------
           4.13   slack (MET)


tns max 0.00
wns max 0.00
worst slack max 4.13
OCV_DERATE_APPLIED early=0.95 late=1.05 flat-OCV
Group                                  Slack
--------------------------------------------
No paths found.

max slew

Pin                                    Limit    Slew   Slack
------------------------------------------------------------
_07014_/A2                              1.50    6.03   -4.53 (VIOLATED)

max capacitance

Pin                                    Limit     Cap   Slack
------------------------------------------------------------
_06966_/X                               0.31    0.57   -0.26 (VIOLATED)

                                     Required  Actual
Pin                                    Width   Width   Slack
------------------------------------------------------------
_13830_/CLK (high)                      0.37   12.68   12.32 (MET)

SIGNOFF_CHECK_TYPES_REPORTED recovery removal max_slew min_pulse_width max_capacitance
