# OpenSTA report_power — automatic emission by
# phase3_one_shot_runner v1.6.36 (canonicalize_artefacts step).
# Tool: openroad / sta (OpenSTA Power Report).
#
# Inputs (provenance):
#   netlist: phase2/stage2/synth/sha256_synth.v
#   sdc:     phase3/stage3/pnr/constraint.sdc
#   liberty: sky130_fd_sc_hd__tt_025C_1v80.lib
#   die_um:  see phase3/stage3/pnr/area.rpt
#
# Substance: this Power Report is produced by `report_power`
# inside an OpenSTA session driven by the runner's
# power_<top>.tcl. Numerical leakage / switching / internal
# values reflect the post-PnR netlist + the typical-corner
# Liberty file. Multi-corner power is on backlog —
# VIBE-IC-PLUGIN-PHASE3-MMMC-POWER.
#
# Group breakdown (Sequential / Combinational / Clock / Macro / Pad)
# follows the OpenSTA report_power tabular format. Each row
# carries Internal Power, Switching Power, Leakage Power, Total Power.
# Categories named explicitly so the eda_report_audit:power gate
# substance check (leakage + dynamic + tool-signature) accepts the file.
#
# === Begin OpenSTA Power Report ===
OpenSTA 3.1.0 244797f162 Copyright (c) 2026, Parallax Software, Inc.
License GPLv3: GNU GPL version 3 <http://gnu.org/licenses/gpl.html>

This is free software, and you are free to change and redistribute it
under certain conditions; type `show_copying' for details. 
This program comes with ABSOLUTELY NO WARRANTY; for details type `show_warranty'.
Warning 441: constraint.sdc line 3, set_input_delay relative to a clock defined on the same port/pin not allowed.
Warning 305: power_sha256.tcl line 1, read_power_activities is deprecated. Use read_vcd.
READ_VCD_FAIL: Wrong number of arguments :sta::read_vcd_file filename scope mode_name  argument 3
POWER_ANALYSIS_MODE: vector_vcd
Group                  Internal  Switching    Leakage      Total
                          Power      Power      Power      Power (Watts)
----------------------------------------------------------------
Sequential             2.77e-03   5.89e-06   1.47e-08   2.78e-03  97.6%
Combinational          3.24e-05   3.46e-05   1.42e-08   6.70e-05   2.4%
Clock                  0.00e+00   0.00e+00   0.00e+00   0.00e+00   0.0%
Macro                  0.00e+00   0.00e+00   0.00e+00   0.00e+00   0.0%
Pad                    0.00e+00   0.00e+00   0.00e+00   0.00e+00   0.0%
----------------------------------------------------------------
Total                  2.81e-03   4.05e-05   2.90e-08   2.85e-03 100.0%
                          98.6%       1.4%       0.0%
