[INFO] USER_ID: 1000, GROUP_ID: 0
[INFO] Final PATH variable: /headless/.local/bin:/foss/tools/bin:/foss/tools/sak:/usr/local/sbin:/headless/.local/bin:/foss/tools/bin:/foss/tools/sak:/foss/tools/kactus2:/foss/tools/klayout:/foss/tools/osic-multitool:/usr/local/sbin:/usr/local/bin:/usr/sbin:/usr/bin:/sbin:/bin:/foss/tools/kactus2:/foss/tools/klayout:/foss/tools/osic-multitool
[INFO] Final PYTHONPATH variable: /headless/.local/lib/python3.12/site-packages:/foss/tools/yosys/share/yosys/python3:/usr/lib/python312.zip:/usr/lib/python3.12:/usr/lib/python3.12/lib-dynload:/usr/local/lib/python3.12/dist-packages:/opt/vibeic-forks/cocotb/src:/usr/lib/python3/dist-packages:/foss/tools/ngspyce/local/lib/python3.12/dist-packages:/foss/tools/openems/local/lib/python3.12/dist-packages:/foss/tools/pyopus/local/lib/python3.12/dist-packages:/foss/tools/yosys/share/yosys/python3:/foss/tools/klayout/pymod:/foss/tools/vacask/lib/vacask/python
[INFO] SKIPPING UI STARTUP
[INFO] Executing command: 'sta -no_init -exit /home/reyerchu/_jxlayer/records/trials/z23/diag/power_postroute.tcl'
OpenSTA 2.7.0 f21d4a3878 Copyright (c) 2026, Parallax Software, Inc.
License GPLv3: GNU GPL version 3 <http://gnu.org/licenses/gpl.html>

This is free software, and you are free to change and redistribute it
under certain conditions; type `show_copying' for details. 
This program comes with ABSOLUTELY NO WARRANTY; for details type `show_warranty'.
POWER_ANALYSIS_MODE: vectorless_sdc
Warning 198: /home/reyerchu/_jxlayer/run/trials/z23/phase3/stage3/pnr/spm_pnr.v line 648, module sky130_fd_sc_hd__fill_1 not found. Creating black box for FILLER_0_119.
Warning 198: /home/reyerchu/_jxlayer/run/trials/z23/phase3/stage3/pnr/spm_pnr.v line 693, module sky130_fd_sc_hd__fill_2 not found. Creating black box for FILLER_10_39.
Warning 198: /home/reyerchu/_jxlayer/run/trials/z23/phase3/stage3/pnr/spm_pnr.v line 1587, module sky130_fd_sc_hd__tapvpwrvgnd_1 not found. Creating black box for TAP_TAPCELL_ROW_0_0.
Warning 441: constraint.sdc line 5, set_input_delay relative to a clock defined on the same port/pin not allowed.
Group                  Internal  Switching    Leakage      Total
                          Power      Power      Power      Power (Watts)
----------------------------------------------------------------
Sequential             1.68e-04   2.01e-05   9.42e-10   1.88e-04  34.8%
Combinational          5.34e-05   1.11e-04   1.75e-09   1.65e-04  30.4%
Clock                  9.09e-05   9.77e-05   2.21e-09   1.89e-04  34.8%
Macro                  0.00e+00   0.00e+00   0.00e+00   0.00e+00   0.0%
Pad                    0.00e+00   0.00e+00   0.00e+00   0.00e+00   0.0%
----------------------------------------------------------------
Total                  3.12e-04   2.29e-04   4.90e-09   5.41e-04 100.0%
                          57.7%      42.3%       0.0%
