Startpoint: _14223_ (rising edge-triggered flip-flop clocked by clk)
Endpoint: _14253_ (rising edge-triggered flip-flop clocked by clk)
Path Group: clk
Path Type: max

  Delay    Time   Description
---------------------------------------------------------
   0.00    0.00   clock clk (rise edge)
   0.74    0.74   clock network delay (propagated)
   0.00    0.74 ^ _14223_/CLK (sky130_fd_sc_hd__dfxtp_1)
   0.35    1.09 v _14223_/Q (sky130_fd_sc_hd__dfxtp_1)
   0.15    1.24 ^ _12509_/Y (sky130_fd_sc_hd__nor2_1)
   0.18    1.42 v _12511_/Y (sky130_fd_sc_hd__o21ai_0)
   0.45    1.87 v _12513_/X (sky130_fd_sc_hd__maj3_1)
   0.42    2.29 v _12514_/X (sky130_fd_sc_hd__maj3_1)
   0.42    2.71 v _12515_/X (sky130_fd_sc_hd__maj3_1)
   0.41    3.12 v _12516_/X (sky130_fd_sc_hd__maj3_1)
   0.28    3.39 ^ _12517_/Y (sky130_fd_sc_hd__a21oi_1)
   0.16    3.55 v _12518_/Y (sky130_fd_sc_hd__a21oi_1)
   0.43    3.98 v _12519_/X (sky130_fd_sc_hd__maj3_1)
   0.43    4.41 v _12520_/X (sky130_fd_sc_hd__maj3_1)
   0.44    4.85 v _12521_/X (sky130_fd_sc_hd__maj3_1)
   0.43    5.28 v _12522_/X (sky130_fd_sc_hd__maj3_1)
   0.41    5.69 v _12523_/X (sky130_fd_sc_hd__maj3_1)
   0.42    6.11 v _12524_/X (sky130_fd_sc_hd__maj3_1)
   0.42    6.53 v _12525_/X (sky130_fd_sc_hd__maj3_1)
   0.42    6.95 v _12526_/X (sky130_fd_sc_hd__maj3_1)
   0.41    7.37 v _12527_/X (sky130_fd_sc_hd__maj3_1)
   0.41    7.78 v _12528_/X (sky130_fd_sc_hd__maj3_1)
   0.27    8.05 ^ _12529_/Y (sky130_fd_sc_hd__a21oi_1)
   0.16    8.21 v _12530_/Y (sky130_fd_sc_hd__a21oi_1)
   0.42    8.63 v _12531_/X (sky130_fd_sc_hd__maj3_1)
   0.41    9.04 v _12532_/X (sky130_fd_sc_hd__maj3_1)
   0.29    9.33 ^ _12533_/Y (sky130_fd_sc_hd__a21oi_1)
   0.16    9.49 v _12534_/Y (sky130_fd_sc_hd__a21oi_1)
   0.42    9.91 v _12535_/X (sky130_fd_sc_hd__maj3_1)
   0.42   10.33 v _12536_/X (sky130_fd_sc_hd__maj3_1)
   0.42   10.75 v _12537_/X (sky130_fd_sc_hd__maj3_1)
   0.42   11.17 v _12538_/X (sky130_fd_sc_hd__maj3_1)
   0.45   11.62 v _12539_/X (sky130_fd_sc_hd__maj3_1)
   0.45   12.07 v _12540_/X (sky130_fd_sc_hd__maj3_1)
   0.42   12.49 v _13035_/X (sky130_fd_sc_hd__maj3_1)
   0.13   12.62 ^ _13038_/Y (sky130_fd_sc_hd__nor2_1)
   0.05   12.67 v _13039_/Y (sky130_fd_sc_hd__nor2_1)
   0.30   12.97 ^ _13040_/Y (sky130_fd_sc_hd__a221oi_1)
   0.14   13.10 ^ _13041_/X (sky130_fd_sc_hd__a211o_1)
   0.00   13.10 ^ _14253_/D (sky130_fd_sc_hd__dfxtp_1)
          13.10   data arrival time

  25.91   25.91   clock clk (rise edge)
   0.72   26.63   clock network delay (propagated)
   0.00   26.63   clock reconvergence pessimism
          26.63 ^ _14253_/CLK (sky130_fd_sc_hd__dfxtp_1)
  -0.05   26.58   library setup time
          26.58   data required time
---------------------------------------------------------
          26.58   data required time
         -13.10   data arrival time
---------------------------------------------------------
          13.48   slack (MET)


