[INFO] Final PATH variable: /headless/.local/bin:/foss/tools/bin:/foss/tools/sak:/usr/local/sbin:/headless/.local/bin:/foss/tools/bin:/foss/tools/sak:/foss/tools/kactus2:/foss/tools/klayout:/foss/tools/osic-multitool:/usr/local/sbin:/usr/local/bin:/usr/sbin:/usr/bin:/sbin:/bin:/foss/tools/kactus2:/foss/tools/klayout:/foss/tools/osic-multitool
[INFO] Final PYTHONPATH variable: /headless/.local/lib/python3.12/site-packages:/foss/tools/yosys/share/yosys/python3:/usr/lib/python312.zip:/usr/lib/python3.12:/usr/lib/python3.12/lib-dynload:/usr/local/lib/python3.12/dist-packages:/opt/vibeic-forks/cocotb/src:/usr/lib/python3/dist-packages:/foss/tools/ngspyce/local/lib/python3.12/dist-packages:/foss/tools/openems/local/lib/python3.12/dist-packages:/foss/tools/pyopus/local/lib/python3.12/dist-packages:/foss/tools/yosys/share/yosys/python3:/foss/tools/klayout/pymod:/foss/tools/vacask/lib/vacask/python
SBY 21:40:38 [formal_counter_formal_safety] Removing directory '/home/reyerchu/_c_car15_run/phase2/stage1/formal/formal_counter_formal_safety'.
SBY 21:40:38 [formal_counter_formal_safety] Copy '/home/reyerchu/_c_car15_run/phase2/stage1/formal/defines.v' to '/home/reyerchu/_c_car15_run/phase2/stage1/formal/formal_counter_formal_safety/src/defines.v'.
SBY 21:40:38 [formal_counter_formal_safety] Copy '/home/reyerchu/_c_car15_run/phase2/stage1/formal/user_defines.v' to '/home/reyerchu/_c_car15_run/phase2/stage1/formal/formal_counter_formal_safety/src/user_defines.v'.
SBY 21:40:38 [formal_counter_formal_safety] Copy '/home/reyerchu/_c_car15_run/phase2/stage1/formal/user_proj_example.v' to '/home/reyerchu/_c_car15_run/phase2/stage1/formal/formal_counter_formal_safety/src/user_proj_example.v'.
SBY 21:40:38 [formal_counter_formal_safety] Copy '/home/reyerchu/_c_car15_run/phase2/stage1/formal/user_project_wrapper.v' to '/home/reyerchu/_c_car15_run/phase2/stage1/formal/formal_counter_formal_safety/src/user_project_wrapper.v'.
SBY 21:40:38 [formal_counter_formal_safety] Copy '/home/reyerchu/_c_car15_run/phase2/stage1/formal/formal_counter.sv' to '/home/reyerchu/_c_car15_run/phase2/stage1/formal/formal_counter_formal_safety/src/formal_counter.sv'.
SBY 21:40:38 [formal_counter_formal_safety] engine_0: abc pdr
SBY 21:40:38 [formal_counter_formal_bmc] Removing directory '/home/reyerchu/_c_car15_run/phase2/stage1/formal/formal_counter_formal_bmc'.
SBY 21:40:38 [formal_counter_formal_bmc] Copy '/home/reyerchu/_c_car15_run/phase2/stage1/formal/defines.v' to '/home/reyerchu/_c_car15_run/phase2/stage1/formal/formal_counter_formal_bmc/src/defines.v'.
SBY 21:40:38 [formal_counter_formal_bmc] Copy '/home/reyerchu/_c_car15_run/phase2/stage1/formal/user_defines.v' to '/home/reyerchu/_c_car15_run/phase2/stage1/formal/formal_counter_formal_bmc/src/user_defines.v'.
SBY 21:40:38 [formal_counter_formal_bmc] Copy '/home/reyerchu/_c_car15_run/phase2/stage1/formal/user_proj_example.v' to '/home/reyerchu/_c_car15_run/phase2/stage1/formal/formal_counter_formal_bmc/src/user_proj_example.v'.
SBY 21:40:38 [formal_counter_formal_bmc] Copy '/home/reyerchu/_c_car15_run/phase2/stage1/formal/user_project_wrapper.v' to '/home/reyerchu/_c_car15_run/phase2/stage1/formal/formal_counter_formal_bmc/src/user_project_wrapper.v'.
SBY 21:40:38 [formal_counter_formal_bmc] Copy '/home/reyerchu/_c_car15_run/phase2/stage1/formal/formal_counter.sv' to '/home/reyerchu/_c_car15_run/phase2/stage1/formal/formal_counter_formal_bmc/src/formal_counter.sv'.
SBY 21:40:38 [formal_counter_formal_bmc] engine_0: abc bmc3
SBY 21:40:38 [formal_counter_formal_safety] base: starting process "cd formal_counter_formal_safety/src; yosys -ql ../model/design.log ../model/design.ys"
SBY 21:40:38 [formal_counter_formal_bmc] base: starting process "cd formal_counter_formal_bmc/src; yosys -ql ../model/design.log ../model/design.ys"
SBY 21:40:38 [formal_counter_formal_safety] base: finished (returncode=0)
SBY 21:40:38 [formal_counter_formal_safety] prep: starting process "cd formal_counter_formal_safety/model; yosys -ql design_prep.log design_prep.ys"
SBY 21:40:38 [formal_counter_formal_bmc] base: finished (returncode=0)
SBY 21:40:38 [formal_counter_formal_bmc] prep: starting process "cd formal_counter_formal_bmc/model; yosys -ql design_prep.log design_prep.ys"
SBY 21:40:38 [formal_counter_formal_safety] prep: finished (returncode=0)
SBY 21:40:38 [formal_counter_formal_safety] aig: starting process "cd formal_counter_formal_safety/model; yosys -ql design_aiger.log design_aiger.ys"
SBY 21:40:38 [formal_counter_formal_bmc] prep: finished (returncode=0)
SBY 21:40:38 [formal_counter_formal_bmc] aig: starting process "cd formal_counter_formal_bmc/model; yosys -ql design_aiger.log design_aiger.ys"
SBY 21:40:38 [formal_counter_formal_safety] aig: Warning: Treating undriven bit formal_counter.\clk like $anyseq.
SBY 21:40:38 [formal_counter_formal_safety] aig: Warning: Treating a total of 1 undriven bits in formal_counter like $anyseq.
SBY 21:40:38 [formal_counter_formal_safety] aig: finished (returncode=0)
SBY 21:40:38 [formal_counter_formal_safety] engine_0: starting process "cd formal_counter_formal_safety; yosys-abc -c 'read_aiger model/design_aiger.aig; fold; strash; pdr -v -l; write_cex -a engine_0/trace.aiw'"
SBY 21:40:38 [formal_counter_formal_bmc] aig: Warning: Treating undriven bit formal_counter.\clk like $anyseq.
SBY 21:40:38 [formal_counter_formal_bmc] aig: Warning: Treating a total of 1 undriven bits in formal_counter like $anyseq.
SBY 21:40:38 [formal_counter_formal_bmc] aig: finished (returncode=0)
SBY 21:40:38 [formal_counter_formal_bmc] engine_0: starting process "cd formal_counter_formal_bmc; yosys-abc -c 'read_aiger model/design_aiger.aig; fold; strash; bmc3 -F 12 -v; write_cex -a engine_0/trace.aiw'"
SBY 21:40:38 [formal_counter_formal_safety] engine_0: ======== ABC command line "read_aiger model/design_aiger.aig; fold; strash; pdr -v -l; write_cex -a engine_0/trace.aiw"
SBY 21:40:38 [formal_counter_formal_safety] engine_0: Warning: The last output is interpreted as a constraint.
SBY 21:40:38 [formal_counter_formal_safety] engine_0: VarMax = 300. FrameMax = 10000. QueMax = 0. TimeMax = 139. MonoCNF = no. SkipGen = no. SolveAll = no.
SBY 21:40:38 [formal_counter_formal_safety] engine_0: Frame Clauses                                                     Max Queue Flops Time
SBY 21:40:38 [formal_counter_formal_safety] engine_0: 1 : 0 2                                                                 1     2      0.00 sec  T/O =  0  PRV =  0
SBY 21:40:38 [formal_counter_formal_safety] engine_0: 2 : 0 2 20                                                              2    21      0.01 sec  T/O =  0  PRV =  0
SBY 21:40:38 [formal_counter_formal_safety] engine_0: Proved output 0 in frame 2.
SBY 21:40:38 [formal_counter_formal_safety] engine_0: Proved output 1 in frame 2.
SBY 21:40:38 [formal_counter_formal_safety] engine_0: 3 : 0 0 0 0 ~20                                                          0    21      0.01 sec  T/O =  0  PRV =  2
SBY 21:40:38 [formal_counter_formal_safety] engine_0: Block =    4  Oblig =    40  Clause =    22  Call =   111 (sat=53.2%)  Cex =   0  Start =   0
SBY 21:40:38 [formal_counter_formal_safety] engine_0: SAT solving =     0.00 sec (  6.72 %)
SBY 21:40:38 [formal_counter_formal_safety] engine_0: unsat     =     0.00 sec (  0.21 %)
SBY 21:40:38 [formal_counter_formal_safety] engine_0: sat       =     0.00 sec (  6.51 %)
SBY 21:40:38 [formal_counter_formal_safety] engine_0: Generalize  =     0.00 sec (  6.75 %)
SBY 21:40:38 [formal_counter_formal_safety] engine_0: Push clause =     0.00 sec (  0.45 %)
SBY 21:40:38 [formal_counter_formal_safety] engine_0: Ternary sim =     0.00 sec (  0.68 %)
SBY 21:40:38 [formal_counter_formal_safety] engine_0: Containment =     0.00 sec (  0.05 %)
SBY 21:40:38 [formal_counter_formal_safety] engine_0: CNF compute =     0.00 sec (  1.23 %)
SBY 21:40:38 [formal_counter_formal_safety] engine_0: Refinement  =     0.00 sec (  0.00 %)
SBY 21:40:38 [formal_counter_formal_safety] engine_0: TOTAL       =     0.01 sec (100.00 %)
SBY 21:40:38 [formal_counter_formal_safety] engine_0: Property proved.  Time =     0.01 sec
SBY 21:40:38 [formal_counter_formal_safety] engine_0: Counter-example is not available.
SBY 21:40:38 [formal_counter_formal_safety] engine_0: finished (returncode=0)
SBY 21:40:38 [formal_counter_formal_safety] engine_0: Status returned by engine: PASS
SBY 21:40:38 [formal_counter_formal_safety] summary: Elapsed clock time [H:MM:SS (secs)]: 0:00:00 (0)
SBY 21:40:38 [formal_counter_formal_safety] summary: Elapsed process time [H:MM:SS (secs)]: 0:00:00 (0)
SBY 21:40:38 [formal_counter_formal_safety] summary: engine_0 (abc pdr) returned PASS
SBY 21:40:38 [formal_counter_formal_safety] summary: engine_0 did not produce any traces
SBY 21:40:38 [formal_counter_formal_safety] DONE (PASS, rc=0)
SBY 21:40:38 [formal_counter_formal_bmc] engine_0: ======== ABC command line "read_aiger model/design_aiger.aig; fold; strash; bmc3 -F 12 -v; write_cex -a engine_0/trace.aiw"
SBY 21:40:38 [formal_counter_formal_bmc] engine_0: Warning: The last output is interpreted as a constraint.
SBY 21:40:38 [formal_counter_formal_bmc] engine_0: Running "bmc3". PI/PO/Reg = 72/2/23. And =    373. Lev =    17. ObjNums =   236.
SBY 21:40:38 [formal_counter_formal_bmc] engine_0: Params: FramesMax = 12. Start = 0. ConfLimit = 0. TimeOut = 0. SolveAll = 0.
SBY 21:40:38 [formal_counter_formal_bmc] engine_0: 0 + : Var =       1. Cla =        0. Conf =      0. Learn =      0.    0 MB   4 MB     0.01 sec
SBY 21:40:38 [formal_counter_formal_bmc] engine_0: 1 + : Var =       1. Cla =        0. Conf =      0. Learn =      0.    0 MB   4 MB     0.01 sec
SBY 21:40:38 [formal_counter_formal_bmc] engine_0: 2 + : Var =     188. Cla =      446. Conf =      0. Learn =      0.    0 MB   4 MB     0.01 sec
SBY 21:40:38 [formal_counter_formal_bmc] engine_0: 3 + : Var =     355. Cla =      889. Conf =      0. Learn =      0.    0 MB   4 MB     0.01 sec
SBY 21:40:38 [formal_counter_formal_bmc] engine_0: 4 + : Var =     522. Cla =     1332. Conf =      0. Learn =      0.    0 MB   4 MB     0.01 sec
SBY 21:40:38 [formal_counter_formal_bmc] engine_0: 5 + : Var =     689. Cla =     1775. Conf =      0. Learn =      0.    0 MB   4 MB     0.01 sec
SBY 21:40:38 [formal_counter_formal_bmc] engine_0: 6 + : Var =     856. Cla =     2218. Conf =      0. Learn =      0.    0 MB   4 MB     0.01 sec
SBY 21:40:38 [formal_counter_formal_bmc] engine_0: 7 + : Var =    1023. Cla =     2661. Conf =      0. Learn =      0.    0 MB   4 MB     0.01 sec
SBY 21:40:38 [formal_counter_formal_bmc] engine_0: 8 + : Var =    1190. Cla =     3104. Conf =      0. Learn =      0.    0 MB   4 MB     0.01 sec
SBY 21:40:38 [formal_counter_formal_bmc] engine_0: 9 + : Var =    1357. Cla =     3547. Conf =      0. Learn =      0.    0 MB   4 MB     0.01 sec
SBY 21:40:38 [formal_counter_formal_bmc] engine_0: 10 + : Var =    1524. Cla =     3990. Conf =      0. Learn =      0.    0 MB   4 MB     0.01 sec
SBY 21:40:38 [formal_counter_formal_bmc] engine_0: 11 + : Var =    1691. Cla =     4433. Conf =      0. Learn =      0.    0 MB   4 MB     0.01 sec
SBY 21:40:38 [formal_counter_formal_bmc] engine_0: Runtime:  CNF = 0.0 sec (4.0 %)  UNSAT = 0.0 sec (0.1 %)  SAT = 0.0 sec (0.0 %)  UNDEC = 0.0 sec (0.0 %)
SBY 21:40:38 [formal_counter_formal_bmc] engine_0: LStart(P) = 10000  LDelta(Q) = 2000  LRatio(R) = 80  ReduceDB = 0  Vars = 1691  Used = 293 (17.33 %)
SBY 21:40:38 [formal_counter_formal_bmc] engine_0: Buffs = 197. Dups = 0.   Hash hits = 0.  Hash misses = 971.  UniProps = 0.
SBY 21:40:38 [formal_counter_formal_bmc] engine_0: No output asserted in 12 frames. Resource limit reached (conf limit 0). Time =     0.01 sec
SBY 21:40:38 [formal_counter_formal_bmc] engine_0: Counter-example is not available.
SBY 21:40:38 [formal_counter_formal_bmc] engine_0: finished (returncode=0)
SBY 21:40:38 [formal_counter_formal_bmc] engine_0: Status returned by engine: PASS
SBY 21:40:38 [formal_counter_formal_bmc] summary: Elapsed clock time [H:MM:SS (secs)]: 0:00:00 (0)
SBY 21:40:38 [formal_counter_formal_bmc] summary: Elapsed process time [H:MM:SS (secs)]: 0:00:00 (0)
SBY 21:40:38 [formal_counter_formal_bmc] summary: engine_0 (abc bmc3) returned PASS
SBY 21:40:38 [formal_counter_formal_bmc] summary: engine_0 did not produce any traces
SBY 21:40:38 [formal_counter_formal_bmc] DONE (PASS, rc=0)
